         mmcqd/1-117   [000] ...1   138.103144: block_rq_complete: 179,0 RA () 4098344 + 8 [0]
         mmcqd/1-117   [000] ...2   138.103162: sched_switch: prev_comm=mmcqd/1 prev_pid=117 prev_prio=120 prev_state=S ==> next_comm=swapper/0 next_pid=0 next_prio=120
          <idle>-0     [000] ...2   138.103440: sched_switch: prev_comm=swapper/0 prev_pid=0 prev_prio=120 prev_state=R ==> next_comm=mmcqd/1 next_pid=117 next_prio=120
         mmcqd/1-117   [000] ...1   138.103464: block_rq_complete: 179,0 RA () 4098360 + 8 [0]
         mmcqd/1-117   [000] ...2   138.103481: sched_switch: prev_comm=mmcqd/1 prev_pid=117 prev_prio=120 prev_state=S ==> next_comm=swapper/0 next_pid=0 next_prio=120
          <idle>-0     [000] ...2   138.103729: sched_switch: prev_comm=swapper/0 prev_pid=0 prev_prio=120 prev_state=R ==> next_comm=mmcqd/1 next_pid=117 next_prio=120
         mmcqd/1-117   [000] ...1   138.103753: block_rq_complete: 179,0 RA () 4098400 + 8 [0]
         mmcqd/1-117   [000] ...2   138.103770: sched_switch: prev_comm=mmcqd/1 prev_pid=117 prev_prio=120 prev_state=S ==> next_comm=swapper/0 next_pid=0 next_prio=120
          <idle>-0     [000] ...2   138.104012: sched_switch: prev_comm=swapper/0 prev_pid=0 prev_prio=120 prev_state=R ==> next_comm=mmcqd/1 next_pid=117 next_prio=120
         mmcqd/1-117   [000] ...1   138.104036: block_rq_complete: 179,0 RA () 4098512 + 8 [0]
         mmcqd/1-117   [000] ...2   138.104063: sched_switch: prev_comm=mmcqd/1 prev_pid=117 prev_prio=120 prev_state=S ==> next_comm=main next_pid=2149 next_prio=120
            main-2149  [000] ...2   138.104094: sched_switch: prev_comm=main prev_pid=2149 prev_prio=120 prev_state=D|W ==> next_comm=swapper/0 next_pid=0 next_prio=120
          <idle>-0     [000] ...2   138.104292: sched_switch: prev_comm=swapper/0 prev_pid=0 prev_prio=120 prev_state=R ==> next_comm=mmcqd/1 next_pid=117 next_prio=120
         mmcqd/1-117   [000] ...1   138.104316: block_rq_complete: 179,0 RA () 4098536 + 8 [0]
         mmcqd/1-117   [000] ...2   138.104337: sched_switch: prev_comm=mmcqd/1 prev_pid=117 prev_prio=120 prev_state=S ==> next_comm=main next_pid=2149 next_prio=120
            main-2149  [000] ...2   138.104366: sched_switch: prev_comm=main prev_pid=2149 prev_prio=120 prev_state=D|W ==> next_comm=swapper/0 next_pid=0 next_prio=120
          <idle>-0     [000] ...2   138.104836: sched_switch: prev_comm=swapper/0 prev_pid=0 prev_prio=120 prev_state=R ==> next_comm=mmcqd/1 next_pid=117 next_prio=120
         mmcqd/1-117   [000] ...1   138.104865: block_rq_complete: 179,0 RA () 4098552 + 32 [0]
         mmcqd/1-117   [000] ...2   138.104880: sched_switch: prev_comm=mmcqd/1 prev_pid=117 prev_prio=120 prev_state=S ==> next_comm=main next_pid=2149 next_prio=120
            main-2149  [000] ...2   138.104927: sched_switch: prev_comm=main prev_pid=2149 prev_prio=120 prev_state=D|W ==> next_comm=swapper/0 next_pid=0 next_prio=120
          <idle>-0     [000] ...2   138.105115: sched_switch: prev_comm=swapper/0 prev_pid=0 prev_prio=120 prev_state=R ==> next_comm=mmcqd/1 next_pid=117 next_prio=120
         mmcqd/1-117   [000] ...1   138.105124: block_rq_complete: 179,0 RA () 4098624 + 8 [0]
         mmcqd/1-117   [000] ...2   138.105140: sched_switch: prev_comm=mmcqd/1 prev_pid=117 prev_prio=120 prev_state=R+ ==> next_comm=kworker/0:1H next_pid=17 next_prio=100
    kworker/0:1H-17    [000] ...2   138.105147: sched_switch: prev_comm=kworker/0:1H prev_pid=17 prev_prio=100 prev_state=S ==> next_comm=mmcqd/1 next_pid=117 next_prio=120
         mmcqd/1-117   [000] ...2   138.105156: sched_switch: prev_comm=mmcqd/1 prev_pid=117 prev_prio=120 prev_state=S ==> next_comm=main next_pid=2149 next_prio=120
            main-2149  [000] d..2   138.105225: block_rq_insert: 179,0 R 0 () 4099048 + 8 [main]
            main-2149  [000] d..2   138.105227: block_rq_insert: 179,0 R 0 () 4099064 + 96 [main]
            main-2149  [000] ...2   138.105236: sched_switch: prev_comm=main prev_pid=2149 prev_prio=120 prev_state=R+ ==> next_comm=mmcqd/1 next_pid=117 next_prio=120
         mmcqd/1-117   [000] ...2   138.105301: sched_switch: prev_comm=mmcqd/1 prev_pid=117 prev_prio=120 prev_state=S ==> next_comm=main next_pid=2149 next_prio=120
            main-2149  [000] ...2   138.105307: sched_switch: prev_comm=main prev_pid=2149 prev_prio=120 prev_state=D|W ==> next_comm=swapper/0 next_pid=0 next_prio=120
          <idle>-0     [000] ...2   138.105518: sched_switch: prev_comm=swapper/0 prev_pid=0 prev_prio=120 prev_state=R ==> next_comm=mmcqd/1 next_pid=117 next_prio=120
         mmcqd/1-117   [000] ...1   138.105543: block_rq_complete: 179,0 RA () 4099048 + 8 [0]
         mmcqd/1-117   [000] ...2   138.105553: sched_switch: prev_comm=mmcqd/1 prev_pid=117 prev_prio=120 prev_state=S ==> next_comm=swapper/0 next_pid=0 next_prio=120
          <idle>-0     [000] ...2   138.106339: sched_switch: prev_comm=swapper/0 prev_pid=0 prev_prio=120 prev_state=R ==> next_comm=mmcqd/1 next_pid=117 next_prio=120
         mmcqd/1-117   [000] ...1   138.106367: block_rq_complete: 179,0 RA () 4099064 + 96 [0]
         mmcqd/1-117   [000] ...2   138.106386: sched_switch: prev_comm=mmcqd/1 prev_pid=117 prev_prio=120 prev_state=R+ ==> next_comm=kworker/0:1H next_pid=17 next_prio=100
    kworker/0:1H-17    [000] ...2   138.106393: sched_switch: prev_comm=kworker/0:1H prev_pid=17 prev_prio=100 prev_state=S ==> next_comm=mmcqd/1 next_pid=117 next_prio=120
         mmcqd/1-117   [000] ...2   138.106402: sched_switch: prev_comm=mmcqd/1 prev_pid=117 prev_prio=120 prev_state=S ==> next_comm=main next_pid=2149 next_prio=120
            main-2149  [000] d..2   138.106544: block_rq_insert: 179,0 R 0 () 4089360 + 16 [main]
            main-2149  [000] dn.2   138.106551: block_rq_insert: 179,0 R 0 () 4089408 + 8 [main]
            main-2149  [000] dn.2   138.106554: block_rq_insert: 179,0 R 0 () 4089424 + 16 [main]
            main-2149  [000] dn.2   138.106555: block_rq_insert: 179,0 R 0 () 4089448 + 24 [main]
            main-2149  [000] dn.2   138.106557: block_rq_insert: 179,0 R 0 () 4089480 + 16 [main]
            main-2149  [000] dn.2   138.106559: block_rq_insert: 179,0 R 0 () 4089504 + 72 [main]
            main-2149  [000] dn.2   138.106561: block_rq_insert: 179,0 R 0 () 4089592 + 16 [main]
            main-2149  [000] ...2   138.106566: sched_switch: prev_comm=main prev_pid=2149 prev_prio=120 prev_state=R+ ==> next_comm=mmcqd/1 next_pid=117 next_prio=120
         mmcqd/1-117   [000] ...2   138.106627: sched_switch: prev_comm=mmcqd/1 prev_pid=117 prev_prio=120 prev_state=S ==> next_comm=main next_pid=2149 next_prio=120
            main-2149  [000] ...2   138.106634: sched_switch: prev_comm=main prev_pid=2149 prev_prio=120 prev_state=D|W ==> next_comm=swapper/0 next_pid=0 next_prio=120
          <idle>-0     [000] ...2   138.107025: sched_switch: prev_comm=swapper/0 prev_pid=0 prev_prio=120 prev_state=R ==> next_comm=mmcqd/1 next_pid=117 next_prio=120
         mmcqd/1-117   [000] ...1   138.107051: block_rq_complete: 179,0 RA () 4089592 + 16 [0]
         mmcqd/1-117   [000] ...2   138.107070: sched_switch: prev_comm=mmcqd/1 prev_pid=117 prev_prio=120 prev_state=S ==> next_comm=swapper/0 next_pid=0 next_prio=120
          <idle>-0     [000] ...2   138.107614: sched_switch: prev_comm=swapper/0 prev_pid=0 prev_prio=120 prev_state=R ==> next_comm=mmcqd/1 next_pid=117 next_prio=120
         mmcqd/1-117   [000] ...1   138.107652: block_rq_complete: 179,0 RA () 4089504 + 72 [0]
         mmcqd/1-117   [000] ...2   138.107675: sched_switch: prev_comm=mmcqd/1 prev_pid=117 prev_prio=120 prev_state=S ==> next_comm=swapper/0 next_pid=0 next_prio=120
          <idle>-0     [000] ...2   138.107896: sched_switch: prev_comm=swapper/0 prev_pid=0 prev_prio=120 prev_state=R ==> next_comm=mmcqd/1 next_pid=117 next_prio=120
         mmcqd/1-117   [000] ...1   138.107921: block_rq_complete: 179,0 RA () 4089480 + 16 [0]
         mmcqd/1-117   [000] ...2   138.107944: sched_switch: prev_comm=mmcqd/1 prev_pid=117 prev_prio=120 prev_state=S ==> next_comm=main next_pid=2149 next_prio=120
            main-2149  [000] d..2   138.108009: block_rq_insert: 179,0 R 0 () 4101624 + 72 [main]
            main-2149  [000] d..2   138.108011: block_rq_insert: 179,0 R 0 () 4101704 + 16 [main]
            main-2149  [000] d..2   138.108013: block_rq_insert: 179,0 R 0 () 4101728 + 24 [main]
            main-2149  [000] d..2   138.108014: block_rq_insert: 179,0 R 0 () 4101760 + 16 [main]
            main-2149  [000] d..2   138.108016: block_rq_insert: 179,0 R 0 () 4101792 + 8 [main]
            main-2149  [000] d..2   138.108017: block_rq_insert: 179,0 R 0 () 4101816 + 16 [main]
            main-2149  [000] ...2   138.108023: sched_switch: prev_comm=main prev_pid=2149 prev_prio=120 prev_state=D|W ==> next_comm=swapper/0 next_pid=0 next_prio=120
          <idle>-0     [000] ...2   138.108252: sched_switch: prev_comm=swapper/0 prev_pid=0 prev_prio=120 prev_state=R ==> next_comm=mmcqd/1 next_pid=117 next_prio=120
         mmcqd/1-117   [000] ...1   138.108279: block_rq_complete: 179,0 RA () 4089448 + 24 [0]
         mmcqd/1-117   [000] ...2   138.108297: sched_switch: prev_comm=mmcqd/1 prev_pid=117 prev_prio=120 prev_state=S ==> next_comm=swapper/0 next_pid=0 next_prio=120
          <idle>-0     [000] ...2   138.108566: sched_switch: prev_comm=swapper/0 prev_pid=0 prev_prio=120 prev_state=R ==> next_comm=mmcqd/1 next_pid=117 next_prio=120
         mmcqd/1-117   [000] ...1   138.108592: block_rq_complete: 179,0 RA () 4089424 + 16 [0]
         mmcqd/1-117   [000] ...2   138.108611: sched_switch: prev_comm=mmcqd/1 prev_pid=117 prev_prio=120 prev_state=S ==> next_comm=swapper/0 next_pid=0 next_prio=120
          <idle>-0     [000] ...2   138.108888: sched_switch: prev_comm=swapper/0 prev_pid=0 prev_prio=120 prev_state=R ==> next_comm=mmcqd/1 next_pid=117 next_prio=120
         mmcqd/1-117   [000] ...1   138.108912: block_rq_complete: 179,0 RA () 4089408 + 8 [0]
         mmcqd/1-117   [000] ...2   138.108944: sched_switch: prev_comm=mmcqd/1 prev_pid=117 prev_prio=120 prev_state=S ==> next_comm=swapper/0 next_pid=0 next_prio=120
          <idle>-0     [000] ...2   138.109197: sched_switch: prev_comm=swapper/0 prev_pid=0 prev_prio=120 prev_state=R ==> next_comm=mmcqd/1 next_pid=117 next_prio=120
         mmcqd/1-117   [000] ...1   138.109223: block_rq_complete: 179,0 RA () 4089360 + 16 [0]
         mmcqd/1-117   [000] ...2   138.109242: sched_switch: prev_comm=mmcqd/1 prev_pid=117 prev_prio=120 prev_state=S ==> next_comm=swapper/0 next_pid=0 next_prio=120
          <idle>-0     [000] ...2   138.109896: sched_switch: prev_comm=swapper/0 prev_pid=0 prev_prio=120 prev_state=R ==> next_comm=mmcqd/1 next_pid=117 next_prio=120
         mmcqd/1-117   [000] ...1   138.109934: block_rq_complete: 179,0 RA () 4101624 + 72 [0]
         mmcqd/1-117   [000] ...2   138.109957: sched_switch: prev_comm=mmcqd/1 prev_pid=117 prev_prio=120 prev_state=S ==> next_comm=swapper/0 next_pid=0 next_prio=120
          <idle>-0     [000] ...2   138.110201: sched_switch: prev_comm=swapper/0 prev_pid=0 prev_prio=120 prev_state=R ==> next_comm=mmcqd/1 next_pid=117 next_prio=120
         mmcqd/1-117   [000] ...1   138.110227: block_rq_complete: 179,0 RA () 4101704 + 16 [0]
         mmcqd/1-117   [000] ...2   138.110250: sched_switch: prev_comm=mmcqd/1 prev_pid=117 prev_prio=120 prev_state=S ==> next_comm=main next_pid=2149 next_prio=120
            main-2149  [000] d..2   138.110526: block_rq_insert: 179,0 R 0 () 4099728 + 8 [main]
            main-2149  [000] d..2   138.110529: block_rq_insert: 179,0 R 0 () 4099776 + 24 [main]
            main-2149  [000] d..2   138.110531: block_rq_insert: 179,0 R 0 () 4099808 + 32 [main]
            main-2149  [000] d..2   138.110532: block_rq_insert: 179,0 R 0 () 4099880 + 8 [main]
            main-2149  [000] ...2   138.110557: sched_switch: prev_comm=main prev_pid=2149 prev_prio=120 prev_state=R+ ==> next_comm=mmcqd/1 next_pid=117 next_prio=120
         mmcqd/1-117   [000] ...1   138.110585: block_rq_complete: 179,0 RA () 4101728 + 24 [0]
         mmcqd/1-117   [000] ...2   138.110605: sched_switch: prev_comm=mmcqd/1 prev_pid=117 prev_prio=120 prev_state=S ==> next_comm=main next_pid=2149 next_prio=120
            main-2149  [000] ...2   138.110612: sched_switch: prev_comm=main prev_pid=2149 prev_prio=120 prev_state=D|W ==> next_comm=swapper/0 next_pid=0 next_prio=120
          <idle>-0     [000] ...2   138.110849: sched_switch: prev_comm=swapper/0 prev_pid=0 prev_prio=120 prev_state=R ==> next_comm=mmcqd/1 next_pid=117 next_prio=120
         mmcqd/1-117   [000] ...1   138.110875: block_rq_complete: 179,0 RA () 4101760 + 16 [0]
         mmcqd/1-117   [000] ...2   138.110894: sched_switch: prev_comm=mmcqd/1 prev_pid=117 prev_prio=120 prev_state=S ==> next_comm=swapper/0 next_pid=0 next_prio=120
          <idle>-0     [000] ...2   138.111114: sched_switch: prev_comm=swapper/0 prev_pid=0 prev_prio=120 prev_state=R ==> next_comm=mmcqd/1 next_pid=117 next_prio=120
         mmcqd/1-117   [000] ...1   138.111138: block_rq_complete: 179,0 RA () 4101792 + 8 [0]
         mmcqd/1-117   [000] ...2   138.111155: sched_switch: prev_comm=mmcqd/1 prev_pid=117 prev_prio=120 prev_state=S ==> next_comm=swapper/0 next_pid=0 next_prio=120
          <idle>-0     [000] ...2   138.111457: sched_switch: prev_comm=swapper/0 prev_pid=0 prev_prio=120 prev_state=R ==> next_comm=mmcqd/1 next_pid=117 next_prio=120
         mmcqd/1-117   [000] ...1   138.111482: block_rq_complete: 179,0 RA () 4101816 + 16 [0]
         mmcqd/1-117   [000] ...2   138.111506: sched_switch: prev_comm=mmcqd/1 prev_pid=117 prev_prio=120 prev_state=S ==> next_comm=swapper/0 next_pid=0 next_prio=120
          <idle>-0     [000] ...2   138.111724: sched_switch: prev_comm=swapper/0 prev_pid=0 prev_prio=120 prev_state=R ==> next_comm=mmcqd/1 next_pid=117 next_prio=120
         mmcqd/1-117   [000] ...1   138.111748: block_rq_complete: 179,0 RA () 4099880 + 8 [0]
         mmcqd/1-117   [000] ...2   138.111768: sched_switch: prev_comm=mmcqd/1 prev_pid=117 prev_prio=120 prev_state=S ==> next_comm=swapper/0 next_pid=0 next_prio=120
          <idle>-0     [000] ...2   138.112110: sched_switch: prev_comm=swapper/0 prev_pid=0 prev_prio=120 prev_state=R ==> next_comm=mmcqd/1 next_pid=117 next_prio=120
         mmcqd/1-117   [000] ...1   138.112139: block_rq_complete: 179,0 RA () 4099808 + 32 [0]
         mmcqd/1-117   [000] ...2   138.112156: sched_switch: prev_comm=mmcqd/1 prev_pid=117 prev_prio=120 prev_state=S ==> next_comm=swapper/0 next_pid=0 next_prio=120
          <idle>-0     [000] ...2   138.112453: sched_switch: prev_comm=swapper/0 prev_pid=0 prev_prio=120 prev_state=R ==> next_comm=mmcqd/1 next_pid=117 next_prio=120
         mmcqd/1-117   [000] ...1   138.112480: block_rq_complete: 179,0 RA () 4099776 + 24 [0]
         mmcqd/1-117   [000] ...2   138.112495: sched_switch: prev_comm=mmcqd/1 prev_pid=117 prev_prio=120 prev_state=S ==> next_comm=main next_pid=2149 next_prio=120
            main-2149  [000] d..2   138.112539: block_rq_insert: 179,0 R 0 () 4099272 + 24 [main]
            main-2149  [000] d..2   138.112542: block_rq_insert: 179,0 R 0 () 4099392 + 8 [main]
            main-2149  [000] ...2   138.112551: sched_switch: prev_comm=main prev_pid=2149 prev_prio=120 prev_state=R+ ==> next_comm=mmcqd/1 next_pid=117 next_prio=120
         mmcqd/1-117   [000] ...2   138.112567: sched_switch: prev_comm=mmcqd/1 prev_pid=117 prev_prio=120 prev_state=S ==> next_comm=main next_pid=2149 next_prio=120
            main-2149  [000] ...2   138.112573: sched_switch: prev_comm=main prev_pid=2149 prev_prio=120 prev_state=D|W ==> next_comm=swapper/0 next_pid=0 next_prio=120
          <idle>-0     [000] ...2   138.112702: sched_switch: prev_comm=swapper/0 prev_pid=0 prev_prio=120 prev_state=R ==> next_comm=mmcqd/1 next_pid=117 next_prio=120
         mmcqd/1-117   [000] ...1   138.112726: block_rq_complete: 179,0 RA () 4099728 + 8 [0]
         mmcqd/1-117   [000] ...2   138.112747: sched_switch: prev_comm=mmcqd/1 prev_pid=117 prev_prio=120 prev_state=S ==> next_comm=swapper/0 next_pid=0 next_prio=120
          <idle>-0     [000] ...2   138.112995: sched_switch: prev_comm=swapper/0 prev_pid=0 prev_prio=120 prev_state=R ==> next_comm=mmcqd/1 next_pid=117 next_prio=120
         mmcqd/1-117   [000] ...1   138.113019: block_rq_complete: 179,0 RA () 4099392 + 8 [0]
         mmcqd/1-117   [000] ...2   138.113029: sched_switch: prev_comm=mmcqd/1 prev_pid=117 prev_prio=120 prev_state=S ==> next_comm=swapper/0 next_pid=0 next_prio=120
          <idle>-0     [000] ...2   138.113349: sched_switch: prev_comm=swapper/0 prev_pid=0 prev_prio=120 prev_state=R ==> next_comm=mmcqd/1 next_pid=117 next_prio=120
         mmcqd/1-117   [000] ...1   138.113362: block_rq_complete: 179,0 RA () 4099272 + 24 [0]
         mmcqd/1-117   [000] ...2   138.113378: sched_switch: prev_comm=mmcqd/1 prev_pid=117 prev_prio=120 prev_state=R+ ==> next_comm=kworker/0:1H next_pid=17 next_prio=100
    kworker/0:1H-17    [000] ...2   138.113385: sched_switch: prev_comm=kworker/0:1H prev_pid=17 prev_prio=100 prev_state=S ==> next_comm=mmcqd/1 next_pid=117 next_prio=120
         mmcqd/1-117   [000] ...2   138.113394: sched_switch: prev_comm=mmcqd/1 prev_pid=117 prev_prio=120 prev_state=S ==> next_comm=main next_pid=2149 next_prio=120
            main-2149  [000] d..2   138.113528: block_rq_insert: 179,0 R 0 () 4101864 + 136 [main]
            main-2149  [000] ...2   138.113539: sched_switch: prev_comm=main prev_pid=2149 prev_prio=120 prev_state=R+ ==> next_comm=mmcqd/1 next_pid=117 next_prio=120
         mmcqd/1-117   [000] ...2   138.113607: sched_switch: prev_comm=mmcqd/1 prev_pid=117 prev_prio=120 prev_state=S ==> next_comm=main next_pid=2149 next_prio=120
            main-2149  [000] ...2   138.113612: sched_switch: prev_comm=main prev_pid=2149 prev_prio=120 prev_state=D|W ==> next_comm=swapper/0 next_pid=0 next_prio=120
          <idle>-0     [000] ...2   138.114506: sched_switch: prev_comm=swapper/0 prev_pid=0 prev_prio=120 prev_state=R ==> next_comm=mmcqd/1 next_pid=117 next_prio=120
         mmcqd/1-117   [000] ...1   138.114542: block_rq_complete: 179,0 RA () 4101864 + 136 [0]
         mmcqd/1-117   [000] ...2   138.114562: sched_switch: prev_comm=mmcqd/1 prev_pid=117 prev_prio=120 prev_state=R+ ==> next_comm=kworker/0:1H next_pid=17 next_prio=100
    kworker/0:1H-17    [000] ...2   138.114568: sched_switch: prev_comm=kworker/0:1H prev_pid=17 prev_prio=100 prev_state=S ==> next_comm=mmcqd/1 next_pid=117 next_prio=120
         mmcqd/1-117   [000] ...2   138.114577: sched_switch: prev_comm=mmcqd/1 prev_pid=117 prev_prio=120 prev_state=S ==> next_comm=main next_pid=2149 next_prio=120
            main-2149  [000] d..2   138.114720: block_rq_insert: 179,0 R 0 () 4099648 + 8 [main]
            main-2149  [000] ...2   138.114729: sched_switch: prev_comm=main prev_pid=2149 prev_prio=120 prev_state=R+ ==> next_comm=mmcqd/1 next_pid=117 next_prio=120
         mmcqd/1-117   [000] ...2   138.114764: sched_switch: prev_comm=mmcqd/1 prev_pid=117 prev_prio=120 prev_state=S ==> next_comm=main next_pid=2149 next_prio=120
            main-2149  [000] ...2   138.114770: sched_switch: prev_comm=main prev_pid=2149 prev_prio=120 prev_state=D|W ==> next_comm=swapper/0 next_pid=0 next_prio=120
          <idle>-0     [000] ...2   138.115003: sched_switch: prev_comm=swapper/0 prev_pid=0 prev_prio=120 prev_state=R ==> next_comm=mmcqd/1 next_pid=117 next_prio=120
         mmcqd/1-117   [000] ...1   138.115012: block_rq_complete: 179,0 RA () 4099648 + 8 [0]
         mmcqd/1-117   [000] ...2   138.115027: sched_switch: prev_comm=mmcqd/1 prev_pid=117 prev_prio=120 prev_state=R+ ==> next_comm=kworker/0:1H next_pid=17 next_prio=100
    kworker/0:1H-17    [000] ...2   138.115034: sched_switch: prev_comm=kworker/0:1H prev_pid=17 prev_prio=100 prev_state=S ==> next_comm=mmcqd/1 next_pid=117 next_prio=120
         mmcqd/1-117   [000] ...2   138.115042: sched_switch: prev_comm=mmcqd/1 prev_pid=117 prev_prio=120 prev_state=S ==> next_comm=main next_pid=2149 next_prio=120
          <idle>-0     [001] ...2   138.115666: sched_switch: prev_comm=swapper/1 prev_pid=0 prev_prio=120 prev_state=R ==> next_comm=kworker/u:3 next_pid=113 next_prio=120
            main-2149  [000] ...2   138.115679: sched_switch: prev_comm=main prev_pid=2149 prev_prio=120 prev_state=R+ ==> next_comm=mpdecision next_pid=1517 next_prio=113
     kworker/u:3-113   [001] ...2   138.115686: sched_switch: prev_comm=kworker/u:3 prev_pid=113 prev_prio=120 prev_state=S ==> next_comm=swapper/1 next_pid=0 next_prio=120
      mpdecision-1517  [000] ...2   138.115915: sched_switch: prev_comm=mpdecision prev_pid=1517 prev_prio=113 prev_state=S ==> next_comm=main next_pid=2149 next_prio=120
            main-2149  [000] d..2   138.115974: block_rq_insert: 179,0 R 0 () 4102040 + 256 [main]
            main-2149  [000] ...2   138.115985: sched_switch: prev_comm=main prev_pid=2149 prev_prio=120 prev_state=R+ ==> next_comm=mmcqd/1 next_pid=117 next_prio=120
         mmcqd/1-117   [000] ...2   138.116085: sched_switch: prev_comm=mmcqd/1 prev_pid=117 prev_prio=120 prev_state=S ==> next_comm=main next_pid=2149 next_prio=120
            main-2149  [000] ...2   138.116091: sched_switch: prev_comm=main prev_pid=2149 prev_prio=120 prev_state=D|W ==> next_comm=swapper/0 next_pid=0 next_prio=120
          <idle>-0     [000] ...2   138.116107: sched_switch: prev_comm=swapper/0 prev_pid=0 prev_prio=120 prev_state=R ==> next_comm=ksoftirqd/0 next_pid=3 next_prio=120
     ksoftirqd/0-3     [000] ...2   138.116114: sched_switch: prev_comm=ksoftirqd/0 prev_pid=3 prev_prio=120 prev_state=S ==> next_comm=swapper/0 next_pid=0 next_prio=120
          <idle>-0     [000] ...2   138.116128: sched_switch: prev_comm=swapper/0 prev_pid=0 prev_prio=120 prev_state=R ==> next_comm=ksoftirqd/0 next_pid=3 next_prio=120
     ksoftirqd/0-3     [000] ...2   138.116135: sched_switch: prev_comm=ksoftirqd/0 prev_pid=3 prev_prio=120 prev_state=S ==> next_comm=swapper/0 next_pid=0 next_prio=120
          <idle>-0     [000] ...2   138.116146: sched_switch: prev_comm=swapper/0 prev_pid=0 prev_prio=120 prev_state=R ==> next_comm=ksoftirqd/0 next_pid=3 next_prio=120
     ksoftirqd/0-3     [000] ...2   138.116154: sched_switch: prev_comm=ksoftirqd/0 prev_pid=3 prev_prio=120 prev_state=S ==> next_comm=swapper/0 next_pid=0 next_prio=120
          <idle>-0     [000] ...2   138.117536: sched_switch: prev_comm=swapper/0 prev_pid=0 prev_prio=120 prev_state=R ==> next_comm=mmcqd/1 next_pid=117 next_prio=120
         mmcqd/1-117   [000] ...1   138.117597: block_rq_complete: 179,0 RA () 4102040 + 256 [0]
         mmcqd/1-117   [000] ...2   138.117623: sched_switch: prev_comm=mmcqd/1 prev_pid=117 prev_prio=120 prev_state=R+ ==> next_comm=kworker/0:1H next_pid=17 next_prio=100
    kworker/0:1H-17    [000] ...2   138.117630: sched_switch: prev_comm=kworker/0:1H prev_pid=17 prev_prio=100 prev_state=S ==> next_comm=mmcqd/1 next_pid=117 next_prio=120
         mmcqd/1-117   [000] ...2   138.117638: sched_switch: prev_comm=mmcqd/1 prev_pid=117 prev_prio=120 prev_state=S ==> next_comm=main next_pid=2149 next_prio=120
            main-2149  [000] d..2   138.118542: block_rq_insert: 179,0 R 0 () 4102296 + 256 [main]
            main-2149  [000] ...2   138.118555: sched_switch: prev_comm=main prev_pid=2149 prev_prio=120 prev_state=R+ ==> next_comm=mmcqd/1 next_pid=117 next_prio=120
         mmcqd/1-117   [000] ...2   138.118655: sched_switch: prev_comm=mmcqd/1 prev_pid=117 prev_prio=120 prev_state=S ==> next_comm=main next_pid=2149 next_prio=120
            main-2149  [000] ...2   138.118729: sched_switch: prev_comm=main prev_pid=2149 prev_prio=120 prev_state=D|W ==> next_comm=swapper/0 next_pid=0 next_prio=120
          <idle>-0     [000] ...2   138.120091: sched_switch: prev_comm=swapper/0 prev_pid=0 prev_prio=120 prev_state=R ==> next_comm=mmcqd/1 next_pid=117 next_prio=120
         mmcqd/1-117   [000] ...1   138.120152: block_rq_complete: 179,0 RA () 4102296 + 256 [0]
         mmcqd/1-117   [000] ...2   138.120178: sched_switch: prev_comm=mmcqd/1 prev_pid=117 prev_prio=120 prev_state=R+ ==> next_comm=kworker/0:1H next_pid=17 next_prio=100
    kworker/0:1H-17    [000] ...2   138.120185: sched_switch: prev_comm=kworker/0:1H prev_pid=17 prev_prio=100 prev_state=S ==> next_comm=mmcqd/1 next_pid=117 next_prio=120
         mmcqd/1-117   [000] ...2   138.120194: sched_switch: prev_comm=mmcqd/1 prev_pid=117 prev_prio=120 prev_state=S ==> next_comm=main next_pid=2149 next_prio=120
            main-2149  [000] d..2   138.120267: block_rq_insert: 179,0 R 0 () 4089248 + 64 [main]
            main-2149  [000] dn.2   138.120274: block_rq_insert: 179,0 R 0 () 4089328 + 8 [main]
            main-2149  [000] ...2   138.120280: sched_switch: prev_comm=main prev_pid=2149 prev_prio=120 prev_state=R+ ==> next_comm=mmcqd/1 next_pid=117 next_prio=120
         mmcqd/1-117   [000] ...2   138.120336: sched_switch: prev_comm=mmcqd/1 prev_pid=117 prev_prio=120 prev_state=S ==> next_comm=main next_pid=2149 next_prio=120
            main-2149  [000] ...2   138.120344: sched_switch: prev_comm=main prev_pid=2149 prev_prio=120 prev_state=D|W ==> next_comm=swapper/0 next_pid=0 next_prio=120
          <idle>-0     [000] ...2   138.120552: sched_switch: prev_comm=swapper/0 prev_pid=0 prev_prio=120 prev_state=R ==> next_comm=mmcqd/1 next_pid=117 next_prio=120
         mmcqd/1-117   [000] ...1   138.120576: block_rq_complete: 179,0 RA () 4089328 + 8 [0]
         mmcqd/1-117   [000] ...2   138.120590: sched_switch: prev_comm=mmcqd/1 prev_pid=117 prev_prio=120 prev_state=S ==> next_comm=swapper/0 next_pid=0 next_prio=120
          <idle>-0     [000] ...2   138.121088: sched_switch: prev_comm=swapper/0 prev_pid=0 prev_prio=120 prev_state=R ==> next_comm=mmcqd/1 next_pid=117 next_prio=120
         mmcqd/1-117   [000] ...1   138.121110: block_rq_complete: 179,0 RA () 4089248 + 64 [0]
         mmcqd/1-117   [000] ...2   138.121128: sched_switch: prev_comm=mmcqd/1 prev_pid=117 prev_prio=120 prev_state=R+ ==> next_comm=kworker/0:1H next_pid=17 next_prio=100
    kworker/0:1H-17    [000] ...2   138.121134: sched_switch: prev_comm=kworker/0:1H prev_pid=17 prev_prio=100 prev_state=S ==> next_comm=mmcqd/1 next_pid=117 next_prio=120
         mmcqd/1-117   [000] ...2   138.121143: sched_switch: prev_comm=mmcqd/1 prev_pid=117 prev_prio=120 prev_state=S ==> next_comm=main next_pid=2149 next_prio=120
            main-2149  [000] d..2   138.121419: block_rq_insert: 179,0 R 0 () 4102552 + 184 [main]
            main-2149  [000] ...2   138.121430: sched_switch: prev_comm=main prev_pid=2149 prev_prio=120 prev_state=R+ ==> next_comm=mmcqd/1 next_pid=117 next_prio=120
         mmcqd/1-117   [000] ...2   138.121509: sched_switch: prev_comm=mmcqd/1 prev_pid=117 prev_prio=120 prev_state=S ==> next_comm=main next_pid=2149 next_prio=120
            main-2149  [000] ...2   138.121517: sched_switch: prev_comm=main prev_pid=2149 prev_prio=120 prev_state=D|W ==> next_comm=swapper/0 next_pid=0 next_prio=120
          <idle>-0     [000] ...2   138.122633: sched_switch: prev_comm=swapper/0 prev_pid=0 prev_prio=120 prev_state=R ==> next_comm=mmcqd/1 next_pid=117 next_prio=120
         mmcqd/1-117   [000] ...1   138.122679: block_rq_complete: 179,0 RA () 4102552 + 184 [0]
         mmcqd/1-117   [000] ...2   138.122700: sched_switch: prev_comm=mmcqd/1 prev_pid=117 prev_prio=120 prev_state=R+ ==> next_comm=kworker/0:1H next_pid=17 next_prio=100
    kworker/0:1H-17    [000] ...2   138.122707: sched_switch: prev_comm=kworker/0:1H prev_pid=17 prev_prio=100 prev_state=S ==> next_comm=mmcqd/1 next_pid=117 next_prio=120
         mmcqd/1-117   [000] ...2   138.122716: sched_switch: prev_comm=mmcqd/1 prev_pid=117 prev_prio=120 prev_state=S ==> next_comm=main next_pid=2149 next_prio=120
            main-2149  [000] d..2   138.123028: block_rq_insert: 179,0 R 0 () 1207472 + 8 [main]
            main-2149  [000] d..2   138.123031: block_rq_insert: 179,0 R 0 () 1207488 + 24 [main]
            main-2149  [000] dn.2   138.123038: block_rq_insert: 179,0 R 0 () 1207584 + 24 [main]
            main-2149  [000] ...2   138.123044: sched_switch: prev_comm=main prev_pid=2149 prev_prio=120 prev_state=R+ ==> next_comm=mmcqd/1 next_pid=117 next_prio=120
         mmcqd/1-117   [000] ...2   138.123092: sched_switch: prev_comm=mmcqd/1 prev_pid=117 prev_prio=120 prev_state=S ==> next_comm=main next_pid=2149 next_prio=120
            main-2149  [000] ...2   138.123100: sched_switch: prev_comm=main prev_pid=2149 prev_prio=120 prev_state=D|W ==> next_comm=swapper/0 next_pid=0 next_prio=120
          <idle>-0     [000] ...2   138.123115: sched_switch: prev_comm=swapper/0 prev_pid=0 prev_prio=120 prev_state=R ==> next_comm=ksoftirqd/0 next_pid=3 next_prio=120
     ksoftirqd/0-3     [000] ...2   138.123124: sched_switch: prev_comm=ksoftirqd/0 prev_pid=3 prev_prio=120 prev_state=S ==> next_comm=swapper/0 next_pid=0 next_prio=120
          <idle>-0     [000] ...2   138.123138: sched_switch: prev_comm=swapper/0 prev_pid=0 prev_prio=120 prev_state=R ==> next_comm=ksoftirqd/0 next_pid=3 next_prio=120
     ksoftirqd/0-3     [000] ...2   138.123146: sched_switch: prev_comm=ksoftirqd/0 prev_pid=3 prev_prio=120 prev_state=S ==> next_comm=swapper/0 next_pid=0 next_prio=120
          <idle>-0     [000] ...2   138.123158: sched_switch: prev_comm=swapper/0 prev_pid=0 prev_prio=120 prev_state=R ==> next_comm=ksoftirqd/0 next_pid=3 next_prio=120
     ksoftirqd/0-3     [000] ...2   138.123166: sched_switch: prev_comm=ksoftirqd/0 prev_pid=3 prev_prio=120 prev_state=S ==> next_comm=swapper/0 next_pid=0 next_prio=120
          <idle>-0     [000] ...2   138.123325: sched_switch: prev_comm=swapper/0 prev_pid=0 prev_prio=120 prev_state=R ==> next_comm=mmcqd/1 next_pid=117 next_prio=120
         mmcqd/1-117   [000] ...1   138.123349: block_rq_complete: 179,0 RA () 1207472 + 8 [0]
         mmcqd/1-117   [000] ...2   138.123373: sched_switch: prev_comm=mmcqd/1 prev_pid=117 prev_prio=120 prev_state=S ==> next_comm=swapper/0 next_pid=0 next_prio=120
          <idle>-0     [000] ...2   138.123675: sched_switch: prev_comm=swapper/0 prev_pid=0 prev_prio=120 prev_state=R ==> next_comm=mmcqd/1 next_pid=117 next_prio=120
         mmcqd/1-117   [000] ...1   138.123702: block_rq_complete: 179,0 RA () 1207488 + 24 [0]
         mmcqd/1-117   [000] ...2   138.123715: sched_switch: prev_comm=mmcqd/1 prev_pid=117 prev_prio=120 prev_state=S ==> next_comm=swapper/0 next_pid=0 next_prio=120
          <idle>-0     [000] ...2   138.124013: sched_switch: prev_comm=swapper/0 prev_pid=0 prev_prio=120 prev_state=R ==> next_comm=mmcqd/1 next_pid=117 next_prio=120
         mmcqd/1-117   [000] ...1   138.124025: block_rq_complete: 179,0 RA () 1207584 + 24 [0]
         mmcqd/1-117   [000] ...2   138.124042: sched_switch: prev_comm=mmcqd/1 prev_pid=117 prev_prio=120 prev_state=R+ ==> next_comm=kworker/0:1H next_pid=17 next_prio=100
    kworker/0:1H-17    [000] ...2   138.124048: sched_switch: prev_comm=kworker/0:1H prev_pid=17 prev_prio=100 prev_state=S ==> next_comm=mmcqd/1 next_pid=117 next_prio=120
         mmcqd/1-117   [000] ...2   138.124057: sched_switch: prev_comm=mmcqd/1 prev_pid=117 prev_prio=120 prev_state=S ==> next_comm=main next_pid=2149 next_prio=120
            main-2149  [000] d..2   138.126002: block_rq_insert: 179,0 R 0 () 3996192 + 8 [main]
            main-2149  [000] d..2   138.126007: block_rq_insert: 179,0 R 0 () 3996264 + 8 [main]
            main-2149  [000] ...2   138.126020: sched_switch: prev_comm=main prev_pid=2149 prev_prio=120 prev_state=R+ ==> next_comm=mmcqd/1 next_pid=117 next_prio=120
         mmcqd/1-117   [000] ...2   138.126072: sched_switch: prev_comm=mmcqd/1 prev_pid=117 prev_prio=120 prev_state=S ==> next_comm=main next_pid=2149 next_prio=120
            main-2149  [000] ...2   138.126080: sched_switch: prev_comm=main prev_pid=2149 prev_prio=120 prev_state=D|W ==> next_comm=swapper/0 next_pid=0 next_prio=120
          <idle>-0     [000] ...2   138.126311: sched_switch: prev_comm=swapper/0 prev_pid=0 prev_prio=120 prev_state=R ==> next_comm=mmcqd/1 next_pid=117 next_prio=120
         mmcqd/1-117   [000] ...1   138.126336: block_rq_complete: 179,0 RA () 3996192 + 8 [0]
         mmcqd/1-117   [000] ...2   138.126349: sched_switch: prev_comm=mmcqd/1 prev_pid=117 prev_prio=120 prev_state=S ==> next_comm=swapper/0 next_pid=0 next_prio=120
          <idle>-0     [000] ...2   138.126597: sched_switch: prev_comm=swapper/0 prev_pid=0 prev_prio=120 prev_state=R ==> next_comm=mmcqd/1 next_pid=117 next_prio=120
         mmcqd/1-117   [000] ...1   138.126607: block_rq_complete: 179,0 RA () 3996264 + 8 [0]
         mmcqd/1-117   [000] ...2   138.126624: sched_switch: prev_comm=mmcqd/1 prev_pid=117 prev_prio=120 prev_state=R+ ==> next_comm=kworker/0:1H next_pid=17 next_prio=100
    kworker/0:1H-17    [000] ...2   138.126633: sched_switch: prev_comm=kworker/0:1H prev_pid=17 prev_prio=100 prev_state=S ==> next_comm=mmcqd/1 next_pid=117 next_prio=120
         mmcqd/1-117   [000] ...2   138.126642: sched_switch: prev_comm=mmcqd/1 prev_pid=117 prev_prio=120 prev_state=S ==> next_comm=main next_pid=2149 next_prio=120
            main-2149  [000] d..2   138.129088: block_rq_insert: 179,0 R 0 () 4098856 + 16 [main]
            main-2149  [000] dn.2   138.129099: block_rq_insert: 179,0 R 0 () 4098904 + 16 [main]
            main-2149  [000] dn.2   138.129102: block_rq_insert: 179,0 R 0 () 4098944 + 40 [main]
            main-2149  [000] ...2   138.129108: sched_switch: prev_comm=main prev_pid=2149 prev_prio=120 prev_state=R+ ==> next_comm=mmcqd/1 next_pid=117 next_prio=120
         mmcqd/1-117   [000] ...2   138.129164: sched_switch: prev_comm=mmcqd/1 prev_pid=117 prev_prio=120 prev_state=S ==> next_comm=main next_pid=2149 next_prio=120
            main-2149  [000] ...2   138.129170: sched_switch: prev_comm=main prev_pid=2149 prev_prio=120 prev_state=D|W ==> next_comm=swapper/0 next_pid=0 next_prio=120
          <idle>-0     [000] ...2   138.129426: sched_switch: prev_comm=swapper/0 prev_pid=0 prev_prio=120 prev_state=R ==> next_comm=mmcqd/1 next_pid=117 next_prio=120
         mmcqd/1-117   [000] ...1   138.129454: block_rq_complete: 179,0 RA () 4098856 + 16 [0]
         mmcqd/1-117   [000] ...2   138.129486: sched_switch: prev_comm=mmcqd/1 prev_pid=117 prev_prio=120 prev_state=S ==> next_comm=main next_pid=2149 next_prio=120
            main-2149  [000] ...2   138.129792: sched_switch: prev_comm=main prev_pid=2149 prev_prio=120 prev_state=R ==> next_comm=mmcqd/1 next_pid=117 next_prio=120
         mmcqd/1-117   [000] ...1   138.129819: block_rq_complete: 179,0 RA () 4098904 + 16 [0]
         mmcqd/1-117   [000] ...2   138.129832: sched_switch: prev_comm=mmcqd/1 prev_pid=117 prev_prio=120 prev_state=S ==> next_comm=main next_pid=2149 next_prio=120
            main-2149  [000] ...2   138.130225: sched_switch: prev_comm=main prev_pid=2149 prev_prio=120 prev_state=R ==> next_comm=mmcqd/1 next_pid=117 next_prio=120
         mmcqd/1-117   [000] ...1   138.130241: block_rq_complete: 179,0 RA () 4098944 + 40 [0]
         mmcqd/1-117   [000] ...2   138.130255: sched_switch: prev_comm=mmcqd/1 prev_pid=117 prev_prio=120 prev_state=R+ ==> next_comm=kworker/0:1H next_pid=17 next_prio=100
    kworker/0:1H-17    [000] ...2   138.130264: sched_switch: prev_comm=kworker/0:1H prev_pid=17 prev_prio=100 prev_state=S ==> next_comm=mmcqd/1 next_pid=117 next_prio=120
         mmcqd/1-117   [000] ...2   138.130272: sched_switch: prev_comm=mmcqd/1 prev_pid=117 prev_prio=120 prev_state=S ==> next_comm=main next_pid=2149 next_prio=120
            main-2149  [000] ...2   138.135668: sched_switch: prev_comm=main prev_pid=2149 prev_prio=120 prev_state=R ==> next_comm=kworker/0:2 next_pid=98 next_prio=120
     kworker/0:2-98    [000] ...2   138.135679: sched_switch: prev_comm=kworker/0:2 prev_pid=98 prev_prio=120 prev_state=S ==> next_comm=kworker/0:1H next_pid=17 next_prio=100
    kworker/0:1H-17    [000] ...2   138.135694: sched_switch: prev_comm=kworker/0:1H prev_pid=17 prev_prio=100 prev_state=S ==> next_comm=main next_pid=2149 next_prio=120
            main-2149  [000] d..2   138.139514: block_rq_insert: 179,0 R 0 () 802944 + 32 [main]
            main-2149  [000] ...2   138.139528: sched_switch: prev_comm=main prev_pid=2149 prev_prio=120 prev_state=R+ ==> next_comm=mmcqd/1 next_pid=117 next_prio=120
         mmcqd/1-117   [000] ...2   138.139578: sched_switch: prev_comm=mmcqd/1 prev_pid=117 prev_prio=120 prev_state=S ==> next_comm=main next_pid=2149 next_prio=120
            main-2149  [000] ...2   138.139584: sched_switch: prev_comm=main prev_pid=2149 prev_prio=120 prev_state=D|W ==> next_comm=swapper/0 next_pid=0 next_prio=120
          <idle>-0     [000] ...2   138.139601: sched_switch: prev_comm=swapper/0 prev_pid=0 prev_prio=120 prev_state=R ==> next_comm=ksoftirqd/0 next_pid=3 next_prio=120
     ksoftirqd/0-3     [000] ...2   138.139609: sched_switch: prev_comm=ksoftirqd/0 prev_pid=3 prev_prio=120 prev_state=S ==> next_comm=swapper/0 next_pid=0 next_prio=120
          <idle>-0     [000] ...2   138.139624: sched_switch: prev_comm=swapper/0 prev_pid=0 prev_prio=120 prev_state=R ==> next_comm=ksoftirqd/0 next_pid=3 next_prio=120
     ksoftirqd/0-3     [000] ...2   138.139631: sched_switch: prev_comm=ksoftirqd/0 prev_pid=3 prev_prio=120 prev_state=S ==> next_comm=swapper/0 next_pid=0 next_prio=120
          <idle>-0     [000] ...2   138.139643: sched_switch: prev_comm=swapper/0 prev_pid=0 prev_prio=120 prev_state=R ==> next_comm=ksoftirqd/0 next_pid=3 next_prio=120
     ksoftirqd/0-3     [000] ...2   138.139651: sched_switch: prev_comm=ksoftirqd/0 prev_pid=3 prev_prio=120 prev_state=S ==> next_comm=swapper/0 next_pid=0 next_prio=120
          <idle>-0     [000] ...2   138.140047: sched_switch: prev_comm=swapper/0 prev_pid=0 prev_prio=120 prev_state=R ==> next_comm=mmcqd/1 next_pid=117 next_prio=120
         mmcqd/1-117   [000] ...1   138.140062: block_rq_complete: 179,0 RA () 802944 + 32 [0]
         mmcqd/1-117   [000] ...2   138.140082: sched_switch: prev_comm=mmcqd/1 prev_pid=117 prev_prio=120 prev_state=R+ ==> next_comm=kworker/0:1H next_pid=17 next_prio=100
    kworker/0:1H-17    [000] ...2   138.140090: sched_switch: prev_comm=kworker/0:1H prev_pid=17 prev_prio=100 prev_state=S ==> next_comm=mmcqd/1 next_pid=117 next_prio=120
         mmcqd/1-117   [000] ...2   138.140098: sched_switch: prev_comm=mmcqd/1 prev_pid=117 prev_prio=120 prev_state=S ==> next_comm=main next_pid=2149 next_prio=120
            main-2149  [000] d..2   138.140133: block_rq_insert: 179,0 R 0 () 802976 + 16 [main]
            main-2149  [000] ...2   138.140143: sched_switch: prev_comm=main prev_pid=2149 prev_prio=120 prev_state=R+ ==> next_comm=mmcqd/1 next_pid=117 next_prio=120
         mmcqd/1-117   [000] ...2   138.140180: sched_switch: prev_comm=mmcqd/1 prev_pid=117 prev_prio=120 prev_state=S ==> next_comm=main next_pid=2149 next_prio=120
            main-2149  [000] ...2   138.140212: sched_switch: prev_comm=main prev_pid=2149 prev_prio=120 prev_state=D|W ==> next_comm=swapper/0 next_pid=0 next_prio=120
          <idle>-0     [000] ...2   138.140451: sched_switch: prev_comm=swapper/0 prev_pid=0 prev_prio=120 prev_state=R ==> next_comm=mmcqd/1 next_pid=117 next_prio=120
         mmcqd/1-117   [000] ...1   138.140462: block_rq_complete: 179,0 RA () 802976 + 16 [0]
         mmcqd/1-117   [000] ...2   138.140479: sched_switch: prev_comm=mmcqd/1 prev_pid=117 prev_prio=120 prev_state=R+ ==> next_comm=kworker/0:1H next_pid=17 next_prio=100
    kworker/0:1H-17    [000] ...2   138.140485: sched_switch: prev_comm=kworker/0:1H prev_pid=17 prev_prio=100 prev_state=S ==> next_comm=mmcqd/1 next_pid=117 next_prio=120
         mmcqd/1-117   [000] ...2   138.140494: sched_switch: prev_comm=mmcqd/1 prev_pid=117 prev_prio=120 prev_state=S ==> next_comm=main next_pid=2149 next_prio=120
            main-2149  [000] d..2   138.140771: block_rq_insert: 179,0 R 0 () 4103680 + 256 [main]
            main-2149  [000] ...2   138.140783: sched_switch: prev_comm=main prev_pid=2149 prev_prio=120 prev_state=R+ ==> next_comm=mmcqd/1 next_pid=117 next_prio=120
         mmcqd/1-117   [000] ...2   138.140881: sched_switch: prev_comm=mmcqd/1 prev_pid=117 prev_prio=120 prev_state=S ==> next_comm=main next_pid=2149 next_prio=120
            main-2149  [000] ...2   138.140887: sched_switch: prev_comm=main prev_pid=2149 prev_prio=120 prev_state=D|W ==> next_comm=swapper/0 next_pid=0 next_prio=120
          <idle>-0     [000] ...2   138.140901: sched_switch: prev_comm=swapper/0 prev_pid=0 prev_prio=120 prev_state=R ==> next_comm=ksoftirqd/0 next_pid=3 next_prio=120
     ksoftirqd/0-3     [000] ...2   138.140908: sched_switch: prev_comm=ksoftirqd/0 prev_pid=3 prev_prio=120 prev_state=S ==> next_comm=swapper/0 next_pid=0 next_prio=120
          <idle>-0     [000] ...2   138.140921: sched_switch: prev_comm=swapper/0 prev_pid=0 prev_prio=120 prev_state=R ==> next_comm=ksoftirqd/0 next_pid=3 next_prio=120
     ksoftirqd/0-3     [000] ...2   138.140927: sched_switch: prev_comm=ksoftirqd/0 prev_pid=3 prev_prio=120 prev_state=S ==> next_comm=swapper/0 next_pid=0 next_prio=120
          <idle>-0     [000] ...2   138.140939: sched_switch: prev_comm=swapper/0 prev_pid=0 prev_prio=120 prev_state=R ==> next_comm=ksoftirqd/0 next_pid=3 next_prio=120
     ksoftirqd/0-3     [000] ...2   138.140946: sched_switch: prev_comm=ksoftirqd/0 prev_pid=3 prev_prio=120 prev_state=S ==> next_comm=swapper/0 next_pid=0 next_prio=120
          <idle>-0     [000] ...2   138.142258: sched_switch: prev_comm=swapper/0 prev_pid=0 prev_prio=120 prev_state=R ==> next_comm=mmcqd/1 next_pid=117 next_prio=120
         mmcqd/1-117   [000] ...1   138.142319: block_rq_complete: 179,0 RA () 4103680 + 256 [0]
         mmcqd/1-117   [000] ...2   138.142345: sched_switch: prev_comm=mmcqd/1 prev_pid=117 prev_prio=120 prev_state=R+ ==> next_comm=kworker/0:1H next_pid=17 next_prio=100
    kworker/0:1H-17    [000] ...2   138.142351: sched_switch: prev_comm=kworker/0:1H prev_pid=17 prev_prio=100 prev_state=S ==> next_comm=mmcqd/1 next_pid=117 next_prio=120
         mmcqd/1-117   [000] ...2   138.142360: sched_switch: prev_comm=mmcqd/1 prev_pid=117 prev_prio=120 prev_state=S ==> next_comm=main next_pid=2149 next_prio=120
            main-2149  [000] d..2   138.142568: block_rq_insert: 179,0 R 0 () 4103936 + 16 [main]
            main-2149  [000] ...2   138.142579: sched_switch: prev_comm=main prev_pid=2149 prev_prio=120 prev_state=R+ ==> next_comm=mmcqd/1 next_pid=117 next_prio=120
         mmcqd/1-117   [000] ...2   138.142617: sched_switch: prev_comm=mmcqd/1 prev_pid=117 prev_prio=120 prev_state=S ==> next_comm=main next_pid=2149 next_prio=120
            main-2149  [000] ...2   138.142626: sched_switch: prev_comm=main prev_pid=2149 prev_prio=120 prev_state=D|W ==> next_comm=swapper/0 next_pid=0 next_prio=120
          <idle>-0     [000] ...2   138.142639: sched_switch: prev_comm=swapper/0 prev_pid=0 prev_prio=120 prev_state=R ==> next_comm=ksoftirqd/0 next_pid=3 next_prio=120
     ksoftirqd/0-3     [000] ...2   138.142647: sched_switch: prev_comm=ksoftirqd/0 prev_pid=3 prev_prio=120 prev_state=S ==> next_comm=swapper/0 next_pid=0 next_prio=120
          <idle>-0     [000] ...2   138.142660: sched_switch: prev_comm=swapper/0 prev_pid=0 prev_prio=120 prev_state=R ==> next_comm=ksoftirqd/0 next_pid=3 next_prio=120
     ksoftirqd/0-3     [000] ...2   138.142668: sched_switch: prev_comm=ksoftirqd/0 prev_pid=3 prev_prio=120 prev_state=S ==> next_comm=swapper/0 next_pid=0 next_prio=120
          <idle>-0     [000] ...2   138.142680: sched_switch: prev_comm=swapper/0 prev_pid=0 prev_prio=120 prev_state=R ==> next_comm=ksoftirqd/0 next_pid=3 next_prio=120
     ksoftirqd/0-3     [000] ...2   138.142689: sched_switch: prev_comm=ksoftirqd/0 prev_pid=3 prev_prio=120 prev_state=S ==> next_comm=swapper/0 next_pid=0 next_prio=120
          <idle>-0     [000] ...2   138.142856: sched_switch: prev_comm=swapper/0 prev_pid=0 prev_prio=120 prev_state=R ==> next_comm=mmcqd/1 next_pid=117 next_prio=120
         mmcqd/1-117   [000] ...1   138.142867: block_rq_complete: 179,0 RA () 4103936 + 16 [0]
         mmcqd/1-117   [000] ...2   138.142884: sched_switch: prev_comm=mmcqd/1 prev_pid=117 prev_prio=120 prev_state=R+ ==> next_comm=kworker/0:1H next_pid=17 next_prio=100
    kworker/0:1H-17    [000] ...2   138.142891: sched_switch: prev_comm=kworker/0:1H prev_pid=17 prev_prio=100 prev_state=S ==> next_comm=mmcqd/1 next_pid=117 next_prio=120
         mmcqd/1-117   [000] ...2   138.142900: sched_switch: prev_comm=mmcqd/1 prev_pid=117 prev_prio=120 prev_state=S ==> next_comm=main next_pid=2149 next_prio=120
          <idle>-0     [001] ...2   138.143495: sched_switch: prev_comm=swapper/1 prev_pid=0 prev_prio=120 prev_state=R ==> next_comm=main next_pid=2150 next_prio=120
 Heap thread poo-2150  [001] ...2   138.143521: sched_switch: prev_comm=main prev_pid=2150 prev_prio=120 prev_state=D ==> next_comm=swapper/1 next_pid=0 next_prio=120
          <idle>-0     [001] ...2   138.143526: sched_switch: prev_comm=swapper/1 prev_pid=0 prev_prio=120 prev_state=R ==> next_comm=main next_pid=2150 next_prio=120
            main-2149  [000] ...2   138.143587: sched_switch: prev_comm=main prev_pid=2149 prev_prio=120 prev_state=D ==> next_comm=main next_pid=2151 next_prio=120
 Heap thread poo-2151  [000] ...2   138.143597: sched_switch: prev_comm=main prev_pid=2151 prev_prio=120 prev_state=R+ ==> next_comm=main next_pid=2149 next_prio=120
 Heap thread poo-2150  [001] ...2   138.143601: sched_switch: prev_comm=main prev_pid=2150 prev_prio=120 prev_state=D ==> next_comm=swapper/1 next_pid=0 next_prio=120
          <idle>-0     [001] ...2   138.143615: sched_switch: prev_comm=swapper/1 prev_pid=0 prev_prio=120 prev_state=R ==> next_comm=ksoftirqd/1 next_pid=2145 next_prio=120
     ksoftirqd/1-2145  [001] ...2   138.143626: sched_switch: prev_comm=ksoftirqd/1 prev_pid=2145 prev_prio=120 prev_state=S ==> next_comm=swapper/1 next_pid=0 next_prio=120
            main-2149  [000] ...2   138.143633: sched_switch: prev_comm=main prev_pid=2149 prev_prio=120 prev_state=D ==> next_comm=main next_pid=2151 next_prio=120
          <idle>-0     [001] ...2   138.143638: sched_switch: prev_comm=swapper/1 prev_pid=0 prev_prio=120 prev_state=R ==> next_comm=ksoftirqd/1 next_pid=2145 next_prio=120
     ksoftirqd/1-2145  [001] ...2   138.143645: sched_switch: prev_comm=ksoftirqd/1 prev_pid=2145 prev_prio=120 prev_state=S ==> next_comm=main next_pid=2150 next_prio=120
 Heap thread poo-2151  [000] ...2   138.143656: sched_switch: prev_comm=main prev_pid=2151 prev_prio=120 prev_state=R+ ==> next_comm=main next_pid=2149 next_prio=120
 Heap thread poo-2150  [001] ...2   138.143662: sched_switch: prev_comm=main prev_pid=2150 prev_prio=120 prev_state=D ==> next_comm=swapper/1 next_pid=0 next_prio=120
          <idle>-0     [001] ...2   138.143677: sched_switch: prev_comm=swapper/1 prev_pid=0 prev_prio=120 prev_state=R ==> next_comm=ksoftirqd/1 next_pid=2145 next_prio=120
     ksoftirqd/1-2145  [001] ...2   138.143683: sched_switch: prev_comm=ksoftirqd/1 prev_pid=2145 prev_prio=120 prev_state=S ==> next_comm=main next_pid=2150 next_prio=120
            main-2149  [000] ...2   138.143690: sched_switch: prev_comm=main prev_pid=2149 prev_prio=120 prev_state=D ==> next_comm=main next_pid=2151 next_prio=120
 Heap thread poo-2151  [000] ...2   138.143695: sched_switch: prev_comm=main prev_pid=2151 prev_prio=120 prev_state=R+ ==> next_comm=main next_pid=2149 next_prio=120
 Heap thread poo-2150  [001] ...2   138.143703: sched_switch: prev_comm=main prev_pid=2150 prev_prio=120 prev_state=D ==> next_comm=main next_pid=2152 next_prio=120
 Heap thread poo-2152  [001] ...2   138.143708: sched_switch: prev_comm=main prev_pid=2152 prev_prio=120 prev_state=R ==> next_comm=main next_pid=2150 next_prio=120
            main-2149  [000] ...2   138.143711: sched_switch: prev_comm=main prev_pid=2149 prev_prio=120 prev_state=D ==> next_comm=main next_pid=2151 next_prio=120
 Heap thread poo-2151  [000] ...2   138.143720: sched_switch: prev_comm=main prev_pid=2151 prev_prio=120 prev_state=R+ ==> next_comm=main next_pid=2149 next_prio=120
 Heap thread poo-2150  [001] ...2   138.143722: sched_switch: prev_comm=main prev_pid=2150 prev_prio=120 prev_state=D ==> next_comm=main next_pid=2152 next_prio=120
 Heap thread poo-2152  [001] ...2   138.143733: sched_switch: prev_comm=main prev_pid=2152 prev_prio=120 prev_state=R+ ==> next_comm=main next_pid=2150 next_prio=120
            main-2149  [000] ...2   138.143735: sched_switch: prev_comm=main prev_pid=2149 prev_prio=120 prev_state=S ==> next_comm=main next_pid=2151 next_prio=120
 Heap thread poo-2150  [001] ...2   138.143746: sched_switch: prev_comm=main prev_pid=2150 prev_prio=120 prev_state=D ==> next_comm=main next_pid=2152 next_prio=120
 Heap thread poo-2152  [001] ...2   138.143755: sched_switch: prev_comm=main prev_pid=2152 prev_prio=120 prev_state=R+ ==> next_comm=main next_pid=2150 next_prio=120
 Heap thread poo-2150  [001] ...2   138.143820: sched_switch: prev_comm=main prev_pid=2150 prev_prio=120 prev_state=D ==> next_comm=main next_pid=2152 next_prio=120
 Heap thread poo-2152  [001] ...2   138.143826: sched_switch: prev_comm=main prev_pid=2152 prev_prio=120 prev_state=R ==> next_comm=main next_pid=2150 next_prio=120
 Heap thread poo-2150  [001] ...2   138.143843: sched_switch: prev_comm=main prev_pid=2150 prev_prio=120 prev_state=D ==> next_comm=main next_pid=2152 next_prio=120
 Heap thread poo-2152  [001] ...2   138.143848: sched_switch: prev_comm=main prev_pid=2152 prev_prio=120 prev_state=R ==> next_comm=main next_pid=2150 next_prio=120
