          <idle>-0     [000] ...2   138.174517: sched_switch: prev_comm=swapper/0 prev_pid=0 prev_prio=120 prev_state=R ==> next_comm=mmcqd/1 next_pid=117 next_prio=120
         mmcqd/1-117   [000] ...1   138.174556: block_rq_complete: 179,0 RA () 3994040 + 136 [0]
         mmcqd/1-117   [000] ...2   138.174578: sched_switch: prev_comm=mmcqd/1 prev_pid=117 prev_prio=120 prev_state=R+ ==> next_comm=kworker/0:1H next_pid=17 next_prio=100
    kworker/0:1H-17    [000] ...2   138.174585: sched_switch: prev_comm=kworker/0:1H prev_pid=17 prev_prio=100 prev_state=S ==> next_comm=mmcqd/1 next_pid=117 next_prio=120
         mmcqd/1-117   [000] ...2   138.174595: sched_switch: prev_comm=mmcqd/1 prev_pid=117 prev_prio=120 prev_state=S ==> next_comm=main next_pid=2149 next_prio=120
            main-2149  [000] d..2   138.174668: block_rq_insert: 179,0 R 0 () 4025256 + 24 [main]
            main-2149  [000] ...2   138.174678: sched_switch: prev_comm=main prev_pid=2149 prev_prio=120 prev_state=R+ ==> next_comm=mmcqd/1 next_pid=117 next_prio=120
         mmcqd/1-117   [000] ...2   138.174718: sched_switch: prev_comm=mmcqd/1 prev_pid=117 prev_prio=120 prev_state=S ==> next_comm=main next_pid=2149 next_prio=120
            main-2149  [000] ...2   138.174724: sched_switch: prev_comm=main prev_pid=2149 prev_prio=120 prev_state=D|W ==> next_comm=swapper/0 next_pid=0 next_prio=120
          <idle>-0     [000] ...2   138.175009: sched_switch: prev_comm=swapper/0 prev_pid=0 prev_prio=120 prev_state=R ==> next_comm=mmcqd/1 next_pid=117 next_prio=120
         mmcqd/1-117   [000] ...1   138.175023: block_rq_complete: 179,0 RA () 4025256 + 24 [0]
         mmcqd/1-117   [000] ...2   138.175041: sched_switch: prev_comm=mmcqd/1 prev_pid=117 prev_prio=120 prev_state=R+ ==> next_comm=kworker/0:1H next_pid=17 next_prio=100
    kworker/0:1H-17    [000] ...2   138.175048: sched_switch: prev_comm=kworker/0:1H prev_pid=17 prev_prio=100 prev_state=S ==> next_comm=mmcqd/1 next_pid=117 next_prio=120
         mmcqd/1-117   [000] ...2   138.175057: sched_switch: prev_comm=mmcqd/1 prev_pid=117 prev_prio=120 prev_state=S ==> next_comm=main next_pid=2149 next_prio=120
            main-2149  [000] d..2   138.175145: block_rq_insert: 179,0 R 0 () 4028792 + 152 [main]
            main-2149  [000] ...2   138.175155: sched_switch: prev_comm=main prev_pid=2149 prev_prio=120 prev_state=R+ ==> next_comm=mmcqd/1 next_pid=117 next_prio=120
         mmcqd/1-117   [000] ...2   138.175230: sched_switch: prev_comm=mmcqd/1 prev_pid=117 prev_prio=120 prev_state=S ==> next_comm=main next_pid=2149 next_prio=120
            main-2149  [000] ...2   138.175236: sched_switch: prev_comm=main prev_pid=2149 prev_prio=120 prev_state=D|W ==> next_comm=swapper/0 next_pid=0 next_prio=120
          <idle>-0     [000] ...2   138.176249: sched_switch: prev_comm=swapper/0 prev_pid=0 prev_prio=120 prev_state=R ==> next_comm=mmcqd/1 next_pid=117 next_prio=120
         mmcqd/1-117   [000] ...1   138.176292: block_rq_complete: 179,0 RA () 4028792 + 152 [0]
         mmcqd/1-117   [000] ...2   138.176314: sched_switch: prev_comm=mmcqd/1 prev_pid=117 prev_prio=120 prev_state=R+ ==> next_comm=kworker/0:1H next_pid=17 next_prio=100
    kworker/0:1H-17    [000] ...2   138.176321: sched_switch: prev_comm=kworker/0:1H prev_pid=17 prev_prio=100 prev_state=S ==> next_comm=mmcqd/1 next_pid=117 next_prio=120
         mmcqd/1-117   [000] ...2   138.176332: sched_switch: prev_comm=mmcqd/1 prev_pid=117 prev_prio=120 prev_state=S ==> next_comm=main next_pid=2149 next_prio=120
            main-2149  [000] d..2   138.176787: block_rq_insert: 179,0 R 0 () 4095920 + 48 [main]
            main-2149  [000] dn.2   138.176795: block_rq_insert: 179,0 R 0 () 4095984 + 16 [main]
            main-2149  [000] dn.2   138.176798: block_rq_insert: 179,0 R 0 () 4096016 + 16 [main]
            main-2149  [000] dn.2   138.176800: block_rq_insert: 179,0 R 0 () 4096040 + 16 [main]
            main-2149  [000] dn.2   138.176801: block_rq_insert: 179,0 R 0 () 4096064 + 16 [main]
            main-2149  [000] dn.2   138.176803: block_rq_insert: 179,0 R 0 () 4096096 + 8 [main]
            main-2149  [000] dn.2   138.176804: block_rq_insert: 179,0 R 0 () 4096112 + 8 [main]
            main-2149  [000] ...2   138.176810: sched_switch: prev_comm=main prev_pid=2149 prev_prio=120 prev_state=R+ ==> next_comm=mmcqd/1 next_pid=117 next_prio=120
         mmcqd/1-117   [000] ...2   138.176867: sched_switch: prev_comm=mmcqd/1 prev_pid=117 prev_prio=120 prev_state=S ==> next_comm=main next_pid=2149 next_prio=120
            main-2149  [000] ...2   138.176876: sched_switch: prev_comm=main prev_pid=2149 prev_prio=120 prev_state=D|W ==> next_comm=swapper/0 next_pid=0 next_prio=120
          <idle>-0     [000] ...2   138.177304: sched_switch: prev_comm=swapper/0 prev_pid=0 prev_prio=120 prev_state=R ==> next_comm=mmcqd/1 next_pid=117 next_prio=120
         mmcqd/1-117   [000] ...1   138.177339: block_rq_complete: 179,0 RA () 4095920 + 48 [0]
         mmcqd/1-117   [000] ...2   138.177362: sched_switch: prev_comm=mmcqd/1 prev_pid=117 prev_prio=120 prev_state=S ==> next_comm=swapper/0 next_pid=0 next_prio=120
          <idle>-0     [000] ...2   138.177611: sched_switch: prev_comm=swapper/0 prev_pid=0 prev_prio=120 prev_state=R ==> next_comm=mmcqd/1 next_pid=117 next_prio=120
         mmcqd/1-117   [000] ...1   138.177638: block_rq_complete: 179,0 RA () 4095984 + 16 [0]
         mmcqd/1-117   [000] ...2   138.177660: sched_switch: prev_comm=mmcqd/1 prev_pid=117 prev_prio=120 prev_state=S ==> next_comm=swapper/0 next_pid=0 next_prio=120
          <idle>-0     [000] ...2   138.177907: sched_switch: prev_comm=swapper/0 prev_pid=0 prev_prio=120 prev_state=R ==> next_comm=mmcqd/1 next_pid=117 next_prio=120
         mmcqd/1-117   [000] ...1   138.177934: block_rq_complete: 179,0 RA () 4096016 + 16 [0]
         mmcqd/1-117   [000] ...2   138.177955: sched_switch: prev_comm=mmcqd/1 prev_pid=117 prev_prio=120 prev_state=S ==> next_comm=swapper/0 next_pid=0 next_prio=120
          <idle>-0     [000] ...2   138.178218: sched_switch: prev_comm=swapper/0 prev_pid=0 prev_prio=120 prev_state=R ==> next_comm=mmcqd/1 next_pid=117 next_prio=120
         mmcqd/1-117   [000] ...1   138.178245: block_rq_complete: 179,0 RA () 4096040 + 16 [0]
         mmcqd/1-117   [000] ...2   138.178267: sched_switch: prev_comm=mmcqd/1 prev_pid=117 prev_prio=120 prev_state=S ==> next_comm=main next_pid=2149 next_prio=120
            main-2149  [000] ...2   138.178530: sched_switch: prev_comm=main prev_pid=2149 prev_prio=120 prev_state=R ==> next_comm=mmcqd/1 next_pid=117 next_prio=120
         mmcqd/1-117   [000] ...1   138.178558: block_rq_complete: 179,0 RA () 4096064 + 16 [0]
         mmcqd/1-117   [000] ...2   138.178577: sched_switch: prev_comm=mmcqd/1 prev_pid=117 prev_prio=120 prev_state=S ==> next_comm=main next_pid=2149 next_prio=120
            main-2149  [000] d..2   138.178761: block_rq_insert: 179,0 R 0 () 4094768 + 40 [main]
            main-2149  [000] d..2   138.178764: block_rq_insert: 179,0 R 0 () 4094824 + 8 [main]
            main-2149  [000] ...2   138.178773: sched_switch: prev_comm=main prev_pid=2149 prev_prio=120 prev_state=D|W ==> next_comm=swapper/0 next_pid=0 next_prio=120
          <idle>-0     [000] ...2   138.178818: sched_switch: prev_comm=swapper/0 prev_pid=0 prev_prio=120 prev_state=R ==> next_comm=mmcqd/1 next_pid=117 next_prio=120
         mmcqd/1-117   [000] ...1   138.178844: block_rq_complete: 179,0 RA () 4096096 + 8 [0]
         mmcqd/1-117   [000] ...2   138.178864: sched_switch: prev_comm=mmcqd/1 prev_pid=117 prev_prio=120 prev_state=S ==> next_comm=swapper/0 next_pid=0 next_prio=120
          <idle>-0     [000] ...2   138.179141: sched_switch: prev_comm=swapper/0 prev_pid=0 prev_prio=120 prev_state=R ==> next_comm=mmcqd/1 next_pid=117 next_prio=120
         mmcqd/1-117   [000] ...1   138.179166: block_rq_complete: 179,0 RA () 4096112 + 8 [0]
         mmcqd/1-117   [000] ...2   138.179194: sched_switch: prev_comm=mmcqd/1 prev_pid=117 prev_prio=120 prev_state=S ==> next_comm=swapper/0 next_pid=0 next_prio=120
          <idle>-0     [000] ...2   138.179431: sched_switch: prev_comm=swapper/0 prev_pid=0 prev_prio=120 prev_state=R ==> next_comm=mmcqd/1 next_pid=117 next_prio=120
         mmcqd/1-117   [000] ...1   138.179456: block_rq_complete: 179,0 RA () 4094824 + 8 [0]
         mmcqd/1-117   [000] ...2   138.179469: sched_switch: prev_comm=mmcqd/1 prev_pid=117 prev_prio=120 prev_state=S ==> next_comm=swapper/0 next_pid=0 next_prio=120
          <idle>-0     [000] ...2   138.179902: sched_switch: prev_comm=swapper/0 prev_pid=0 prev_prio=120 prev_state=R ==> next_comm=mmcqd/1 next_pid=117 next_prio=120
         mmcqd/1-117   [000] ...1   138.179919: block_rq_complete: 179,0 RA () 4094768 + 40 [0]
         mmcqd/1-117   [000] ...2   138.179937: sched_switch: prev_comm=mmcqd/1 prev_pid=117 prev_prio=120 prev_state=R+ ==> next_comm=kworker/0:1H next_pid=17 next_prio=100
    kworker/0:1H-17    [000] ...2   138.179945: sched_switch: prev_comm=kworker/0:1H prev_pid=17 prev_prio=100 prev_state=S ==> next_comm=mmcqd/1 next_pid=117 next_prio=120
         mmcqd/1-117   [000] ...2   138.179954: sched_switch: prev_comm=mmcqd/1 prev_pid=117 prev_prio=120 prev_state=S ==> next_comm=main next_pid=2149 next_prio=120
            main-2149  [000] d..2   138.180058: block_rq_insert: 179,0 R 0 () 4102944 + 136 [main]
            main-2149  [000] dn.2   138.180066: block_rq_insert: 179,0 R 0 () 4103088 + 72 [main]
            main-2149  [000] ...2   138.180072: sched_switch: prev_comm=main prev_pid=2149 prev_prio=120 prev_state=R+ ==> next_comm=mmcqd/1 next_pid=117 next_prio=120
         mmcqd/1-117   [000] ...2   138.180168: sched_switch: prev_comm=mmcqd/1 prev_pid=117 prev_prio=120 prev_state=S ==> next_comm=main next_pid=2149 next_prio=120
            main-2149  [000] ...2   138.180175: sched_switch: prev_comm=main prev_pid=2149 prev_prio=120 prev_state=D|W ==> next_comm=swapper/0 next_pid=0 next_prio=120
          <idle>-0     [000] ...2   138.181005: sched_switch: prev_comm=swapper/0 prev_pid=0 prev_prio=120 prev_state=R ==> next_comm=mmcqd/1 next_pid=117 next_prio=120
         mmcqd/1-117   [000] ...1   138.181060: block_rq_complete: 179,0 RA () 4102944 + 136 [0]
         mmcqd/1-117   [000] ...2   138.181079: sched_switch: prev_comm=mmcqd/1 prev_pid=117 prev_prio=120 prev_state=S ==> next_comm=main next_pid=2149 next_prio=120
            main-2149  [000] ...2   138.181565: sched_switch: prev_comm=main prev_pid=2149 prev_prio=120 prev_state=R ==> next_comm=mmcqd/1 next_pid=117 next_prio=120
         mmcqd/1-117   [000] ...1   138.181590: block_rq_complete: 179,0 RA () 4103088 + 72 [0]
         mmcqd/1-117   [000] ...2   138.181607: sched_switch: prev_comm=mmcqd/1 prev_pid=117 prev_prio=120 prev_state=R+ ==> next_comm=kworker/0:1H next_pid=17 next_prio=100
    kworker/0:1H-17    [000] ...2   138.181614: sched_switch: prev_comm=kworker/0:1H prev_pid=17 prev_prio=100 prev_state=S ==> next_comm=mmcqd/1 next_pid=117 next_prio=120
         mmcqd/1-117   [000] ...2   138.181625: sched_switch: prev_comm=mmcqd/1 prev_pid=117 prev_prio=120 prev_state=S ==> next_comm=main next_pid=2149 next_prio=120
            main-2149  [000] d..2   138.195258: block_rq_insert: 179,0 R 0 () 4102000 + 40 [main]
            main-2149  [000] ...2   138.195283: sched_switch: prev_comm=main prev_pid=2149 prev_prio=120 prev_state=R+ ==> next_comm=mmcqd/1 next_pid=117 next_prio=120
         mmcqd/1-117   [000] ...2   138.195352: sched_switch: prev_comm=mmcqd/1 prev_pid=117 prev_prio=120 prev_state=S ==> next_comm=main next_pid=2149 next_prio=120
            main-2149  [000] ...2   138.195905: sched_switch: prev_comm=main prev_pid=2149 prev_prio=120 prev_state=R ==> next_comm=mmcqd/1 next_pid=117 next_prio=120
         mmcqd/1-117   [000] ...1   138.195924: block_rq_complete: 179,0 RA () 4102000 + 40 [0]
         mmcqd/1-117   [000] ...2   138.195946: sched_switch: prev_comm=mmcqd/1 prev_pid=117 prev_prio=120 prev_state=R+ ==> next_comm=kworker/0:1H next_pid=17 next_prio=100
    kworker/0:1H-17    [000] ...2   138.195955: sched_switch: prev_comm=kworker/0:1H prev_pid=17 prev_prio=100 prev_state=S ==> next_comm=mmcqd/1 next_pid=117 next_prio=120
         mmcqd/1-117   [000] ...2   138.195969: sched_switch: prev_comm=mmcqd/1 prev_pid=117 prev_prio=120 prev_state=S ==> next_comm=main next_pid=2149 next_prio=120
            main-2149  [000] d..2   138.198194: block_rq_insert: 179,0 R 0 () 874176 + 8 [main]
            main-2149  [000] ...2   138.198207: sched_switch: prev_comm=main prev_pid=2149 prev_prio=120 prev_state=R+ ==> next_comm=mmcqd/1 next_pid=117 next_prio=120
         mmcqd/1-117   [000] ...2   138.198249: sched_switch: prev_comm=mmcqd/1 prev_pid=117 prev_prio=120 prev_state=S ==> next_comm=main next_pid=2149 next_prio=120
            main-2149  [000] ...2   138.198258: sched_switch: prev_comm=main prev_pid=2149 prev_prio=120 prev_state=D|W ==> next_comm=swapper/0 next_pid=0 next_prio=120
          <idle>-0     [000] ...2   138.198272: sched_switch: prev_comm=swapper/0 prev_pid=0 prev_prio=120 prev_state=R ==> next_comm=ksoftirqd/0 next_pid=3 next_prio=120
     ksoftirqd/0-3     [000] ...2   138.198282: sched_switch: prev_comm=ksoftirqd/0 prev_pid=3 prev_prio=120 prev_state=S ==> next_comm=swapper/0 next_pid=0 next_prio=120
          <idle>-0     [000] ...2   138.198293: sched_switch: prev_comm=swapper/0 prev_pid=0 prev_prio=120 prev_state=R ==> next_comm=ksoftirqd/0 next_pid=3 next_prio=120
     ksoftirqd/0-3     [000] ...2   138.198301: sched_switch: prev_comm=ksoftirqd/0 prev_pid=3 prev_prio=120 prev_state=S ==> next_comm=swapper/0 next_pid=0 next_prio=120
          <idle>-0     [000] ...2   138.198310: sched_switch: prev_comm=swapper/0 prev_pid=0 prev_prio=120 prev_state=R ==> next_comm=ksoftirqd/0 next_pid=3 next_prio=120
     ksoftirqd/0-3     [000] ...2   138.198321: sched_switch: prev_comm=ksoftirqd/0 prev_pid=3 prev_prio=120 prev_state=S ==> next_comm=swapper/0 next_pid=0 next_prio=120
          <idle>-0     [000] ...2   138.198486: sched_switch: prev_comm=swapper/0 prev_pid=0 prev_prio=120 prev_state=R ==> next_comm=mmcqd/1 next_pid=117 next_prio=120
         mmcqd/1-117   [000] ...1   138.198497: block_rq_complete: 179,0 RA () 874176 + 8 [0]
         mmcqd/1-117   [000] ...2   138.198515: sched_switch: prev_comm=mmcqd/1 prev_pid=117 prev_prio=120 prev_state=R+ ==> next_comm=kworker/0:1H next_pid=17 next_prio=100
    kworker/0:1H-17    [000] ...2   138.198522: sched_switch: prev_comm=kworker/0:1H prev_pid=17 prev_prio=100 prev_state=S ==> next_comm=mmcqd/1 next_pid=117 next_prio=120
         mmcqd/1-117   [000] ...2   138.198532: sched_switch: prev_comm=mmcqd/1 prev_pid=117 prev_prio=120 prev_state=S ==> next_comm=main next_pid=2149 next_prio=120
            main-2149  [000] d..2   138.201813: block_rq_insert: 179,0 R 0 () 4101248 + 8 [main]
            main-2149  [000] ...2   138.201828: sched_switch: prev_comm=main prev_pid=2149 prev_prio=120 prev_state=R+ ==> next_comm=mmcqd/1 next_pid=117 next_prio=120
         mmcqd/1-117   [000] ...2   138.201874: sched_switch: prev_comm=mmcqd/1 prev_pid=117 prev_prio=120 prev_state=S ==> next_comm=main next_pid=2149 next_prio=120
            main-2149  [000] ...2   138.201880: sched_switch: prev_comm=main prev_pid=2149 prev_prio=120 prev_state=D|W ==> next_comm=swapper/0 next_pid=0 next_prio=120
          <idle>-0     [000] ...2   138.201891: sched_switch: prev_comm=swapper/0 prev_pid=0 prev_prio=120 prev_state=R ==> next_comm=ksoftirqd/0 next_pid=3 next_prio=120
     ksoftirqd/0-3     [000] ...2   138.201899: sched_switch: prev_comm=ksoftirqd/0 prev_pid=3 prev_prio=120 prev_state=S ==> next_comm=swapper/0 next_pid=0 next_prio=120
          <idle>-0     [000] ...2   138.201910: sched_switch: prev_comm=swapper/0 prev_pid=0 prev_prio=120 prev_state=R ==> next_comm=ksoftirqd/0 next_pid=3 next_prio=120
     ksoftirqd/0-3     [000] ...2   138.201917: sched_switch: prev_comm=ksoftirqd/0 prev_pid=3 prev_prio=120 prev_state=S ==> next_comm=swapper/0 next_pid=0 next_prio=120
          <idle>-0     [000] ...2   138.201926: sched_switch: prev_comm=swapper/0 prev_pid=0 prev_prio=120 prev_state=R ==> next_comm=ksoftirqd/0 next_pid=3 next_prio=120
     ksoftirqd/0-3     [000] ...2   138.201932: sched_switch: prev_comm=ksoftirqd/0 prev_pid=3 prev_prio=120 prev_state=S ==> next_comm=swapper/0 next_pid=0 next_prio=120
          <idle>-0     [000] ...2   138.202101: sched_switch: prev_comm=swapper/0 prev_pid=0 prev_prio=120 prev_state=R ==> next_comm=mmcqd/1 next_pid=117 next_prio=120
         mmcqd/1-117   [000] ...1   138.202112: block_rq_complete: 179,0 RA () 4101248 + 8 [0]
         mmcqd/1-117   [000] ...2   138.202131: sched_switch: prev_comm=mmcqd/1 prev_pid=117 prev_prio=120 prev_state=R+ ==> next_comm=kworker/0:1H next_pid=17 next_prio=100
    kworker/0:1H-17    [000] ...2   138.202139: sched_switch: prev_comm=kworker/0:1H prev_pid=17 prev_prio=100 prev_state=S ==> next_comm=mmcqd/1 next_pid=117 next_prio=120
         mmcqd/1-117   [000] ...2   138.202149: sched_switch: prev_comm=mmcqd/1 prev_pid=117 prev_prio=120 prev_state=S ==> next_comm=main next_pid=2149 next_prio=120
            main-2149  [000] d..2   138.203668: block_rq_insert: 179,0 R 0 () 4094216 + 8 [main]
            main-2149  [000] d..2   138.203671: block_rq_insert: 179,0 R 0 () 4094232 + 8 [main]
            main-2149  [000] d..2   138.203674: block_rq_insert: 179,0 R 0 () 4094256 + 8 [main]
            main-2149  [000] ...2   138.203685: sched_switch: prev_comm=main prev_pid=2149 prev_prio=120 prev_state=R+ ==> next_comm=mmcqd/1 next_pid=117 next_prio=120
         mmcqd/1-117   [000] ...2   138.203734: sched_switch: prev_comm=mmcqd/1 prev_pid=117 prev_prio=120 prev_state=S ==> next_comm=main next_pid=2149 next_prio=120
            main-2149  [000] ...2   138.203740: sched_switch: prev_comm=main prev_pid=2149 prev_prio=120 prev_state=D|W ==> next_comm=swapper/0 next_pid=0 next_prio=120
          <idle>-0     [000] ...2   138.203962: sched_switch: prev_comm=swapper/0 prev_pid=0 prev_prio=120 prev_state=R ==> next_comm=mmcqd/1 next_pid=117 next_prio=120
         mmcqd/1-117   [000] ...1   138.203988: block_rq_complete: 179,0 RA () 4094256 + 8 [0]
         mmcqd/1-117   [000] ...2   138.204007: sched_switch: prev_comm=mmcqd/1 prev_pid=117 prev_prio=120 prev_state=S ==> next_comm=swapper/0 next_pid=0 next_prio=120
          <idle>-0     [000] ...2   138.204230: sched_switch: prev_comm=swapper/0 prev_pid=0 prev_prio=120 prev_state=R ==> next_comm=mmcqd/1 next_pid=117 next_prio=120
         mmcqd/1-117   [000] ...1   138.204256: block_rq_complete: 179,0 RA () 4094232 + 8 [0]
         mmcqd/1-117   [000] ...2   138.204271: sched_switch: prev_comm=mmcqd/1 prev_pid=117 prev_prio=120 prev_state=S ==> next_comm=main next_pid=2149 next_prio=120
            main-2149  [000] ...2   138.204525: sched_switch: prev_comm=main prev_pid=2149 prev_prio=120 prev_state=R ==> next_comm=mmcqd/1 next_pid=117 next_prio=120
         mmcqd/1-117   [000] ...1   138.204536: block_rq_complete: 179,0 RA () 4094216 + 8 [0]
         mmcqd/1-117   [000] ...2   138.204550: sched_switch: prev_comm=mmcqd/1 prev_pid=117 prev_prio=120 prev_state=R+ ==> next_comm=kworker/0:1H next_pid=17 next_prio=100
    kworker/0:1H-17    [000] ...2   138.204558: sched_switch: prev_comm=kworker/0:1H prev_pid=17 prev_prio=100 prev_state=S ==> next_comm=mmcqd/1 next_pid=117 next_prio=120
         mmcqd/1-117   [000] ...2   138.204568: sched_switch: prev_comm=mmcqd/1 prev_pid=117 prev_prio=120 prev_state=S ==> next_comm=main next_pid=2149 next_prio=120
            main-2149  [000] d..2   138.207116: block_rq_insert: 179,0 R 0 () 4095784 + 8 [main]
            main-2149  [000] d..2   138.207120: block_rq_insert: 179,0 R 0 () 4095800 + 48 [main]
            main-2149  [000] d..2   138.207122: block_rq_insert: 179,0 R 0 () 4095864 + 24 [main]
            main-2149  [000] d..2   138.207124: block_rq_insert: 179,0 R 0 () 4095896 + 24 [main]
            main-2149  [000] ...2   138.207135: sched_switch: prev_comm=main prev_pid=2149 prev_prio=120 prev_state=R+ ==> next_comm=mmcqd/1 next_pid=117 next_prio=120
         mmcqd/1-117   [000] ...2   138.207200: sched_switch: prev_comm=mmcqd/1 prev_pid=117 prev_prio=120 prev_state=S ==> next_comm=main next_pid=2149 next_prio=120
            main-2149  [000] ...2   138.207206: sched_switch: prev_comm=main prev_pid=2149 prev_prio=120 prev_state=D|W ==> next_comm=swapper/0 next_pid=0 next_prio=120
          <idle>-0     [000] ...2   138.207423: sched_switch: prev_comm=swapper/0 prev_pid=0 prev_prio=120 prev_state=R ==> next_comm=mmcqd/1 next_pid=117 next_prio=120
         mmcqd/1-117   [000] ...1   138.207451: block_rq_complete: 179,0 RA () 4095784 + 8 [0]
         mmcqd/1-117   [000] ...2   138.207476: sched_switch: prev_comm=mmcqd/1 prev_pid=117 prev_prio=120 prev_state=S ==> next_comm=swapper/0 next_pid=0 next_prio=120
          <idle>-0     [000] ...2   138.207916: sched_switch: prev_comm=swapper/0 prev_pid=0 prev_prio=120 prev_state=R ==> next_comm=mmcqd/1 next_pid=117 next_prio=120
         mmcqd/1-117   [000] ...1   138.207951: block_rq_complete: 179,0 RA () 4095800 + 48 [0]
         mmcqd/1-117   [000] ...2   138.207978: sched_switch: prev_comm=mmcqd/1 prev_pid=117 prev_prio=120 prev_state=S ==> next_comm=main next_pid=2149 next_prio=120
            main-2149  [000] d..2   138.208149: block_rq_insert: 179,0 R 0 () 4019736 + 8 [main]
            main-2149  [000] d..2   138.208152: block_rq_insert: 179,0 R 0 () 4019792 + 8 [main]
            main-2149  [000] ...2   138.208161: sched_switch: prev_comm=main prev_pid=2149 prev_prio=120 prev_state=D|W ==> next_comm=swapper/0 next_pid=0 next_prio=120
          <idle>-0     [000] ...2   138.208308: sched_switch: prev_comm=swapper/0 prev_pid=0 prev_prio=120 prev_state=R ==> next_comm=mmcqd/1 next_pid=117 next_prio=120
         mmcqd/1-117   [000] ...1   138.208338: block_rq_complete: 179,0 RA () 4095864 + 24 [0]
         mmcqd/1-117   [000] ...2   138.208357: sched_switch: prev_comm=mmcqd/1 prev_pid=117 prev_prio=120 prev_state=S ==> next_comm=swapper/0 next_pid=0 next_prio=120
          <idle>-0     [000] ...2   138.208669: sched_switch: prev_comm=swapper/0 prev_pid=0 prev_prio=120 prev_state=R ==> next_comm=mmcqd/1 next_pid=117 next_prio=120
         mmcqd/1-117   [000] ...1   138.208698: block_rq_complete: 179,0 RA () 4095896 + 24 [0]
         mmcqd/1-117   [000] ...2   138.208716: sched_switch: prev_comm=mmcqd/1 prev_pid=117 prev_prio=120 prev_state=S ==> next_comm=swapper/0 next_pid=0 next_prio=120
          <idle>-0     [000] ...2   138.208941: sched_switch: prev_comm=swapper/0 prev_pid=0 prev_prio=120 prev_state=R ==> next_comm=mmcqd/1 next_pid=117 next_prio=120
         mmcqd/1-117   [000] ...1   138.208966: block_rq_complete: 179,0 RA () 4019736 + 8 [0]
         mmcqd/1-117   [000] ...2   138.208977: sched_switch: prev_comm=mmcqd/1 prev_pid=117 prev_prio=120 prev_state=S ==> next_comm=swapper/0 next_pid=0 next_prio=120
          <idle>-0     [000] ...2   138.209223: sched_switch: prev_comm=swapper/0 prev_pid=0 prev_prio=120 prev_state=R ==> next_comm=mmcqd/1 next_pid=117 next_prio=120
         mmcqd/1-117   [000] ...1   138.209233: block_rq_complete: 179,0 RA () 4019792 + 8 [0]
         mmcqd/1-117   [000] ...2   138.209251: sched_switch: prev_comm=mmcqd/1 prev_pid=117 prev_prio=120 prev_state=R+ ==> next_comm=kworker/0:1H next_pid=17 next_prio=100
    kworker/0:1H-17    [000] ...2   138.209260: sched_switch: prev_comm=kworker/0:1H prev_pid=17 prev_prio=100 prev_state=S ==> next_comm=mmcqd/1 next_pid=117 next_prio=120
         mmcqd/1-117   [000] ...2   138.209270: sched_switch: prev_comm=mmcqd/1 prev_pid=117 prev_prio=120 prev_state=S ==> next_comm=main next_pid=2149 next_prio=120
            main-2149  [000] d..2   138.210567: block_rq_insert: 179,0 R 0 () 4010144 + 96 [main]
            main-2149  [000] dn.2   138.210577: block_rq_insert: 179,0 R 0 () 4010264 + 48 [main]
            main-2149  [000] dn.2   138.210579: block_rq_insert: 179,0 R 0 () 4010336 + 24 [main]
            main-2149  [000] ...2   138.210586: sched_switch: prev_comm=main prev_pid=2149 prev_prio=120 prev_state=R+ ==> next_comm=mmcqd/1 next_pid=117 next_prio=120
         mmcqd/1-117   [000] ...2   138.210648: sched_switch: prev_comm=mmcqd/1 prev_pid=117 prev_prio=120 prev_state=S ==> next_comm=main next_pid=2149 next_prio=120
            main-2149  [000] ...2   138.210655: sched_switch: prev_comm=main prev_pid=2149 prev_prio=120 prev_state=D|W ==> next_comm=swapper/0 next_pid=0 next_prio=120
          <idle>-0     [000] ...2   138.210947: sched_switch: prev_comm=swapper/0 prev_pid=0 prev_prio=120 prev_state=R ==> next_comm=mmcqd/1 next_pid=117 next_prio=120
         mmcqd/1-117   [000] ...1   138.210977: block_rq_complete: 179,0 RA () 4010336 + 24 [0]
         mmcqd/1-117   [000] ...2   138.211020: sched_switch: prev_comm=mmcqd/1 prev_pid=117 prev_prio=120 prev_state=S ==> next_comm=swapper/0 next_pid=0 next_prio=120
          <idle>-0     [000] ...2   138.211445: sched_switch: prev_comm=swapper/0 prev_pid=0 prev_prio=120 prev_state=R ==> next_comm=mmcqd/1 next_pid=117 next_prio=120
         mmcqd/1-117   [000] ...1   138.211479: block_rq_complete: 179,0 RA () 4010264 + 48 [0]
         mmcqd/1-117   [000] ...2   138.211496: sched_switch: prev_comm=mmcqd/1 prev_pid=117 prev_prio=120 prev_state=S ==> next_comm=main next_pid=2149 next_prio=120
            main-2149  [000] d..2   138.211514: block_rq_insert: 179,0 R 0 () 3997296 + 8 [main]
            main-2149  [000] ...2   138.211524: sched_switch: prev_comm=main prev_pid=2149 prev_prio=120 prev_state=R+ ==> next_comm=mmcqd/1 next_pid=117 next_prio=120
         mmcqd/1-117   [000] ...2   138.211539: sched_switch: prev_comm=mmcqd/1 prev_pid=117 prev_prio=120 prev_state=S ==> next_comm=main next_pid=2149 next_prio=120
            main-2149  [000] ...2   138.211545: sched_switch: prev_comm=main prev_pid=2149 prev_prio=120 prev_state=D|W ==> next_comm=swapper/0 next_pid=0 next_prio=120
          <idle>-0     [000] ...2   138.212117: sched_switch: prev_comm=swapper/0 prev_pid=0 prev_prio=120 prev_state=R ==> next_comm=mmcqd/1 next_pid=117 next_prio=120
         mmcqd/1-117   [000] ...1   138.212162: block_rq_complete: 179,0 RA () 4010144 + 96 [0]
         mmcqd/1-117   [000] ...2   138.212177: sched_switch: prev_comm=mmcqd/1 prev_pid=117 prev_prio=120 prev_state=S ==> next_comm=swapper/0 next_pid=0 next_prio=120
          <idle>-0     [000] ...2   138.212389: sched_switch: prev_comm=swapper/0 prev_pid=0 prev_prio=120 prev_state=R ==> next_comm=mmcqd/1 next_pid=117 next_prio=120
         mmcqd/1-117   [000] ...1   138.212399: block_rq_complete: 179,0 RA () 3997296 + 8 [0]
         mmcqd/1-117   [000] ...2   138.212415: sched_switch: prev_comm=mmcqd/1 prev_pid=117 prev_prio=120 prev_state=R+ ==> next_comm=kworker/0:1H next_pid=17 next_prio=100
    kworker/0:1H-17    [000] ...2   138.212423: sched_switch: prev_comm=kworker/0:1H prev_pid=17 prev_prio=100 prev_state=S ==> next_comm=mmcqd/1 next_pid=117 next_prio=120
         mmcqd/1-117   [000] ...2   138.212432: sched_switch: prev_comm=mmcqd/1 prev_pid=117 prev_prio=120 prev_state=S ==> next_comm=main next_pid=2149 next_prio=120
            main-2149  [000] d..2   138.212462: block_rq_insert: 179,0 R 0 () 4010088 + 8 [main]
            main-2149  [000] d..2   138.212464: block_rq_insert: 179,0 R 0 () 4010136 + 8 [main]
            main-2149  [000] ...2   138.212473: sched_switch: prev_comm=main prev_pid=2149 prev_prio=120 prev_state=R+ ==> next_comm=mmcqd/1 next_pid=117 next_prio=120
         mmcqd/1-117   [000] ...2   138.212515: sched_switch: prev_comm=mmcqd/1 prev_pid=117 prev_prio=120 prev_state=S ==> next_comm=main next_pid=2149 next_prio=120
            main-2149  [000] ...2   138.212520: sched_switch: prev_comm=main prev_pid=2149 prev_prio=120 prev_state=D|W ==> next_comm=swapper/0 next_pid=0 next_prio=120
          <idle>-0     [000] ...2   138.212752: sched_switch: prev_comm=swapper/0 prev_pid=0 prev_prio=120 prev_state=R ==> next_comm=mmcqd/1 next_pid=117 next_prio=120
         mmcqd/1-117   [000] ...1   138.212778: block_rq_complete: 179,0 RA () 4010088 + 8 [0]
         mmcqd/1-117   [000] ...2   138.212789: sched_switch: prev_comm=mmcqd/1 prev_pid=117 prev_prio=120 prev_state=S ==> next_comm=swapper/0 next_pid=0 next_prio=120
          <idle>-0     [000] ...2   138.213013: sched_switch: prev_comm=swapper/0 prev_pid=0 prev_prio=120 prev_state=R ==> next_comm=mmcqd/1 next_pid=117 next_prio=120
         mmcqd/1-117   [000] ...1   138.213023: block_rq_complete: 179,0 RA () 4010136 + 8 [0]
         mmcqd/1-117   [000] ...2   138.213038: sched_switch: prev_comm=mmcqd/1 prev_pid=117 prev_prio=120 prev_state=R+ ==> next_comm=kworker/0:1H next_pid=17 next_prio=100
    kworker/0:1H-17    [000] ...2   138.213046: sched_switch: prev_comm=kworker/0:1H prev_pid=17 prev_prio=100 prev_state=S ==> next_comm=mmcqd/1 next_pid=117 next_prio=120
         mmcqd/1-117   [000] ...2   138.213054: sched_switch: prev_comm=mmcqd/1 prev_pid=117 prev_prio=120 prev_state=S ==> next_comm=main next_pid=2149 next_prio=120
            main-2149  [000] d..2   138.213119: block_rq_insert: 179,0 R 0 () 4020328 + 8 [main]
            main-2149  [000] d..2   138.213121: block_rq_insert: 179,0 R 0 () 4020392 + 72 [main]
            main-2149  [000] dn.2   138.213128: block_rq_insert: 179,0 R 0 () 4020472 + 40 [main]
            main-2149  [000] dn.2   138.213130: block_rq_insert: 179,0 R 0 () 4020544 + 8 [main]
            main-2149  [000] dn.2   138.213132: block_rq_insert: 179,0 R 0 () 4020560 + 24 [main]
            main-2149  [000] ...2   138.213137: sched_switch: prev_comm=main prev_pid=2149 prev_prio=120 prev_state=R+ ==> next_comm=mmcqd/1 next_pid=117 next_prio=120
         mmcqd/1-117   [000] ...2   138.213197: sched_switch: prev_comm=mmcqd/1 prev_pid=117 prev_prio=120 prev_state=S ==> next_comm=main next_pid=2149 next_prio=120
            main-2149  [000] ...2   138.213203: sched_switch: prev_comm=main prev_pid=2149 prev_prio=120 prev_state=D|W ==> next_comm=swapper/0 next_pid=0 next_prio=120
          <idle>-0     [000] ...2   138.213423: sched_switch: prev_comm=swapper/0 prev_pid=0 prev_prio=120 prev_state=R ==> next_comm=mmcqd/1 next_pid=117 next_prio=120
         mmcqd/1-117   [000] ...1   138.213448: block_rq_complete: 179,0 RA () 4020328 + 8 [0]
         mmcqd/1-117   [000] ...2   138.213475: sched_switch: prev_comm=mmcqd/1 prev_pid=117 prev_prio=120 prev_state=S ==> next_comm=swapper/0 next_pid=0 next_prio=120
          <idle>-0     [000] ...2   138.214012: sched_switch: prev_comm=swapper/0 prev_pid=0 prev_prio=120 prev_state=R ==> next_comm=mmcqd/1 next_pid=117 next_prio=120
         mmcqd/1-117   [000] ...1   138.214052: block_rq_complete: 179,0 RA () 4020392 + 72 [0]
         mmcqd/1-117   [000] ...2   138.214076: sched_switch: prev_comm=mmcqd/1 prev_pid=117 prev_prio=120 prev_state=S ==> next_comm=main next_pid=2149 next_prio=120
            main-2149  [000] ...2   138.214560: sched_switch: prev_comm=main prev_pid=2149 prev_prio=120 prev_state=R ==> next_comm=mmcqd/1 next_pid=117 next_prio=120
         mmcqd/1-117   [000] ...1   138.214594: block_rq_complete: 179,0 RA () 4020472 + 40 [0]
         mmcqd/1-117   [000] ...2   138.214620: sched_switch: prev_comm=mmcqd/1 prev_pid=117 prev_prio=120 prev_state=S ==> next_comm=main next_pid=2149 next_prio=120
            main-2149  [000] ...2   138.214833: sched_switch: prev_comm=main prev_pid=2149 prev_prio=120 prev_state=R+ ==> next_comm=mmcqd/1 next_pid=117 next_prio=120
         mmcqd/1-117   [000] ...1   138.214859: block_rq_complete: 179,0 RA () 4020544 + 8 [0]
         mmcqd/1-117   [000] ...2   138.214871: sched_switch: prev_comm=mmcqd/1 prev_pid=117 prev_prio=120 prev_state=S ==> next_comm=main next_pid=2149 next_prio=120
            main-2149  [000] ...2   138.215230: sched_switch: prev_comm=main prev_pid=2149 prev_prio=120 prev_state=R ==> next_comm=mmcqd/1 next_pid=117 next_prio=120
         mmcqd/1-117   [000] ...1   138.215244: block_rq_complete: 179,0 RA () 4020560 + 24 [0]
         mmcqd/1-117   [000] ...2   138.215259: sched_switch: prev_comm=mmcqd/1 prev_pid=117 prev_prio=120 prev_state=R+ ==> next_comm=kworker/0:1H next_pid=17 next_prio=100
    kworker/0:1H-17    [000] ...2   138.215267: sched_switch: prev_comm=kworker/0:1H prev_pid=17 prev_prio=100 prev_state=S ==> next_comm=mmcqd/1 next_pid=117 next_prio=120
         mmcqd/1-117   [000] ...2   138.215277: sched_switch: prev_comm=mmcqd/1 prev_pid=117 prev_prio=120 prev_state=S ==> next_comm=main next_pid=2149 next_prio=120
          <idle>-0     [001] ...2   138.215671: sched_switch: prev_comm=swapper/1 prev_pid=0 prev_prio=120 prev_state=R ==> next_comm=kworker/u:3 next_pid=113 next_prio=120
            main-2149  [000] ...2   138.215690: sched_switch: prev_comm=main prev_pid=2149 prev_prio=120 prev_state=R+ ==> next_comm=mpdecision next_pid=1517 next_prio=113
     kworker/u:3-113   [001] ...2   138.215704: sched_switch: prev_comm=kworker/u:3 prev_pid=113 prev_prio=120 prev_state=S ==> next_comm=swapper/1 next_pid=0 next_prio=120
      mpdecision-1517  [000] ...2   138.215942: sched_switch: prev_comm=mpdecision prev_pid=1517 prev_prio=113 prev_state=S ==> next_comm=main next_pid=2149 next_prio=120
            main-2149  [000] d..2   138.224756: block_rq_insert: 179,0 R 0 () 3994176 + 120 [main]
            main-2149  [000] ...2   138.224774: sched_switch: prev_comm=main prev_pid=2149 prev_prio=120 prev_state=R+ ==> next_comm=mmcqd/1 next_pid=117 next_prio=120
         mmcqd/1-117   [000] ...2   138.224859: sched_switch: prev_comm=mmcqd/1 prev_pid=117 prev_prio=120 prev_state=S ==> next_comm=main next_pid=2149 next_prio=120
            main-2149  [000] d..2   138.224941: block_rq_insert: 179,0 R 0 () 3991632 + 56 [main]
            main-2149  [000] ...2   138.224953: sched_switch: prev_comm=main prev_pid=2149 prev_prio=120 prev_state=R+ ==> next_comm=mmcqd/1 next_pid=117 next_prio=120
         mmcqd/1-117   [000] ...2   138.224983: sched_switch: prev_comm=mmcqd/1 prev_pid=117 prev_prio=120 prev_state=S ==> next_comm=main next_pid=2149 next_prio=120
            main-2149  [000] ...2   138.224989: sched_switch: prev_comm=main prev_pid=2149 prev_prio=120 prev_state=D|W ==> next_comm=swapper/0 next_pid=0 next_prio=120
          <idle>-0     [000] ...2   138.225008: sched_switch: prev_comm=swapper/0 prev_pid=0 prev_prio=120 prev_state=R ==> next_comm=ksoftirqd/0 next_pid=3 next_prio=120
     ksoftirqd/0-3     [000] ...2   138.225017: sched_switch: prev_comm=ksoftirqd/0 prev_pid=3 prev_prio=120 prev_state=S ==> next_comm=swapper/0 next_pid=0 next_prio=120
          <idle>-0     [000] ...2   138.225033: sched_switch: prev_comm=swapper/0 prev_pid=0 prev_prio=120 prev_state=R ==> next_comm=ksoftirqd/0 next_pid=3 next_prio=120
     ksoftirqd/0-3     [000] ...2   138.225040: sched_switch: prev_comm=ksoftirqd/0 prev_pid=3 prev_prio=120 prev_state=S ==> next_comm=swapper/0 next_pid=0 next_prio=120
          <idle>-0     [000] ...2   138.225053: sched_switch: prev_comm=swapper/0 prev_pid=0 prev_prio=120 prev_state=R ==> next_comm=ksoftirqd/0 next_pid=3 next_prio=120
     ksoftirqd/0-3     [000] ...2   138.225064: sched_switch: prev_comm=ksoftirqd/0 prev_pid=3 prev_prio=120 prev_state=S ==> next_comm=swapper/0 next_pid=0 next_prio=120
          <idle>-0     [000] ...2   138.225652: sched_switch: prev_comm=swapper/0 prev_pid=0 prev_prio=120 prev_state=R ==> next_comm=mmcqd/1 next_pid=117 next_prio=120
         mmcqd/1-117   [000] ...1   138.225705: block_rq_complete: 179,0 RA () 3994176 + 120 [0]
         mmcqd/1-117   [000] ...2   138.225726: sched_switch: prev_comm=mmcqd/1 prev_pid=117 prev_prio=120 prev_state=S ==> next_comm=swapper/0 next_pid=0 next_prio=120
          <idle>-0     [000] ...2   138.225960: sched_switch: prev_comm=swapper/0 prev_pid=0 prev_prio=120 prev_state=R ==> next_comm=ActivityManager next_pid=766 next_prio=118
 ActivityManager-766   [000] ...2   138.226046: sched_switch: prev_comm=ActivityManager prev_pid=766 prev_prio=118 prev_state=S ==> next_comm=swapper/0 next_pid=0 next_prio=120
          <idle>-0     [000] ...2   138.226192: sched_switch: prev_comm=swapper/0 prev_pid=0 prev_prio=120 prev_state=R ==> next_comm=mmcqd/1 next_pid=117 next_prio=120
         mmcqd/1-117   [000] ...1   138.226214: block_rq_complete: 179,0 RA () 3991632 + 56 [0]
         mmcqd/1-117   [000] ...2   138.226236: sched_switch: prev_comm=mmcqd/1 prev_pid=117 prev_prio=120 prev_state=R+ ==> next_comm=kworker/0:1H next_pid=17 next_prio=100
    kworker/0:1H-17    [000] ...2   138.226245: sched_switch: prev_comm=kworker/0:1H prev_pid=17 prev_prio=100 prev_state=S ==> next_comm=mmcqd/1 next_pid=117 next_prio=120
         mmcqd/1-117   [000] ...2   138.226256: sched_switch: prev_comm=mmcqd/1 prev_pid=117 prev_prio=120 prev_state=S ==> next_comm=main next_pid=2149 next_prio=120
            main-2149  [000] d..2   138.226305: block_rq_insert: 179,0 R 0 () 4093888 + 24 [main]
            main-2149  [000] ...2   138.226315: sched_switch: prev_comm=main prev_pid=2149 prev_prio=120 prev_state=R+ ==> next_comm=mmcqd/1 next_pid=117 next_prio=120
         mmcqd/1-117   [000] ...2   138.226357: sched_switch: prev_comm=mmcqd/1 prev_pid=117 prev_prio=120 prev_state=S ==> next_comm=main next_pid=2149 next_prio=120
            main-2149  [000] ...2   138.226362: sched_switch: prev_comm=main prev_pid=2149 prev_prio=120 prev_state=D|W ==> next_comm=swapper/0 next_pid=0 next_prio=120
          <idle>-0     [000] ...2   138.226666: sched_switch: prev_comm=swapper/0 prev_pid=0 prev_prio=120 prev_state=R ==> next_comm=mmcqd/1 next_pid=117 next_prio=120
         mmcqd/1-117   [000] ...1   138.226679: block_rq_complete: 179,0 RA () 4093888 + 24 [0]
         mmcqd/1-117   [000] ...2   138.226697: sched_switch: prev_comm=mmcqd/1 prev_pid=117 prev_prio=120 prev_state=R+ ==> next_comm=kworker/0:1H next_pid=17 next_prio=100
    kworker/0:1H-17    [000] ...2   138.226703: sched_switch: prev_comm=kworker/0:1H prev_pid=17 prev_prio=100 prev_state=S ==> next_comm=mmcqd/1 next_pid=117 next_prio=120
         mmcqd/1-117   [000] ...2   138.226713: sched_switch: prev_comm=mmcqd/1 prev_pid=117 prev_prio=120 prev_state=S ==> next_comm=main next_pid=2149 next_prio=120
            main-2149  [000] d..2   138.227338: block_rq_insert: 179,0 R 0 () 4026240 + 32 [main]
            main-2149  [000] dn.2   138.227347: block_rq_insert: 179,0 R 0 () 4026288 + 16 [main]
            main-2149  [000] dn.2   138.227350: block_rq_insert: 179,0 R 0 () 4026360 + 16 [main]
            main-2149  [000] ...2   138.227357: sched_switch: prev_comm=main prev_pid=2149 prev_prio=120 prev_state=R+ ==> next_comm=mmcqd/1 next_pid=117 next_prio=120
         mmcqd/1-117   [000] ...2   138.227414: sched_switch: prev_comm=mmcqd/1 prev_pid=117 prev_prio=120 prev_state=S ==> next_comm=main next_pid=2149 next_prio=120
            main-2149  [000] ...2   138.227420: sched_switch: prev_comm=main prev_pid=2149 prev_prio=120 prev_state=D|W ==> next_comm=swapper/0 next_pid=0 next_prio=120
          <idle>-0     [000] ...2   138.227739: sched_switch: prev_comm=swapper/0 prev_pid=0 prev_prio=120 prev_state=R ==> next_comm=mmcqd/1 next_pid=117 next_prio=120
         mmcqd/1-117   [000] ...1   138.227770: block_rq_complete: 179,0 RA () 4026240 + 32 [0]
         mmcqd/1-117   [000] ...2   138.227793: sched_switch: prev_comm=mmcqd/1 prev_pid=117 prev_prio=120 prev_state=S ==> next_comm=swapper/0 next_pid=0 next_prio=120
          <idle>-0     [000] ...2   138.228024: sched_switch: prev_comm=swapper/0 prev_pid=0 prev_prio=120 prev_state=R ==> next_comm=mmcqd/1 next_pid=117 next_prio=120
         mmcqd/1-117   [000] ...1   138.228051: block_rq_complete: 179,0 RA () 4026288 + 16 [0]
         mmcqd/1-117   [000] ...2   138.228063: sched_switch: prev_comm=mmcqd/1 prev_pid=117 prev_prio=120 prev_state=S ==> next_comm=swapper/0 next_pid=0 next_prio=120
          <idle>-0     [000] ...2   138.228487: sched_switch: prev_comm=swapper/0 prev_pid=0 prev_prio=120 prev_state=R ==> next_comm=mmcqd/1 next_pid=117 next_prio=120
         mmcqd/1-117   [000] ...1   138.228499: block_rq_complete: 179,0 RA () 4026360 + 16 [0]
         mmcqd/1-117   [000] ...2   138.228516: sched_switch: prev_comm=mmcqd/1 prev_pid=117 prev_prio=120 prev_state=R+ ==> next_comm=kworker/0:1H next_pid=17 next_prio=100
    kworker/0:1H-17    [000] ...2   138.228524: sched_switch: prev_comm=kworker/0:1H prev_pid=17 prev_prio=100 prev_state=S ==> next_comm=mmcqd/1 next_pid=117 next_prio=120
         mmcqd/1-117   [000] ...2   138.228535: sched_switch: prev_comm=mmcqd/1 prev_pid=117 prev_prio=120 prev_state=S ==> next_comm=main next_pid=2149 next_prio=120
            main-2149  [000] d..2   138.229610: block_rq_insert: 179,0 R 0 () 4028944 + 256 [main]
            main-2149  [000] ...2   138.229623: sched_switch: prev_comm=main prev_pid=2149 prev_prio=120 prev_state=R+ ==> next_comm=mmcqd/1 next_pid=117 next_prio=120
         mmcqd/1-117   [000] ...2   138.229730: sched_switch: prev_comm=mmcqd/1 prev_pid=117 prev_prio=120 prev_state=S ==> next_comm=main next_pid=2149 next_prio=120
            main-2149  [000] d..2   138.230086: block_rq_insert: 179,0 R 0 () 4026808 + 8 [main]
            main-2149  [000] ...2   138.230098: sched_switch: prev_comm=main prev_pid=2149 prev_prio=120 prev_state=R+ ==> next_comm=mmcqd/1 next_pid=117 next_prio=120
         mmcqd/1-117   [000] ...2   138.230114: sched_switch: prev_comm=mmcqd/1 prev_pid=117 prev_prio=120 prev_state=S ==> next_comm=main next_pid=2149 next_prio=120
            main-2149  [000] ...2   138.230120: sched_switch: prev_comm=main prev_pid=2149 prev_prio=120 prev_state=D|W ==> next_comm=swapper/0 next_pid=0 next_prio=120
          <idle>-0     [000] ...2   138.231204: sched_switch: prev_comm=swapper/0 prev_pid=0 prev_prio=120 prev_state=R ==> next_comm=mmcqd/1 next_pid=117 next_prio=120
         mmcqd/1-117   [000] ...1   138.231287: block_rq_complete: 179,0 RA () 4028944 + 256 [0]
         mmcqd/1-117   [000] ...2   138.231312: sched_switch: prev_comm=mmcqd/1 prev_pid=117 prev_prio=120 prev_state=S ==> next_comm=swapper/0 next_pid=0 next_prio=120
          <idle>-0     [000] ...2   138.231469: sched_switch: prev_comm=swapper/0 prev_pid=0 prev_prio=120 prev_state=R ==> next_comm=mmcqd/1 next_pid=117 next_prio=120
         mmcqd/1-117   [000] ...1   138.231479: block_rq_complete: 179,0 RA () 4026808 + 8 [0]
         mmcqd/1-117   [000] ...2   138.231496: sched_switch: prev_comm=mmcqd/1 prev_pid=117 prev_prio=120 prev_state=R+ ==> next_comm=kworker/0:1H next_pid=17 next_prio=100
    kworker/0:1H-17    [000] ...2   138.231503: sched_switch: prev_comm=kworker/0:1H prev_pid=17 prev_prio=100 prev_state=S ==> next_comm=mmcqd/1 next_pid=117 next_prio=120
         mmcqd/1-117   [000] ...2   138.231513: sched_switch: prev_comm=mmcqd/1 prev_pid=117 prev_prio=120 prev_state=S ==> next_comm=main next_pid=2149 next_prio=120
            main-2149  [000] d..2   138.233205: block_rq_insert: 179,0 R 0 () 4009736 + 8 [main]
            main-2149  [000] d..2   138.233208: block_rq_insert: 179,0 R 0 () 4009824 + 8 [main]
            main-2149  [000] ...2   138.233220: sched_switch: prev_comm=main prev_pid=2149 prev_prio=120 prev_state=R+ ==> next_comm=mmcqd/1 next_pid=117 next_prio=120
         mmcqd/1-117   [000] ...2   138.233272: sched_switch: prev_comm=mmcqd/1 prev_pid=117 prev_prio=120 prev_state=S ==> next_comm=main next_pid=2149 next_prio=120
            main-2149  [000] ...2   138.233281: sched_switch: prev_comm=main prev_pid=2149 prev_prio=120 prev_state=D|W ==> next_comm=swapper/0 next_pid=0 next_prio=120
          <idle>-0     [000] ...2   138.233510: sched_switch: prev_comm=swapper/0 prev_pid=0 prev_prio=120 prev_state=R ==> next_comm=mmcqd/1 next_pid=117 next_prio=120
         mmcqd/1-117   [000] ...1   138.233537: block_rq_complete: 179,0 RA () 4009824 + 8 [0]
         mmcqd/1-117   [000] ...2   138.233551: sched_switch: prev_comm=mmcqd/1 prev_pid=117 prev_prio=120 prev_state=S ==> next_comm=swapper/0 next_pid=0 next_prio=120
          <idle>-0     [000] ...2   138.233778: sched_switch: prev_comm=swapper/0 prev_pid=0 prev_prio=120 prev_state=R ==> next_comm=mmcqd/1 next_pid=117 next_prio=120
         mmcqd/1-117   [000] ...1   138.233788: block_rq_complete: 179,0 RA () 4009736 + 8 [0]
         mmcqd/1-117   [000] ...2   138.233806: sched_switch: prev_comm=mmcqd/1 prev_pid=117 prev_prio=120 prev_state=R+ ==> next_comm=kworker/0:1H next_pid=17 next_prio=100
    kworker/0:1H-17    [000] ...2   138.233813: sched_switch: prev_comm=kworker/0:1H prev_pid=17 prev_prio=100 prev_state=S ==> next_comm=mmcqd/1 next_pid=117 next_prio=120
         mmcqd/1-117   [000] ...2   138.233823: sched_switch: prev_comm=mmcqd/1 prev_pid=117 prev_prio=120 prev_state=S ==> next_comm=main next_pid=2149 next_prio=120
            main-2149  [000] d..2   138.234791: block_rq_insert: 179,0 R 0 () 4008664 + 16 [main]
            main-2149  [000] dn.2   138.234800: block_rq_insert: 179,0 R 0 () 4008712 + 8 [main]
            main-2149  [000] ...2   138.234808: sched_switch: prev_comm=main prev_pid=2149 prev_prio=120 prev_state=R+ ==> next_comm=mmcqd/1 next_pid=117 next_prio=120
         mmcqd/1-117   [000] ...2   138.234859: sched_switch: prev_comm=mmcqd/1 prev_pid=117 prev_prio=120 prev_state=S ==> next_comm=main next_pid=2149 next_prio=120
            main-2149  [000] ...2   138.234868: sched_switch: prev_comm=main prev_pid=2149 prev_prio=120 prev_state=D|W ==> next_comm=swapper/0 next_pid=0 next_prio=120
          <idle>-0     [000] ...2   138.235084: sched_switch: prev_comm=swapper/0 prev_pid=0 prev_prio=120 prev_state=R ==> next_comm=mmcqd/1 next_pid=117 next_prio=120
         mmcqd/1-117   [000] ...1   138.235111: block_rq_complete: 179,0 RA () 4008712 + 8 [0]
         mmcqd/1-117   [000] ...2   138.235125: sched_switch: prev_comm=mmcqd/1 prev_pid=117 prev_prio=120 prev_state=S ==> next_comm=swapper/0 next_pid=0 next_prio=120
          <idle>-0     [000] ...2   138.235423: sched_switch: prev_comm=swapper/0 prev_pid=0 prev_prio=120 prev_state=R ==> next_comm=mmcqd/1 next_pid=117 next_prio=120
         mmcqd/1-117   [000] ...1   138.235435: block_rq_complete: 179,0 RA () 4008664 + 16 [0]
         mmcqd/1-117   [000] ...2   138.235453: sched_switch: prev_comm=mmcqd/1 prev_pid=117 prev_prio=120 prev_state=R+ ==> next_comm=kworker/0:1H next_pid=17 next_prio=100
    kworker/0:1H-17    [000] ...2   138.235462: sched_switch: prev_comm=kworker/0:1H prev_pid=17 prev_prio=100 prev_state=S ==> next_comm=mmcqd/1 next_pid=117 next_prio=120
         mmcqd/1-117   [000] ...2   138.235471: sched_switch: prev_comm=mmcqd/1 prev_pid=117 prev_prio=120 prev_state=S ==> next_comm=main next_pid=2149 next_prio=120
          <idle>-0     [001] ...2   138.238760: sched_switch: prev_comm=swapper/1 prev_pid=0 prev_prio=120 prev_state=R ==> next_comm=main next_pid=2160 next_prio=120
            main-2149  [000] ...2   138.238791: sched_switch: prev_comm=main prev_pid=2149 prev_prio=120 prev_state=D ==> next_comm=swapper/0 next_pid=0 next_prio=120
          <idle>-0     [000] ...2   138.238809: sched_switch: prev_comm=swapper/0 prev_pid=0 prev_prio=120 prev_state=R ==> next_comm=ksoftirqd/0 next_pid=3 next_prio=120
     ksoftirqd/0-3     [000] ...2   138.238824: sched_switch: prev_comm=ksoftirqd/0 prev_pid=3 prev_prio=120 prev_state=S ==> next_comm=main next_pid=2149 next_prio=120
            main-2149  [000] d..2   138.239034: block_rq_insert: 179,0 R 0 () 4008840 + 8 [main]
            main-2149  [000] d..2   138.239040: block_rq_insert: 179,0 R 0 () 4008920 + 48 [main]
            main-2149  [000] ...2   138.239051: sched_switch: prev_comm=main prev_pid=2149 prev_prio=120 prev_state=R+ ==> next_comm=mmcqd/1 next_pid=117 next_prio=120
         mmcqd/1-117   [000] ...2   138.239121: sched_switch: prev_comm=mmcqd/1 prev_pid=117 prev_prio=120 prev_state=S ==> next_comm=main next_pid=2149 next_prio=120
            main-2149  [000] ...2   138.239126: sched_switch: prev_comm=main prev_pid=2149 prev_prio=120 prev_state=D|W ==> next_comm=swapper/0 next_pid=0 next_prio=120
          <idle>-0     [000] ...2   138.239143: sched_switch: prev_comm=swapper/0 prev_pid=0 prev_prio=120 prev_state=R ==> next_comm=ksoftirqd/0 next_pid=3 next_prio=120
     ksoftirqd/0-3     [000] ...2   138.239150: sched_switch: prev_comm=ksoftirqd/0 prev_pid=3 prev_prio=120 prev_state=S ==> next_comm=swapper/0 next_pid=0 next_prio=120
          <idle>-0     [000] ...2   138.239164: sched_switch: prev_comm=swapper/0 prev_pid=0 prev_prio=120 prev_state=R ==> next_comm=ksoftirqd/0 next_pid=3 next_prio=120
     ksoftirqd/0-3     [000] ...2   138.239170: sched_switch: prev_comm=ksoftirqd/0 prev_pid=3 prev_prio=120 prev_state=S ==> next_comm=swapper/0 next_pid=0 next_prio=120
          <idle>-0     [000] ...2   138.239335: sched_switch: prev_comm=swapper/0 prev_pid=0 prev_prio=120 prev_state=R ==> next_comm=mmcqd/1 next_pid=117 next_prio=120
         mmcqd/1-117   [000] ...1   138.239361: block_rq_complete: 179,0 RA () 4008840 + 8 [0]
         mmcqd/1-117   [000] ...2   138.239379: sched_switch: prev_comm=mmcqd/1 prev_pid=117 prev_prio=120 prev_state=S ==> next_comm=main next_pid=2149 next_prio=120
            main-2149  [000] d..2   138.239412: block_rq_insert: 179,0 R 0 () 4024680 + 32 [main]
            main-2149  [000] d..2   138.239415: block_rq_insert: 179,0 R 0 () 4024792 + 8 [main]
        Binder_1-2160  [001] ...2   138.239420: sched_switch: prev_comm=Binder_1 prev_pid=2160 prev_prio=120 prev_state=D ==> next_comm=swapper/1 next_pid=0 next_prio=120
