            main-2149  [000] ...2   138.239426: sched_switch: prev_comm=main prev_pid=2149 prev_prio=120 prev_state=R+ ==> next_comm=mmcqd/1 next_pid=117 next_prio=120
          <idle>-0     [001] ...2   138.239440: sched_switch: prev_comm=swapper/1 prev_pid=0 prev_prio=120 prev_state=R ==> next_comm=ksoftirqd/1 next_pid=2145 next_prio=120
         mmcqd/1-117   [000] ...2   138.239447: sched_switch: prev_comm=mmcqd/1 prev_pid=117 prev_prio=120 prev_state=S ==> next_comm=main next_pid=2149 next_prio=120
            main-2149  [000] ...2   138.239452: sched_switch: prev_comm=main prev_pid=2149 prev_prio=120 prev_state=D|W ==> next_comm=swapper/0 next_pid=0 next_prio=120
     ksoftirqd/1-2145  [001] ...2   138.239453: sched_switch: prev_comm=ksoftirqd/1 prev_pid=2145 prev_prio=120 prev_state=S ==> next_comm=Binder_1 next_pid=2160 next_prio=120
          <idle>-0     [000] ...2   138.239881: sched_switch: prev_comm=swapper/0 prev_pid=0 prev_prio=120 prev_state=R ==> next_comm=Binder_1 next_pid=2161 next_prio=120
        Binder_1-2160  [001] ...2   138.239907: sched_switch: prev_comm=Binder_1 prev_pid=2160 prev_prio=120 prev_state=S ==> next_comm=swapper/1 next_pid=0 next_prio=120
        Binder_2-2161  [000] ...2   138.239913: sched_switch: prev_comm=Binder_1 prev_pid=2161 prev_prio=120 prev_state=R ==> next_comm=mmcqd/1 next_pid=117 next_prio=120
          <idle>-0     [001] ...2   138.239932: sched_switch: prev_comm=swapper/1 prev_pid=0 prev_prio=120 prev_state=R ==> next_comm=ksoftirqd/1 next_pid=2145 next_prio=120
         mmcqd/1-117   [000] ...1   138.239946: block_rq_complete: 179,0 RA () 4008920 + 48 [0]
     ksoftirqd/1-2145  [001] ...2   138.239952: sched_switch: prev_comm=ksoftirqd/1 prev_pid=2145 prev_prio=120 prev_state=S ==> next_comm=swapper/1 next_pid=0 next_prio=120
         mmcqd/1-117   [000] ...2   138.239965: sched_switch: prev_comm=mmcqd/1 prev_pid=117 prev_prio=120 prev_state=S ==> next_comm=Binder_1 next_pid=2161 next_prio=120
          <idle>-0     [001] ...2   138.239975: sched_switch: prev_comm=swapper/1 prev_pid=0 prev_prio=120 prev_state=R ==> next_comm=ksoftirqd/1 next_pid=2145 next_prio=120
     ksoftirqd/1-2145  [001] ...2   138.239987: sched_switch: prev_comm=ksoftirqd/1 prev_pid=2145 prev_prio=120 prev_state=S ==> next_comm=swapper/1 next_pid=0 next_prio=120
        Binder_2-2161  [000] ...2   138.240338: sched_switch: prev_comm=Binder_2 prev_pid=2161 prev_prio=120 prev_state=R+ ==> next_comm=mmcqd/1 next_pid=117 next_prio=120
         mmcqd/1-117   [000] ...1   138.240370: block_rq_complete: 179,0 RA () 4024680 + 32 [0]
         mmcqd/1-117   [000] ...2   138.240382: sched_switch: prev_comm=mmcqd/1 prev_pid=117 prev_prio=120 prev_state=S ==> next_comm=Binder_2 next_pid=2161 next_prio=120
        Binder_2-2161  [000] ...2   138.240515: sched_switch: prev_comm=Binder_2 prev_pid=2161 prev_prio=120 prev_state=S ==> next_comm=swapper/0 next_pid=0 next_prio=120
          <idle>-0     [000] ...2   138.240621: sched_switch: prev_comm=swapper/0 prev_pid=0 prev_prio=120 prev_state=R ==> next_comm=mmcqd/1 next_pid=117 next_prio=120
         mmcqd/1-117   [000] ...1   138.240631: block_rq_complete: 179,0 RA () 4024792 + 8 [0]
         mmcqd/1-117   [000] ...2   138.240649: sched_switch: prev_comm=mmcqd/1 prev_pid=117 prev_prio=120 prev_state=R+ ==> next_comm=kworker/0:1H next_pid=17 next_prio=100
    kworker/0:1H-17    [000] ...2   138.240658: sched_switch: prev_comm=kworker/0:1H prev_pid=17 prev_prio=100 prev_state=S ==> next_comm=main next_pid=2149 next_prio=120
            main-2149  [000] d..2   138.240836: block_rq_insert: 179,0 R 0 () 4074584 + 8 [main]
            main-2149  [000] d..2   138.240839: block_rq_insert: 179,0 R 0 () 4074664 + 32 [main]
            main-2149  [000] ...2   138.240849: sched_switch: prev_comm=main prev_pid=2149 prev_prio=120 prev_state=D|W ==> next_comm=mmcqd/1 next_pid=117 next_prio=120
         mmcqd/1-117   [000] ...2   138.240905: sched_switch: prev_comm=mmcqd/1 prev_pid=117 prev_prio=120 prev_state=S ==> next_comm=swapper/0 next_pid=0 next_prio=120
          <idle>-0     [000] ...2   138.241133: sched_switch: prev_comm=swapper/0 prev_pid=0 prev_prio=120 prev_state=R ==> next_comm=mmcqd/1 next_pid=117 next_prio=120
         mmcqd/1-117   [000] ...1   138.241158: block_rq_complete: 179,0 RA () 4074584 + 8 [0]
         mmcqd/1-117   [000] ...2   138.241170: sched_switch: prev_comm=mmcqd/1 prev_pid=117 prev_prio=120 prev_state=S ==> next_comm=swapper/0 next_pid=0 next_prio=120
          <idle>-0     [000] ...2   138.241534: sched_switch: prev_comm=swapper/0 prev_pid=0 prev_prio=120 prev_state=R ==> next_comm=mmcqd/1 next_pid=117 next_prio=120
         mmcqd/1-117   [000] ...1   138.241550: block_rq_complete: 179,0 RA () 4074664 + 32 [0]
         mmcqd/1-117   [000] ...2   138.241567: sched_switch: prev_comm=mmcqd/1 prev_pid=117 prev_prio=120 prev_state=R+ ==> next_comm=kworker/0:1H next_pid=17 next_prio=100
    kworker/0:1H-17    [000] ...2   138.241574: sched_switch: prev_comm=kworker/0:1H prev_pid=17 prev_prio=100 prev_state=S ==> next_comm=mmcqd/1 next_pid=117 next_prio=120
         mmcqd/1-117   [000] ...2   138.241583: sched_switch: prev_comm=mmcqd/1 prev_pid=117 prev_prio=120 prev_state=S ==> next_comm=main next_pid=2149 next_prio=120
            main-2149  [000] d..2   138.241627: block_rq_insert: 179,0 R 0 () 4100912 + 24 [main]
            main-2149  [000] ...2   138.241639: sched_switch: prev_comm=main prev_pid=2149 prev_prio=120 prev_state=D|W ==> next_comm=mmcqd/1 next_pid=117 next_prio=120
         mmcqd/1-117   [000] ...2   138.241679: sched_switch: prev_comm=mmcqd/1 prev_pid=117 prev_prio=120 prev_state=S ==> next_comm=swapper/0 next_pid=0 next_prio=120
          <idle>-0     [000] ...2   138.242038: sched_switch: prev_comm=swapper/0 prev_pid=0 prev_prio=120 prev_state=R ==> next_comm=mmcqd/1 next_pid=117 next_prio=120
         mmcqd/1-117   [000] ...1   138.242052: block_rq_complete: 179,0 RA () 4100912 + 24 [0]
         mmcqd/1-117   [000] ...2   138.242069: sched_switch: prev_comm=mmcqd/1 prev_pid=117 prev_prio=120 prev_state=R+ ==> next_comm=kworker/0:1H next_pid=17 next_prio=100
    kworker/0:1H-17    [000] ...2   138.242075: sched_switch: prev_comm=kworker/0:1H prev_pid=17 prev_prio=100 prev_state=S ==> next_comm=mmcqd/1 next_pid=117 next_prio=120
         mmcqd/1-117   [000] ...2   138.242084: sched_switch: prev_comm=mmcqd/1 prev_pid=117 prev_prio=120 prev_state=S ==> next_comm=main next_pid=2149 next_prio=120
            main-2149  [000] ...2   138.242147: sched_switch: prev_comm=main prev_pid=2149 prev_prio=120 prev_state=S ==> next_comm=swapper/0 next_pid=0 next_prio=120
          <idle>-0     [001] ...2   138.242149: sched_switch: prev_comm=swapper/1 prev_pid=0 prev_prio=120 prev_state=R ==> next_comm=servicemanager next_pid=176 next_prio=120
          <idle>-0     [000] ...2   138.242186: sched_switch: prev_comm=swapper/0 prev_pid=0 prev_prio=120 prev_state=R ==> next_comm=main next_pid=2149 next_prio=120
  servicemanager-176   [001] ...2   138.242207: sched_switch: prev_comm=servicemanager prev_pid=176 prev_prio=120 prev_state=S ==> next_comm=swapper/1 next_pid=0 next_prio=120
            main-2149  [000] ...2   138.242350: sched_switch: prev_comm=main prev_pid=2149 prev_prio=120 prev_state=S ==> next_comm=swapper/0 next_pid=0 next_prio=120
          <idle>-0     [001] ...2   138.242350: sched_switch: prev_comm=swapper/1 prev_pid=0 prev_prio=120 prev_state=R ==> next_comm=servicemanager next_pid=176 next_prio=120
          <idle>-0     [000] ...2   138.242515: sched_switch: prev_comm=swapper/0 prev_pid=0 prev_prio=120 prev_state=R ==> next_comm=main next_pid=2149 next_prio=120
  servicemanager-176   [001] ...2   138.242537: sched_switch: prev_comm=servicemanager prev_pid=176 prev_prio=120 prev_state=S ==> next_comm=swapper/1 next_pid=0 next_prio=120
            main-2149  [000] d..2   138.242682: block_rq_insert: 179,0 R 0 () 4095120 + 8 [main]
            main-2149  [000] d..2   138.242685: block_rq_insert: 179,0 R 0 () 4095136 + 8 [main]
            main-2149  [000] d..2   138.242687: block_rq_insert: 179,0 R 0 () 4095168 + 8 [main]
            main-2149  [000] d..2   138.242689: block_rq_insert: 179,0 R 0 () 4095208 + 8 [main]
            main-2149  [000] d..2   138.242690: block_rq_insert: 179,0 R 0 () 4095224 + 24 [main]
            main-2149  [000] d..2   138.242697: block_rq_insert: 179,0 R 0 () 4095272 + 32 [main]
            main-2149  [000] d..2   138.242700: block_rq_insert: 179,0 R 0 () 4095336 + 16 [main]
            main-2149  [000] d..2   138.242701: block_rq_insert: 179,0 R 0 () 4095360 + 8 [main]
            main-2149  [000] d..2   138.243398: block_rq_insert: 179,0 R 0 () 4052264 + 8 [main]
            main-2149  [000] d..2   138.243401: block_rq_insert: 179,0 R 0 () 4052304 + 8 [main]
            main-2149  [000] d..2   138.243403: block_rq_insert: 179,0 R 0 () 4052400 + 32 [main]
            main-2149  [000] ...2   138.243412: sched_switch: prev_comm=main prev_pid=2149 prev_prio=120 prev_state=D|W ==> next_comm=kworker/0:2 next_pid=98 next_prio=120
     kworker/0:2-98    [000] ...2   138.243430: sched_switch: prev_comm=kworker/0:2 prev_pid=98 prev_prio=120 prev_state=S ==> next_comm=mmcqd/1 next_pid=117 next_prio=120
          <idle>-0     [001] ...2   138.243435: sched_switch: prev_comm=swapper/1 prev_pid=0 prev_prio=120 prev_state=R ==> next_comm=adbd next_pid=779 next_prio=120
         mmcqd/1-117   [000] ...2   138.243478: sched_switch: prev_comm=mmcqd/1 prev_pid=117 prev_prio=120 prev_state=S ==> next_comm=swapper/0 next_pid=0 next_prio=120
            adbd-779   [001] ...2   138.243626: sched_switch: prev_comm=adbd prev_pid=779 prev_prio=120 prev_state=S ==> next_comm=adbd next_pid=781 next_prio=120
          <idle>-0     [000] ...2   138.243688: sched_switch: prev_comm=swapper/0 prev_pid=0 prev_prio=120 prev_state=R ==> next_comm=mmcqd/1 next_pid=117 next_prio=120
            adbd-781   [001] ...2   138.243712: sched_switch: prev_comm=adbd prev_pid=781 prev_prio=120 prev_state=S ==> next_comm=swapper/1 next_pid=0 next_prio=120
         mmcqd/1-117   [000] ...1   138.243714: block_rq_complete: 179,0 RA () 4095360 + 8 [0]
         mmcqd/1-117   [000] ...2   138.243739: sched_switch: prev_comm=mmcqd/1 prev_pid=117 prev_prio=120 prev_state=S ==> next_comm=swapper/0 next_pid=0 next_prio=120
          <idle>-0     [000] ...2   138.244017: sched_switch: prev_comm=swapper/0 prev_pid=0 prev_prio=120 prev_state=R ==> next_comm=mmcqd/1 next_pid=117 next_prio=120
         mmcqd/1-117   [000] ...1   138.244045: block_rq_complete: 179,0 RA () 4095336 + 16 [0]
         mmcqd/1-117   [000] ...2   138.244069: sched_switch: prev_comm=mmcqd/1 prev_pid=117 prev_prio=120 prev_state=S ==> next_comm=swapper/0 next_pid=0 next_prio=120
          <idle>-0     [000] ...2   138.244114: sched_switch: prev_comm=swapper/0 prev_pid=0 prev_prio=120 prev_state=R ==> next_comm=adbd next_pid=782 next_prio=120
            adbd-782   [000] ...2   138.244161: sched_switch: prev_comm=adbd prev_pid=782 prev_prio=120 prev_state=S ==> next_comm=adbd next_pid=779 next_prio=120
            adbd-779   [000] ...2   138.244239: sched_switch: prev_comm=adbd prev_pid=779 prev_prio=120 prev_state=S ==> next_comm=adbd next_pid=781 next_prio=120
            adbd-781   [000] ...2   138.244245: sched_switch: prev_comm=adbd prev_pid=781 prev_prio=120 prev_state=S ==> next_comm=swapper/0 next_pid=0 next_prio=120
          <idle>-0     [000] ...2   138.244448: sched_switch: prev_comm=swapper/0 prev_pid=0 prev_prio=120 prev_state=R ==> next_comm=mmcqd/1 next_pid=117 next_prio=120
         mmcqd/1-117   [000] ...1   138.244479: block_rq_complete: 179,0 RA () 4095272 + 32 [0]
         mmcqd/1-117   [000] ...2   138.244500: sched_switch: prev_comm=mmcqd/1 prev_pid=117 prev_prio=120 prev_state=S ==> next_comm=swapper/0 next_pid=0 next_prio=120
          <idle>-0     [000] ...2   138.244941: sched_switch: prev_comm=swapper/0 prev_pid=0 prev_prio=120 prev_state=R ==> next_comm=mmcqd/1 next_pid=117 next_prio=120
         mmcqd/1-117   [000] ...1   138.244971: block_rq_complete: 179,0 RA () 4095224 + 24 [0]
         mmcqd/1-117   [000] ...2   138.244990: sched_switch: prev_comm=mmcqd/1 prev_pid=117 prev_prio=120 prev_state=S ==> next_comm=swapper/0 next_pid=0 next_prio=120
          <idle>-0     [000] ...2   138.245211: sched_switch: prev_comm=swapper/0 prev_pid=0 prev_prio=120 prev_state=R ==> next_comm=mmcqd/1 next_pid=117 next_prio=120
         mmcqd/1-117   [000] ...1   138.245236: block_rq_complete: 179,0 RA () 4095208 + 8 [0]
         mmcqd/1-117   [000] ...2   138.245255: sched_switch: prev_comm=mmcqd/1 prev_pid=117 prev_prio=120 prev_state=S ==> next_comm=swapper/0 next_pid=0 next_prio=120
          <idle>-0     [000] ...2   138.245494: sched_switch: prev_comm=swapper/0 prev_pid=0 prev_prio=120 prev_state=R ==> next_comm=mmcqd/1 next_pid=117 next_prio=120
         mmcqd/1-117   [000] ...1   138.245519: block_rq_complete: 179,0 RA () 4095168 + 8 [0]
         mmcqd/1-117   [000] ...2   138.245537: sched_switch: prev_comm=mmcqd/1 prev_pid=117 prev_prio=120 prev_state=S ==> next_comm=swapper/0 next_pid=0 next_prio=120
          <idle>-0     [000] ...2   138.245679: sched_switch: prev_comm=swapper/0 prev_pid=0 prev_prio=120 prev_state=R ==> next_comm=ksoftirqd/0 next_pid=3 next_prio=120
          <idle>-0     [001] ...2   138.245682: sched_switch: prev_comm=swapper/1 prev_pid=0 prev_prio=120 prev_state=R ==> next_comm=kworker/1:0H next_pid=2144 next_prio=100
     ksoftirqd/0-3     [000] ...2   138.245686: sched_switch: prev_comm=ksoftirqd/0 prev_pid=3 prev_prio=120 prev_state=S ==> next_comm=swapper/0 next_pid=0 next_prio=120
          <idle>-0     [000] ...2   138.245701: sched_switch: prev_comm=swapper/0 prev_pid=0 prev_prio=120 prev_state=R ==> next_comm=ksoftirqd/0 next_pid=3 next_prio=120
     ksoftirqd/0-3     [000] ...2   138.245712: sched_switch: prev_comm=ksoftirqd/0 prev_pid=3 prev_prio=120 prev_state=S ==> next_comm=swapper/0 next_pid=0 next_prio=120
    kworker/1:0H-2144  [001] ...2   138.245715: sched_switch: prev_comm=kworker/1:0H prev_pid=2144 prev_prio=100 prev_state=D ==> next_comm=kworker/1:2H next_pid=2148 next_prio=100
    kworker/1:2H-2148  [001] ...2   138.245749: sched_switch: prev_comm=kworker/1:2H prev_pid=2148 prev_prio=100 prev_state=S ==> next_comm=kworker/1:0H next_pid=2144 next_prio=100
          <idle>-0     [000] ...2   138.245753: sched_switch: prev_comm=swapper/0 prev_pid=0 prev_prio=120 prev_state=R ==> next_comm=mmcqd/1 next_pid=117 next_prio=120
    kworker/1:0H-2144  [001] ...2   138.245761: sched_switch: prev_comm=kworker/1:0H prev_pid=2144 prev_prio=100 prev_state=S ==> next_comm=ksoftirqd/1 next_pid=2145 next_prio=120
         mmcqd/1-117   [000] ...1   138.245776: block_rq_complete: 179,0 RA () 4095136 + 8 [0]
     ksoftirqd/1-2145  [001] ...2   138.245786: sched_switch: prev_comm=ksoftirqd/1 prev_pid=2145 prev_prio=120 prev_state=S ==> next_comm=swapper/1 next_pid=0 next_prio=120
         mmcqd/1-117   [000] ...2   138.245794: sched_switch: prev_comm=mmcqd/1 prev_pid=117 prev_prio=120 prev_state=S ==> next_comm=swapper/0 next_pid=0 next_prio=120
          <idle>-0     [001] ...2   138.245809: sched_switch: prev_comm=swapper/1 prev_pid=0 prev_prio=120 prev_state=R ==> next_comm=ksoftirqd/1 next_pid=2145 next_prio=120
     ksoftirqd/1-2145  [001] ...2   138.245822: sched_switch: prev_comm=ksoftirqd/1 prev_pid=2145 prev_prio=120 prev_state=S ==> next_comm=swapper/1 next_pid=0 next_prio=120
          <idle>-0     [001] ...2   138.245845: sched_switch: prev_comm=swapper/1 prev_pid=0 prev_prio=120 prev_state=R ==> next_comm=ksoftirqd/1 next_pid=2145 next_prio=120
     ksoftirqd/1-2145  [001] ...2   138.245859: sched_switch: prev_comm=ksoftirqd/1 prev_pid=2145 prev_prio=120 prev_state=S ==> next_comm=swapper/1 next_pid=0 next_prio=120
          <idle>-0     [000] ...2   138.246026: sched_switch: prev_comm=swapper/0 prev_pid=0 prev_prio=120 prev_state=R ==> next_comm=mmcqd/1 next_pid=117 next_prio=120
         mmcqd/1-117   [000] ...1   138.246052: block_rq_complete: 179,0 RA () 4095120 + 8 [0]
         mmcqd/1-117   [000] ...2   138.246070: sched_switch: prev_comm=mmcqd/1 prev_pid=117 prev_prio=120 prev_state=S ==> next_comm=swapper/0 next_pid=0 next_prio=120
          <idle>-0     [000] ...2   138.246306: sched_switch: prev_comm=swapper/0 prev_pid=0 prev_prio=120 prev_state=R ==> next_comm=mmcqd/1 next_pid=117 next_prio=120
         mmcqd/1-117   [000] ...1   138.246331: block_rq_complete: 179,0 RA () 4052264 + 8 [0]
         mmcqd/1-117   [000] ...2   138.246356: sched_switch: prev_comm=mmcqd/1 prev_pid=117 prev_prio=120 prev_state=S ==> next_comm=swapper/0 next_pid=0 next_prio=120
          <idle>-0     [000] ...2   138.246592: sched_switch: prev_comm=swapper/0 prev_pid=0 prev_prio=120 prev_state=R ==> next_comm=mmcqd/1 next_pid=117 next_prio=120
         mmcqd/1-117   [000] ...1   138.246617: block_rq_complete: 179,0 RA () 4052304 + 8 [0]
         mmcqd/1-117   [000] ...2   138.246633: sched_switch: prev_comm=mmcqd/1 prev_pid=117 prev_prio=120 prev_state=S ==> next_comm=main next_pid=2149 next_prio=120
            main-2149  [000] ...2   138.247312: sched_switch: prev_comm=main prev_pid=2149 prev_prio=120 prev_state=R+ ==> next_comm=Binder_9 next_pid=1180 next_prio=120
        Binder_9-1180  [000] ...2   138.247321: sched_switch: prev_comm=Binder_9 prev_pid=1180 prev_prio=120 prev_state=D ==> next_comm=mmcqd/1 next_pid=117 next_prio=120
         mmcqd/1-117   [000] ...1   138.247339: block_rq_complete: 179,0 RA () 4052400 + 32 [0]
         mmcqd/1-117   [000] ...2   138.247357: sched_switch: prev_comm=mmcqd/1 prev_pid=117 prev_prio=120 prev_state=R+ ==> next_comm=kworker/0:1H next_pid=17 next_prio=100
    kworker/0:1H-17    [000] ...2   138.247364: sched_switch: prev_comm=kworker/0:1H prev_pid=17 prev_prio=100 prev_state=S ==> next_comm=mmcqd/1 next_pid=117 next_prio=120
         mmcqd/1-117   [000] ...2   138.247374: sched_switch: prev_comm=mmcqd/1 prev_pid=117 prev_prio=120 prev_state=S ==> next_comm=main next_pid=2149 next_prio=120
            main-2149  [000] ...2   138.247383: sched_switch: prev_comm=main prev_pid=2149 prev_prio=120 prev_state=R+ ==> next_comm=Binder_9 next_pid=1180 next_prio=120
        Binder_9-1180  [000] ...2   138.247937: sched_switch: prev_comm=Binder_9 prev_pid=1180 prev_prio=120 prev_state=S ==> next_comm=Binder_3 next_pid=466 next_prio=120
        Binder_3-466   [000] ...2   138.248022: sched_switch: prev_comm=Binder_3 prev_pid=466 prev_prio=120 prev_state=S ==> next_comm=Binder_9 next_pid=1180 next_prio=120
        Binder_9-1180  [000] ...2   138.248293: sched_switch: prev_comm=Binder_9 prev_pid=1180 prev_prio=120 prev_state=R+ ==> next_comm=InputDispatcher next_pid=796 next_prio=112
 InputDispatcher-796   [000] ...2   138.248325: sched_switch: prev_comm=InputDispatcher prev_pid=796 prev_prio=112 prev_state=S ==> next_comm=Binder_9 next_pid=1180 next_prio=120
        Binder_9-1180  [000] ...2   138.248416: sched_switch: prev_comm=Binder_9 prev_pid=1180 prev_prio=120 prev_state=S ==> next_comm=Binder_1 next_pid=268 next_prio=120
        Binder_1-268   [000] ...2   138.248502: sched_switch: prev_comm=Binder_1 prev_pid=268 prev_prio=120 prev_state=S ==> next_comm=Binder_9 next_pid=1180 next_prio=120
          <idle>-0     [001] ...2   138.248567: sched_switch: prev_comm=swapper/1 prev_pid=0 prev_prio=120 prev_state=R ==> next_comm=android.display next_pid=771 next_prio=116
 android.display-771   [001] ...2   138.248719: sched_switch: prev_comm=android.display prev_pid=771 prev_prio=116 prev_state=S ==> next_comm=LazyTaskWriterT next_pid=837 next_prio=120
 LazyTaskWriterT-837   [001] ...2   138.248780: sched_switch: prev_comm=LazyTaskWriterT prev_pid=837 prev_prio=120 prev_state=S ==> next_comm=Binder_2 next_pid=270 next_prio=120
        Binder_9-1180  [000] ...2   138.248838: sched_switch: prev_comm=Binder_9 prev_pid=1180 prev_prio=120 prev_state=R ==> next_comm=EventThread next_pid=383 next_prio=111
        Binder_2-270   [001] ...2   138.248879: sched_switch: prev_comm=Binder_2 prev_pid=270 prev_prio=120 prev_state=S ==> next_comm=Binder_1 next_pid=709 next_prio=120
     EventThread-383   [000] ...2   138.248890: sched_switch: prev_comm=EventThread prev_pid=383 prev_prio=111 prev_state=S ==> next_comm=Binder_9 next_pid=1180 next_prio=120
        Binder_9-1180  [000] ...2   138.248977: sched_switch: prev_comm=Binder_9 prev_pid=1180 prev_prio=120 prev_state=R+ ==> next_comm=ActivityManager next_pid=766 next_prio=118
        Binder_1-709   [001] ...2   138.249006: sched_switch: prev_comm=Binder_1 prev_pid=709 prev_prio=120 prev_state=S ==> next_comm=main next_pid=2149 next_prio=120
 ActivityManager-766   [000] ...2   138.249009: sched_switch: prev_comm=ActivityManager prev_pid=766 prev_prio=118 prev_state=S ==> next_comm=Binder_9 next_pid=1180 next_prio=120
        Binder_9-1180  [000] ...2   138.249024: sched_switch: prev_comm=Binder_9 prev_pid=1180 prev_prio=120 prev_state=R+ ==> next_comm=ActivityManager next_pid=766 next_prio=118
 ActivityManager-766   [000] ...2   138.249035: sched_switch: prev_comm=ActivityManager prev_pid=766 prev_prio=118 prev_state=S ==> next_comm=Binder_9 next_pid=1180 next_prio=120
            main-2149  [001] ...2   138.249040: sched_switch: prev_comm=main prev_pid=2149 prev_prio=120 prev_state=S ==> next_comm=swapper/1 next_pid=0 next_prio=120
        Binder_9-1180  [000] ...2   138.249047: sched_switch: prev_comm=Binder_9 prev_pid=1180 prev_prio=120 prev_state=R+ ==> next_comm=ActivityManager next_pid=766 next_prio=118
          <idle>-0     [001] ...2   138.249064: sched_switch: prev_comm=swapper/1 prev_pid=0 prev_prio=120 prev_state=R ==> next_comm=ksoftirqd/1 next_pid=2145 next_prio=120
 ActivityManager-766   [000] ...2   138.249069: sched_switch: prev_comm=ActivityManager prev_pid=766 prev_prio=118 prev_state=S ==> next_comm=Binder_9 next_pid=1180 next_prio=120
     ksoftirqd/1-2145  [001] ...2   138.249080: sched_switch: prev_comm=ksoftirqd/1 prev_pid=2145 prev_prio=120 prev_state=S ==> next_comm=swapper/1 next_pid=0 next_prio=120
          <idle>-0     [001] ...2   138.249103: sched_switch: prev_comm=swapper/1 prev_pid=0 prev_prio=120 prev_state=R ==> next_comm=ksoftirqd/1 next_pid=2145 next_prio=120
     ksoftirqd/1-2145  [001] ...2   138.249116: sched_switch: prev_comm=ksoftirqd/1 prev_pid=2145 prev_prio=120 prev_state=S ==> next_comm=swapper/1 next_pid=0 next_prio=120
          <idle>-0     [001] ...2   138.249137: sched_switch: prev_comm=swapper/1 prev_pid=0 prev_prio=120 prev_state=R ==> next_comm=ksoftirqd/1 next_pid=2145 next_prio=120
     ksoftirqd/1-2145  [001] ...2   138.249149: sched_switch: prev_comm=ksoftirqd/1 prev_pid=2145 prev_prio=120 prev_state=S ==> next_comm=swapper/1 next_pid=0 next_prio=120
          <idle>-0     [001] ...2   138.249246: sched_switch: prev_comm=swapper/1 prev_pid=0 prev_prio=120 prev_state=R ==> next_comm=Binder_2 next_pid=1138 next_prio=120
        Binder_9-1180  [000] ...2   138.249383: sched_switch: prev_comm=Binder_9 prev_pid=1180 prev_prio=120 prev_state=R+ ==> next_comm=lmkd next_pid=175 next_prio=98
            lmkd-175   [000] ...2   138.249451: sched_switch: prev_comm=lmkd prev_pid=175 prev_prio=98 prev_state=S ==> next_comm=Binder_1 next_pid=1136 next_prio=120
        Binder_1-1136  [000] ...2   138.249458: sched_switch: prev_comm=Binder_1 prev_pid=1136 prev_prio=120 prev_state=S ==> next_comm=Binder_9 next_pid=1180 next_prio=120
        Binder_2-1138  [001] ...2   138.249535: sched_switch: prev_comm=Binder_2 prev_pid=1138 prev_prio=120 prev_state=S ==> next_comm=droid.launcher3 next_pid=1102 next_prio=120
        Binder_9-1180  [000] ...2   138.249567: sched_switch: prev_comm=Binder_9 prev_pid=1180 prev_prio=120 prev_state=R+ ==> next_comm=lmkd next_pid=175 next_prio=98
            lmkd-175   [000] ...2   138.249608: sched_switch: prev_comm=lmkd prev_pid=175 prev_prio=98 prev_state=S ==> next_comm=Binder_9 next_pid=1180 next_prio=120
        Binder_9-1180  [000] ...2   138.249680: sched_switch: prev_comm=Binder_9 prev_pid=1180 prev_prio=120 prev_state=R+ ==> next_comm=RenderThread next_pid=1394 next_prio=116
           <...>-1394  [000] ...2   138.249706: sched_switch: prev_comm=RenderThread prev_pid=1394 prev_prio=116 prev_state=S ==> next_comm=Binder_4 next_pid=1404 next_prio=120
        Binder_4-1404  [000] ...2   138.249759: sched_switch: prev_comm=Binder_4 prev_pid=1404 prev_prio=120 prev_state=S ==> next_comm=EventThread next_pid=383 next_prio=111
     EventThread-383   [000] ...2   138.249778: sched_switch: prev_comm=EventThread prev_pid=383 prev_prio=111 prev_state=S ==> next_comm=Binder_9 next_pid=1180 next_prio=120
 droid.launcher3-1102  [001] ...2   138.249850: sched_switch: prev_comm=droid.launcher3 prev_pid=1102 prev_prio=120 prev_state=S ==> next_comm=swapper/1 next_pid=0 next_prio=120
        Binder_9-1180  [000] ...2   138.250185: sched_switch: prev_comm=Binder_9 prev_pid=1180 prev_prio=120 prev_state=R+ ==> next_comm=ActivityManager next_pid=766 next_prio=118
 ActivityManager-766   [000] ...2   138.250217: sched_switch: prev_comm=ActivityManager prev_pid=766 prev_prio=118 prev_state=S ==> next_comm=Binder_1 next_pid=1136 next_prio=120
        Binder_1-1136  [000] ...2   138.250327: sched_switch: prev_comm=Binder_1 prev_pid=1136 prev_prio=120 prev_state=S ==> next_comm=HeapTrimmerDaem next_pid=1134 next_prio=120
 HeapTrimmerDaem-1134  [000] ...2   138.250349: sched_switch: prev_comm=HeapTrimmerDaem prev_pid=1134 prev_prio=120 prev_state=S ==> next_comm=Binder_9 next_pid=1180 next_prio=120
        Binder_9-1180  [000] ...2   138.250366: sched_switch: prev_comm=Binder_9 prev_pid=1180 prev_prio=120 prev_state=R+ ==> next_comm=ActivityManager next_pid=766 next_prio=118
 ActivityManager-766   [000] ...2   138.250378: sched_switch: prev_comm=ActivityManager prev_pid=766 prev_prio=118 prev_state=S ==> next_comm=Binder_9 next_pid=1180 next_prio=120
        Binder_9-1180  [000] ...2   138.250391: sched_switch: prev_comm=Binder_9 prev_pid=1180 prev_prio=120 prev_state=R+ ==> next_comm=ActivityManager next_pid=766 next_prio=118
 ActivityManager-766   [000] ...2   138.250423: sched_switch: prev_comm=ActivityManager prev_pid=766 prev_prio=118 prev_state=S ==> next_comm=Binder_9 next_pid=1180 next_prio=120
          <idle>-0     [001] ...2   138.250515: sched_switch: prev_comm=swapper/1 prev_pid=0 prev_prio=120 prev_state=R ==> next_comm=Binder_2 next_pid=1138 next_prio=120
        Binder_2-1138  [001] ...2   138.250645: sched_switch: prev_comm=Binder_2 prev_pid=1138 prev_prio=120 prev_state=S ==> next_comm=android.bg next_pid=765 next_prio=130
           <...>-765   [001] ...2   138.250719: sched_switch: prev_comm=android.bg prev_pid=765 prev_prio=130 prev_state=S ==> next_comm=swapper/1 next_pid=0 next_prio=120
        Binder_9-1180  [000] ...2   138.250765: sched_switch: prev_comm=Binder_9 prev_pid=1180 prev_prio=120 prev_state=R+ ==> next_comm=Binder_2 next_pid=2132 next_prio=120
        Binder_2-2132  [000] ...2   138.250775: sched_switch: prev_comm=Binder_2 prev_pid=2132 prev_prio=120 prev_state=D ==> next_comm=Binder_9 next_pid=1180 next_prio=120
        Binder_9-1180  [000] ...2   138.250785: sched_switch: prev_comm=Binder_9 prev_pid=1180 prev_prio=120 prev_state=R+ ==> next_comm=Binder_2 next_pid=2132 next_prio=120
        Binder_2-2132  [000] ...2   138.251183: sched_switch: prev_comm=Binder_2 prev_pid=2132 prev_prio=120 prev_state=S ==> next_comm=ple.SqliteTrace next_pid=2115 next_prio=120
 ple.SqliteTrace-2115  [000] ...2   138.251429: sched_switch: prev_comm=ple.SqliteTrace prev_pid=2115 prev_prio=120 prev_state=S ==> next_comm=Binder_2 next_pid=710 next_prio=120
        Binder_2-710   [000] ...2   138.251507: sched_switch: prev_comm=Binder_2 prev_pid=710 prev_prio=120 prev_state=S ==> next_comm=Binder_9 next_pid=1180 next_prio=120
          <idle>-0     [001] ...2   138.251590: sched_switch: prev_comm=swapper/1 prev_pid=0 prev_prio=120 prev_state=R ==> next_comm=LazyTaskWriterT next_pid=837 next_prio=120
 LazyTaskWriterT-837   [001] ...2   138.251667: sched_switch: prev_comm=LazyTaskWriterT prev_pid=837 prev_prio=120 prev_state=S ==> next_comm=swapper/1 next_pid=0 next_prio=120
        Binder_9-1180  [000] ...2   138.251794: sched_switch: prev_comm=Binder_9 prev_pid=1180 prev_prio=120 prev_state=R+ ==> next_comm=Binder_3 next_pid=466 next_prio=120
        Binder_3-466   [000] ...2   138.251802: sched_switch: prev_comm=Binder_3 prev_pid=466 prev_prio=120 prev_state=D ==> next_comm=Binder_9 next_pid=1180 next_prio=120
        Binder_9-1180  [000] ...2   138.251810: sched_switch: prev_comm=Binder_9 prev_pid=1180 prev_prio=120 prev_state=R+ ==> next_comm=Binder_3 next_pid=466 next_prio=120
        Binder_3-466   [000] ...2   138.251885: sched_switch: prev_comm=Binder_3 prev_pid=466 prev_prio=120 prev_state=S ==> next_comm=Binder_9 next_pid=1180 next_prio=120
        Binder_9-1180  [000] ...2   138.252176: sched_switch: prev_comm=Binder_9 prev_pid=1180 prev_prio=120 prev_state=R+ ==> next_comm=InputDispatcher next_pid=796 next_prio=112
 InputDispatcher-796   [000] ...2   138.252205: sched_switch: prev_comm=InputDispatcher prev_pid=796 prev_prio=112 prev_state=S ==> next_comm=Binder_9 next_pid=1180 next_prio=120
        Binder_9-1180  [000] ...2   138.252279: sched_switch: prev_comm=Binder_9 prev_pid=1180 prev_prio=120 prev_state=R+ ==> next_comm=Binder_1 next_pid=268 next_prio=120
        Binder_1-268   [000] ...2   138.252287: sched_switch: prev_comm=Binder_1 prev_pid=268 prev_prio=120 prev_state=D ==> next_comm=Binder_9 next_pid=1180 next_prio=120
        Binder_9-1180  [000] ...2   138.252295: sched_switch: prev_comm=Binder_9 prev_pid=1180 prev_prio=120 prev_state=R+ ==> next_comm=Binder_1 next_pid=268 next_prio=120
        Binder_1-268   [000] ...2   138.252371: sched_switch: prev_comm=Binder_1 prev_pid=268 prev_prio=120 prev_state=S ==> next_comm=Binder_9 next_pid=1180 next_prio=120
          <idle>-0     [001] ...2   138.252425: sched_switch: prev_comm=swapper/1 prev_pid=0 prev_prio=120 prev_state=R ==> next_comm=android.display next_pid=771 next_prio=116
 android.display-771   [001] ...2   138.252476: sched_switch: prev_comm=android.display prev_pid=771 prev_prio=116 prev_state=S ==> next_comm=swapper/1 next_pid=0 next_prio=120
          <idle>-0     [001] ...2   138.252539: sched_switch: prev_comm=swapper/1 prev_pid=0 prev_prio=120 prev_state=R ==> next_comm=Binder_2 next_pid=270 next_prio=120
        Binder_9-1180  [000] ...2   138.252539: sched_switch: prev_comm=Binder_9 prev_pid=1180 prev_prio=120 prev_state=S ==> next_comm=swapper/0 next_pid=0 next_prio=120
          <idle>-0     [000] ...2   138.252553: sched_switch: prev_comm=swapper/0 prev_pid=0 prev_prio=120 prev_state=R ==> next_comm=ksoftirqd/0 next_pid=3 next_prio=120
     ksoftirqd/0-3     [000] ...2   138.252561: sched_switch: prev_comm=ksoftirqd/0 prev_pid=3 prev_prio=120 prev_state=S ==> next_comm=swapper/0 next_pid=0 next_prio=120
          <idle>-0     [000] ...2   138.252572: sched_switch: prev_comm=swapper/0 prev_pid=0 prev_prio=120 prev_state=R ==> next_comm=ksoftirqd/0 next_pid=3 next_prio=120
     ksoftirqd/0-3     [000] ...2   138.252577: sched_switch: prev_comm=ksoftirqd/0 prev_pid=3 prev_prio=120 prev_state=S ==> next_comm=swapper/0 next_pid=0 next_prio=120
          <idle>-0     [000] ...2   138.252587: sched_switch: prev_comm=swapper/0 prev_pid=0 prev_prio=120 prev_state=R ==> next_comm=ksoftirqd/0 next_pid=3 next_prio=120
     ksoftirqd/0-3     [000] ...2   138.252592: sched_switch: prev_comm=ksoftirqd/0 prev_pid=3 prev_prio=120 prev_state=S ==> next_comm=swapper/0 next_pid=0 next_prio=120
          <idle>-0     [000] ...2   138.252615: sched_switch: prev_comm=swapper/0 prev_pid=0 prev_prio=120 prev_state=R ==> next_comm=Binder_9 next_pid=1180 next_prio=120
        Binder_2-270   [001] ...2   138.252647: sched_switch: prev_comm=Binder_2 prev_pid=270 prev_prio=120 prev_state=S ==> next_comm=swapper/1 next_pid=0 next_prio=120
        Binder_9-1180  [000] ...2   138.252840: sched_switch: prev_comm=Binder_9 prev_pid=1180 prev_prio=120 prev_state=R+ ==> next_comm=InputDispatcher next_pid=796 next_prio=112
 InputDispatcher-796   [000] ...2   138.252864: sched_switch: prev_comm=InputDispatcher prev_pid=796 prev_prio=112 prev_state=S ==> next_comm=Binder_9 next_pid=1180 next_prio=120
        Binder_9-1180  [000] ...2   138.252931: sched_switch: prev_comm=Binder_9 prev_pid=1180 prev_prio=120 prev_state=R+ ==> next_comm=Binder_4 next_pid=1404 next_prio=120
        Binder_4-1404  [000] ...2   138.252939: sched_switch: prev_comm=Binder_4 prev_pid=1404 prev_prio=120 prev_state=D ==> next_comm=Binder_9 next_pid=1180 next_prio=120
        Binder_9-1180  [000] ...2   138.252947: sched_switch: prev_comm=Binder_9 prev_pid=1180 prev_prio=120 prev_state=R+ ==> next_comm=Binder_4 next_pid=1404 next_prio=120
        Binder_4-1404  [000] ...2   138.253016: sched_switch: prev_comm=Binder_4 prev_pid=1404 prev_prio=120 prev_state=S ==> next_comm=Binder_9 next_pid=1180 next_prio=120
        Binder_9-1180  [000] ...2   138.253233: sched_switch: prev_comm=Binder_9 prev_pid=1180 prev_prio=120 prev_state=R+ ==> next_comm=Binder_1 next_pid=2131 next_prio=120
        Binder_1-2131  [000] ...2   138.253241: sched_switch: prev_comm=Binder_1 prev_pid=2131 prev_prio=120 prev_state=D ==> next_comm=Binder_9 next_pid=1180 next_prio=120
        Binder_9-1180  [000] ...2   138.253249: sched_switch: prev_comm=Binder_9 prev_pid=1180 prev_prio=120 prev_state=R+ ==> next_comm=Binder_1 next_pid=2131 next_prio=120
        Binder_1-2131  [000] ...2   138.253354: sched_switch: prev_comm=Binder_1 prev_pid=2131 prev_prio=120 prev_state=S ==> next_comm=Binder_9 next_pid=1180 next_prio=120
        Binder_9-1180  [000] ...2   138.253463: sched_switch: prev_comm=Binder_9 prev_pid=1180 prev_prio=120 prev_state=R+ ==> next_comm=InputDispatcher next_pid=796 next_prio=112
 InputDispatcher-796   [000] ...2   138.253487: sched_switch: prev_comm=InputDispatcher prev_pid=796 prev_prio=112 prev_state=S ==> next_comm=Binder_9 next_pid=1180 next_prio=120
        Binder_9-1180  [000] ...2   138.253542: sched_switch: prev_comm=Binder_9 prev_pid=1180 prev_prio=120 prev_state=R+ ==> next_comm=ActivityManager next_pid=766 next_prio=118
 ActivityManager-766   [000] ...2   138.253556: sched_switch: prev_comm=ActivityManager prev_pid=766 prev_prio=118 prev_state=S ==> next_comm=Binder_9 next_pid=1180 next_prio=120
        Binder_9-1180  [000] ...2   138.253569: sched_switch: prev_comm=Binder_9 prev_pid=1180 prev_prio=120 prev_state=R+ ==> next_comm=ActivityManager next_pid=766 next_prio=118
          <idle>-0     [001] ...2   138.253614: sched_switch: prev_comm=swapper/1 prev_pid=0 prev_prio=120 prev_state=R ==> next_comm=android.bg next_pid=765 next_prio=130
           <...>-765   [001] ...2   138.253665: sched_switch: prev_comm=android.bg prev_pid=765 prev_prio=130 prev_state=R+ ==> next_comm=Binder_2 next_pid=710 next_prio=120
        Binder_2-710   [001] ...2   138.253684: sched_switch: prev_comm=Binder_2 prev_pid=710 prev_prio=120 prev_state=S ==> next_comm=android.bg next_pid=765 next_prio=130
           <...>-765   [001] ...2   138.253705: sched_switch: prev_comm=android.bg prev_pid=765 prev_prio=130 prev_state=R+ ==> next_comm=Binder_2 next_pid=710 next_prio=120
 ActivityManager-766   [000] ...2   138.253772: sched_switch: prev_comm=ActivityManager prev_pid=766 prev_prio=118 prev_state=S ==> next_comm=NetworkPolicy next_pid=803 next_prio=120
        Binder_2-710   [001] ...2   138.253813: sched_switch: prev_comm=Binder_2 prev_pid=710 prev_prio=120 prev_state=S ==> next_comm=ple.SqliteTrace next_pid=2115 next_prio=120
           <...>-803   [000] ...2   138.253818: sched_switch: prev_comm=NetworkPolicy prev_pid=803 prev_prio=120 prev_state=S ==> next_comm=Binder_1 next_pid=1082 next_prio=120
           <...>-1082  [000] ...2   138.253946: sched_switch: prev_comm=Binder_1 prev_pid=1082 prev_prio=120 prev_state=S ==> next_comm=Binder_9 next_pid=1180 next_prio=120
        Binder_9-1180  [000] ...2   138.254004: sched_switch: prev_comm=Binder_9 prev_pid=1180 prev_prio=120 prev_state=S ==> next_comm=swapper/0 next_pid=0 next_prio=120
          <idle>-0     [000] ...2   138.254945: sched_switch: prev_comm=swapper/0 prev_pid=0 prev_prio=120 prev_state=R ==> next_comm=Binder_7 next_pid=1142 next_prio=120
        Binder_7-1142  [000] ...2   138.255031: sched_switch: prev_comm=Binder_7 prev_pid=1142 prev_prio=120 prev_state=S ==> next_comm=swapper/0 next_pid=0 next_prio=120
 ple.SqliteTrace-2115  [001] d..2   138.255233: block_rq_insert: 179,0 R 0 () 851896 + 8 [ple.SqliteTrace]
          <idle>-0     [000] ...2   138.255260: sched_switch: prev_comm=swapper/0 prev_pid=0 prev_prio=120 prev_state=R ==> next_comm=mmcqd/1 next_pid=117 next_prio=120
 ple.SqliteTrace-2115  [001] ...2   138.255264: sched_switch: prev_comm=ple.SqliteTrace prev_pid=2115 prev_prio=120 prev_state=D|W ==> next_comm=main next_pid=2149 next_prio=120
         mmcqd/1-117   [000] ...2   138.255318: sched_switch: prev_comm=mmcqd/1 prev_pid=117 prev_prio=120 prev_state=S ==> next_comm=swapper/0 next_pid=0 next_prio=120
            main-2149  [001] d..2   138.255612: block_rq_insert: 179,0 R 0 () 1181984 + 8 [main]
            main-2149  [001] d..2   138.255617: block_rq_insert: 179,0 R 0 () 1182000 + 40 [main]
            main-2149  [001] d..2   138.255621: block_rq_insert: 179,0 R 0 () 1182048 + 24 [main]
            main-2149  [001] ...2   138.255682: sched_switch: prev_comm=main prev_pid=2149 prev_prio=120 prev_state=D|W ==> next_comm=kworker/u:3 next_pid=113 next_prio=120
          <idle>-0     [000] ...2   138.255684: sched_switch: prev_comm=swapper/0 prev_pid=0 prev_prio=120 prev_state=R ==> next_comm=ksoftirqd/0 next_pid=3 next_prio=120
     kworker/u:3-113   [001] ...2   138.255714: sched_switch: prev_comm=kworker/u:3 prev_pid=113 prev_prio=120 prev_state=S ==> next_comm=Binder_1 next_pid=2160 next_prio=120
     ksoftirqd/0-3     [000] ...2   138.255735: sched_switch: prev_comm=ksoftirqd/0 prev_pid=3 prev_prio=120 prev_state=S ==> next_comm=kworker/0:2 next_pid=98 next_prio=120
     kworker/0:2-98    [000] ...2   138.255745: sched_switch: prev_comm=kworker/0:2 prev_pid=98 prev_prio=120 prev_state=S ==> next_comm=mmcqd/1 next_pid=117 next_prio=120
         mmcqd/1-117   [000] ...1   138.255756: block_rq_complete: 179,0 RA () 851896 + 8 [0]
         mmcqd/1-117   [000] ...2   138.255780: sched_switch: prev_comm=mmcqd/1 prev_pid=117 prev_prio=120 prev_state=R+ ==> next_comm=kworker/0:1H next_pid=17 next_prio=100
    kworker/0:1H-17    [000] ...2   138.255787: sched_switch: prev_comm=kworker/0:1H prev_pid=17 prev_prio=100 prev_state=S ==> next_comm=mmcqd/1 next_pid=117 next_prio=120
         mmcqd/1-117   [000] ...2   138.255797: sched_switch: prev_comm=mmcqd/1 prev_pid=117 prev_prio=120 prev_state=S ==> next_comm=Binder_2 next_pid=2161 next_prio=120
        Binder_2-2161  [000] ...2   138.255907: sched_switch: prev_comm=Binder_2 prev_pid=2161 prev_prio=120 prev_state=S ==> next_comm=swapper/0 next_pid=0 next_prio=120
          <idle>-0     [000] ...2   138.255920: sched_switch: prev_comm=swapper/0 prev_pid=0 prev_prio=120 prev_state=R ==> next_comm=ksoftirqd/0 next_pid=3 next_prio=120
     ksoftirqd/0-3     [000] ...2   138.255926: sched_switch: prev_comm=ksoftirqd/0 prev_pid=3 prev_prio=120 prev_state=S ==> next_comm=Binder_2 next_pid=2161 next_prio=120
        Binder_2-2161  [000] ...2   138.255937: sched_switch: prev_comm=Binder_2 prev_pid=2161 prev_prio=120 prev_state=D ==> next_comm=swapper/0 next_pid=0 next_prio=120
          <idle>-0     [000] ...2   138.255949: sched_switch: prev_comm=swapper/0 prev_pid=0 prev_prio=120 prev_state=R ==> next_comm=ksoftirqd/0 next_pid=3 next_prio=120
     ksoftirqd/0-3     [000] ...2   138.255954: sched_switch: prev_comm=ksoftirqd/0 prev_pid=3 prev_prio=120 prev_state=S ==> next_comm=Binder_2 next_pid=2161 next_prio=120
        Binder_2-2161  [000] ...2   138.255971: sched_switch: prev_comm=Binder_2 prev_pid=2161 prev_prio=120 prev_state=D ==> next_comm=swapper/0 next_pid=0 next_prio=120
          <idle>-0     [000] ...2   138.255993: sched_switch: prev_comm=swapper/0 prev_pid=0 prev_prio=120 prev_state=R ==> next_comm=Binder_2 next_pid=2161 next_prio=120
        Binder_1-2160  [001] ...3   138.256030: sched_switch: prev_comm=Binder_1 prev_pid=2160 prev_prio=120 prev_state=x ==> next_comm=ple.SqliteTrace next_pid=2115 next_prio=120
        Binder_2-2161  [000] ...3   138.256040: sched_switch: prev_comm=Binder_2 prev_pid=2161 prev_prio=120 prev_state=x ==> next_comm=swapper/0 next_pid=0 next_prio=120
 ple.SqliteTrace-2115  [001] d..2   138.257404: block_rq_insert: 179,0 R 0 () 852120 + 8 [ple.SqliteTrace]
          <idle>-0     [000] ...2   138.257424: sched_switch: prev_comm=swapper/0 prev_pid=0 prev_prio=120 prev_state=R ==> next_comm=mmcqd/1 next_pid=117 next_prio=120
 ple.SqliteTrace-2115  [001] ...2   138.257429: sched_switch: prev_comm=ple.SqliteTrace prev_pid=2115 prev_prio=120 prev_state=D|W ==> next_comm=android.bg next_pid=765 next_prio=130
         mmcqd/1-117   [000] ...2   138.257464: sched_switch: prev_comm=mmcqd/1 prev_pid=117 prev_prio=120 prev_state=S ==> next_comm=swapper/0 next_pid=0 next_prio=120
          <idle>-0     [000] ...2   138.257687: sched_switch: prev_comm=swapper/0 prev_pid=0 prev_prio=120 prev_state=R ==> next_comm=mmcqd/1 next_pid=117 next_prio=120
         mmcqd/1-117   [000] ...1   138.257697: block_rq_complete: 179,0 RA () 852120 + 8 [0]
           <...>-765   [001] ...2   138.257711: sched_switch: prev_comm=android.bg prev_pid=765 prev_prio=130 prev_state=R+ ==> next_comm=ple.SqliteTrace next_pid=2115 next_prio=120
         mmcqd/1-117   [000] ...2   138.257716: sched_switch: prev_comm=mmcqd/1 prev_pid=117 prev_prio=120 prev_state=R+ ==> next_comm=kworker/0:1H next_pid=17 next_prio=100
    kworker/0:1H-17    [000] ...2   138.257723: sched_switch: prev_comm=kworker/0:1H prev_pid=17 prev_prio=100 prev_state=S ==> next_comm=mmcqd/1 next_pid=117 next_prio=120
         mmcqd/1-117   [000] ...2   138.257738: sched_switch: prev_comm=mmcqd/1 prev_pid=117 prev_prio=120 prev_state=S ==> next_comm=swapper/0 next_pid=0 next_prio=120
 ple.SqliteTrace-2115  [001] d..2   138.259299: block_rq_insert: 179,0 R 0 () 852320 + 8 [ple.SqliteTrace]
          <idle>-0     [000] ...2   138.259321: sched_switch: prev_comm=swapper/0 prev_pid=0 prev_prio=120 prev_state=R ==> next_comm=mmcqd/1 next_pid=117 next_prio=120
 ple.SqliteTrace-2115  [001] ...2   138.259325: sched_switch: prev_comm=ple.SqliteTrace prev_pid=2115 prev_prio=120 prev_state=D|W ==> next_comm=android.bg next_pid=765 next_prio=130
         mmcqd/1-117   [000] ...2   138.259361: sched_switch: prev_comm=mmcqd/1 prev_pid=117 prev_prio=120 prev_state=S ==> next_comm=swapper/0 next_pid=0 next_prio=120
          <idle>-0     [000] ...2   138.259602: sched_switch: prev_comm=swapper/0 prev_pid=0 prev_prio=120 prev_state=R ==> next_comm=mmcqd/1 next_pid=117 next_prio=120
         mmcqd/1-117   [000] ...1   138.259612: block_rq_complete: 179,0 RA () 852320 + 8 [0]
           <...>-765   [001] ...2   138.259626: sched_switch: prev_comm=android.bg prev_pid=765 prev_prio=130 prev_state=R+ ==> next_comm=ple.SqliteTrace next_pid=2115 next_prio=120
         mmcqd/1-117   [000] ...2   138.259631: sched_switch: prev_comm=mmcqd/1 prev_pid=117 prev_prio=120 prev_state=R+ ==> next_comm=kworker/0:1H next_pid=17 next_prio=100
    kworker/0:1H-17    [000] ...2   138.259638: sched_switch: prev_comm=kworker/0:1H prev_pid=17 prev_prio=100 prev_state=S ==> next_comm=mmcqd/1 next_pid=117 next_prio=120
         mmcqd/1-117   [000] ...2   138.259652: sched_switch: prev_comm=mmcqd/1 prev_pid=117 prev_prio=120 prev_state=S ==> next_comm=swapper/0 next_pid=0 next_prio=120
 ple.SqliteTrace-2115  [001] d..2   138.261260: block_rq_insert: 179,0 R 0 () 9216416 + 32 [ple.SqliteTrace]
          <idle>-0     [000] ...2   138.261280: sched_switch: prev_comm=swapper/0 prev_pid=0 prev_prio=120 prev_state=R ==> next_comm=mmcqd/1 next_pid=117 next_prio=120
 ple.SqliteTrace-2115  [001] ...2   138.261285: sched_switch: prev_comm=ple.SqliteTrace prev_pid=2115 prev_prio=120 prev_state=D|W ==> next_comm=android.bg next_pid=765 next_prio=130
         mmcqd/1-117   [000] ...2   138.261325: sched_switch: prev_comm=mmcqd/1 prev_pid=117 prev_prio=120 prev_state=S ==> next_comm=swapper/0 next_pid=0 next_prio=120
          <idle>-0     [000] ...2   138.261649: sched_switch: prev_comm=swapper/0 prev_pid=0 prev_prio=120 prev_state=R ==> next_comm=mmcqd/1 next_pid=117 next_prio=120
         mmcqd/1-117   [000] ...1   138.261662: block_rq_complete: 179,0 RA () 9216416 + 32 [0]
         mmcqd/1-117   [000] ...2   138.261681: sched_switch: prev_comm=mmcqd/1 prev_pid=117 prev_prio=120 prev_state=R+ ==> next_comm=kworker/0:1H next_pid=17 next_prio=100
    kworker/0:1H-17    [000] ...2   138.261688: sched_switch: prev_comm=kworker/0:1H prev_pid=17 prev_prio=100 prev_state=S ==> next_comm=mmcqd/1 next_pid=117 next_prio=120
         mmcqd/1-117   [000] ...2   138.261701: sched_switch: prev_comm=mmcqd/1 prev_pid=117 prev_prio=120 prev_state=S ==> next_comm=swapper/0 next_pid=0 next_prio=120
           <...>-765   [001] ...2   138.261717: sched_switch: prev_comm=android.bg prev_pid=765 prev_prio=130 prev_state=R+ ==> next_comm=ple.SqliteTrace next_pid=2115 next_prio=120
 ple.SqliteTrace-2115  [001] ...1   138.263483: tracing_mark_write: START: App started

 ple.SqliteTrace-2115  [001] ...1   138.263891: tracing_mark_write: "EVENT":"DATABASE_OPEN_START"}

 ple.SqliteTrace-2115  [001] d..2   138.264290: block_rq_insert: 179,0 R 0 () 6095000 + 24 [ple.SqliteTrace]
 ple.SqliteTrace-2115  [001] d..2   138.264309: block_rq_insert: 179,0 R 0 () 6095040 + 8 [ple.SqliteTrace]
          <idle>-0     [000] ...2   138.264315: sched_switch: prev_comm=swapper/0 prev_pid=0 prev_prio=120 prev_state=R ==> next_comm=mmcqd/1 next_pid=117 next_prio=120
 ple.SqliteTrace-2115  [001] ...2   138.264324: sched_switch: prev_comm=ple.SqliteTrace prev_pid=2115 prev_prio=120 prev_state=D|W ==> next_comm=android.bg next_pid=765 next_prio=130
         mmcqd/1-117   [000] ...2   138.264369: sched_switch: prev_comm=mmcqd/1 prev_pid=117 prev_prio=120 prev_state=S ==> next_comm=swapper/0 next_pid=0 next_prio=120
          <idle>-0     [000] ...2   138.264747: sched_switch: prev_comm=swapper/0 prev_pid=0 prev_prio=120 prev_state=R ==> next_comm=mmcqd/1 next_pid=117 next_prio=120
         mmcqd/1-117   [000] ...1   138.264776: block_rq_complete: 179,0 RA () 6095000 + 24 [0]
           <...>-765   [001] ...2   138.264791: sched_switch: prev_comm=android.bg prev_pid=765 prev_prio=130 prev_state=R+ ==> next_comm=ple.SqliteTrace next_pid=2115 next_prio=120
         mmcqd/1-117   [000] ...2   138.264799: sched_switch: prev_comm=mmcqd/1 prev_pid=117 prev_prio=120 prev_state=S ==> next_comm=swapper/0 next_pid=0 next_prio=120
          <idle>-0     [000] ...2   138.265003: sched_switch: prev_comm=swapper/0 prev_pid=0 prev_prio=120 prev_state=R ==> next_comm=mmcqd/1 next_pid=117 next_prio=120
         mmcqd/1-117   [000] ...1   138.265013: block_rq_complete: 179,0 RA () 6095040 + 8 [0]
         mmcqd/1-117   [000] ...2   138.265027: sched_switch: prev_comm=mmcqd/1 prev_pid=117 prev_prio=120 prev_state=R+ ==> next_comm=kworker/0:1H next_pid=17 next_prio=100
    kworker/0:1H-17    [000] ...2   138.265034: sched_switch: prev_comm=kworker/0:1H prev_pid=17 prev_prio=100 prev_state=S ==> next_comm=mmcqd/1 next_pid=117 next_prio=120
         mmcqd/1-117   [000] ...2   138.265048: sched_switch: prev_comm=mmcqd/1 prev_pid=117 prev_prio=120 prev_state=S ==> next_comm=swapper/0 next_pid=0 next_prio=120
 ple.SqliteTrace-2115  [001] d..2   138.265599: block_rq_insert: 179,0 R 0 () 6094992 + 8 [ple.SqliteTrace]
 ple.SqliteTrace-2115  [001] d..2   138.265614: block_rq_insert: 179,0 R 0 () 6095024 + 16 [ple.SqliteTrace]
 ple.SqliteTrace-2115  [001] d..2   138.265618: block_rq_insert: 179,0 R 0 () 6095056 + 8 [ple.SqliteTrace]
          <idle>-0     [000] ...2   138.265619: sched_switch: prev_comm=swapper/0 prev_pid=0 prev_prio=120 prev_state=R ==> next_comm=mmcqd/1 next_pid=117 next_prio=120
 ple.SqliteTrace-2115  [001] ...2   138.265632: sched_switch: prev_comm=ple.SqliteTrace prev_pid=2115 prev_prio=120 prev_state=D|W ==> next_comm=android.bg next_pid=765 next_prio=130
           <...>-765   [001] ...2   138.265668: sched_switch: prev_comm=android.bg prev_pid=765 prev_prio=130 prev_state=R+ ==> next_comm=kworker/u:3 next_pid=113 next_prio=120
         mmcqd/1-117   [000] ...2   138.265688: sched_switch: prev_comm=mmcqd/1 prev_pid=117 prev_prio=120 prev_state=R+ ==> next_comm=mpdecision next_pid=1517 next_prio=113
     kworker/u:3-113   [001] ...2   138.265694: sched_switch: prev_comm=kworker/u:3 prev_pid=113 prev_prio=120 prev_state=S ==> next_comm=android.bg next_pid=765 next_prio=130
      mpdecision-1517  [000] ...2   138.265946: sched_switch: prev_comm=mpdecision prev_pid=1517 prev_prio=113 prev_state=S ==> next_comm=EventThread next_pid=383 next_prio=111
     EventThread-383   [000] ...2   138.266019: sched_switch: prev_comm=EventThread prev_pid=383 prev_prio=111 prev_state=S ==> next_comm=mmcqd/1 next_pid=117 next_prio=120
           <...>-765   [001] ...2   138.266030: sched_switch: prev_comm=android.bg prev_pid=765 prev_prio=130 prev_state=R+ ==> next_comm=android.display next_pid=771 next_prio=116
         mmcqd/1-117   [000] ...1   138.266051: block_rq_complete: 179,0 RA () 6095056 + 8 [0]
         mmcqd/1-117   [000] ...2   138.266081: sched_switch: prev_comm=mmcqd/1 prev_pid=117 prev_prio=120 prev_state=S ==> next_comm=droid.launcher3 next_pid=1102 next_prio=120
