         mmcqd/1-116   [000] ...2   138.299551: sched_switch: prev_comm=mmcqd/1 prev_pid=116 prev_prio=120 prev_state=S ==> next_comm=main next_pid=2364 next_prio=120
           <...>-2364  [000] d..2   138.300605: block_rq_insert: 179,0 R 0 () 4028944 + 256 [main]
           <...>-2364  [000] ...2   138.300617: sched_switch: prev_comm=main prev_pid=2364 prev_prio=120 prev_state=R+ ==> next_comm=mmcqd/1 next_pid=116 next_prio=120
         mmcqd/1-116   [000] ...2   138.300726: sched_switch: prev_comm=mmcqd/1 prev_pid=116 prev_prio=120 prev_state=S ==> next_comm=main next_pid=2364 next_prio=120
           <...>-2364  [000] d..2   138.301102: block_rq_insert: 179,0 R 0 () 4026808 + 8 [main]
           <...>-2364  [000] ...2   138.301114: sched_switch: prev_comm=main prev_pid=2364 prev_prio=120 prev_state=R+ ==> next_comm=mmcqd/1 next_pid=116 next_prio=120
         mmcqd/1-116   [000] ...2   138.301130: sched_switch: prev_comm=mmcqd/1 prev_pid=116 prev_prio=120 prev_state=S ==> next_comm=main next_pid=2364 next_prio=120
           <...>-2364  [000] ...2   138.301137: sched_switch: prev_comm=main prev_pid=2364 prev_prio=120 prev_state=D|W ==> next_comm=swapper/0 next_pid=0 next_prio=120
          <idle>-0     [000] ...2   138.302204: sched_switch: prev_comm=swapper/0 prev_pid=0 prev_prio=120 prev_state=R ==> next_comm=mmcqd/1 next_pid=116 next_prio=120
         mmcqd/1-116   [000] ...1   138.302286: block_rq_complete: 179,0 RA () 4028944 + 256 [0]
         mmcqd/1-116   [000] ...2   138.302310: sched_switch: prev_comm=mmcqd/1 prev_pid=116 prev_prio=120 prev_state=S ==> next_comm=swapper/0 next_pid=0 next_prio=120
          <idle>-0     [000] ...2   138.302457: sched_switch: prev_comm=swapper/0 prev_pid=0 prev_prio=120 prev_state=R ==> next_comm=mmcqd/1 next_pid=116 next_prio=120
         mmcqd/1-116   [000] ...1   138.302467: block_rq_complete: 179,0 RA () 4026808 + 8 [0]
         mmcqd/1-116   [000] ...2   138.302484: sched_switch: prev_comm=mmcqd/1 prev_pid=116 prev_prio=120 prev_state=R+ ==> next_comm=kworker/0:1H next_pid=17 next_prio=100
    kworker/0:1H-17    [000] ...2   138.302492: sched_switch: prev_comm=kworker/0:1H prev_pid=17 prev_prio=100 prev_state=S ==> next_comm=mmcqd/1 next_pid=116 next_prio=120
         mmcqd/1-116   [000] ...2   138.302501: sched_switch: prev_comm=mmcqd/1 prev_pid=116 prev_prio=120 prev_state=S ==> next_comm=main next_pid=2364 next_prio=120
           <...>-2364  [000] d..2   138.305086: block_rq_insert: 179,0 R 0 () 4008664 + 16 [main]
           <...>-2364  [000] d..2   138.305091: block_rq_insert: 179,0 R 0 () 4008712 + 8 [main]
           <...>-2364  [000] ...2   138.305105: sched_switch: prev_comm=main prev_pid=2364 prev_prio=120 prev_state=R+ ==> next_comm=mmcqd/1 next_pid=116 next_prio=120
         mmcqd/1-116   [000] ...2   138.305162: sched_switch: prev_comm=mmcqd/1 prev_pid=116 prev_prio=120 prev_state=S ==> next_comm=main next_pid=2364 next_prio=120
           <...>-2364  [000] ...2   138.305172: sched_switch: prev_comm=main prev_pid=2364 prev_prio=120 prev_state=D|W ==> next_comm=swapper/0 next_pid=0 next_prio=120
          <idle>-0     [000] ...2   138.305387: sched_switch: prev_comm=swapper/0 prev_pid=0 prev_prio=120 prev_state=R ==> next_comm=mmcqd/1 next_pid=116 next_prio=120
         mmcqd/1-116   [000] ...1   138.305414: block_rq_complete: 179,0 RA () 4008712 + 8 [0]
         mmcqd/1-116   [000] ...2   138.305430: sched_switch: prev_comm=mmcqd/1 prev_pid=116 prev_prio=120 prev_state=S ==> next_comm=swapper/0 next_pid=0 next_prio=120
          <idle>-0     [000] ...2   138.305723: sched_switch: prev_comm=swapper/0 prev_pid=0 prev_prio=120 prev_state=R ==> next_comm=mmcqd/1 next_pid=116 next_prio=120
         mmcqd/1-116   [000] ...1   138.305735: block_rq_complete: 179,0 RA () 4008664 + 16 [0]
         mmcqd/1-116   [000] ...2   138.305753: sched_switch: prev_comm=mmcqd/1 prev_pid=116 prev_prio=120 prev_state=R+ ==> next_comm=kworker/0:1H next_pid=17 next_prio=100
    kworker/0:1H-17    [000] ...2   138.305761: sched_switch: prev_comm=kworker/0:1H prev_pid=17 prev_prio=100 prev_state=S ==> next_comm=mmcqd/1 next_pid=116 next_prio=120
         mmcqd/1-116   [000] ...2   138.305771: sched_switch: prev_comm=mmcqd/1 prev_pid=116 prev_prio=120 prev_state=S ==> next_comm=main next_pid=2364 next_prio=120
          <idle>-0     [001] ...2   138.309006: sched_switch: prev_comm=swapper/1 prev_pid=0 prev_prio=120 prev_state=R ==> next_comm=main next_pid=2381 next_prio=120
           <...>-2364  [000] ...2   138.309010: sched_switch: prev_comm=main prev_pid=2364 prev_prio=120 prev_state=R+ ==> next_comm=logcat next_pid=797 next_prio=120
           <...>-797   [000] ...2   138.309125: sched_switch: prev_comm=logcat prev_pid=797 prev_prio=120 prev_state=S ==> next_comm=kworker/0:0 next_pid=4 next_prio=120
     kworker/0:0-4     [000] ...2   138.309143: sched_switch: prev_comm=kworker/0:0 prev_pid=4 prev_prio=120 prev_state=S ==> next_comm=main next_pid=2364 next_prio=120
           <...>-2381  [001] ...2   138.309143: sched_switch: prev_comm=main prev_pid=2381 prev_prio=120 prev_state=R+ ==> next_comm=adbd next_pid=781 next_prio=120
           <...>-2364  [000] d..2   138.309384: block_rq_insert: 179,0 R 0 () 4008840 + 8 [main]
           <...>-2364  [000] d..2   138.309389: block_rq_insert: 179,0 R 0 () 4008920 + 48 [main]
           <...>-2364  [000] ...2   138.309399: sched_switch: prev_comm=main prev_pid=2364 prev_prio=120 prev_state=R+ ==> next_comm=mmcqd/1 next_pid=116 next_prio=120
            adbd-781   [001] ...2   138.309400: sched_switch: prev_comm=adbd prev_pid=781 prev_prio=120 prev_state=S ==> next_comm=adbd next_pid=783 next_prio=120
         mmcqd/1-116   [000] ...2   138.309480: sched_switch: prev_comm=mmcqd/1 prev_pid=116 prev_prio=120 prev_state=S ==> next_comm=main next_pid=2364 next_prio=120
            adbd-783   [001] ...2   138.309483: sched_switch: prev_comm=adbd prev_pid=783 prev_prio=120 prev_state=S ==> next_comm=main next_pid=2381 next_prio=120
           <...>-2364  [000] ...2   138.309489: sched_switch: prev_comm=main prev_pid=2364 prev_prio=120 prev_state=D|W ==> next_comm=swapper/0 next_pid=0 next_prio=120
          <idle>-0     [000] ...2   138.309507: sched_switch: prev_comm=swapper/0 prev_pid=0 prev_prio=120 prev_state=R ==> next_comm=ksoftirqd/0 next_pid=3 next_prio=120
     ksoftirqd/0-3     [000] ...2   138.309518: sched_switch: prev_comm=ksoftirqd/0 prev_pid=3 prev_prio=120 prev_state=S ==> next_comm=swapper/0 next_pid=0 next_prio=120
          <idle>-0     [000] ...2   138.309533: sched_switch: prev_comm=swapper/0 prev_pid=0 prev_prio=120 prev_state=R ==> next_comm=ksoftirqd/0 next_pid=3 next_prio=120
     ksoftirqd/0-3     [000] ...2   138.309541: sched_switch: prev_comm=ksoftirqd/0 prev_pid=3 prev_prio=120 prev_state=S ==> next_comm=swapper/0 next_pid=0 next_prio=120
          <idle>-0     [000] ...2   138.309554: sched_switch: prev_comm=swapper/0 prev_pid=0 prev_prio=120 prev_state=R ==> next_comm=ksoftirqd/0 next_pid=3 next_prio=120
     ksoftirqd/0-3     [000] ...2   138.309561: sched_switch: prev_comm=ksoftirqd/0 prev_pid=3 prev_prio=120 prev_state=S ==> next_comm=swapper/0 next_pid=0 next_prio=120
          <idle>-0     [000] ...2   138.309682: sched_switch: prev_comm=swapper/0 prev_pid=0 prev_prio=120 prev_state=R ==> next_comm=mmcqd/1 next_pid=116 next_prio=120
         mmcqd/1-116   [000] ...1   138.309709: block_rq_complete: 179,0 RA () 4008840 + 8 [0]
         mmcqd/1-116   [000] ...2   138.309727: sched_switch: prev_comm=mmcqd/1 prev_pid=116 prev_prio=120 prev_state=S ==> next_comm=main next_pid=2364 next_prio=120
           <...>-2364  [000] d..2   138.309914: block_rq_insert: 179,0 R 0 () 4123736 + 8 [main]
           <...>-2364  [000] d..2   138.309917: block_rq_insert: 179,0 R 0 () 4123816 + 32 [main]
           <...>-2364  [000] ...2   138.309929: sched_switch: prev_comm=main prev_pid=2364 prev_prio=120 prev_state=R+ ==> next_comm=mmcqd/1 next_pid=116 next_prio=120
         mmcqd/1-116   [000] ...2   138.309944: sched_switch: prev_comm=mmcqd/1 prev_pid=116 prev_prio=120 prev_state=S ==> next_comm=main next_pid=2364 next_prio=120
           <...>-2364  [000] ...2   138.309957: sched_switch: prev_comm=main prev_pid=2364 prev_prio=120 prev_state=D|W ==> next_comm=swapper/0 next_pid=0 next_prio=120
          <idle>-0     [000] ...2   138.309982: sched_switch: prev_comm=swapper/0 prev_pid=0 prev_prio=120 prev_state=R ==> next_comm=adbd next_pid=784 next_prio=120
            adbd-784   [000] ...2   138.310016: sched_switch: prev_comm=adbd prev_pid=784 prev_prio=120 prev_state=S ==> next_comm=adbd next_pid=781 next_prio=120
            adbd-781   [000] ...2   138.310125: sched_switch: prev_comm=adbd prev_pid=781 prev_prio=120 prev_state=S ==> next_comm=adbd next_pid=783 next_prio=120
            adbd-783   [000] ...2   138.310130: sched_switch: prev_comm=adbd prev_pid=783 prev_prio=120 prev_state=S ==> next_comm=swapper/0 next_pid=0 next_prio=120
          <idle>-0     [000] ...2   138.310269: sched_switch: prev_comm=swapper/0 prev_pid=0 prev_prio=120 prev_state=R ==> next_comm=mmcqd/1 next_pid=116 next_prio=120
         mmcqd/1-116   [000] ...1   138.310304: block_rq_complete: 179,0 RA () 4008920 + 48 [0]
         mmcqd/1-116   [000] ...2   138.310331: sched_switch: prev_comm=mmcqd/1 prev_pid=116 prev_prio=120 prev_state=S ==> next_comm=swapper/0 next_pid=0 next_prio=120
          <idle>-0     [000] ...2   138.310409: sched_switch: prev_comm=swapper/0 prev_pid=0 prev_prio=120 prev_state=R ==> next_comm=Binder_1 next_pid=2382 next_prio=120
           <...>-2381  [001] ...2   138.310435: sched_switch: prev_comm=Binder_1 prev_pid=2381 prev_prio=120 prev_state=S ==> next_comm=swapper/1 next_pid=0 next_prio=120
          <idle>-0     [001] ...2   138.310461: sched_switch: prev_comm=swapper/1 prev_pid=0 prev_prio=120 prev_state=R ==> next_comm=ksoftirqd/1 next_pid=2355 next_prio=120
           <...>-2355  [001] ...2   138.310476: sched_switch: prev_comm=ksoftirqd/1 prev_pid=2355 prev_prio=120 prev_state=S ==> next_comm=swapper/1 next_pid=0 next_prio=120
          <idle>-0     [001] ...2   138.310500: sched_switch: prev_comm=swapper/1 prev_pid=0 prev_prio=120 prev_state=R ==> next_comm=ksoftirqd/1 next_pid=2355 next_prio=120
           <...>-2355  [001] ...2   138.310513: sched_switch: prev_comm=ksoftirqd/1 prev_pid=2355 prev_prio=120 prev_state=S ==> next_comm=swapper/1 next_pid=0 next_prio=120
           <...>-2382  [000] ...2   138.310534: sched_switch: prev_comm=Binder_2 prev_pid=2382 prev_prio=120 prev_state=R+ ==> next_comm=mmcqd/1 next_pid=116 next_prio=120
          <idle>-0     [001] ...2   138.310535: sched_switch: prev_comm=swapper/1 prev_pid=0 prev_prio=120 prev_state=R ==> next_comm=ksoftirqd/1 next_pid=2355 next_prio=120
           <...>-2355  [001] ...2   138.310554: sched_switch: prev_comm=ksoftirqd/1 prev_pid=2355 prev_prio=120 prev_state=S ==> next_comm=swapper/1 next_pid=0 next_prio=120
         mmcqd/1-116   [000] ...1   138.310560: block_rq_complete: 179,0 RA () 4123736 + 8 [0]
         mmcqd/1-116   [000] ...2   138.310571: sched_switch: prev_comm=mmcqd/1 prev_pid=116 prev_prio=120 prev_state=S ==> next_comm=Binder_2 next_pid=2382 next_prio=120
           <...>-2382  [000] ...2   138.310925: sched_switch: prev_comm=Binder_2 prev_pid=2382 prev_prio=120 prev_state=S ==> next_comm=swapper/0 next_pid=0 next_prio=120
          <idle>-0     [000] ...2   138.310962: sched_switch: prev_comm=swapper/0 prev_pid=0 prev_prio=120 prev_state=R ==> next_comm=mmcqd/1 next_pid=116 next_prio=120
         mmcqd/1-116   [000] ...1   138.310978: block_rq_complete: 179,0 RA () 4123816 + 32 [0]
         mmcqd/1-116   [000] ...2   138.310998: sched_switch: prev_comm=mmcqd/1 prev_pid=116 prev_prio=120 prev_state=R+ ==> next_comm=kworker/0:1H next_pid=17 next_prio=100
    kworker/0:1H-17    [000] ...2   138.311006: sched_switch: prev_comm=kworker/0:1H prev_pid=17 prev_prio=100 prev_state=S ==> next_comm=main next_pid=2364 next_prio=120
          <idle>-0     [001] ...2   138.311068: sched_switch: prev_comm=swapper/1 prev_pid=0 prev_prio=120 prev_state=R ==> next_comm=ksoftirqd/1 next_pid=2355 next_prio=120
           <...>-2364  [000] d..2   138.311075: block_rq_insert: 179,0 R 0 () 4084528 + 24 [main]
           <...>-2364  [000] ...2   138.311083: sched_switch: prev_comm=main prev_pid=2364 prev_prio=120 prev_state=D|W ==> next_comm=mmcqd/1 next_pid=116 next_prio=120
           <...>-2355  [001] ...2   138.311089: sched_switch: prev_comm=ksoftirqd/1 prev_pid=2355 prev_prio=120 prev_state=S ==> next_comm=swapper/1 next_pid=0 next_prio=120
         mmcqd/1-116   [000] ...2   138.311126: sched_switch: prev_comm=mmcqd/1 prev_pid=116 prev_prio=120 prev_state=S ==> next_comm=swapper/0 next_pid=0 next_prio=120
          <idle>-0     [000] ...2   138.311139: sched_switch: prev_comm=swapper/0 prev_pid=0 prev_prio=120 prev_state=R ==> next_comm=ksoftirqd/0 next_pid=3 next_prio=120
     ksoftirqd/0-3     [000] ...2   138.311146: sched_switch: prev_comm=ksoftirqd/0 prev_pid=3 prev_prio=120 prev_state=S ==> next_comm=swapper/0 next_pid=0 next_prio=120
          <idle>-0     [000] ...2   138.311159: sched_switch: prev_comm=swapper/0 prev_pid=0 prev_prio=120 prev_state=R ==> next_comm=ksoftirqd/0 next_pid=3 next_prio=120
     ksoftirqd/0-3     [000] ...2   138.311165: sched_switch: prev_comm=ksoftirqd/0 prev_pid=3 prev_prio=120 prev_state=S ==> next_comm=swapper/0 next_pid=0 next_prio=120
          <idle>-0     [000] ...2   138.311176: sched_switch: prev_comm=swapper/0 prev_pid=0 prev_prio=120 prev_state=R ==> next_comm=ksoftirqd/0 next_pid=3 next_prio=120
     ksoftirqd/0-3     [000] ...2   138.311186: sched_switch: prev_comm=ksoftirqd/0 prev_pid=3 prev_prio=120 prev_state=S ==> next_comm=swapper/0 next_pid=0 next_prio=120
          <idle>-0     [000] ...2   138.311487: sched_switch: prev_comm=swapper/0 prev_pid=0 prev_prio=120 prev_state=R ==> next_comm=mmcqd/1 next_pid=116 next_prio=120
         mmcqd/1-116   [000] ...1   138.311501: block_rq_complete: 179,0 RA () 4084528 + 24 [0]
         mmcqd/1-116   [000] ...2   138.311518: sched_switch: prev_comm=mmcqd/1 prev_pid=116 prev_prio=120 prev_state=R+ ==> next_comm=kworker/0:1H next_pid=17 next_prio=100
    kworker/0:1H-17    [000] ...2   138.311525: sched_switch: prev_comm=kworker/0:1H prev_pid=17 prev_prio=100 prev_state=S ==> next_comm=main next_pid=2364 next_prio=120
           <...>-2364  [000] ...2   138.311587: sched_switch: prev_comm=main prev_pid=2364 prev_prio=120 prev_state=S ==> next_comm=servicemanager next_pid=170 next_prio=120
           <...>-170   [000] ...2   138.311618: sched_switch: prev_comm=servicemanager prev_pid=170 prev_prio=120 prev_state=S ==> next_comm=mmcqd/1 next_pid=116 next_prio=120
         mmcqd/1-116   [000] ...2   138.311628: sched_switch: prev_comm=mmcqd/1 prev_pid=116 prev_prio=120 prev_state=S ==> next_comm=main next_pid=2364 next_prio=120
           <...>-2364  [000] ...2   138.311790: sched_switch: prev_comm=main prev_pid=2364 prev_prio=120 prev_state=S ==> next_comm=servicemanager next_pid=170 next_prio=120
           <...>-170   [000] ...2   138.311922: sched_switch: prev_comm=servicemanager prev_pid=170 prev_prio=120 prev_state=S ==> next_comm=main next_pid=2364 next_prio=120
           <...>-2364  [000] d..2   138.312721: block_rq_insert: 179,0 R 0 () 4052264 + 8 [main]
           <...>-2364  [000] d..2   138.312724: block_rq_insert: 179,0 R 0 () 4052304 + 8 [main]
           <...>-2364  [000] d..2   138.312726: block_rq_insert: 179,0 R 0 () 4052400 + 32 [main]
           <...>-2364  [000] ...2   138.312739: sched_switch: prev_comm=main prev_pid=2364 prev_prio=120 prev_state=D|W ==> next_comm=kworker/0:0 next_pid=4 next_prio=120
     kworker/0:0-4     [000] ...2   138.312754: sched_switch: prev_comm=kworker/0:0 prev_pid=4 prev_prio=120 prev_state=S ==> next_comm=adbd next_pid=781 next_prio=120
            adbd-781   [000] ...2   138.312908: sched_switch: prev_comm=adbd prev_pid=781 prev_prio=120 prev_state=S ==> next_comm=adbd next_pid=783 next_prio=120
            adbd-783   [000] ...2   138.312967: sched_switch: prev_comm=adbd prev_pid=783 prev_prio=120 prev_state=S ==> next_comm=mmcqd/1 next_pid=116 next_prio=120
         mmcqd/1-116   [000] ...2   138.313026: sched_switch: prev_comm=mmcqd/1 prev_pid=116 prev_prio=120 prev_state=S ==> next_comm=swapper/0 next_pid=0 next_prio=120
          <idle>-0     [000] ...2   138.313041: sched_switch: prev_comm=swapper/0 prev_pid=0 prev_prio=120 prev_state=R ==> next_comm=ksoftirqd/0 next_pid=3 next_prio=120
     ksoftirqd/0-3     [000] ...2   138.313049: sched_switch: prev_comm=ksoftirqd/0 prev_pid=3 prev_prio=120 prev_state=S ==> next_comm=swapper/0 next_pid=0 next_prio=120
          <idle>-0     [000] ...2   138.313061: sched_switch: prev_comm=swapper/0 prev_pid=0 prev_prio=120 prev_state=R ==> next_comm=ksoftirqd/0 next_pid=3 next_prio=120
     ksoftirqd/0-3     [000] ...2   138.313077: sched_switch: prev_comm=ksoftirqd/0 prev_pid=3 prev_prio=120 prev_state=S ==> next_comm=swapper/0 next_pid=0 next_prio=120
          <idle>-0     [000] ...2   138.313094: sched_switch: prev_comm=swapper/0 prev_pid=0 prev_prio=120 prev_state=R ==> next_comm=ksoftirqd/0 next_pid=3 next_prio=120
     ksoftirqd/0-3     [000] ...2   138.313102: sched_switch: prev_comm=ksoftirqd/0 prev_pid=3 prev_prio=120 prev_state=S ==> next_comm=swapper/0 next_pid=0 next_prio=120
          <idle>-0     [000] ...2   138.313331: sched_switch: prev_comm=swapper/0 prev_pid=0 prev_prio=120 prev_state=R ==> next_comm=adbd next_pid=784 next_prio=120
            adbd-784   [000] ...2   138.313361: sched_switch: prev_comm=adbd prev_pid=784 prev_prio=120 prev_state=S ==> next_comm=adbd next_pid=781 next_prio=120
            adbd-781   [000] ...2   138.313508: sched_switch: prev_comm=adbd prev_pid=781 prev_prio=120 prev_state=S ==> next_comm=adbd next_pid=783 next_prio=120
            adbd-783   [000] ...2   138.313514: sched_switch: prev_comm=adbd prev_pid=783 prev_prio=120 prev_state=S ==> next_comm=mmcqd/1 next_pid=116 next_prio=120
         mmcqd/1-116   [000] ...1   138.313547: block_rq_complete: 179,0 RA () 4052400 + 32 [0]
         mmcqd/1-116   [000] ...2   138.313567: sched_switch: prev_comm=mmcqd/1 prev_pid=116 prev_prio=120 prev_state=S ==> next_comm=swapper/0 next_pid=0 next_prio=120
          <idle>-0     [000] ...2   138.313783: sched_switch: prev_comm=swapper/0 prev_pid=0 prev_prio=120 prev_state=R ==> next_comm=mmcqd/1 next_pid=116 next_prio=120
         mmcqd/1-116   [000] ...1   138.313809: block_rq_complete: 179,0 RA () 4052304 + 8 [0]
         mmcqd/1-116   [000] ...2   138.313825: sched_switch: prev_comm=mmcqd/1 prev_pid=116 prev_prio=120 prev_state=S ==> next_comm=main next_pid=2364 next_prio=120
           <...>-2364  [000] ...2   138.314457: sched_switch: prev_comm=main prev_pid=2364 prev_prio=120 prev_state=S ==> next_comm=logcat next_pid=797 next_prio=120
           <...>-797   [000] ...2   138.314474: sched_switch: prev_comm=logcat prev_pid=797 prev_prio=120 prev_state=S ==> next_comm=Binder_B next_pid=1257 next_prio=120
        Binder_B-1257  [000] ...2   138.315064: sched_switch: prev_comm=Binder_B prev_pid=1257 prev_prio=120 prev_state=S ==> next_comm=Binder_1 next_pid=237 next_prio=120
           <...>-237   [000] ...2   138.315148: sched_switch: prev_comm=Binder_1 prev_pid=237 prev_prio=120 prev_state=S ==> next_comm=logcat next_pid=797 next_prio=120
           <...>-797   [000] ...2   138.315268: sched_switch: prev_comm=logcat prev_pid=797 prev_prio=120 prev_state=S ==> next_comm=kworker/0:0 next_pid=4 next_prio=120
     kworker/0:0-4     [000] ...2   138.315285: sched_switch: prev_comm=kworker/0:0 prev_pid=4 prev_prio=120 prev_state=S ==> next_comm=mmcqd/1 next_pid=116 next_prio=120
         mmcqd/1-116   [000] ...1   138.315300: block_rq_complete: 179,0 RA () 4052264 + 8 [0]
         mmcqd/1-116   [000] ...2   138.315318: sched_switch: prev_comm=mmcqd/1 prev_pid=116 prev_prio=120 prev_state=R+ ==> next_comm=kworker/0:1H next_pid=17 next_prio=100
    kworker/0:1H-17    [000] ...2   138.315326: sched_switch: prev_comm=kworker/0:1H prev_pid=17 prev_prio=100 prev_state=S ==> next_comm=adbd next_pid=781 next_prio=120
            adbd-781   [000] ...2   138.315495: sched_switch: prev_comm=adbd prev_pid=781 prev_prio=120 prev_state=S ==> next_comm=adbd next_pid=783 next_prio=120
            adbd-783   [000] ...2   138.315557: sched_switch: prev_comm=adbd prev_pid=783 prev_prio=120 prev_state=S ==> next_comm=mmcqd/1 next_pid=116 next_prio=120
         mmcqd/1-116   [000] ...2   138.315570: sched_switch: prev_comm=mmcqd/1 prev_pid=116 prev_prio=120 prev_state=S ==> next_comm=Binder_B next_pid=1257 next_prio=120
        Binder_B-1257  [000] ...2   138.315868: sched_switch: prev_comm=Binder_B prev_pid=1257 prev_prio=120 prev_state=R+ ==> next_comm=InputDispatcher next_pid=809 next_prio=112
           <...>-809   [000] ...2   138.315901: sched_switch: prev_comm=InputDispatcher prev_pid=809 prev_prio=112 prev_state=S ==> next_comm=Binder_B next_pid=1257 next_prio=120
        Binder_B-1257  [000] ...2   138.316015: sched_switch: prev_comm=Binder_B prev_pid=1257 prev_prio=120 prev_state=S ==> next_comm=Binder_3 next_pid=863 next_prio=120
           <...>-863   [000] ...2   138.316103: sched_switch: prev_comm=Binder_3 prev_pid=863 prev_prio=120 prev_state=S ==> next_comm=adbd next_pid=784 next_prio=120
            adbd-784   [000] ...2   138.316139: sched_switch: prev_comm=adbd prev_pid=784 prev_prio=120 prev_state=S ==> next_comm=adbd next_pid=781 next_prio=120
            adbd-781   [000] ...2   138.316264: sched_switch: prev_comm=adbd prev_pid=781 prev_prio=120 prev_state=S ==> next_comm=adbd next_pid=783 next_prio=120
            adbd-783   [000] ...2   138.316270: sched_switch: prev_comm=adbd prev_pid=783 prev_prio=120 prev_state=S ==> next_comm=Binder_B next_pid=1257 next_prio=120
        Binder_B-1257  [000] ...2   138.316320: sched_switch: prev_comm=Binder_B prev_pid=1257 prev_prio=120 prev_state=R+ ==> next_comm=android.display next_pid=773 next_prio=116
           <...>-773   [000] ...2   138.316358: sched_switch: prev_comm=android.display prev_pid=773 prev_prio=116 prev_state=S ==> next_comm=Binder_B next_pid=1257 next_prio=120
        Binder_B-1257  [000] ...2   138.316374: sched_switch: prev_comm=Binder_B prev_pid=1257 prev_prio=120 prev_state=R+ ==> next_comm=android.display next_pid=773 next_prio=116
           <...>-773   [000] ...2   138.316385: sched_switch: prev_comm=android.display prev_pid=773 prev_prio=116 prev_state=S ==> next_comm=Binder_B next_pid=1257 next_prio=120
        Binder_B-1257  [000] ...2   138.316398: sched_switch: prev_comm=Binder_B prev_pid=1257 prev_prio=120 prev_state=R+ ==> next_comm=android.display next_pid=773 next_prio=116
           <...>-773   [000] ...2   138.316520: sched_switch: prev_comm=android.display prev_pid=773 prev_prio=116 prev_state=S ==> next_comm=Binder_B next_pid=1257 next_prio=120
        Binder_B-1257  [000] ...2   138.316550: sched_switch: prev_comm=Binder_B prev_pid=1257 prev_prio=120 prev_state=S ==> next_comm=swapper/0 next_pid=0 next_prio=120
          <idle>-0     [000] ...2   138.316567: sched_switch: prev_comm=swapper/0 prev_pid=0 prev_prio=120 prev_state=R ==> next_comm=ksoftirqd/0 next_pid=3 next_prio=120
     ksoftirqd/0-3     [000] ...2   138.316575: sched_switch: prev_comm=ksoftirqd/0 prev_pid=3 prev_prio=120 prev_state=S ==> next_comm=swapper/0 next_pid=0 next_prio=120
          <idle>-0     [000] ...2   138.316589: sched_switch: prev_comm=swapper/0 prev_pid=0 prev_prio=120 prev_state=R ==> next_comm=ksoftirqd/0 next_pid=3 next_prio=120
     ksoftirqd/0-3     [000] ...2   138.316595: sched_switch: prev_comm=ksoftirqd/0 prev_pid=3 prev_prio=120 prev_state=S ==> next_comm=swapper/0 next_pid=0 next_prio=120
          <idle>-0     [000] ...2   138.316606: sched_switch: prev_comm=swapper/0 prev_pid=0 prev_prio=120 prev_state=R ==> next_comm=ksoftirqd/0 next_pid=3 next_prio=120
     ksoftirqd/0-3     [000] ...2   138.316618: sched_switch: prev_comm=ksoftirqd/0 prev_pid=3 prev_prio=120 prev_state=S ==> next_comm=swapper/0 next_pid=0 next_prio=120
          <idle>-0     [000] ...2   138.317584: sched_switch: prev_comm=swapper/0 prev_pid=0 prev_prio=120 prev_state=R ==> next_comm=android.display next_pid=773 next_prio=116
           <...>-773   [000] ...2   138.317692: sched_switch: prev_comm=android.display prev_pid=773 prev_prio=116 prev_state=S ==> next_comm=Binder_5 next_pid=1581 next_prio=120
           <...>-1581  [000] ...2   138.317747: sched_switch: prev_comm=Binder_5 prev_pid=1581 prev_prio=120 prev_state=S ==> next_comm=EventThread next_pid=377 next_prio=111
           <...>-377   [000] ...2   138.317799: sched_switch: prev_comm=EventThread prev_pid=377 prev_prio=111 prev_state=S ==> next_comm=Binder_2 next_pid=719 next_prio=120
        Binder_2-719   [000] ...2   138.317878: sched_switch: prev_comm=Binder_2 prev_pid=719 prev_prio=120 prev_state=S ==> next_comm=Binder_B next_pid=1257 next_prio=120
        Binder_B-1257  [000] ...2   138.318280: sched_switch: prev_comm=Binder_B prev_pid=1257 prev_prio=120 prev_state=R+ ==> next_comm=ActivityManager next_pid=768 next_prio=118
           <...>-768   [000] ...2   138.318315: sched_switch: prev_comm=ActivityManager prev_pid=768 prev_prio=118 prev_state=S ==> next_comm=LazyTaskWriterT next_pid=838 next_prio=120
 LazyTaskWriterT-838   [000] ...2   138.318348: sched_switch: prev_comm=LazyTaskWriterT prev_pid=838 prev_prio=120 prev_state=S ==> next_comm=logcat next_pid=797 next_prio=120
           <...>-797   [000] ...2   138.318459: sched_switch: prev_comm=logcat prev_pid=797 prev_prio=120 prev_state=S ==> next_comm=kworker/0:0 next_pid=4 next_prio=120
     kworker/0:0-4     [000] ...2   138.318475: sched_switch: prev_comm=kworker/0:0 prev_pid=4 prev_prio=120 prev_state=S ==> next_comm=adbd next_pid=781 next_prio=120
            adbd-781   [000] ...2   138.318629: sched_switch: prev_comm=adbd prev_pid=781 prev_prio=120 prev_state=S ==> next_comm=adbd next_pid=783 next_prio=120
            adbd-783   [000] ...2   138.318682: sched_switch: prev_comm=adbd prev_pid=783 prev_prio=120 prev_state=S ==> next_comm=Binder_B next_pid=1257 next_prio=120
        Binder_B-1257  [000] ...2   138.318702: sched_switch: prev_comm=Binder_B prev_pid=1257 prev_prio=120 prev_state=R+ ==> next_comm=ActivityManager next_pid=768 next_prio=118
           <...>-768   [000] ...2   138.318714: sched_switch: prev_comm=ActivityManager prev_pid=768 prev_prio=118 prev_state=S ==> next_comm=Binder_B next_pid=1257 next_prio=120
        Binder_B-1257  [000] ...2   138.318727: sched_switch: prev_comm=Binder_B prev_pid=1257 prev_prio=120 prev_state=R+ ==> next_comm=ActivityManager next_pid=768 next_prio=118
           <...>-768   [000] ...2   138.318752: sched_switch: prev_comm=ActivityManager prev_pid=768 prev_prio=118 prev_state=S ==> next_comm=Binder_B next_pid=1257 next_prio=120
        Binder_B-1257  [000] ...2   138.319152: sched_switch: prev_comm=Binder_B prev_pid=1257 prev_prio=120 prev_state=R+ ==> next_comm=lmkd next_pid=169 next_prio=98
            lmkd-169   [000] ...2   138.319218: sched_switch: prev_comm=lmkd prev_pid=169 prev_prio=98 prev_state=S ==> next_comm=Binder_3 next_pid=1560 next_prio=120
          <idle>-0     [001] ...2   138.319316: sched_switch: prev_comm=swapper/1 prev_pid=0 prev_prio=120 prev_state=R ==> next_comm=droid.launcher3 next_pid=1136 next_prio=120
           <...>-1560  [000] ...2   138.319400: sched_switch: prev_comm=Binder_3 prev_pid=1560 prev_prio=120 prev_state=S ==> next_comm=Binder_2 next_pid=1166 next_prio=120
           <...>-1166  [000] ...2   138.319406: sched_switch: prev_comm=Binder_2 prev_pid=1166 prev_prio=120 prev_state=S ==> next_comm=Binder_1 next_pid=1162 next_prio=120
        Binder_1-1162  [000] ...2   138.319411: sched_switch: prev_comm=Binder_1 prev_pid=1162 prev_prio=120 prev_state=S ==> next_comm=adbd next_pid=784 next_prio=120
            adbd-784   [000] ...2   138.319443: sched_switch: prev_comm=adbd prev_pid=784 prev_prio=120 prev_state=S ==> next_comm=adbd next_pid=781 next_prio=120
           <...>-1136  [001] ...2   138.319506: sched_switch: prev_comm=droid.launcher3 prev_pid=1136 prev_prio=120 prev_state=S ==> next_comm=Binder_4 next_pid=1443 next_prio=120
            adbd-781   [000] ...2   138.319566: sched_switch: prev_comm=adbd prev_pid=781 prev_prio=120 prev_state=S ==> next_comm=EventThread next_pid=377 next_prio=111
           <...>-377   [000] ...2   138.319587: sched_switch: prev_comm=EventThread prev_pid=377 prev_prio=111 prev_state=S ==> next_comm=adbd next_pid=783 next_prio=120
            adbd-783   [000] ...2   138.319593: sched_switch: prev_comm=adbd prev_pid=783 prev_prio=120 prev_state=S ==> next_comm=Binder_B next_pid=1257 next_prio=120
           <...>-1443  [001] ...2   138.319595: sched_switch: prev_comm=Binder_4 prev_pid=1443 prev_prio=120 prev_state=S ==> next_comm=RenderThread next_pid=1370 next_prio=116
           <...>-1370  [001] ...2   138.319643: sched_switch: prev_comm=RenderThread prev_pid=1370 prev_prio=116 prev_state=S ==> next_comm=swapper/1 next_pid=0 next_prio=120
          <idle>-0     [001] ...2   138.319667: sched_switch: prev_comm=swapper/1 prev_pid=0 prev_prio=120 prev_state=R ==> next_comm=ksoftirqd/1 next_pid=2355 next_prio=120
           <...>-2355  [001] ...2   138.319683: sched_switch: prev_comm=ksoftirqd/1 prev_pid=2355 prev_prio=120 prev_state=S ==> next_comm=swapper/1 next_pid=0 next_prio=120
        Binder_B-1257  [000] ...2   138.319700: sched_switch: prev_comm=Binder_B prev_pid=1257 prev_prio=120 prev_state=R+ ==> next_comm=lmkd next_pid=169 next_prio=98
          <idle>-0     [001] ...2   138.319707: sched_switch: prev_comm=swapper/1 prev_pid=0 prev_prio=120 prev_state=R ==> next_comm=ksoftirqd/1 next_pid=2355 next_prio=120
           <...>-2355  [001] ...2   138.319725: sched_switch: prev_comm=ksoftirqd/1 prev_pid=2355 prev_prio=120 prev_state=S ==> next_comm=swapper/1 next_pid=0 next_prio=120
            lmkd-169   [000] ...2   138.319744: sched_switch: prev_comm=lmkd prev_pid=169 prev_prio=98 prev_state=S ==> next_comm=Binder_B next_pid=1257 next_prio=120
          <idle>-0     [001] ...2   138.319746: sched_switch: prev_comm=swapper/1 prev_pid=0 prev_prio=120 prev_state=R ==> next_comm=ksoftirqd/1 next_pid=2355 next_prio=120
           <...>-2355  [001] ...2   138.319759: sched_switch: prev_comm=ksoftirqd/1 prev_pid=2355 prev_prio=120 prev_state=S ==> next_comm=swapper/1 next_pid=0 next_prio=120
        Binder_B-1257  [000] ...2   138.320236: sched_switch: prev_comm=Binder_B prev_pid=1257 prev_prio=120 prev_state=R+ ==> next_comm=ActivityManager next_pid=768 next_prio=118
           <...>-768   [000] ...2   138.320272: sched_switch: prev_comm=ActivityManager prev_pid=768 prev_prio=118 prev_state=S ==> next_comm=Binder_3 next_pid=1560 next_prio=120
           <...>-1560  [000] ...2   138.320381: sched_switch: prev_comm=Binder_3 prev_pid=1560 prev_prio=120 prev_state=S ==> next_comm=HeapTrimmerDaem next_pid=1160 next_prio=120
 HeapTrimmerDaem-1160  [000] ...2   138.320401: sched_switch: prev_comm=HeapTrimmerDaem prev_pid=1160 prev_prio=120 prev_state=S ==> next_comm=Binder_B next_pid=1257 next_prio=120
        Binder_B-1257  [000] ...2   138.320419: sched_switch: prev_comm=Binder_B prev_pid=1257 prev_prio=120 prev_state=R+ ==> next_comm=ActivityManager next_pid=768 next_prio=118
           <...>-768   [000] ...2   138.320431: sched_switch: prev_comm=ActivityManager prev_pid=768 prev_prio=118 prev_state=S ==> next_comm=Binder_B next_pid=1257 next_prio=120
        Binder_B-1257  [000] ...2   138.320444: sched_switch: prev_comm=Binder_B prev_pid=1257 prev_prio=120 prev_state=R+ ==> next_comm=ActivityManager next_pid=768 next_prio=118
           <...>-768   [000] ...2   138.320473: sched_switch: prev_comm=ActivityManager prev_pid=768 prev_prio=118 prev_state=S ==> next_comm=Binder_B next_pid=1257 next_prio=120
          <idle>-0     [001] ...2   138.320513: sched_switch: prev_comm=swapper/1 prev_pid=0 prev_prio=120 prev_state=R ==> next_comm=android.bg next_pid=767 next_prio=130
           <...>-767   [001] ...2   138.320599: sched_switch: prev_comm=android.bg prev_pid=767 prev_prio=130 prev_state=S ==> next_comm=Binder_2 next_pid=1166 next_prio=120
           <...>-1166  [001] ...2   138.320725: sched_switch: prev_comm=Binder_2 prev_pid=1166 prev_prio=120 prev_state=S ==> next_comm=swapper/1 next_pid=0 next_prio=120
          <idle>-0     [001] ...2   138.320815: sched_switch: prev_comm=swapper/1 prev_pid=0 prev_prio=120 prev_state=R ==> next_comm=Binder_2 next_pid=2259 next_prio=120
        Binder_B-1257  [000] ...2   138.320865: sched_switch: prev_comm=Binder_B prev_pid=1257 prev_prio=120 prev_state=R+ ==> next_comm=LazyTaskWriterT next_pid=838 next_prio=120
 LazyTaskWriterT-838   [000] ...2   138.320879: sched_switch: prev_comm=LazyTaskWriterT prev_pid=838 prev_prio=120 prev_state=S ==> next_comm=Binder_B next_pid=1257 next_prio=120
        Binder_B-1257  [000] ...2   138.320892: sched_switch: prev_comm=Binder_B prev_pid=1257 prev_prio=120 prev_state=R+ ==> next_comm=LazyTaskWriterT next_pid=838 next_prio=120
 LazyTaskWriterT-838   [000] ...2   138.320905: sched_switch: prev_comm=LazyTaskWriterT prev_pid=838 prev_prio=120 prev_state=S ==> next_comm=Binder_B next_pid=1257 next_prio=120
        Binder_B-1257  [000] ...2   138.320917: sched_switch: prev_comm=Binder_B prev_pid=1257 prev_prio=120 prev_state=R+ ==> next_comm=LazyTaskWriterT next_pid=838 next_prio=120
 LazyTaskWriterT-838   [000] ...2   138.320935: sched_switch: prev_comm=LazyTaskWriterT prev_pid=838 prev_prio=120 prev_state=S ==> next_comm=Binder_B next_pid=1257 next_prio=120
        Binder_B-1257  [000] ...2   138.320948: sched_switch: prev_comm=Binder_B prev_pid=1257 prev_prio=120 prev_state=R+ ==> next_comm=LazyTaskWriterT next_pid=838 next_prio=120
 LazyTaskWriterT-838   [000] ...2   138.320958: sched_switch: prev_comm=LazyTaskWriterT prev_pid=838 prev_prio=120 prev_state=S ==> next_comm=Binder_B next_pid=1257 next_prio=120
        Binder_B-1257  [000] ...2   138.320970: sched_switch: prev_comm=Binder_B prev_pid=1257 prev_prio=120 prev_state=R+ ==> next_comm=LazyTaskWriterT next_pid=838 next_prio=120
 LazyTaskWriterT-838   [000] ...2   138.320998: sched_switch: prev_comm=LazyTaskWriterT prev_pid=838 prev_prio=120 prev_state=S ==> next_comm=Binder_B next_pid=1257 next_prio=120
        Binder_B-1257  [000] ...2   138.321052: sched_switch: prev_comm=Binder_B prev_pid=1257 prev_prio=120 prev_state=R+ ==> next_comm=kworker/u:1 next_pid=21 next_prio=120
        Binder_2-2259  [001] ...2   138.321058: sched_switch: prev_comm=Binder_2 prev_pid=2259 prev_prio=120 prev_state=R ==> next_comm=kworker/1:1H next_pid=2359 next_prio=100
     kworker/u:1-21    [000] ...2   138.321067: sched_switch: prev_comm=kworker/u:1 prev_pid=21 prev_prio=120 prev_state=S ==> next_comm=mpdecision next_pid=1599 next_prio=113
           <...>-2359  [001] ...2   138.321090: sched_switch: prev_comm=kworker/1:1H prev_pid=2359 prev_prio=100 prev_state=D ==> next_comm=kworker/1:2H next_pid=2361 next_prio=100
           <...>-2361  [001] ...2   138.321122: sched_switch: prev_comm=kworker/1:2H prev_pid=2361 prev_prio=100 prev_state=S ==> next_comm=kworker/1:1H next_pid=2359 next_prio=100
           <...>-2359  [001] ...2   138.321134: sched_switch: prev_comm=kworker/1:1H prev_pid=2359 prev_prio=100 prev_state=S ==> next_comm=Binder_2 next_pid=2259 next_prio=120
      mpdecision-1599  [000] ...2   138.321294: sched_switch: prev_comm=mpdecision prev_pid=1599 prev_prio=113 prev_state=S ==> next_comm=Binder_B next_pid=1257 next_prio=120
        Binder_B-1257  [000] ...2   138.321307: sched_switch: prev_comm=Binder_B prev_pid=1257 prev_prio=120 prev_state=R+ ==> next_comm=LazyTaskWriterT next_pid=838 next_prio=120
 LazyTaskWriterT-838   [000] ...2   138.321321: sched_switch: prev_comm=LazyTaskWriterT prev_pid=838 prev_prio=120 prev_state=S ==> next_comm=Binder_B next_pid=1257 next_prio=120
        Binder_B-1257  [000] ...2   138.321333: sched_switch: prev_comm=Binder_B prev_pid=1257 prev_prio=120 prev_state=R+ ==> next_comm=LazyTaskWriterT next_pid=838 next_prio=120
 LazyTaskWriterT-838   [000] ...2   138.321346: sched_switch: prev_comm=LazyTaskWriterT prev_pid=838 prev_prio=120 prev_state=S ==> next_comm=Binder_B next_pid=1257 next_prio=120
        Binder_B-1257  [000] ...2   138.321357: sched_switch: prev_comm=Binder_B prev_pid=1257 prev_prio=120 prev_state=R+ ==> next_comm=LazyTaskWriterT next_pid=838 next_prio=120
 LazyTaskWriterT-838   [000] ...2   138.321375: sched_switch: prev_comm=LazyTaskWriterT prev_pid=838 prev_prio=120 prev_state=S ==> next_comm=Binder_B next_pid=1257 next_prio=120
        Binder_B-1257  [000] ...2   138.321389: sched_switch: prev_comm=Binder_B prev_pid=1257 prev_prio=120 prev_state=R+ ==> next_comm=LazyTaskWriterT next_pid=838 next_prio=120
 LazyTaskWriterT-838   [000] ...2   138.321399: sched_switch: prev_comm=LazyTaskWriterT prev_pid=838 prev_prio=120 prev_state=S ==> next_comm=Binder_B next_pid=1257 next_prio=120
        Binder_B-1257  [000] ...2   138.321411: sched_switch: prev_comm=Binder_B prev_pid=1257 prev_prio=120 prev_state=R+ ==> next_comm=LazyTaskWriterT next_pid=838 next_prio=120
 LazyTaskWriterT-838   [000] ...2   138.321437: sched_switch: prev_comm=LazyTaskWriterT prev_pid=838 prev_prio=120 prev_state=S ==> next_comm=Binder_B next_pid=1257 next_prio=120
        Binder_B-1257  [000] ...2   138.321511: sched_switch: prev_comm=Binder_B prev_pid=1257 prev_prio=120 prev_state=R ==> next_comm=ple.SqliteTrace next_pid=2242 next_prio=120
        Binder_2-2259  [001] ...2   138.321572: sched_switch: prev_comm=Binder_2 prev_pid=2259 prev_prio=120 prev_state=S ==> next_comm=swapper/1 next_pid=0 next_prio=120
          <idle>-0     [001] ...2   138.321598: sched_switch: prev_comm=swapper/1 prev_pid=0 prev_prio=120 prev_state=R ==> next_comm=ksoftirqd/1 next_pid=2355 next_prio=120
           <...>-2355  [001] ...2   138.321616: sched_switch: prev_comm=ksoftirqd/1 prev_pid=2355 prev_prio=120 prev_state=S ==> next_comm=swapper/1 next_pid=0 next_prio=120
          <idle>-0     [001] ...2   138.321638: sched_switch: prev_comm=swapper/1 prev_pid=0 prev_prio=120 prev_state=R ==> next_comm=ksoftirqd/1 next_pid=2355 next_prio=120
           <...>-2355  [001] ...2   138.321647: sched_switch: prev_comm=ksoftirqd/1 prev_pid=2355 prev_prio=120 prev_state=S ==> next_comm=swapper/1 next_pid=0 next_prio=120
          <idle>-0     [001] ...2   138.321668: sched_switch: prev_comm=swapper/1 prev_pid=0 prev_prio=120 prev_state=R ==> next_comm=ksoftirqd/1 next_pid=2355 next_prio=120
           <...>-2355  [001] ...2   138.321677: sched_switch: prev_comm=ksoftirqd/1 prev_pid=2355 prev_prio=120 prev_state=S ==> next_comm=swapper/1 next_pid=0 next_prio=120
 ple.SqliteTrace-2242  [000] ...2   138.321752: sched_switch: prev_comm=ple.SqliteTrace prev_pid=2242 prev_prio=120 prev_state=S ==> next_comm=Binder_4 next_pid=1054 next_prio=120
        Binder_4-1054  [000] ...2   138.321832: sched_switch: prev_comm=Binder_4 prev_pid=1054 prev_prio=120 prev_state=S ==> next_comm=Binder_B next_pid=1257 next_prio=120
        Binder_B-1257  [000] ...2   138.321964: sched_switch: prev_comm=Binder_B prev_pid=1257 prev_prio=120 prev_state=R+ ==> next_comm=Binder_2 next_pid=239 next_prio=120
           <...>-239   [000] ...2   138.321972: sched_switch: prev_comm=Binder_2 prev_pid=239 prev_prio=120 prev_state=D ==> next_comm=Binder_B next_pid=1257 next_prio=120
        Binder_B-1257  [000] ...2   138.321980: sched_switch: prev_comm=Binder_B prev_pid=1257 prev_prio=120 prev_state=R+ ==> next_comm=Binder_2 next_pid=239 next_prio=120
           <...>-239   [000] ...2   138.322051: sched_switch: prev_comm=Binder_2 prev_pid=239 prev_prio=120 prev_state=S ==> next_comm=Binder_B next_pid=1257 next_prio=120
        Binder_B-1257  [000] ...2   138.322347: sched_switch: prev_comm=Binder_B prev_pid=1257 prev_prio=120 prev_state=R+ ==> next_comm=InputDispatcher next_pid=809 next_prio=112
           <...>-809   [000] ...2   138.322376: sched_switch: prev_comm=InputDispatcher prev_pid=809 prev_prio=112 prev_state=S ==> next_comm=Binder_B next_pid=1257 next_prio=120
        Binder_B-1257  [000] ...2   138.322455: sched_switch: prev_comm=Binder_B prev_pid=1257 prev_prio=120 prev_state=R+ ==> next_comm=Binder_1 next_pid=237 next_prio=120
           <...>-237   [000] ...2   138.322463: sched_switch: prev_comm=Binder_1 prev_pid=237 prev_prio=120 prev_state=D ==> next_comm=Binder_B next_pid=1257 next_prio=120
        Binder_B-1257  [000] ...2   138.322472: sched_switch: prev_comm=Binder_B prev_pid=1257 prev_prio=120 prev_state=R+ ==> next_comm=Binder_1 next_pid=237 next_prio=120
           <...>-237   [000] ...2   138.322551: sched_switch: prev_comm=Binder_1 prev_pid=237 prev_prio=120 prev_state=S ==> next_comm=Binder_B next_pid=1257 next_prio=120
        Binder_B-1257  [000] ...2   138.322594: sched_switch: prev_comm=Binder_B prev_pid=1257 prev_prio=120 prev_state=R+ ==> next_comm=android.display next_pid=773 next_prio=116
           <...>-773   [000] ...2   138.322627: sched_switch: prev_comm=android.display prev_pid=773 prev_prio=116 prev_state=S ==> next_comm=Binder_B next_pid=1257 next_prio=120
        Binder_B-1257  [000] ...2   138.322642: sched_switch: prev_comm=Binder_B prev_pid=1257 prev_prio=120 prev_state=R+ ==> next_comm=android.display next_pid=773 next_prio=116
           <...>-773   [000] ...2   138.322654: sched_switch: prev_comm=android.display prev_pid=773 prev_prio=116 prev_state=S ==> next_comm=Binder_B next_pid=1257 next_prio=120
        Binder_B-1257  [000] ...2   138.322667: sched_switch: prev_comm=Binder_B prev_pid=1257 prev_prio=120 prev_state=R+ ==> next_comm=android.display next_pid=773 next_prio=116
           <...>-773   [000] ...2   138.322694: sched_switch: prev_comm=android.display prev_pid=773 prev_prio=116 prev_state=S ==> next_comm=Binder_B next_pid=1257 next_prio=120
        Binder_B-1257  [000] ...2   138.322825: sched_switch: prev_comm=Binder_B prev_pid=1257 prev_prio=120 prev_state=R+ ==> next_comm=Binder_3 next_pid=863 next_prio=120
           <...>-863   [000] ...2   138.322833: sched_switch: prev_comm=Binder_3 prev_pid=863 prev_prio=120 prev_state=D ==> next_comm=Binder_B next_pid=1257 next_prio=120
        Binder_B-1257  [000] ...2   138.322841: sched_switch: prev_comm=Binder_B prev_pid=1257 prev_prio=120 prev_state=R+ ==> next_comm=Binder_3 next_pid=863 next_prio=120
           <...>-863   [000] ...2   138.322901: sched_switch: prev_comm=Binder_3 prev_pid=863 prev_prio=120 prev_state=S ==> next_comm=Binder_B next_pid=1257 next_prio=120
        Binder_B-1257  [000] ...2   138.323124: sched_switch: prev_comm=Binder_B prev_pid=1257 prev_prio=120 prev_state=R+ ==> next_comm=InputDispatcher next_pid=809 next_prio=112
           <...>-809   [000] ...2   138.323149: sched_switch: prev_comm=InputDispatcher prev_pid=809 prev_prio=112 prev_state=S ==> next_comm=Binder_B next_pid=1257 next_prio=120
        Binder_B-1257  [000] ...2   138.323216: sched_switch: prev_comm=Binder_B prev_pid=1257 prev_prio=120 prev_state=R+ ==> next_comm=Binder_5 next_pid=1581 next_prio=120
           <...>-1581  [000] ...2   138.323224: sched_switch: prev_comm=Binder_5 prev_pid=1581 prev_prio=120 prev_state=D ==> next_comm=Binder_B next_pid=1257 next_prio=120
        Binder_B-1257  [000] ...2   138.323232: sched_switch: prev_comm=Binder_B prev_pid=1257 prev_prio=120 prev_state=R+ ==> next_comm=Binder_5 next_pid=1581 next_prio=120
           <...>-1581  [000] ...2   138.323308: sched_switch: prev_comm=Binder_5 prev_pid=1581 prev_prio=120 prev_state=S ==> next_comm=Binder_B next_pid=1257 next_prio=120
        Binder_B-1257  [000] ...2   138.323346: sched_switch: prev_comm=Binder_B prev_pid=1257 prev_prio=120 prev_state=R+ ==> next_comm=android.display next_pid=773 next_prio=116
           <...>-773   [000] ...2   138.323359: sched_switch: prev_comm=android.display prev_pid=773 prev_prio=116 prev_state=S ==> next_comm=Binder_B next_pid=1257 next_prio=120
        Binder_B-1257  [000] ...2   138.323371: sched_switch: prev_comm=Binder_B prev_pid=1257 prev_prio=120 prev_state=R+ ==> next_comm=android.display next_pid=773 next_prio=116
           <...>-773   [000] ...2   138.323466: sched_switch: prev_comm=android.display prev_pid=773 prev_prio=116 prev_state=S ==> next_comm=Binder_B next_pid=1257 next_prio=120
          <idle>-0     [001] ...2   138.323471: sched_switch: prev_comm=swapper/1 prev_pid=0 prev_prio=120 prev_state=R ==> next_comm=Binder_4 next_pid=1443 next_prio=120
        Binder_B-1257  [000] ...2   138.323514: sched_switch: prev_comm=Binder_B prev_pid=1257 prev_prio=120 prev_state=R+ ==> next_comm=logcat next_pid=797 next_prio=120
           <...>-797   [000] ...2   138.323531: sched_switch: prev_comm=logcat prev_pid=797 prev_prio=120 prev_state=S ==> next_comm=Binder_B next_pid=1257 next_prio=120
        Binder_B-1257  [000] ...2   138.323564: sched_switch: prev_comm=Binder_B prev_pid=1257 prev_prio=120 prev_state=R+ ==> next_comm=android.display next_pid=773 next_prio=116
           <...>-1443  [001] ...2   138.323602: sched_switch: prev_comm=Binder_4 prev_pid=1443 prev_prio=120 prev_state=S ==> next_comm=swapper/1 next_pid=0 next_prio=120
           <...>-773   [000] ...2   138.323867: sched_switch: prev_comm=android.display prev_pid=773 prev_prio=116 prev_state=S ==> next_comm=InputDispatcher next_pid=809 next_prio=112
           <...>-809   [000] ...2   138.323891: sched_switch: prev_comm=InputDispatcher prev_pid=809 prev_prio=112 prev_state=S ==> next_comm=Binder_2 next_pid=239 next_prio=120
           <...>-239   [000] ...2   138.323978: sched_switch: prev_comm=Binder_2 prev_pid=239 prev_prio=120 prev_state=S ==> next_comm=android.display next_pid=773 next_prio=116
           <...>-773   [000] ...2   138.324032: sched_switch: prev_comm=android.display prev_pid=773 prev_prio=116 prev_state=S ==> next_comm=Binder_B next_pid=1257 next_prio=120
        Binder_B-1257  [000] ...2   138.324186: sched_switch: prev_comm=Binder_B prev_pid=1257 prev_prio=120 prev_state=R+ ==> next_comm=Binder_1 next_pid=2258 next_prio=120
        Binder_1-2258  [000] ...2   138.324195: sched_switch: prev_comm=Binder_1 prev_pid=2258 prev_prio=120 prev_state=D ==> next_comm=Binder_B next_pid=1257 next_prio=120
        Binder_B-1257  [000] ...2   138.324204: sched_switch: prev_comm=Binder_B prev_pid=1257 prev_prio=120 prev_state=R+ ==> next_comm=Binder_1 next_pid=2258 next_prio=120
        Binder_1-2258  [000] ...2   138.324309: sched_switch: prev_comm=Binder_1 prev_pid=2258 prev_prio=120 prev_state=S ==> next_comm=Binder_B next_pid=1257 next_prio=120
        Binder_B-1257  [000] ...2   138.324418: sched_switch: prev_comm=Binder_B prev_pid=1257 prev_prio=120 prev_state=R+ ==> next_comm=InputDispatcher next_pid=809 next_prio=112
           <...>-809   [000] ...2   138.324443: sched_switch: prev_comm=InputDispatcher prev_pid=809 prev_prio=112 prev_state=S ==> next_comm=Binder_B next_pid=1257 next_prio=120
        Binder_B-1257  [000] ...2   138.324497: sched_switch: prev_comm=Binder_B prev_pid=1257 prev_prio=120 prev_state=R+ ==> next_comm=ActivityManager next_pid=768 next_prio=118
           <...>-768   [000] ...2   138.324510: sched_switch: prev_comm=ActivityManager prev_pid=768 prev_prio=118 prev_state=S ==> next_comm=Binder_B next_pid=1257 next_prio=120
        Binder_B-1257  [000] ...2   138.324523: sched_switch: prev_comm=Binder_B prev_pid=1257 prev_prio=120 prev_state=R+ ==> next_comm=ActivityManager next_pid=768 next_prio=118
          <idle>-0     [001] ...2   138.324571: sched_switch: prev_comm=swapper/1 prev_pid=0 prev_prio=120 prev_state=R ==> next_comm=android.bg next_pid=767 next_prio=130
           <...>-767   [001] ...2   138.324622: sched_switch: prev_comm=android.bg prev_pid=767 prev_prio=130 prev_state=R+ ==> next_comm=Binder_4 next_pid=1054 next_prio=120
        Binder_4-1054  [001] ...2   138.324642: sched_switch: prev_comm=Binder_4 prev_pid=1054 prev_prio=120 prev_state=S ==> next_comm=android.bg next_pid=767 next_prio=130
           <...>-767   [001] ...2   138.324664: sched_switch: prev_comm=android.bg prev_pid=767 prev_prio=130 prev_state=R+ ==> next_comm=Binder_4 next_pid=1054 next_prio=120
           <...>-768   [000] ...2   138.324723: sched_switch: prev_comm=ActivityManager prev_pid=768 prev_prio=118 prev_state=S ==> next_comm=Binder_2 next_pid=1116 next_prio=120
        Binder_2-1116  [000] ...2   138.324732: sched_switch: prev_comm=Binder_2 prev_pid=1116 prev_prio=120 prev_state=D ==> next_comm=NetworkPolicy next_pid=817 next_prio=120
   NetworkPolicy-817   [000] ...2   138.324772: sched_switch: prev_comm=NetworkPolicy prev_pid=817 prev_prio=120 prev_state=S ==> next_comm=Binder_2 next_pid=1116 next_prio=120
        Binder_4-1054  [001] ...2   138.324778: sched_switch: prev_comm=Binder_4 prev_pid=1054 prev_prio=120 prev_state=S ==> next_comm=ple.SqliteTrace next_pid=2242 next_prio=120
        Binder_2-1116  [000] ...2   138.324901: sched_switch: prev_comm=Binder_2 prev_pid=1116 prev_prio=120 prev_state=S ==> next_comm=Binder_B next_pid=1257 next_prio=120
        Binder_B-1257  [000] ...2   138.324936: sched_switch: prev_comm=Binder_B prev_pid=1257 prev_prio=120 prev_state=R+ ==> next_comm=main next_pid=2364 next_prio=120
           <...>-2364  [000] ...2   138.324944: sched_switch: prev_comm=main prev_pid=2364 prev_prio=120 prev_state=D ==> next_comm=Binder_B next_pid=1257 next_prio=120
        Binder_B-1257  [000] ...2   138.324952: sched_switch: prev_comm=Binder_B prev_pid=1257 prev_prio=120 prev_state=R+ ==> next_comm=main next_pid=2364 next_prio=120
