         mmcqd/1-116   [000] ...2   251.410707: sched_switch: prev_comm=mmcqd/1 prev_pid=116 prev_prio=120 prev_state=S ==> next_comm=adbd next_pid=784 next_prio=120
            adbd-784   [000] ...2   251.410740: sched_switch: prev_comm=adbd prev_pid=784 prev_prio=120 prev_state=S ==> next_comm=adbd next_pid=781 next_prio=120
            adbd-781   [000] ...2   251.410854: sched_switch: prev_comm=adbd prev_pid=781 prev_prio=120 prev_state=S ==> next_comm=adbd next_pid=783 next_prio=120
            adbd-783   [000] ...2   251.410860: sched_switch: prev_comm=adbd prev_pid=783 prev_prio=120 prev_state=S ==> next_comm=ple.SqliteTrace next_pid=2242 next_prio=120
 ple.SqliteTrace-2242  [000] ...2   251.410866: sched_switch: prev_comm=ple.SqliteTrace prev_pid=2242 prev_prio=120 prev_state=D|W ==> next_comm=main next_pid=4553 next_prio=120
           <...>-4553  [000] ...2   251.410930: sched_switch: prev_comm=main prev_pid=4553 prev_prio=120 prev_state=R+ ==> next_comm=mmcqd/1 next_pid=116 next_prio=120
         mmcqd/1-116   [000] ...1   251.410940: block_rq_complete: 179,0 RA () 852120 + 8 [0]
         mmcqd/1-116   [000] ...2   251.410956: sched_switch: prev_comm=mmcqd/1 prev_pid=116 prev_prio=120 prev_state=R+ ==> next_comm=kworker/0:1H next_pid=17 next_prio=100
    kworker/0:1H-17    [000] ...2   251.410964: sched_switch: prev_comm=kworker/0:1H prev_pid=17 prev_prio=100 prev_state=S ==> next_comm=mmcqd/1 next_pid=116 next_prio=120
         mmcqd/1-116   [000] ...2   251.410973: sched_switch: prev_comm=mmcqd/1 prev_pid=116 prev_prio=120 prev_state=S ==> next_comm=ple.SqliteTrace next_pid=2242 next_prio=120
 ple.SqliteTrace-2242  [000] d..2   251.412004: block_rq_insert: 179,0 R 0 () 852320 + 8 [ple.SqliteTrace]
 ple.SqliteTrace-2242  [000] ...2   251.412019: sched_switch: prev_comm=ple.SqliteTrace prev_pid=2242 prev_prio=120 prev_state=R+ ==> next_comm=mmcqd/1 next_pid=116 next_prio=120
         mmcqd/1-116   [000] ...2   251.412064: sched_switch: prev_comm=mmcqd/1 prev_pid=116 prev_prio=120 prev_state=S ==> next_comm=ple.SqliteTrace next_pid=2242 next_prio=120
 ple.SqliteTrace-2242  [000] ...2   251.412069: sched_switch: prev_comm=ple.SqliteTrace prev_pid=2242 prev_prio=120 prev_state=D|W ==> next_comm=main next_pid=4553 next_prio=120
           <...>-4553  [000] d..2   251.412149: block_rq_insert: 179,0 R 0 () 1181984 + 8 [main]
           <...>-4553  [000] dn.2   251.412159: block_rq_insert: 179,0 R 0 () 1182000 + 40 [main]
           <...>-4553  [000] dn.2   251.412162: block_rq_insert: 179,0 R 0 () 1182048 + 24 [main]
           <...>-4553  [000] ...2   251.412168: sched_switch: prev_comm=main prev_pid=4553 prev_prio=120 prev_state=R+ ==> next_comm=mmcqd/1 next_pid=116 next_prio=120
         mmcqd/1-116   [000] ...2   251.412183: sched_switch: prev_comm=mmcqd/1 prev_pid=116 prev_prio=120 prev_state=S ==> next_comm=main next_pid=4553 next_prio=120
           <...>-4553  [000] ...2   251.412190: sched_switch: prev_comm=main prev_pid=4553 prev_prio=120 prev_state=D|W ==> next_comm=RenderThread next_pid=1370 next_prio=116
           <...>-1370  [000] ...2   251.412310: sched_switch: prev_comm=RenderThread prev_pid=1370 prev_prio=116 prev_state=R+ ==> next_comm=mmcqd/1 next_pid=116 next_prio=120
         mmcqd/1-116   [000] ...1   251.412338: block_rq_complete: 179,0 RA () 852320 + 8 [0]
         mmcqd/1-116   [000] ...2   251.412370: sched_switch: prev_comm=mmcqd/1 prev_pid=116 prev_prio=120 prev_state=S ==> next_comm=ple.SqliteTrace next_pid=2242 next_prio=120
 ple.SqliteTrace-2242  [000] d..2   251.413408: block_rq_insert: 179,0 R 0 () 9216416 + 32 [ple.SqliteTrace]
 ple.SqliteTrace-2242  [000] ...2   251.413420: sched_switch: prev_comm=ple.SqliteTrace prev_pid=2242 prev_prio=120 prev_state=D|W ==> next_comm=mmcqd/1 next_pid=116 next_prio=120
         mmcqd/1-116   [000] ...1   251.413452: block_rq_complete: 179,0 RA () 1181984 + 8 [0]
         mmcqd/1-116   [000] ...2   251.413478: sched_switch: prev_comm=mmcqd/1 prev_pid=116 prev_prio=120 prev_state=S ==> next_comm=RenderThread next_pid=1370 next_prio=116
           <...>-1370  [000] ...2   251.413867: sched_switch: prev_comm=RenderThread prev_pid=1370 prev_prio=116 prev_state=D ==> next_comm=android.bg next_pid=767 next_prio=130
           <...>-767   [000] ...2   251.413873: sched_switch: prev_comm=android.bg prev_pid=767 prev_prio=130 prev_state=R ==> next_comm=mmcqd/1 next_pid=116 next_prio=120
         mmcqd/1-116   [000] ...1   251.413904: block_rq_complete: 179,0 RA () 1182000 + 40 [0]
         mmcqd/1-116   [000] ...2   251.413936: sched_switch: prev_comm=mmcqd/1 prev_pid=116 prev_prio=120 prev_state=S ==> next_comm=main next_pid=4553 next_prio=120
           <...>-4553  [000] ...2   251.413992: sched_switch: prev_comm=main prev_pid=4553 prev_prio=120 prev_state=S ==> next_comm=Heap thread poo next_pid=4557 next_prio=120
           <...>-4557  [000] ...3   251.414114: sched_switch: prev_comm=Heap thread poo prev_pid=4557 prev_prio=120 prev_state=x ==> next_comm=Heap thread poo next_pid=4556 next_prio=120
           <...>-4556  [000] ...3   251.414236: sched_switch: prev_comm=Heap thread poo prev_pid=4556 prev_prio=120 prev_state=x ==> next_comm=Heap thread poo next_pid=4558 next_prio=120
           <...>-4558  [000] ...3   251.414322: sched_switch: prev_comm=Heap thread poo prev_pid=4558 prev_prio=120 prev_state=x ==> next_comm=main next_pid=4553 next_prio=120
           <...>-4553  [000] ...2   251.414445: sched_switch: prev_comm=main prev_pid=4553 prev_prio=120 prev_state=R+ ==> next_comm=kworker/u:0H next_pid=7 next_prio=100
    kworker/u:0H-7     [000] ...2   251.414473: sched_switch: prev_comm=kworker/u:0H prev_pid=7 prev_prio=100 prev_state=D ==> next_comm=logcat next_pid=797 next_prio=120
           <...>-797   [000] ...2   251.414493: sched_switch: prev_comm=logcat prev_pid=797 prev_prio=120 prev_state=S ==> next_comm=mmcqd/1 next_pid=116 next_prio=120
         mmcqd/1-116   [000] ...1   251.414524: block_rq_complete: 179,0 RA () 1182048 + 24 [0]
         mmcqd/1-116   [000] ...2   251.414537: sched_switch: prev_comm=mmcqd/1 prev_pid=116 prev_prio=120 prev_state=S ==> next_comm=main next_pid=4553 next_prio=120
           <...>-4571  [001] ...2   251.414607: sched_switch: prev_comm=grep prev_pid=4571 prev_prio=120 prev_state=R+ ==> next_comm=JDWP next_pid=4560 next_prio=120
           <...>-4553  [000] ...2   251.414627: sched_switch: prev_comm=main prev_pid=4553 prev_prio=120 prev_state=S ==> next_comm=adbd next_pid=781 next_prio=120
            adbd-781   [000] ...2   251.414898: sched_switch: prev_comm=adbd prev_pid=781 prev_prio=120 prev_state=S ==> next_comm=adbd next_pid=783 next_prio=120
           <...>-4560  [001] ...3   251.414948: sched_switch: prev_comm=JDWP prev_pid=4560 prev_prio=120 prev_state=x ==> next_comm=kworker/1:1 next_pid=4550 next_prio=120
           <...>-4550  [001] ...2   251.414959: sched_switch: prev_comm=kworker/1:1 prev_pid=4550 prev_prio=120 prev_state=S ==> next_comm=sh next_pid=4570 next_prio=120
            adbd-783   [000] ...2   251.414995: sched_switch: prev_comm=adbd prev_pid=783 prev_prio=120 prev_state=S ==> next_comm=logcat next_pid=797 next_prio=120
           <...>-797   [000] ...2   251.415132: sched_switch: prev_comm=logcat prev_pid=797 prev_prio=120 prev_state=S ==> next_comm=kworker/0:0 next_pid=4 next_prio=120
     kworker/0:0-4     [000] ...2   251.415148: sched_switch: prev_comm=kworker/0:0 prev_pid=4 prev_prio=120 prev_state=S ==> next_comm=mmcqd/1 next_pid=116 next_prio=120
         mmcqd/1-116   [000] ...1   251.415166: block_rq_complete: 179,0 RA () 9216416 + 32 [0]
         mmcqd/1-116   [000] ...2   251.415189: sched_switch: prev_comm=mmcqd/1 prev_pid=116 prev_prio=120 prev_state=R+ ==> next_comm=kworker/0:1H next_pid=17 next_prio=100
    kworker/0:1H-17    [000] ...2   251.415197: sched_switch: prev_comm=kworker/0:1H prev_pid=17 prev_prio=100 prev_state=S ==> next_comm=ple.SqliteTrace next_pid=2242 next_prio=120
           <...>-4570  [001] ...2   251.415930: sched_switch: prev_comm=sh prev_pid=4570 prev_prio=120 prev_state=R+ ==> next_comm=sh next_pid=4568 next_prio=120
           <...>-4568  [001] ...2   251.415985: sched_switch: prev_comm=sh prev_pid=4568 prev_prio=120 prev_state=S ==> next_comm=sh next_pid=4570 next_prio=120
           <...>-4570  [001] ...3   251.415991: sched_switch: prev_comm=sh prev_pid=4570 prev_prio=120 prev_state=x ==> next_comm=grep next_pid=4571 next_prio=120
 ple.SqliteTrace-2242  [000] ...1   251.416484: tracing_mark_write: START: App started

 ple.SqliteTrace-2242  [000] ...1   251.416728: tracing_mark_write: "EVENT":"DATABASE_OPEN_START"}

 ple.SqliteTrace-2242  [000] d..2   251.416994: block_rq_insert: 179,0 R 0 () 6111992 + 24 [ple.SqliteTrace]
 ple.SqliteTrace-2242  [000] d..2   251.417000: block_rq_insert: 179,0 R 0 () 6128464 + 8 [ple.SqliteTrace]
 ple.SqliteTrace-2242  [000] ...2   251.417013: sched_switch: prev_comm=ple.SqliteTrace prev_pid=2242 prev_prio=120 prev_state=D|W ==> next_comm=adbd next_pid=784 next_prio=120
            adbd-784   [000] ...2   251.417079: sched_switch: prev_comm=adbd prev_pid=784 prev_prio=120 prev_state=R ==> next_comm=mmcqd/1 next_pid=116 next_prio=120
         mmcqd/1-116   [000] ...2   251.417145: sched_switch: prev_comm=mmcqd/1 prev_pid=116 prev_prio=120 prev_state=S ==> next_comm=adbd next_pid=784 next_prio=120
            adbd-784   [000] ...2   251.417178: sched_switch: prev_comm=adbd prev_pid=784 prev_prio=120 prev_state=S ==> next_comm=main next_pid=4553 next_prio=120
           <...>-4553  [000] ...2   251.417254: sched_switch: prev_comm=main prev_pid=4553 prev_prio=120 prev_state=S ==> next_comm=adbd next_pid=784 next_prio=120
           <...>-4571  [001] ...2   251.417261: sched_switch: prev_comm=grep prev_pid=4571 prev_prio=120 prev_state=R+ ==> next_comm=Signal Catcher next_pid=4559 next_prio=120
            adbd-784   [000] ...2   251.417281: sched_switch: prev_comm=adbd prev_pid=784 prev_prio=120 prev_state=S ==> next_comm=adbd next_pid=781 next_prio=120
           <...>-4559  [001] ...3   251.417431: sched_switch: prev_comm=Signal Catcher prev_pid=4559 prev_prio=120 prev_state=x ==> next_comm=grep next_pid=4571 next_prio=120
            adbd-781   [000] ...2   251.417514: sched_switch: prev_comm=adbd prev_pid=781 prev_prio=120 prev_state=S ==> next_comm=adbd next_pid=783 next_prio=120
           <...>-4571  [001] ...2   251.417519: sched_switch: prev_comm=grep prev_pid=4571 prev_prio=120 prev_state=R+ ==> next_comm=sh next_pid=4568 next_prio=120
            adbd-783   [000] ...2   251.417567: sched_switch: prev_comm=adbd prev_pid=783 prev_prio=120 prev_state=S ==> next_comm=main next_pid=4553 next_prio=120
           <...>-4553  [000] ...2   251.417588: sched_switch: prev_comm=main prev_pid=4553 prev_prio=120 prev_state=S ==> next_comm=RenderThread next_pid=1370 next_prio=116
           <...>-1370  [000] ...2   251.417726: sched_switch: prev_comm=RenderThread prev_pid=1370 prev_prio=116 prev_state=R+ ==> next_comm=mmcqd/1 next_pid=116 next_prio=120
         mmcqd/1-116   [000] ...1   251.417757: block_rq_complete: 179,0 RA () 6111992 + 24 [0]
         mmcqd/1-116   [000] ...2   251.417778: sched_switch: prev_comm=mmcqd/1 prev_pid=116 prev_prio=120 prev_state=S ==> next_comm=adbd next_pid=781 next_prio=120
           <...>-4568  [001] ...3   251.417970: sched_switch: prev_comm=sh prev_pid=4568 prev_prio=120 prev_state=x ==> next_comm=adbd next_pid=4569 next_prio=120
            adbd-781   [000] ...2   251.417972: sched_switch: prev_comm=adbd prev_pid=781 prev_prio=120 prev_state=S ==> next_comm=ple.SqliteTrace next_pid=2242 next_prio=120
           <...>-4569  [001] ...3   251.418072: sched_switch: prev_comm=adbd prev_pid=4569 prev_prio=120 prev_state=x ==> next_comm=adbd next_pid=781 next_prio=120
            adbd-781   [001] ...2   251.418176: sched_switch: prev_comm=adbd prev_pid=781 prev_prio=120 prev_state=S ==> next_comm=grep next_pid=4571 next_prio=120
           <...>-4571  [001] ...3   251.418193: sched_switch: prev_comm=grep prev_pid=4571 prev_prio=120 prev_state=x ==> next_comm=adbd next_pid=784 next_prio=120
            adbd-784   [001] ...2   251.418227: sched_switch: prev_comm=adbd prev_pid=784 prev_prio=120 prev_state=S ==> next_comm=adbd next_pid=781 next_prio=120
            adbd-781   [001] ...2   251.418340: sched_switch: prev_comm=adbd prev_pid=781 prev_prio=120 prev_state=S ==> next_comm=adbd next_pid=783 next_prio=120
            adbd-783   [001] ...2   251.418390: sched_switch: prev_comm=adbd prev_pid=783 prev_prio=120 prev_state=S ==> next_comm=RenderThread next_pid=1370 next_prio=116
           <...>-1370  [001] ...2   251.418504: sched_switch: prev_comm=RenderThread prev_pid=1370 prev_prio=116 prev_state=D ==> next_comm=android.bg next_pid=767 next_prio=130
           <...>-767   [001] ...2   251.418544: sched_switch: prev_comm=android.bg prev_pid=767 prev_prio=130 prev_state=R ==> next_comm=adbd next_pid=784 next_prio=120
            adbd-784   [001] ...2   251.418582: sched_switch: prev_comm=adbd prev_pid=784 prev_prio=120 prev_state=S ==> next_comm=adbd next_pid=781 next_prio=120
 ple.SqliteTrace-2242  [000] ...2   251.418604: sched_switch: prev_comm=ple.SqliteTrace prev_pid=2242 prev_prio=120 prev_state=R+ ==> next_comm=kworker/u:0H next_pid=7 next_prio=100
    kworker/u:0H-7     [000] ...2   251.418633: sched_switch: prev_comm=kworker/u:0H prev_pid=7 prev_prio=100 prev_state=D ==> next_comm=kworker/0:0 next_pid=4 next_prio=120
     kworker/0:0-4     [000] ...2   251.418644: sched_switch: prev_comm=kworker/0:0 prev_pid=4 prev_prio=120 prev_state=S ==> next_comm=mmcqd/1 next_pid=116 next_prio=120
         mmcqd/1-116   [000] ...1   251.418654: block_rq_complete: 179,0 RA () 6128464 + 8 [0]
         mmcqd/1-116   [000] ...2   251.418669: sched_switch: prev_comm=mmcqd/1 prev_pid=116 prev_prio=120 prev_state=R+ ==> next_comm=kworker/0:1H next_pid=17 next_prio=100
    kworker/0:1H-17    [000] ...2   251.418676: sched_switch: prev_comm=kworker/0:1H prev_pid=17 prev_prio=100 prev_state=S ==> next_comm=mmcqd/1 next_pid=116 next_prio=120
         mmcqd/1-116   [000] ...2   251.418686: sched_switch: prev_comm=mmcqd/1 prev_pid=116 prev_prio=120 prev_state=S ==> next_comm=ple.SqliteTrace next_pid=2242 next_prio=120
            adbd-781   [001] ...2   251.418706: sched_switch: prev_comm=adbd prev_pid=781 prev_prio=120 prev_state=S ==> next_comm=adbd next_pid=783 next_prio=120
 ple.SqliteTrace-2242  [000] d..2   251.418707: block_rq_insert: 179,0 R 0 () 6111984 + 8 [ple.SqliteTrace]
 ple.SqliteTrace-2242  [000] d..2   251.418709: block_rq_insert: 179,0 R 0 () 6112016 + 16 [ple.SqliteTrace]
 ple.SqliteTrace-2242  [000] d..2   251.418711: block_rq_insert: 179,0 R 0 () 6128472 + 8 [ple.SqliteTrace]
            adbd-783   [001] ...2   251.418712: sched_switch: prev_comm=adbd prev_pid=783 prev_prio=120 prev_state=S ==> next_comm=RenderThread next_pid=1370 next_prio=116
 ple.SqliteTrace-2242  [000] ...2   251.418721: sched_switch: prev_comm=ple.SqliteTrace prev_pid=2242 prev_prio=120 prev_state=D|W ==> next_comm=mmcqd/1 next_pid=116 next_prio=120
           <...>-1370  [001] ...2   251.418791: sched_switch: prev_comm=RenderThread prev_pid=1370 prev_prio=116 prev_state=D ==> next_comm=android.bg next_pid=767 next_prio=130
         mmcqd/1-116   [000] ...2   251.418803: sched_switch: prev_comm=mmcqd/1 prev_pid=116 prev_prio=120 prev_state=S ==> next_comm=swapper/0 next_pid=0 next_prio=120
          <idle>-0     [000] ...2   251.418825: sched_switch: prev_comm=swapper/0 prev_pid=0 prev_prio=120 prev_state=R ==> next_comm=ksoftirqd/0 next_pid=3 next_prio=120
     ksoftirqd/0-3     [000] ...2   251.418833: sched_switch: prev_comm=ksoftirqd/0 prev_pid=3 prev_prio=120 prev_state=S ==> next_comm=swapper/0 next_pid=0 next_prio=120
          <idle>-0     [000] ...2   251.418845: sched_switch: prev_comm=swapper/0 prev_pid=0 prev_prio=120 prev_state=R ==> next_comm=ksoftirqd/0 next_pid=3 next_prio=120
     ksoftirqd/0-3     [000] ...2   251.418850: sched_switch: prev_comm=ksoftirqd/0 prev_pid=3 prev_prio=120 prev_state=S ==> next_comm=swapper/0 next_pid=0 next_prio=120
           <...>-767   [001] ...2   251.418857: sched_switch: prev_comm=android.bg prev_pid=767 prev_prio=130 prev_state=S ==> next_comm=swapper/1 next_pid=0 next_prio=120
          <idle>-0     [000] ...2   251.418861: sched_switch: prev_comm=swapper/0 prev_pid=0 prev_prio=120 prev_state=R ==> next_comm=ksoftirqd/0 next_pid=3 next_prio=120
     ksoftirqd/0-3     [000] ...2   251.418867: sched_switch: prev_comm=ksoftirqd/0 prev_pid=3 prev_prio=120 prev_state=S ==> next_comm=swapper/0 next_pid=0 next_prio=120
          <idle>-0     [001] ...2   251.418878: sched_switch: prev_comm=swapper/1 prev_pid=0 prev_prio=120 prev_state=R ==> next_comm=ksoftirqd/1 next_pid=4540 next_prio=120
           <...>-4540  [001] ...2   251.418895: sched_switch: prev_comm=ksoftirqd/1 prev_pid=4540 prev_prio=120 prev_state=S ==> next_comm=swapper/1 next_pid=0 next_prio=120
          <idle>-0     [001] ...2   251.418912: sched_switch: prev_comm=swapper/1 prev_pid=0 prev_prio=120 prev_state=R ==> next_comm=ksoftirqd/1 next_pid=4540 next_prio=120
           <...>-4540  [001] ...2   251.418921: sched_switch: prev_comm=ksoftirqd/1 prev_pid=4540 prev_prio=120 prev_state=S ==> next_comm=swapper/1 next_pid=0 next_prio=120
          <idle>-0     [001] ...2   251.418936: sched_switch: prev_comm=swapper/1 prev_pid=0 prev_prio=120 prev_state=R ==> next_comm=ksoftirqd/1 next_pid=4540 next_prio=120
           <...>-4540  [001] ...2   251.418942: sched_switch: prev_comm=ksoftirqd/1 prev_pid=4540 prev_prio=120 prev_state=S ==> next_comm=swapper/1 next_pid=0 next_prio=120
          <idle>-0     [000] ...2   251.418958: sched_switch: prev_comm=swapper/0 prev_pid=0 prev_prio=120 prev_state=R ==> next_comm=kworker/u:0H next_pid=7 next_prio=100
    kworker/u:0H-7     [000] ...2   251.418986: sched_switch: prev_comm=kworker/u:0H prev_pid=7 prev_prio=100 prev_state=D ==> next_comm=swapper/0 next_pid=0 next_prio=120
          <idle>-0     [001] ...2   251.418991: sched_switch: prev_comm=swapper/1 prev_pid=0 prev_prio=120 prev_state=R ==> next_comm=RenderThread next_pid=1370 next_prio=116
          <idle>-0     [000] ...2   251.419080: sched_switch: prev_comm=swapper/0 prev_pid=0 prev_prio=120 prev_state=R ==> next_comm=mmcqd/1 next_pid=116 next_prio=120
         mmcqd/1-116   [000] ...1   251.419176: block_rq_complete: 179,0 RA () 6128472 + 8 [0]
         mmcqd/1-116   [000] ...2   251.419197: sched_switch: prev_comm=mmcqd/1 prev_pid=116 prev_prio=120 prev_state=S ==> next_comm=swapper/0 next_pid=0 next_prio=120
          <idle>-0     [000] ...2   251.419572: sched_switch: prev_comm=swapper/0 prev_pid=0 prev_prio=120 prev_state=R ==> next_comm=mmcqd/1 next_pid=116 next_prio=120
         mmcqd/1-116   [000] ...1   251.419692: block_rq_complete: 179,0 RA () 6112016 + 16 [0]
         mmcqd/1-116   [000] ...2   251.419778: sched_switch: prev_comm=mmcqd/1 prev_pid=116 prev_prio=120 prev_state=S ==> next_comm=swapper/0 next_pid=0 next_prio=120
          <idle>-0     [000] ...2   251.419876: sched_switch: prev_comm=swapper/0 prev_pid=0 prev_prio=120 prev_state=R ==> next_comm=mmcqd/1 next_pid=116 next_prio=120
         mmcqd/1-116   [000] ...1   251.419886: block_rq_complete: 179,0 RA () 6111984 + 8 [0]
         mmcqd/1-116   [000] ...2   251.419918: sched_switch: prev_comm=mmcqd/1 prev_pid=116 prev_prio=120 prev_state=R+ ==> next_comm=kworker/0:1H next_pid=17 next_prio=100
    kworker/0:1H-17    [000] ...2   251.419946: sched_switch: prev_comm=kworker/0:1H prev_pid=17 prev_prio=100 prev_state=S ==> next_comm=mmcqd/1 next_pid=116 next_prio=120
         mmcqd/1-116   [000] ...2   251.419959: sched_switch: prev_comm=mmcqd/1 prev_pid=116 prev_prio=120 prev_state=S ==> next_comm=ple.SqliteTrace next_pid=2242 next_prio=120
           <...>-1370  [001] ...2   251.419964: sched_switch: prev_comm=RenderThread prev_pid=1370 prev_prio=116 prev_state=R+ ==> next_comm=kworker/u:1 next_pid=21 next_prio=120
     kworker/u:1-21    [001] ...2   251.419972: sched_switch: prev_comm=kworker/u:1 prev_pid=21 prev_prio=120 prev_state=D ==> next_comm=RenderThread next_pid=1370 next_prio=116
           <...>-1370  [001] ...2   251.420050: sched_switch: prev_comm=RenderThread prev_pid=1370 prev_prio=116 prev_state=R+ ==> next_comm=kworker/u:1 next_pid=21 next_prio=120
     kworker/u:1-21    [001] ...2   251.420101: sched_switch: prev_comm=kworker/u:1 prev_pid=21 prev_prio=120 prev_state=S ==> next_comm=RenderThread next_pid=1370 next_prio=116
           <...>-1370  [001] ...2   251.420158: sched_switch: prev_comm=RenderThread prev_pid=1370 prev_prio=116 prev_state=S ==> next_comm=swapper/1 next_pid=0 next_prio=120
          <idle>-0     [001] ...2   251.421063: sched_switch: prev_comm=swapper/1 prev_pid=0 prev_prio=120 prev_state=R ==> next_comm=logcat next_pid=797 next_prio=120
           <...>-797   [001] ...2   251.421082: sched_switch: prev_comm=logcat prev_pid=797 prev_prio=120 prev_state=S ==> next_comm=ksoftirqd/1 next_pid=4540 next_prio=120
           <...>-4540  [001] ...2   251.421185: sched_switch: prev_comm=ksoftirqd/1 prev_pid=4540 prev_prio=120 prev_state=S ==> next_comm=swapper/1 next_pid=0 next_prio=120
          <idle>-0     [001] ...2   251.421203: sched_switch: prev_comm=swapper/1 prev_pid=0 prev_prio=120 prev_state=R ==> next_comm=ksoftirqd/1 next_pid=4540 next_prio=120
           <...>-4540  [001] ...2   251.421209: sched_switch: prev_comm=ksoftirqd/1 prev_pid=4540 prev_prio=120 prev_state=S ==> next_comm=swapper/1 next_pid=0 next_prio=120
          <idle>-0     [001] ...2   251.421224: sched_switch: prev_comm=swapper/1 prev_pid=0 prev_prio=120 prev_state=R ==> next_comm=ksoftirqd/1 next_pid=4540 next_prio=120
           <...>-4540  [001] ...2   251.421229: sched_switch: prev_comm=ksoftirqd/1 prev_pid=4540 prev_prio=120 prev_state=S ==> next_comm=swapper/1 next_pid=0 next_prio=120
 ple.SqliteTrace-2242  [000] d..2   251.421634: block_rq_insert: 179,0 R 0 () 6590480 + 8 [ple.SqliteTrace]
 ple.SqliteTrace-2242  [000] d..2   251.421751: block_rq_insert: 179,0 R 0 () 6590616 + 8 [ple.SqliteTrace]
 ple.SqliteTrace-2242  [000] ...2   251.421786: sched_switch: prev_comm=ple.SqliteTrace prev_pid=2242 prev_prio=120 prev_state=D ==> next_comm=kworker/u:0 next_pid=6 next_prio=120
           <...>-6     [000] ...2   251.421792: sched_switch: prev_comm=kworker/u:0 prev_pid=6 prev_prio=120 prev_state=S ==> next_comm=mmcqd/1 next_pid=116 next_prio=120
         mmcqd/1-116   [000] ...2   251.421837: sched_switch: prev_comm=mmcqd/1 prev_pid=116 prev_prio=120 prev_state=S ==> next_comm=swapper/0 next_pid=0 next_prio=120
          <idle>-0     [000] ...2   251.421853: sched_switch: prev_comm=swapper/0 prev_pid=0 prev_prio=120 prev_state=R ==> next_comm=ksoftirqd/0 next_pid=3 next_prio=120
     ksoftirqd/0-3     [000] ...2   251.421863: sched_switch: prev_comm=ksoftirqd/0 prev_pid=3 prev_prio=120 prev_state=S ==> next_comm=swapper/0 next_pid=0 next_prio=120
          <idle>-0     [000] ...2   251.421875: sched_switch: prev_comm=swapper/0 prev_pid=0 prev_prio=120 prev_state=R ==> next_comm=ksoftirqd/0 next_pid=3 next_prio=120
     ksoftirqd/0-3     [000] ...2   251.421882: sched_switch: prev_comm=ksoftirqd/0 prev_pid=3 prev_prio=120 prev_state=S ==> next_comm=swapper/0 next_pid=0 next_prio=120
          <idle>-0     [000] ...2   251.421892: sched_switch: prev_comm=swapper/0 prev_pid=0 prev_prio=120 prev_state=R ==> next_comm=ksoftirqd/0 next_pid=3 next_prio=120
     ksoftirqd/0-3     [000] ...2   251.421902: sched_switch: prev_comm=ksoftirqd/0 prev_pid=3 prev_prio=120 prev_state=S ==> next_comm=swapper/0 next_pid=0 next_prio=120
          <idle>-0     [000] ...2   251.422071: sched_switch: prev_comm=swapper/0 prev_pid=0 prev_prio=120 prev_state=R ==> next_comm=EventThread next_pid=377 next_prio=111
          <idle>-0     [001] ...2   251.422138: sched_switch: prev_comm=swapper/1 prev_pid=0 prev_prio=120 prev_state=R ==> next_comm=android.display next_pid=773 next_prio=116
           <...>-377   [000] ...2   251.422146: sched_switch: prev_comm=EventThread prev_pid=377 prev_prio=111 prev_state=S ==> next_comm=droid.launcher3 next_pid=1136 next_prio=120
           <...>-1136  [000] ...2   251.422367: sched_switch: prev_comm=droid.launcher3 prev_pid=1136 prev_prio=120 prev_state=S ==> next_comm=RenderThread next_pid=1370 next_prio=116
           <...>-1370  [000] ...2   251.422381: sched_switch: prev_comm=RenderThread prev_pid=1370 prev_prio=116 prev_state=R+ ==> next_comm=Binder_1 next_pid=237 next_prio=120
           <...>-773   [001] ...2   251.422392: sched_switch: prev_comm=android.display prev_pid=773 prev_prio=116 prev_state=D ==> next_comm=swapper/1 next_pid=0 next_prio=120
          <idle>-0     [001] ...2   251.422400: sched_switch: prev_comm=swapper/1 prev_pid=0 prev_prio=120 prev_state=R ==> next_comm=android.display next_pid=773 next_prio=116
           <...>-773   [001] ...2   251.422407: sched_switch: prev_comm=android.display prev_pid=773 prev_prio=116 prev_state=S ==> next_comm=swapper/1 next_pid=0 next_prio=120
          <idle>-0     [001] ...2   251.422482: sched_switch: prev_comm=swapper/1 prev_pid=0 prev_prio=120 prev_state=R ==> next_comm=android.display next_pid=773 next_prio=116
           <...>-237   [000] ...2   251.422499: sched_switch: prev_comm=Binder_1 prev_pid=237 prev_prio=120 prev_state=S ==> next_comm=RenderThread next_pid=1370 next_prio=116
           <...>-1370  [000] ...2   251.422533: sched_switch: prev_comm=RenderThread prev_pid=1370 prev_prio=116 prev_state=R+ ==> next_comm=logcat next_pid=797 next_prio=120
           <...>-773   [001] ...2   251.422553: sched_switch: prev_comm=android.display prev_pid=773 prev_prio=116 prev_state=S ==> next_comm=swapper/1 next_pid=0 next_prio=120
           <...>-797   [000] ...2   251.422644: sched_switch: prev_comm=logcat prev_pid=797 prev_prio=120 prev_state=S ==> next_comm=kworker/0:0 next_pid=4 next_prio=120
     kworker/0:0-4     [000] ...2   251.422661: sched_switch: prev_comm=kworker/0:0 prev_pid=4 prev_prio=120 prev_state=S ==> next_comm=RenderThread next_pid=1370 next_prio=116
          <idle>-0     [001] ...2   251.422662: sched_switch: prev_comm=swapper/1 prev_pid=0 prev_prio=120 prev_state=R ==> next_comm=adbd next_pid=781 next_prio=120
           <...>-1370  [000] ...2   251.422792: sched_switch: prev_comm=RenderThread prev_pid=1370 prev_prio=116 prev_state=R+ ==> next_comm=kworker/u:0 next_pid=6 next_prio=120
           <...>-6     [000] ...2   251.422799: sched_switch: prev_comm=kworker/u:0 prev_pid=6 prev_prio=120 prev_state=D ==> next_comm=RenderThread next_pid=1370 next_prio=116
           <...>-1370  [000] ...2   251.422821: sched_switch: prev_comm=RenderThread prev_pid=1370 prev_prio=116 prev_state=R+ ==> next_comm=kworker/u:0 next_pid=6 next_prio=120
           <...>-6     [000] ...2   251.422828: sched_switch: prev_comm=kworker/u:0 prev_pid=6 prev_prio=120 prev_state=D ==> next_comm=RenderThread next_pid=1370 next_prio=116
           <...>-1370  [000] ...2   251.422839: sched_switch: prev_comm=RenderThread prev_pid=1370 prev_prio=116 prev_state=R+ ==> next_comm=kworker/u:0 next_pid=6 next_prio=120
            adbd-781   [001] ...2   251.422854: sched_switch: prev_comm=adbd prev_pid=781 prev_prio=120 prev_state=S ==> next_comm=adbd next_pid=783 next_prio=120
           <...>-6     [000] ...2   251.422884: sched_switch: prev_comm=kworker/u:0 prev_pid=6 prev_prio=120 prev_state=S ==> next_comm=kworker/u:1 next_pid=21 next_prio=120
     kworker/u:1-21    [000] ...2   251.422889: sched_switch: prev_comm=kworker/u:1 prev_pid=21 prev_prio=120 prev_state=S ==> next_comm=RenderThread next_pid=1370 next_prio=116
            adbd-783   [001] ...2   251.422923: sched_switch: prev_comm=adbd prev_pid=783 prev_prio=120 prev_state=S ==> next_comm=swapper/1 next_pid=0 next_prio=120
          <idle>-0     [001] ...2   251.423351: sched_switch: prev_comm=swapper/1 prev_pid=0 prev_prio=120 prev_state=R ==> next_comm=adbd next_pid=784 next_prio=120
            adbd-784   [001] ...2   251.423388: sched_switch: prev_comm=adbd prev_pid=784 prev_prio=120 prev_state=S ==> next_comm=adbd next_pid=781 next_prio=120
            adbd-781   [001] ...2   251.423498: sched_switch: prev_comm=adbd prev_pid=781 prev_prio=120 prev_state=S ==> next_comm=adbd next_pid=783 next_prio=120
            adbd-783   [001] ...2   251.423504: sched_switch: prev_comm=adbd prev_pid=783 prev_prio=120 prev_state=S ==> next_comm=swapper/1 next_pid=0 next_prio=120
           <...>-1370  [000] ...2   251.423886: sched_switch: prev_comm=RenderThread prev_pid=1370 prev_prio=116 prev_state=R+ ==> next_comm=kworker/u:1 next_pid=21 next_prio=120
     kworker/u:1-21    [000] ...2   251.423893: sched_switch: prev_comm=kworker/u:1 prev_pid=21 prev_prio=120 prev_state=D ==> next_comm=RenderThread next_pid=1370 next_prio=116
           <...>-1370  [000] ...2   251.423912: sched_switch: prev_comm=RenderThread prev_pid=1370 prev_prio=116 prev_state=R+ ==> next_comm=kworker/u:1 next_pid=21 next_prio=120
     kworker/u:1-21    [000] ...2   251.423920: sched_switch: prev_comm=kworker/u:1 prev_pid=21 prev_prio=120 prev_state=D ==> next_comm=RenderThread next_pid=1370 next_prio=116
           <...>-1370  [000] ...2   251.423930: sched_switch: prev_comm=RenderThread prev_pid=1370 prev_prio=116 prev_state=R+ ==> next_comm=kworker/u:1 next_pid=21 next_prio=120
     kworker/u:1-21    [000] ...2   251.423975: sched_switch: prev_comm=kworker/u:1 prev_pid=21 prev_prio=120 prev_state=S ==> next_comm=kworker/u:0 next_pid=6 next_prio=120
           <...>-6     [000] ...2   251.423980: sched_switch: prev_comm=kworker/u:0 prev_pid=6 prev_prio=120 prev_state=S ==> next_comm=RenderThread next_pid=1370 next_prio=116
           <...>-1370  [000] ...2   251.424027: sched_switch: prev_comm=RenderThread prev_pid=1370 prev_prio=116 prev_state=R+ ==> next_comm=GL updater next_pid=4463 next_prio=110
           <...>-4463  [000] ...2   251.424036: sched_switch: prev_comm=GL updater prev_pid=4463 prev_prio=110 prev_state=S ==> next_comm=RenderThread next_pid=1370 next_prio=116
           <...>-1370  [000] ...2   251.424045: sched_switch: prev_comm=RenderThread prev_pid=1370 prev_prio=116 prev_state=R+ ==> next_comm=GL updater next_pid=4463 next_prio=110
           <...>-4463  [000] ...2   251.424081: sched_switch: prev_comm=GL updater prev_pid=4463 prev_prio=110 prev_state=R+ ==> next_comm=mmcqd/1 next_pid=116 next_prio=120
         mmcqd/1-116   [000] ...1   251.424095: block_rq_complete: 179,0 RA () 6590480 + 168 [0]
         mmcqd/1-116   [000] ...2   251.424134: sched_switch: prev_comm=mmcqd/1 prev_pid=116 prev_prio=120 prev_state=R+ ==> next_comm=kworker/0:1H next_pid=17 next_prio=100
    kworker/0:1H-17    [000] ...2   251.424142: sched_switch: prev_comm=kworker/0:1H prev_pid=17 prev_prio=100 prev_state=S ==> next_comm=ple.SqliteTrace next_pid=2242 next_prio=120
 ple.SqliteTrace-2242  [000] ...1   251.424463: tracing_mark_write: "EVENT":"DATABASE_OPEN_END"}

 ple.SqliteTrace-2242  [000] d..2   251.425275: block_rq_insert: 179,0 R 0 () 4103400 + 8 [ple.SqliteTrace]
 ple.SqliteTrace-2242  [000] ...2   251.425289: sched_switch: prev_comm=ple.SqliteTrace prev_pid=2242 prev_prio=120 prev_state=D|W ==> next_comm=mmcqd/1 next_pid=116 next_prio=120
         mmcqd/1-116   [000] ...2   251.425342: sched_switch: prev_comm=mmcqd/1 prev_pid=116 prev_prio=120 prev_state=S ==> next_comm=GL updater next_pid=4463 next_prio=110
           <...>-4463  [000] ...3   251.425522: sched_switch: prev_comm=GL updater prev_pid=4463 prev_prio=110 prev_state=x ==> next_comm=RenderThread next_pid=1370 next_prio=116
           <...>-1370  [000] ...2   251.425566: sched_switch: prev_comm=RenderThread prev_pid=1370 prev_prio=116 prev_state=R ==> next_comm=mmcqd/1 next_pid=116 next_prio=120
         mmcqd/1-116   [000] ...1   251.425577: block_rq_complete: 179,0 RA () 4103400 + 8 [0]
         mmcqd/1-116   [000] ...2   251.425596: sched_switch: prev_comm=mmcqd/1 prev_pid=116 prev_prio=120 prev_state=R+ ==> next_comm=kworker/0:1H next_pid=17 next_prio=100
    kworker/0:1H-17    [000] ...2   251.425604: sched_switch: prev_comm=kworker/0:1H prev_pid=17 prev_prio=100 prev_state=S ==> next_comm=ple.SqliteTrace next_pid=2242 next_prio=120
 ple.SqliteTrace-2242  [000] ...1   251.425901: tracing_mark_write: {"EVENT":"SELECT_START"}

 ple.SqliteTrace-2242  [000] d..2   251.426305: block_rq_insert: 179,0 R 0 () 6112032 + 8 [ple.SqliteTrace]
 ple.SqliteTrace-2242  [000] d..2   251.426309: block_rq_insert: 179,0 R 0 () 6128480 + 32 [ple.SqliteTrace]
 ple.SqliteTrace-2242  [000] ...2   251.426316: sched_switch: prev_comm=ple.SqliteTrace prev_pid=2242 prev_prio=120 prev_state=D|W ==> next_comm=mmcqd/1 next_pid=116 next_prio=120
         mmcqd/1-116   [000] ...2   251.426372: sched_switch: prev_comm=mmcqd/1 prev_pid=116 prev_prio=120 prev_state=S ==> next_comm=RenderThread next_pid=1370 next_prio=116
           <...>-1370  [000] ...2   251.426522: sched_switch: prev_comm=RenderThread prev_pid=1370 prev_prio=116 prev_state=R+ ==> next_comm=Binder_5 next_pid=1581 next_prio=120
           <...>-1581  [000] ...2   251.426531: sched_switch: prev_comm=Binder_5 prev_pid=1581 prev_prio=120 prev_state=D ==> next_comm=RenderThread next_pid=1370 next_prio=116
           <...>-1370  [000] ...2   251.426539: sched_switch: prev_comm=RenderThread prev_pid=1370 prev_prio=116 prev_state=R+ ==> next_comm=Binder_5 next_pid=1581 next_prio=120
          <idle>-0     [001] ...2   251.431074: sched_switch: prev_comm=swapper/1 prev_pid=0 prev_prio=120 prev_state=R ==> next_comm=kworker/u:0 next_pid=6 next_prio=120
           <...>-1581  [000] ...2   251.431089: sched_switch: prev_comm=Binder_5 prev_pid=1581 prev_prio=116 prev_state=R+ ==> next_comm=mpdecision next_pid=1599 next_prio=113
           <...>-6     [001] ...2   251.431091: sched_switch: prev_comm=kworker/u:0 prev_pid=6 prev_prio=120 prev_state=S ==> next_comm=logcat next_pid=797 next_prio=120
           <...>-797   [001] ...2   251.431109: sched_switch: prev_comm=logcat prev_pid=797 prev_prio=120 prev_state=S ==> next_comm=ksoftirqd/1 next_pid=4540 next_prio=120
           <...>-4540  [001] ...2   251.431117: sched_switch: prev_comm=ksoftirqd/1 prev_pid=4540 prev_prio=120 prev_state=S ==> next_comm=RenderThread next_pid=1370 next_prio=116
           <...>-1370  [001] ...2   251.431144: sched_switch: prev_comm=RenderThread prev_pid=1370 prev_prio=116 prev_state=S ==> next_comm=mmcqd/1 next_pid=116 next_prio=120
         mmcqd/1-116   [001] ...1   251.431170: block_rq_complete: 179,0 RA () 6112032 + 8 [0]
         mmcqd/1-116   [001] ...2   251.431191: sched_switch: prev_comm=mmcqd/1 prev_pid=116 prev_prio=120 prev_state=S ==> next_comm=ple.SqliteTrace next_pid=2242 next_prio=120
 ple.SqliteTrace-2242  [001] ...2   251.431223: sched_switch: prev_comm=ple.SqliteTrace prev_pid=2242 prev_prio=120 prev_state=D|W ==> next_comm=swapper/1 next_pid=0 next_prio=120
          <idle>-0     [001] ...2   251.431245: sched_switch: prev_comm=swapper/1 prev_pid=0 prev_prio=120 prev_state=R ==> next_comm=ksoftirqd/1 next_pid=4540 next_prio=120
           <...>-4540  [001] ...2   251.431255: sched_switch: prev_comm=ksoftirqd/1 prev_pid=4540 prev_prio=120 prev_state=S ==> next_comm=swapper/1 next_pid=0 next_prio=120
          <idle>-0     [001] ...2   251.431271: sched_switch: prev_comm=swapper/1 prev_pid=0 prev_prio=120 prev_state=R ==> next_comm=ksoftirqd/1 next_pid=4540 next_prio=120
           <...>-4540  [001] ...2   251.431281: sched_switch: prev_comm=ksoftirqd/1 prev_pid=4540 prev_prio=120 prev_state=S ==> next_comm=swapper/1 next_pid=0 next_prio=120
      mpdecision-1599  [000] ...2   251.431338: sched_switch: prev_comm=mpdecision prev_pid=1599 prev_prio=113 prev_state=S ==> next_comm=Binder_5 next_pid=1581 next_prio=116
          <idle>-0     [001] ...2   251.431512: sched_switch: prev_comm=swapper/1 prev_pid=0 prev_prio=120 prev_state=R ==> next_comm=mmcqd/1 next_pid=116 next_prio=120
         mmcqd/1-116   [001] ...1   251.431529: block_rq_complete: 179,0 RA () 6128480 + 32 [0]
         mmcqd/1-116   [001] ...2   251.431548: sched_switch: prev_comm=mmcqd/1 prev_pid=116 prev_prio=120 prev_state=R+ ==> next_comm=kworker/1:0H next_pid=4539 next_prio=100
           <...>-4539  [001] ...2   251.431557: sched_switch: prev_comm=kworker/1:0H prev_pid=4539 prev_prio=100 prev_state=S ==> next_comm=ple.SqliteTrace next_pid=2242 next_prio=120
 ple.SqliteTrace-2242  [001] ...1   251.434484: tracing_mark_write: {"EVENT":"SELECT_END"}

 ple.SqliteTrace-2242  [001] ...1   251.434885: tracing_mark_write: {"EVENT":"INSERT_START"}

 ple.SqliteTrace-2242  [001] d..2   251.435378: block_rq_insert: 179,0 WS 0 () 6111984 + 8 [ple.SqliteTrace]
 ple.SqliteTrace-2242  [001] d..2   251.435382: block_rq_insert: 179,0 WS 0 () 6112016 + 16 [ple.SqliteTrace]
 ple.SqliteTrace-2242  [001] ...2   251.435394: sched_switch: prev_comm=ple.SqliteTrace prev_pid=2242 prev_prio=120 prev_state=D ==> next_comm=mmcqd/1 next_pid=116 next_prio=120
         mmcqd/1-116   [001] ...2   251.435464: sched_switch: prev_comm=mmcqd/1 prev_pid=116 prev_prio=120 prev_state=S ==> next_comm=vmalloc next_pid=28 next_prio=120
           <...>-28    [001] ...2   251.435479: sched_switch: prev_comm=vmalloc prev_pid=28 prev_prio=120 prev_state=S ==> next_comm=swapper/1 next_pid=0 next_prio=120
          <idle>-0     [001] ...2   251.436411: sched_switch: prev_comm=swapper/1 prev_pid=0 prev_prio=120 prev_state=R ==> next_comm=vmalloc next_pid=28 next_prio=120
           <...>-28    [001] ...2   251.436425: sched_switch: prev_comm=vmalloc prev_pid=28 prev_prio=120 prev_state=S ==> next_comm=swapper/1 next_pid=0 next_prio=120
          <idle>-0     [001] ...2   251.436481: sched_switch: prev_comm=swapper/1 prev_pid=0 prev_prio=120 prev_state=R ==> next_comm=mmcqd/1 next_pid=116 next_prio=120
         mmcqd/1-116   [001] ...2   251.436498: sched_switch: prev_comm=mmcqd/1 prev_pid=116 prev_prio=120 prev_state=D ==> next_comm=Binder_1 next_pid=1162 next_prio=120
           <...>-1162  [001] ...2   251.436509: sched_switch: prev_comm=Binder_1 prev_pid=1162 prev_prio=120 prev_state=D ==> next_comm=mmcqd/1 next_pid=116 next_prio=120
         mmcqd/1-116   [001] ...1   251.436534: block_rq_complete: 179,0 WAS () 6112016 + 16 [0]
         mmcqd/1-116   [001] ...2   251.436554: sched_switch: prev_comm=mmcqd/1 prev_pid=116 prev_prio=120 prev_state=S ==> next_comm=Binder_1 next_pid=1162 next_prio=120
           <...>-1581  [000] ...2   251.436573: sched_switch: prev_comm=Binder_5 prev_pid=1581 prev_prio=120 prev_state=S ==> next_comm=RenderThread next_pid=1370 next_prio=116
           <...>-1370  [000] ...2   251.436584: sched_switch: prev_comm=RenderThread prev_pid=1370 prev_prio=116 prev_state=R+ ==> next_comm=Binder_2 next_pid=1166 next_prio=120
           <...>-1166  [000] ...2   251.436591: sched_switch: prev_comm=Binder_2 prev_pid=1166 prev_prio=120 prev_state=D ==> next_comm=RenderThread next_pid=1370 next_prio=116
           <...>-1162  [001] ...2   251.436591: sched_switch: prev_comm=Binder_1 prev_pid=1162 prev_prio=120 prev_state=D ==> next_comm=Binder_3 next_pid=1560 next_prio=120
           <...>-1370  [000] ...2   251.436599: sched_switch: prev_comm=RenderThread prev_pid=1370 prev_prio=116 prev_state=R+ ==> next_comm=Binder_1 next_pid=1162 next_prio=120
           <...>-1162  [000] ...2   251.436608: sched_switch: prev_comm=Binder_1 prev_pid=1162 prev_prio=120 prev_state=S ==> next_comm=Binder_2 next_pid=1166 next_prio=120
           <...>-1166  [000] ...2   251.436614: sched_switch: prev_comm=Binder_2 prev_pid=1166 prev_prio=120 prev_state=S ==> next_comm=RenderThread next_pid=1370 next_prio=116
        Binder_3-1560  [001] ...2   251.436632: sched_switch: prev_comm=Binder_3 prev_pid=1560 prev_prio=120 prev_state=S ==> next_comm=swapper/1 next_pid=0 next_prio=120
          <idle>-0     [001] ...2   251.436726: sched_switch: prev_comm=swapper/1 prev_pid=0 prev_prio=120 prev_state=R ==> next_comm=kworker/u:0 next_pid=6 next_prio=120
           <...>-1370  [000] ...2   251.436757: sched_switch: prev_comm=RenderThread prev_pid=1370 prev_prio=116 prev_state=R ==> next_comm=kworker/u:1 next_pid=21 next_prio=120
     kworker/u:1-21    [000] ...2   251.436763: sched_switch: prev_comm=kworker/u:1 prev_pid=21 prev_prio=120 prev_state=S ==> next_comm=RenderThread next_pid=1370 next_prio=116
           <...>-1370  [000] ...2   251.436770: sched_switch: prev_comm=RenderThread prev_pid=1370 prev_prio=116 prev_state=R ==> next_comm=kworker/u:1 next_pid=21 next_prio=120
     kworker/u:1-21    [000] ...2   251.436775: sched_switch: prev_comm=kworker/u:1 prev_pid=21 prev_prio=120 prev_state=S ==> next_comm=RenderThread next_pid=1370 next_prio=116
           <...>-6     [001] ...2   251.436803: sched_switch: prev_comm=kworker/u:0 prev_pid=6 prev_prio=120 prev_state=S ==> next_comm=swapper/1 next_pid=0 next_prio=120
           <...>-1370  [000] ...2   251.436832: sched_switch: prev_comm=RenderThread prev_pid=1370 prev_prio=116 prev_state=S ==> next_comm=droid.launcher3 next_pid=1136 next_prio=120
           <...>-1136  [000] ...2   251.436911: sched_switch: prev_comm=droid.launcher3 prev_pid=1136 prev_prio=120 prev_state=S ==> next_comm=RenderThread next_pid=1370 next_prio=116
           <...>-1370  [000] ...2   251.436940: sched_switch: prev_comm=RenderThread prev_pid=1370 prev_prio=116 prev_state=S ==> next_comm=droid.launcher3 next_pid=1136 next_prio=120
          <idle>-0     [001] ...2   251.437009: sched_switch: prev_comm=swapper/1 prev_pid=0 prev_prio=120 prev_state=R ==> next_comm=Binder_2 next_pid=719 next_prio=120
           <...>-1136  [000] ...2   251.437013: sched_switch: prev_comm=droid.launcher3 prev_pid=1136 prev_prio=120 prev_state=S ==> next_comm=swapper/0 next_pid=0 next_prio=120
          <idle>-0     [000] ...2   251.437033: sched_switch: prev_comm=swapper/0 prev_pid=0 prev_prio=120 prev_state=R ==> next_comm=ksoftirqd/0 next_pid=3 next_prio=120
     ksoftirqd/0-3     [000] ...2   251.437040: sched_switch: prev_comm=ksoftirqd/0 prev_pid=3 prev_prio=120 prev_state=S ==> next_comm=swapper/0 next_pid=0 next_prio=120
          <idle>-0     [000] ...2   251.437057: sched_switch: prev_comm=swapper/0 prev_pid=0 prev_prio=120 prev_state=R ==> next_comm=ksoftirqd/0 next_pid=3 next_prio=120
     ksoftirqd/0-3     [000] ...2   251.437063: sched_switch: prev_comm=ksoftirqd/0 prev_pid=3 prev_prio=120 prev_state=S ==> next_comm=swapper/0 next_pid=0 next_prio=120
          <idle>-0     [000] ...2   251.437076: sched_switch: prev_comm=swapper/0 prev_pid=0 prev_prio=120 prev_state=R ==> next_comm=ksoftirqd/0 next_pid=3 next_prio=120
     ksoftirqd/0-3     [000] ...2   251.437081: sched_switch: prev_comm=ksoftirqd/0 prev_pid=3 prev_prio=120 prev_state=S ==> next_comm=swapper/0 next_pid=0 next_prio=120
          <idle>-0     [000] ...2   251.437168: sched_switch: prev_comm=swapper/0 prev_pid=0 prev_prio=120 prev_state=R ==> next_comm=mmcqd/1 next_pid=116 next_prio=120
         mmcqd/1-116   [000] ...2   251.437194: sched_switch: prev_comm=mmcqd/1 prev_pid=116 prev_prio=120 prev_state=R ==> next_comm=swapper/0 next_pid=0 next_prio=120
          <idle>-0     [000] ...2   251.437197: sched_switch: prev_comm=swapper/0 prev_pid=0 prev_prio=120 prev_state=R ==> next_comm=mmcqd/1 next_pid=116 next_prio=120
         mmcqd/1-116   [000] ...1   251.437206: block_rq_complete: 179,0 WAS () 6111984 + 8 [0]
           <...>-719   [001] ...2   251.437226: sched_switch: prev_comm=Binder_2 prev_pid=719 prev_prio=120 prev_state=S ==> next_comm=Binder_3 next_pid=863 next_prio=120
         mmcqd/1-116   [000] ...2   251.437231: sched_switch: prev_comm=mmcqd/1 prev_pid=116 prev_prio=120 prev_state=R+ ==> next_comm=kworker/0:1H next_pid=17 next_prio=100
    kworker/0:1H-17    [000] ...2   251.437239: sched_switch: prev_comm=kworker/0:1H prev_pid=17 prev_prio=100 prev_state=S ==> next_comm=mmcqd/1 next_pid=116 next_prio=120
         mmcqd/1-116   [000] ...2   251.437249: sched_switch: prev_comm=mmcqd/1 prev_pid=116 prev_prio=120 prev_state=S ==> next_comm=swapper/0 next_pid=0 next_prio=120
          <idle>-0     [000] ...2   251.437293: sched_switch: prev_comm=swapper/0 prev_pid=0 prev_prio=120 prev_state=R ==> next_comm=EventThread next_pid=379 next_prio=111
           <...>-379   [000] ...2   251.437327: sched_switch: prev_comm=EventThread prev_pid=379 prev_prio=111 prev_state=D ==> next_comm=DispSync next_pid=238 next_prio=111
           <...>-863   [001] ...2   251.437334: sched_switch: prev_comm=Binder_3 prev_pid=863 prev_prio=120 prev_state=S ==> next_comm=ple.SqliteTrace next_pid=2242 next_prio=120
           <...>-238   [000] ...2   251.437343: sched_switch: prev_comm=DispSync prev_pid=238 prev_prio=111 prev_state=S ==> next_comm=EventThread next_pid=379 next_prio=111
 ple.SqliteTrace-2242  [001] d..2   251.437350: block_rq_insert: 179,0 FWS 0 () 0 + 0 [ple.SqliteTrace]
 ple.SqliteTrace-2242  [001] ...2   251.437362: sched_switch: prev_comm=ple.SqliteTrace prev_pid=2242 prev_prio=120 prev_state=D ==> next_comm=mmcqd/1 next_pid=116 next_prio=120
           <...>-379   [000] ...2   251.437373: sched_switch: prev_comm=EventThread prev_pid=379 prev_prio=111 prev_state=S ==> next_comm=Binder_D next_pid=1770 next_prio=120
         mmcqd/1-116   [001] ...2   251.437382: sched_switch: prev_comm=mmcqd/1 prev_pid=116 prev_prio=120 prev_state=D ==> next_comm=Binder_2 next_pid=719 next_prio=120
           <...>-1770  [000] ...2   251.437462: sched_switch: prev_comm=Binder_D prev_pid=1770 prev_prio=120 prev_state=S ==> next_comm=Binder_4 next_pid=1443 next_prio=120
           <...>-1443  [000] ...2   251.437505: sched_switch: prev_comm=Binder_4 prev_pid=1443 prev_prio=120 prev_state=S ==> next_comm=swapper/0 next_pid=0 next_prio=120
          <idle>-0     [000] ...2   251.437671: sched_switch: prev_comm=swapper/0 prev_pid=0 prev_prio=120 prev_state=R ==> next_comm=Binder_2 next_pid=239 next_prio=120
           <...>-719   [001] ...2   251.437676: sched_switch: prev_comm=Binder_2 prev_pid=719 prev_prio=120 prev_state=S ==> next_comm=mmcqd/1 next_pid=116 next_prio=120
         mmcqd/1-116   [001] ...2   251.437690: sched_switch: prev_comm=mmcqd/1 prev_pid=116 prev_prio=120 prev_state=D ==> next_comm=swapper/1 next_pid=0 next_prio=120
          <idle>-0     [001] ...2   251.437706: sched_switch: prev_comm=swapper/1 prev_pid=0 prev_prio=120 prev_state=R ==> next_comm=mmcqd/1 next_pid=116 next_prio=120
         mmcqd/1-116   [001] d..2   251.437713: block_rq_complete: 179,0 WS () 0 + 0 [0]
         mmcqd/1-116   [001] ...2   251.437733: sched_switch: prev_comm=mmcqd/1 prev_pid=116 prev_prio=120 prev_state=S ==> next_comm=ple.SqliteTrace next_pid=2242 next_prio=120
           <...>-239   [000] ...2   251.437748: sched_switch: prev_comm=Binder_2 prev_pid=239 prev_prio=120 prev_state=S ==> next_comm=Binder_2 next_pid=719 next_prio=120
 ple.SqliteTrace-2242  [001] ...2   251.437774: sched_switch: prev_comm=ple.SqliteTrace prev_pid=2242 prev_prio=120 prev_state=D ==> next_comm=jbd2/mmcblk0p28 next_pid=135 next_prio=120
           <...>-135   [001] d..2   251.437820: block_rq_insert: 179,0 WS 0 () 4512704 + 16 [jbd2/mmcblk0p28]
           <...>-135   [001] ...2   251.437836: sched_switch: prev_comm=jbd2/mmcblk0p28 prev_pid=135 prev_prio=120 prev_state=D ==> next_comm=mmcqd/1 next_pid=116 next_prio=120
         mmcqd/1-116   [001] ...2   251.437873: sched_switch: prev_comm=mmcqd/1 prev_pid=116 prev_prio=120 prev_state=S ==> next_comm=swapper/1 next_pid=0 next_prio=120
          <idle>-0     [001] ...2   251.438013: sched_switch: prev_comm=swapper/1 prev_pid=0 prev_prio=120 prev_state=R ==> next_comm=InputDispatcher next_pid=809 next_prio=112
           <...>-809   [001] ...2   251.438043: sched_switch: prev_comm=InputDispatcher prev_pid=809 prev_prio=112 prev_state=S ==> next_comm=swapper/1 next_pid=0 next_prio=120
           <...>-719   [000] ...2   251.438095: sched_switch: prev_comm=Binder_2 prev_pid=719 prev_prio=120 prev_state=S ==> next_comm=Binder_1 next_pid=237 next_prio=120
           <...>-237   [000] ...2   251.438178: sched_switch: prev_comm=Binder_1 prev_pid=237 prev_prio=120 prev_state=S ==> next_comm=Binder_2 next_pid=719 next_prio=120
          <idle>-0     [001] ...2   251.438234: sched_switch: prev_comm=swapper/1 prev_pid=0 prev_prio=120 prev_state=R ==> next_comm=android.display next_pid=773 next_prio=116
           <...>-773   [001] ...2   251.438339: sched_switch: prev_comm=android.display prev_pid=773 prev_prio=116 prev_state=S ==> next_comm=swapper/1 next_pid=0 next_prio=120
          <idle>-0     [001] ...2   251.438441: sched_switch: prev_comm=swapper/1 prev_pid=0 prev_prio=120 prev_state=R ==> next_comm=InputDispatcher next_pid=809 next_prio=112
           <...>-809   [001] ...2   251.438464: sched_switch: prev_comm=InputDispatcher prev_pid=809 prev_prio=112 prev_state=S ==> next_comm=swapper/1 next_pid=0 next_prio=120
           <...>-719   [000] ...2   251.438531: sched_switch: prev_comm=Binder_2 prev_pid=719 prev_prio=120 prev_state=S ==> next_comm=Binder_5 next_pid=1581 next_prio=120
          <idle>-0     [001] ...2   251.438589: sched_switch: prev_comm=swapper/1 prev_pid=0 prev_prio=120 prev_state=R ==> next_comm=mmcqd/1 next_pid=116 next_prio=120
           <...>-1581  [000] ...2   251.438599: sched_switch: prev_comm=Binder_5 prev_pid=1581 prev_prio=120 prev_state=S ==> next_comm=EventThread next_pid=377 next_prio=111
         mmcqd/1-116   [001] ...2   251.438604: sched_switch: prev_comm=mmcqd/1 prev_pid=116 prev_prio=120 prev_state=D ==> next_comm=swapper/1 next_pid=0 next_prio=120
