           <...>-2616  [001] ...2   150.777825: sched_switch: prev_comm=main prev_pid=2616 prev_prio=120 prev_state=R+ ==> next_comm=main next_pid=2614 next_prio=120
           <...>-2614  [001] ...2   150.777882: sched_switch: prev_comm=main prev_pid=2614 prev_prio=120 prev_state=D ==> next_comm=main next_pid=2616 next_prio=120
           <...>-2616  [001] ...2   150.777890: sched_switch: prev_comm=main prev_pid=2616 prev_prio=120 prev_state=R ==> next_comm=main next_pid=2614 next_prio=120
           <...>-2614  [001] ...2   150.777906: sched_switch: prev_comm=main prev_pid=2614 prev_prio=120 prev_state=D ==> next_comm=main next_pid=2616 next_prio=120
           <...>-2616  [001] ...2   150.777912: sched_switch: prev_comm=main prev_pid=2616 prev_prio=120 prev_state=R+ ==> next_comm=main next_pid=2614 next_prio=120
           <...>-2615  [000] ...2   150.777954: sched_switch: prev_comm=main prev_pid=2615 prev_prio=120 prev_state=S ==> next_comm=swapper/0 next_pid=0 next_prio=120
          <idle>-0     [000] ...2   150.777970: sched_switch: prev_comm=swapper/0 prev_pid=0 prev_prio=120 prev_state=R ==> next_comm=ksoftirqd/0 next_pid=3 next_prio=120
     ksoftirqd/0-3     [000] ...2   150.777977: sched_switch: prev_comm=ksoftirqd/0 prev_pid=3 prev_prio=120 prev_state=S ==> next_comm=swapper/0 next_pid=0 next_prio=120
          <idle>-0     [000] ...2   150.777992: sched_switch: prev_comm=swapper/0 prev_pid=0 prev_prio=120 prev_state=R ==> next_comm=ksoftirqd/0 next_pid=3 next_prio=120
     ksoftirqd/0-3     [000] ...2   150.777998: sched_switch: prev_comm=ksoftirqd/0 prev_pid=3 prev_prio=120 prev_state=S ==> next_comm=swapper/0 next_pid=0 next_prio=120
          <idle>-0     [000] ...2   150.778012: sched_switch: prev_comm=swapper/0 prev_pid=0 prev_prio=120 prev_state=R ==> next_comm=ksoftirqd/0 next_pid=3 next_prio=120
     ksoftirqd/0-3     [000] ...2   150.778018: sched_switch: prev_comm=ksoftirqd/0 prev_pid=3 prev_prio=120 prev_state=S ==> next_comm=swapper/0 next_pid=0 next_prio=120
          <idle>-0     [000] ...2   150.778285: sched_switch: prev_comm=swapper/0 prev_pid=0 prev_prio=120 prev_state=R ==> next_comm=main next_pid=2615 next_prio=120
           <...>-2614  [001] ...2   150.778296: sched_switch: prev_comm=Heap thread poo prev_pid=2614 prev_prio=120 prev_state=S ==> next_comm=main next_pid=2616 next_prio=120
           <...>-2616  [001] ...2   150.778316: sched_switch: prev_comm=main prev_pid=2616 prev_prio=120 prev_state=S ==> next_comm=swapper/1 next_pid=0 next_prio=120
          <idle>-0     [001] ...2   150.778330: sched_switch: prev_comm=swapper/1 prev_pid=0 prev_prio=120 prev_state=R ==> next_comm=ksoftirqd/1 next_pid=2598 next_prio=120
           <...>-2598  [001] ...2   150.778338: sched_switch: prev_comm=ksoftirqd/1 prev_pid=2598 prev_prio=120 prev_state=S ==> next_comm=swapper/1 next_pid=0 next_prio=120
          <idle>-0     [001] ...2   150.778352: sched_switch: prev_comm=swapper/1 prev_pid=0 prev_prio=120 prev_state=R ==> next_comm=ksoftirqd/1 next_pid=2598 next_prio=120
           <...>-2598  [001] ...2   150.778358: sched_switch: prev_comm=ksoftirqd/1 prev_pid=2598 prev_prio=120 prev_state=S ==> next_comm=swapper/1 next_pid=0 next_prio=120
          <idle>-0     [001] ...2   150.778634: sched_switch: prev_comm=swapper/1 prev_pid=0 prev_prio=120 prev_state=R ==> next_comm=main next_pid=2616 next_prio=120
           <...>-2615  [000] ...2   150.778643: sched_switch: prev_comm=Heap thread poo prev_pid=2615 prev_prio=120 prev_state=S ==> next_comm=swapper/0 next_pid=0 next_prio=120
          <idle>-0     [000] ...2   150.779011: sched_switch: prev_comm=swapper/0 prev_pid=0 prev_prio=120 prev_state=R ==> next_comm=main next_pid=2607 next_prio=120
           <...>-2616  [001] ...2   150.779018: sched_switch: prev_comm=Heap thread poo prev_pid=2616 prev_prio=120 prev_state=S ==> next_comm=swapper/1 next_pid=0 next_prio=120
          <idle>-0     [001] ...2   150.779026: sched_switch: prev_comm=swapper/1 prev_pid=0 prev_prio=120 prev_state=R ==> next_comm=Heap thread poo next_pid=2614 next_prio=120
           <...>-2607  [000] ...2   150.779036: sched_switch: prev_comm=main prev_pid=2607 prev_prio=120 prev_state=D ==> next_comm=swapper/0 next_pid=0 next_prio=120
          <idle>-0     [000] ...2   150.779040: sched_switch: prev_comm=swapper/0 prev_pid=0 prev_prio=120 prev_state=R ==> next_comm=main next_pid=2607 next_prio=120
           <...>-2607  [000] ...2   150.779049: sched_switch: prev_comm=main prev_pid=2607 prev_prio=120 prev_state=D ==> next_comm=Heap thread poo next_pid=2615 next_prio=120
           <...>-2615  [000] ...2   150.779054: sched_switch: prev_comm=Heap thread poo prev_pid=2615 prev_prio=120 prev_state=R ==> next_comm=main next_pid=2607 next_prio=120
           <...>-2614  [001] ...2   150.779057: sched_switch: prev_comm=Heap thread poo prev_pid=2614 prev_prio=120 prev_state=D ==> next_comm=swapper/1 next_pid=0 next_prio=120
          <idle>-0     [001] ...2   150.779073: sched_switch: prev_comm=swapper/1 prev_pid=0 prev_prio=120 prev_state=R ==> next_comm=Heap thread poo next_pid=2614 next_prio=120
           <...>-2614  [001] ...2   150.779082: sched_switch: prev_comm=Heap thread poo prev_pid=2614 prev_prio=120 prev_state=S ==> next_comm=swapper/1 next_pid=0 next_prio=120
          <idle>-0     [001] ...2   150.779086: sched_switch: prev_comm=swapper/1 prev_pid=0 prev_prio=120 prev_state=R ==> next_comm=main next_pid=2617 next_prio=120
           <...>-2607  [000] ...2   150.779095: sched_switch: prev_comm=main prev_pid=2607 prev_prio=120 prev_state=D ==> next_comm=Heap thread poo next_pid=2615 next_prio=120
           <...>-2615  [000] ...2   150.779100: sched_switch: prev_comm=Heap thread poo prev_pid=2615 prev_prio=120 prev_state=R ==> next_comm=main next_pid=2607 next_prio=120
           <...>-2607  [000] ...2   150.779109: sched_switch: prev_comm=main prev_pid=2607 prev_prio=120 prev_state=S ==> next_comm=Heap thread poo next_pid=2615 next_prio=120
           <...>-2615  [000] ...2   150.779124: sched_switch: prev_comm=Heap thread poo prev_pid=2615 prev_prio=120 prev_state=S ==> next_comm=swapper/0 next_pid=0 next_prio=120
          <idle>-0     [000] ...2   150.779521: sched_switch: prev_comm=swapper/0 prev_pid=0 prev_prio=120 prev_state=R ==> next_comm=main next_pid=2607 next_prio=120
           <...>-2617  [001] ...2   150.779522: sched_switch: prev_comm=Signal Catcher prev_pid=2617 prev_prio=120 prev_state=S ==> next_comm=swapper/1 next_pid=0 next_prio=120
          <idle>-0     [001] ...2   150.779585: sched_switch: prev_comm=swapper/1 prev_pid=0 prev_prio=120 prev_state=R ==> next_comm=main next_pid=2618 next_prio=120
           <...>-2607  [000] ...2   150.779591: sched_switch: prev_comm=main prev_pid=2607 prev_prio=120 prev_state=S ==> next_comm=swapper/0 next_pid=0 next_prio=120
          <idle>-0     [000] ...2   150.780008: sched_switch: prev_comm=swapper/0 prev_pid=0 prev_prio=120 prev_state=R ==> next_comm=main next_pid=2607 next_prio=120
           <...>-2618  [001] ...2   150.780063: sched_switch: prev_comm=JDWP prev_pid=2618 prev_prio=120 prev_state=R+ ==> next_comm=adbd next_pid=781 next_prio=120
           <...>-2607  [000] d..2   150.780163: block_rq_insert: 179,0 R 0 () 4067352 + 8 [main]
           <...>-2607  [000] d..2   150.780167: block_rq_insert: 179,0 R 0 () 4067368 + 8 [main]
           <...>-2607  [000] ...2   150.780180: sched_switch: prev_comm=main prev_pid=2607 prev_prio=120 prev_state=D|W ==> next_comm=mmcqd/1 next_pid=116 next_prio=120
            adbd-781   [001] ...2   150.780217: sched_switch: prev_comm=adbd prev_pid=781 prev_prio=120 prev_state=S ==> next_comm=JDWP next_pid=2618 next_prio=120
         mmcqd/1-116   [000] ...2   150.780231: sched_switch: prev_comm=mmcqd/1 prev_pid=116 prev_prio=120 prev_state=S ==> next_comm=swapper/0 next_pid=0 next_prio=120
           <...>-2618  [001] ...2   150.780237: sched_switch: prev_comm=JDWP prev_pid=2618 prev_prio=120 prev_state=R+ ==> next_comm=adbd next_pid=781 next_prio=120
          <idle>-0     [000] ...2   150.780349: sched_switch: prev_comm=swapper/0 prev_pid=0 prev_prio=120 prev_state=R ==> next_comm=adbd next_pid=783 next_prio=120
            adbd-781   [001] ...2   150.780388: sched_switch: prev_comm=adbd prev_pid=781 prev_prio=120 prev_state=S ==> next_comm=JDWP next_pid=2618 next_prio=120
           <...>-2618  [001] ...2   150.780399: sched_switch: prev_comm=JDWP prev_pid=2618 prev_prio=120 prev_state=S ==> next_comm=swapper/1 next_pid=0 next_prio=120
            adbd-783   [000] ...2   150.780411: sched_switch: prev_comm=adbd prev_pid=783 prev_prio=120 prev_state=S ==> next_comm=swapper/0 next_pid=0 next_prio=120
          <idle>-0     [000] ...2   150.780455: sched_switch: prev_comm=swapper/0 prev_pid=0 prev_prio=120 prev_state=R ==> next_comm=mmcqd/1 next_pid=116 next_prio=120
         mmcqd/1-116   [000] ...1   150.780482: block_rq_complete: 179,0 RA () 4067352 + 8 [0]
         mmcqd/1-116   [000] ...2   150.780496: sched_switch: prev_comm=mmcqd/1 prev_pid=116 prev_prio=120 prev_state=S ==> next_comm=swapper/0 next_pid=0 next_prio=120
          <idle>-0     [000] ...2   150.780734: sched_switch: prev_comm=swapper/0 prev_pid=0 prev_prio=120 prev_state=R ==> next_comm=mmcqd/1 next_pid=116 next_prio=120
         mmcqd/1-116   [000] ...1   150.780744: block_rq_complete: 179,0 RA () 4067368 + 8 [0]
         mmcqd/1-116   [000] ...2   150.780761: sched_switch: prev_comm=mmcqd/1 prev_pid=116 prev_prio=120 prev_state=R+ ==> next_comm=kworker/0:1H next_pid=17 next_prio=100
    kworker/0:1H-17    [000] ...2   150.780779: sched_switch: prev_comm=kworker/0:1H prev_pid=17 prev_prio=100 prev_state=S ==> next_comm=mmcqd/1 next_pid=116 next_prio=120
         mmcqd/1-116   [000] ...2   150.780789: sched_switch: prev_comm=mmcqd/1 prev_pid=116 prev_prio=120 prev_state=S ==> next_comm=main next_pid=2607 next_prio=120
          <idle>-0     [001] ...2   150.781055: sched_switch: prev_comm=swapper/1 prev_pid=0 prev_prio=120 prev_state=R ==> next_comm=kworker/1:0H next_pid=2597 next_prio=100
           <...>-2597  [001] ...2   150.781076: sched_switch: prev_comm=kworker/1:0H prev_pid=2597 prev_prio=100 prev_state=D ==> next_comm=ksoftirqd/1 next_pid=2598 next_prio=120
           <...>-2598  [001] ...2   150.781082: sched_switch: prev_comm=ksoftirqd/1 prev_pid=2598 prev_prio=120 prev_state=S ==> next_comm=kworker/1:1H next_pid=2600 next_prio=100
           <...>-2600  [001] ...2   150.781184: sched_switch: prev_comm=kworker/1:1H prev_pid=2600 prev_prio=100 prev_state=S ==> next_comm=kworker/1:0H next_pid=2597 next_prio=100
           <...>-2607  [000] d..2   150.781196: block_rq_insert: 179,0 R 0 () 3993912 + 8 [main]
           <...>-2597  [001] ...2   150.781197: sched_switch: prev_comm=kworker/1:0H prev_pid=2597 prev_prio=100 prev_state=S ==> next_comm=swapper/1 next_pid=0 next_prio=120
           <...>-2607  [000] d..2   150.781199: block_rq_insert: 179,0 R 0 () 3993944 + 16 [main]
           <...>-2607  [000] d..2   150.781201: block_rq_insert: 179,0 R 0 () 3993968 + 72 [main]
           <...>-2607  [000] ...2   150.781212: sched_switch: prev_comm=main prev_pid=2607 prev_prio=120 prev_state=D|W ==> next_comm=adbd next_pid=784 next_prio=120
          <idle>-0     [001] ...2   150.781221: sched_switch: prev_comm=swapper/1 prev_pid=0 prev_prio=120 prev_state=R ==> next_comm=ksoftirqd/1 next_pid=2598 next_prio=120
           <...>-2598  [001] ...2   150.781231: sched_switch: prev_comm=ksoftirqd/1 prev_pid=2598 prev_prio=120 prev_state=S ==> next_comm=swapper/1 next_pid=0 next_prio=120
          <idle>-0     [001] ...2   150.781237: sched_switch: prev_comm=swapper/1 prev_pid=0 prev_prio=120 prev_state=R ==> next_comm=adbd next_pid=781 next_prio=120
            adbd-784   [000] ...2   150.781248: sched_switch: prev_comm=adbd prev_pid=784 prev_prio=120 prev_state=S ==> next_comm=mmcqd/1 next_pid=116 next_prio=120
         mmcqd/1-116   [000] ...2   150.781294: sched_switch: prev_comm=mmcqd/1 prev_pid=116 prev_prio=120 prev_state=S ==> next_comm=swapper/0 next_pid=0 next_prio=120
          <idle>-0     [000] ...2   150.781305: sched_switch: prev_comm=swapper/0 prev_pid=0 prev_prio=120 prev_state=R ==> next_comm=ksoftirqd/0 next_pid=3 next_prio=120
     ksoftirqd/0-3     [000] ...2   150.781313: sched_switch: prev_comm=ksoftirqd/0 prev_pid=3 prev_prio=120 prev_state=S ==> next_comm=swapper/0 next_pid=0 next_prio=120
          <idle>-0     [000] ...2   150.781322: sched_switch: prev_comm=swapper/0 prev_pid=0 prev_prio=120 prev_state=R ==> next_comm=ksoftirqd/0 next_pid=3 next_prio=120
     ksoftirqd/0-3     [000] ...2   150.781328: sched_switch: prev_comm=ksoftirqd/0 prev_pid=3 prev_prio=120 prev_state=S ==> next_comm=swapper/0 next_pid=0 next_prio=120
          <idle>-0     [000] ...2   150.781337: sched_switch: prev_comm=swapper/0 prev_pid=0 prev_prio=120 prev_state=R ==> next_comm=ksoftirqd/0 next_pid=3 next_prio=120
     ksoftirqd/0-3     [000] ...2   150.781342: sched_switch: prev_comm=ksoftirqd/0 prev_pid=3 prev_prio=120 prev_state=S ==> next_comm=swapper/0 next_pid=0 next_prio=120
            adbd-781   [001] ...2   150.781419: sched_switch: prev_comm=adbd prev_pid=781 prev_prio=120 prev_state=S ==> next_comm=adbd next_pid=783 next_prio=120
            adbd-783   [001] ...2   150.781429: sched_switch: prev_comm=adbd prev_pid=783 prev_prio=120 prev_state=S ==> next_comm=swapper/1 next_pid=0 next_prio=120
          <idle>-0     [001] ...2   150.781452: sched_switch: prev_comm=swapper/1 prev_pid=0 prev_prio=120 prev_state=R ==> next_comm=ksoftirqd/1 next_pid=2598 next_prio=120
           <...>-2598  [001] ...2   150.781468: sched_switch: prev_comm=ksoftirqd/1 prev_pid=2598 prev_prio=120 prev_state=S ==> next_comm=swapper/1 next_pid=0 next_prio=120
          <idle>-0     [001] ...2   150.781492: sched_switch: prev_comm=swapper/1 prev_pid=0 prev_prio=120 prev_state=R ==> next_comm=ksoftirqd/1 next_pid=2598 next_prio=120
           <...>-2598  [001] ...2   150.781502: sched_switch: prev_comm=ksoftirqd/1 prev_pid=2598 prev_prio=120 prev_state=S ==> next_comm=swapper/1 next_pid=0 next_prio=120
          <idle>-0     [000] ...2   150.781522: sched_switch: prev_comm=swapper/0 prev_pid=0 prev_prio=120 prev_state=R ==> next_comm=mmcqd/1 next_pid=116 next_prio=120
         mmcqd/1-116   [000] ...1   150.781548: block_rq_complete: 179,0 RA () 3993912 + 8 [0]
         mmcqd/1-116   [000] ...2   150.781590: sched_switch: prev_comm=mmcqd/1 prev_pid=116 prev_prio=120 prev_state=S ==> next_comm=main next_pid=2607 next_prio=120
           <...>-2607  [000] d..2   150.781730: block_rq_insert: 179,0 R 0 () 4026856 + 24 [main]
           <...>-2607  [000] d..2   150.781733: block_rq_insert: 179,0 R 0 () 4026944 + 8 [main]
           <...>-2607  [000] d..2   150.781734: block_rq_insert: 179,0 R 0 () 4026960 + 40 [main]
           <...>-2607  [000] d..2   150.781736: block_rq_insert: 179,0 R 0 () 4027008 + 24 [main]
           <...>-2607  [000] ...2   150.781743: sched_switch: prev_comm=main prev_pid=2607 prev_prio=120 prev_state=D|W ==> next_comm=swapper/0 next_pid=0 next_prio=120
          <idle>-0     [000] ...2   150.781896: sched_switch: prev_comm=swapper/0 prev_pid=0 prev_prio=120 prev_state=R ==> next_comm=mmcqd/1 next_pid=116 next_prio=120
         mmcqd/1-116   [000] ...1   150.781924: block_rq_complete: 179,0 RA () 3993944 + 16 [0]
         mmcqd/1-116   [000] ...2   150.781948: sched_switch: prev_comm=mmcqd/1 prev_pid=116 prev_prio=120 prev_state=S ==> next_comm=swapper/0 next_pid=0 next_prio=120
          <idle>-0     [000] ...2   150.782502: sched_switch: prev_comm=swapper/0 prev_pid=0 prev_prio=120 prev_state=R ==> next_comm=mmcqd/1 next_pid=116 next_prio=120
         mmcqd/1-116   [000] ...1   150.782542: block_rq_complete: 179,0 RA () 3993968 + 72 [0]
         mmcqd/1-116   [000] ...2   150.782563: sched_switch: prev_comm=mmcqd/1 prev_pid=116 prev_prio=120 prev_state=S ==> next_comm=swapper/0 next_pid=0 next_prio=120
          <idle>-0     [000] ...2   150.782830: sched_switch: prev_comm=swapper/0 prev_pid=0 prev_prio=120 prev_state=R ==> next_comm=mmcqd/1 next_pid=116 next_prio=120
         mmcqd/1-116   [000] ...1   150.782858: block_rq_complete: 179,0 RA () 4026856 + 24 [0]
         mmcqd/1-116   [000] ...2   150.782886: sched_switch: prev_comm=mmcqd/1 prev_pid=116 prev_prio=120 prev_state=S ==> next_comm=swapper/0 next_pid=0 next_prio=120
          <idle>-0     [000] ...2   150.783109: sched_switch: prev_comm=swapper/0 prev_pid=0 prev_prio=120 prev_state=R ==> next_comm=mmcqd/1 next_pid=116 next_prio=120
         mmcqd/1-116   [000] ...1   150.783134: block_rq_complete: 179,0 RA () 4026944 + 8 [0]
         mmcqd/1-116   [000] ...2   150.783161: sched_switch: prev_comm=mmcqd/1 prev_pid=116 prev_prio=120 prev_state=S ==> next_comm=main next_pid=2607 next_prio=120
           <...>-2607  [000] d..2   150.783215: block_rq_insert: 179,0 R 0 () 4028616 + 96 [main]
           <...>-2607  [000] d..2   150.783217: block_rq_insert: 179,0 R 0 () 4028736 + 56 [main]
           <...>-2607  [000] ...2   150.783224: sched_switch: prev_comm=main prev_pid=2607 prev_prio=120 prev_state=D|W ==> next_comm=swapper/0 next_pid=0 next_prio=120
          <idle>-0     [000] ...2   150.783574: sched_switch: prev_comm=swapper/0 prev_pid=0 prev_prio=120 prev_state=R ==> next_comm=mmcqd/1 next_pid=116 next_prio=120
         mmcqd/1-116   [000] ...1   150.783607: block_rq_complete: 179,0 RA () 4026960 + 40 [0]
         mmcqd/1-116   [000] ...2   150.783649: sched_switch: prev_comm=mmcqd/1 prev_pid=116 prev_prio=120 prev_state=S ==> next_comm=swapper/0 next_pid=0 next_prio=120
          <idle>-0     [000] ...2   150.783895: sched_switch: prev_comm=swapper/0 prev_pid=0 prev_prio=120 prev_state=R ==> next_comm=mmcqd/1 next_pid=116 next_prio=120
         mmcqd/1-116   [000] ...1   150.783924: block_rq_complete: 179,0 RA () 4027008 + 24 [0]
         mmcqd/1-116   [000] ...2   150.783955: sched_switch: prev_comm=mmcqd/1 prev_pid=116 prev_prio=120 prev_state=S ==> next_comm=swapper/0 next_pid=0 next_prio=120
          <idle>-0     [000] ...2   150.784690: sched_switch: prev_comm=swapper/0 prev_pid=0 prev_prio=120 prev_state=R ==> next_comm=mmcqd/1 next_pid=116 next_prio=120
         mmcqd/1-116   [000] ...1   150.784735: block_rq_complete: 179,0 RA () 4028616 + 96 [0]
         mmcqd/1-116   [000] ...2   150.784754: sched_switch: prev_comm=mmcqd/1 prev_pid=116 prev_prio=120 prev_state=S ==> next_comm=main next_pid=2607 next_prio=120
          <idle>-0     [001] ...2   150.784871: sched_switch: prev_comm=swapper/1 prev_pid=0 prev_prio=120 prev_state=R ==> next_comm=main next_pid=2619 next_prio=120
           <...>-2607  [000] d..2   150.785097: block_rq_insert: 179,0 R 0 () 3993624 + 48 [main]
           <...>-2607  [000] d..2   150.785100: block_rq_insert: 179,0 R 0 () 3993688 + 24 [main]
           <...>-2607  [000] d..2   150.785102: block_rq_insert: 179,0 R 0 () 3993752 + 8 [main]
           <...>-2607  [000] ...2   150.785113: sched_switch: prev_comm=main prev_pid=2607 prev_prio=120 prev_state=D|W ==> next_comm=mmcqd/1 next_pid=116 next_prio=120
         mmcqd/1-116   [000] ...2   150.785139: sched_switch: prev_comm=mmcqd/1 prev_pid=116 prev_prio=120 prev_state=S ==> next_comm=swapper/0 next_pid=0 next_prio=120
          <idle>-0     [000] ...2   150.785212: sched_switch: prev_comm=swapper/0 prev_pid=0 prev_prio=120 prev_state=R ==> next_comm=mmcqd/1 next_pid=116 next_prio=120
         mmcqd/1-116   [000] ...1   150.785246: block_rq_complete: 179,0 RA () 4028736 + 56 [0]
         mmcqd/1-116   [000] ...2   150.785268: sched_switch: prev_comm=mmcqd/1 prev_pid=116 prev_prio=120 prev_state=S ==> next_comm=swapper/0 next_pid=0 next_prio=120
           <...>-2619  [001] ...2   150.785576: sched_switch: prev_comm=ReferenceQueueD prev_pid=2619 prev_prio=120 prev_state=S ==> next_comm=swapper/1 next_pid=0 next_prio=120
          <idle>-0     [000] ...2   150.785709: sched_switch: prev_comm=swapper/0 prev_pid=0 prev_prio=120 prev_state=R ==> next_comm=mmcqd/1 next_pid=116 next_prio=120
         mmcqd/1-116   [000] ...1   150.785745: block_rq_complete: 179,0 RA () 3993624 + 48 [0]
         mmcqd/1-116   [000] ...2   150.785765: sched_switch: prev_comm=mmcqd/1 prev_pid=116 prev_prio=120 prev_state=S ==> next_comm=swapper/0 next_pid=0 next_prio=120
          <idle>-0     [000] ...2   150.786106: sched_switch: prev_comm=swapper/0 prev_pid=0 prev_prio=120 prev_state=R ==> next_comm=mmcqd/1 next_pid=116 next_prio=120
         mmcqd/1-116   [000] ...1   150.786136: block_rq_complete: 179,0 RA () 3993688 + 24 [0]
         mmcqd/1-116   [000] ...2   150.786148: sched_switch: prev_comm=mmcqd/1 prev_pid=116 prev_prio=120 prev_state=S ==> next_comm=swapper/0 next_pid=0 next_prio=120
          <idle>-0     [000] ...2   150.786378: sched_switch: prev_comm=swapper/0 prev_pid=0 prev_prio=120 prev_state=R ==> next_comm=mmcqd/1 next_pid=116 next_prio=120
         mmcqd/1-116   [000] ...1   150.786388: block_rq_complete: 179,0 RA () 3993752 + 8 [0]
         mmcqd/1-116   [000] ...2   150.786405: sched_switch: prev_comm=mmcqd/1 prev_pid=116 prev_prio=120 prev_state=R+ ==> next_comm=kworker/0:1H next_pid=17 next_prio=100
    kworker/0:1H-17    [000] ...2   150.786412: sched_switch: prev_comm=kworker/0:1H prev_pid=17 prev_prio=100 prev_state=S ==> next_comm=mmcqd/1 next_pid=116 next_prio=120
         mmcqd/1-116   [000] ...2   150.786422: sched_switch: prev_comm=mmcqd/1 prev_pid=116 prev_prio=120 prev_state=S ==> next_comm=main next_pid=2607 next_prio=120
           <...>-2607  [000] d..2   150.786529: block_rq_insert: 179,0 R 0 () 4019800 + 24 [main]
           <...>-2607  [000] d..2   150.786532: block_rq_insert: 179,0 R 0 () 4019896 + 8 [main]
           <...>-2607  [000] d..2   150.786534: block_rq_insert: 179,0 R 0 () 4019928 + 8 [main]
           <...>-2607  [000] ...2   150.786544: sched_switch: prev_comm=main prev_pid=2607 prev_prio=120 prev_state=D|W ==> next_comm=adbd next_pid=784 next_prio=120
            adbd-784   [000] ...2   150.786556: sched_switch: prev_comm=adbd prev_pid=784 prev_prio=120 prev_state=S ==> next_comm=mmcqd/1 next_pid=116 next_prio=120
         mmcqd/1-116   [000] ...2   150.786603: sched_switch: prev_comm=mmcqd/1 prev_pid=116 prev_prio=120 prev_state=S ==> next_comm=swapper/0 next_pid=0 next_prio=120
          <idle>-0     [000] ...2   150.786739: sched_switch: prev_comm=swapper/0 prev_pid=0 prev_prio=120 prev_state=R ==> next_comm=adbd next_pid=784 next_prio=120
            adbd-784   [000] ...2   150.786769: sched_switch: prev_comm=adbd prev_pid=784 prev_prio=120 prev_state=S ==> next_comm=adbd next_pid=781 next_prio=120
          <idle>-0     [001] ...2   150.786974: sched_switch: prev_comm=swapper/1 prev_pid=0 prev_prio=120 prev_state=R ==> next_comm=JDWP next_pid=2618 next_prio=120
            adbd-781   [000] ...2   150.787012: sched_switch: prev_comm=adbd prev_pid=781 prev_prio=120 prev_state=S ==> next_comm=adbd next_pid=783 next_prio=120
           <...>-2618  [001] ...2   150.787017: sched_switch: prev_comm=JDWP prev_pid=2618 prev_prio=120 prev_state=S ==> next_comm=swapper/1 next_pid=0 next_prio=120
            adbd-783   [000] ...2   150.787060: sched_switch: prev_comm=adbd prev_pid=783 prev_prio=120 prev_state=S ==> next_comm=mmcqd/1 next_pid=116 next_prio=120
         mmcqd/1-116   [000] ...1   150.787090: block_rq_complete: 179,0 RA () 4019800 + 24 [0]
         mmcqd/1-116   [000] ...2   150.787110: sched_switch: prev_comm=mmcqd/1 prev_pid=116 prev_prio=120 prev_state=S ==> next_comm=swapper/0 next_pid=0 next_prio=120
          <idle>-0     [000] ...2   150.787310: sched_switch: prev_comm=swapper/0 prev_pid=0 prev_prio=120 prev_state=R ==> next_comm=mmcqd/1 next_pid=116 next_prio=120
         mmcqd/1-116   [000] ...1   150.787336: block_rq_complete: 179,0 RA () 4019896 + 8 [0]
         mmcqd/1-116   [000] ...2   150.787347: sched_switch: prev_comm=mmcqd/1 prev_pid=116 prev_prio=120 prev_state=S ==> next_comm=swapper/0 next_pid=0 next_prio=120
          <idle>-0     [000] ...2   150.787588: sched_switch: prev_comm=swapper/0 prev_pid=0 prev_prio=120 prev_state=R ==> next_comm=mmcqd/1 next_pid=116 next_prio=120
         mmcqd/1-116   [000] ...1   150.787598: block_rq_complete: 179,0 RA () 4019928 + 8 [0]
         mmcqd/1-116   [000] ...2   150.787614: sched_switch: prev_comm=mmcqd/1 prev_pid=116 prev_prio=120 prev_state=R+ ==> next_comm=kworker/0:1H next_pid=17 next_prio=100
    kworker/0:1H-17    [000] ...2   150.787621: sched_switch: prev_comm=kworker/0:1H prev_pid=17 prev_prio=100 prev_state=S ==> next_comm=mmcqd/1 next_pid=116 next_prio=120
         mmcqd/1-116   [000] ...2   150.787631: sched_switch: prev_comm=mmcqd/1 prev_pid=116 prev_prio=120 prev_state=S ==> next_comm=main next_pid=2607 next_prio=120
           <...>-2607  [000] d..2   150.787718: block_rq_insert: 179,0 R 0 () 4028368 + 104 [main]
           <...>-2607  [000] d..2   150.787720: block_rq_insert: 179,0 R 0 () 4028480 + 32 [main]
           <...>-2607  [000] ...2   150.787731: sched_switch: prev_comm=main prev_pid=2607 prev_prio=120 prev_state=D|W ==> next_comm=mmcqd/1 next_pid=116 next_prio=120
         mmcqd/1-116   [000] ...2   150.787806: sched_switch: prev_comm=mmcqd/1 prev_pid=116 prev_prio=120 prev_state=S ==> next_comm=swapper/0 next_pid=0 next_prio=120
          <idle>-0     [000] ...2   150.788582: sched_switch: prev_comm=swapper/0 prev_pid=0 prev_prio=120 prev_state=R ==> next_comm=mmcqd/1 next_pid=116 next_prio=120
         mmcqd/1-116   [000] ...1   150.788628: block_rq_complete: 179,0 RA () 4028368 + 104 [0]
         mmcqd/1-116   [000] ...2   150.788643: sched_switch: prev_comm=mmcqd/1 prev_pid=116 prev_prio=120 prev_state=S ==> next_comm=swapper/0 next_pid=0 next_prio=120
          <idle>-0     [000] ...2   150.788948: sched_switch: prev_comm=swapper/0 prev_pid=0 prev_prio=120 prev_state=R ==> next_comm=mmcqd/1 next_pid=116 next_prio=120
         mmcqd/1-116   [000] ...1   150.788964: block_rq_complete: 179,0 RA () 4028480 + 32 [0]
         mmcqd/1-116   [000] ...2   150.788980: sched_switch: prev_comm=mmcqd/1 prev_pid=116 prev_prio=120 prev_state=R+ ==> next_comm=kworker/0:1H next_pid=17 next_prio=100
    kworker/0:1H-17    [000] ...2   150.788988: sched_switch: prev_comm=kworker/0:1H prev_pid=17 prev_prio=100 prev_state=S ==> next_comm=mmcqd/1 next_pid=116 next_prio=120
         mmcqd/1-116   [000] ...2   150.788996: sched_switch: prev_comm=mmcqd/1 prev_pid=116 prev_prio=120 prev_state=S ==> next_comm=main next_pid=2607 next_prio=120
          <idle>-0     [001] ...2   150.789090: sched_switch: prev_comm=swapper/1 prev_pid=0 prev_prio=120 prev_state=R ==> next_comm=main next_pid=2620 next_prio=120
           <...>-2607  [000] ...2   150.789282: sched_switch: prev_comm=main prev_pid=2607 prev_prio=120 prev_state=S ==> next_comm=swapper/0 next_pid=0 next_prio=120
          <idle>-0     [000] ...2   150.789712: sched_switch: prev_comm=swapper/0 prev_pid=0 prev_prio=120 prev_state=R ==> next_comm=main next_pid=2607 next_prio=120
           <...>-2607  [000] ...2   150.789732: sched_switch: prev_comm=main prev_pid=2607 prev_prio=120 prev_state=D ==> next_comm=swapper/0 next_pid=0 next_prio=120
          <idle>-0     [000] ...2   150.789740: sched_switch: prev_comm=swapper/0 prev_pid=0 prev_prio=120 prev_state=R ==> next_comm=main next_pid=2607 next_prio=120
           <...>-2620  [001] ...2   150.789801: sched_switch: prev_comm=FinalizerDaemon prev_pid=2620 prev_prio=120 prev_state=S ==> next_comm=main next_pid=2621 next_prio=120
           <...>-2607  [000] ...2   150.790017: sched_switch: prev_comm=main prev_pid=2607 prev_prio=120 prev_state=S ==> next_comm=swapper/0 next_pid=0 next_prio=120
          <idle>-0     [000] ...2   150.790434: sched_switch: prev_comm=swapper/0 prev_pid=0 prev_prio=120 prev_state=R ==> next_comm=main next_pid=2607 next_prio=120
           <...>-2621  [001] ...2   150.790496: sched_switch: prev_comm=FinalizerWatchd prev_pid=2621 prev_prio=120 prev_state=S ==> next_comm=main next_pid=2622 next_prio=120
           <...>-2607  [000] ...2   150.790696: sched_switch: prev_comm=main prev_pid=2607 prev_prio=120 prev_state=S ==> next_comm=swapper/0 next_pid=0 next_prio=120
          <idle>-0     [000] ...2   150.791053: sched_switch: prev_comm=swapper/0 prev_pid=0 prev_prio=120 prev_state=R ==> next_comm=kworker/0:0 next_pid=4 next_prio=120
           <...>-2622  [001] ...2   150.791057: sched_switch: prev_comm=main prev_pid=2622 prev_prio=120 prev_state=R+ ==> next_comm=kworker/1:0H next_pid=2597 next_prio=100
           <...>-2597  [001] ...2   150.791083: sched_switch: prev_comm=kworker/1:0H prev_pid=2597 prev_prio=100 prev_state=D ==> next_comm=kworker/1:1H next_pid=2600 next_prio=100
     kworker/0:0-4     [000] ...2   150.791109: sched_switch: prev_comm=kworker/0:0 prev_pid=4 prev_prio=120 prev_state=S ==> next_comm=swapper/0 next_pid=0 next_prio=120
           <...>-2600  [001] ...2   150.791116: sched_switch: prev_comm=kworker/1:1H prev_pid=2600 prev_prio=100 prev_state=S ==> next_comm=kworker/1:0H next_pid=2597 next_prio=100
           <...>-2597  [001] ...2   150.791129: sched_switch: prev_comm=kworker/1:0H prev_pid=2597 prev_prio=100 prev_state=S ==> next_comm=main next_pid=2622 next_prio=120
          <idle>-0     [000] ...2   150.791225: sched_switch: prev_comm=swapper/0 prev_pid=0 prev_prio=120 prev_state=R ==> next_comm=main next_pid=2607 next_prio=120
           <...>-2607  [000] ...2   150.791241: sched_switch: prev_comm=main prev_pid=2607 prev_prio=120 prev_state=D ==> next_comm=swapper/0 next_pid=0 next_prio=120
          <idle>-0     [000] ...2   150.791251: sched_switch: prev_comm=swapper/0 prev_pid=0 prev_prio=120 prev_state=R ==> next_comm=main next_pid=2607 next_prio=120
           <...>-2622  [001] ...2   150.791287: sched_switch: prev_comm=HeapTrimmerDaem prev_pid=2622 prev_prio=120 prev_state=S ==> next_comm=main next_pid=2623 next_prio=120
           <...>-2607  [000] d..2   150.791489: block_rq_insert: 179,0 R 0 () 4008360 + 48 [main]
           <...>-2607  [000] d..2   150.791492: block_rq_insert: 179,0 R 0 () 4008432 + 16 [main]
           <...>-2607  [000] d..2   150.791494: block_rq_insert: 179,0 R 0 () 4008456 + 8 [main]
           <...>-2607  [000] d..2   150.791496: block_rq_insert: 179,0 R 0 () 4008536 + 16 [main]
           <...>-2607  [000] ...2   150.791507: sched_switch: prev_comm=main prev_pid=2607 prev_prio=120 prev_state=D|W ==> next_comm=mmcqd/1 next_pid=116 next_prio=120
         mmcqd/1-116   [000] ...2   150.791554: sched_switch: prev_comm=mmcqd/1 prev_pid=116 prev_prio=120 prev_state=S ==> next_comm=swapper/0 next_pid=0 next_prio=120
          <idle>-0     [000] ...2   150.791710: sched_switch: prev_comm=swapper/0 prev_pid=0 prev_prio=120 prev_state=R ==> next_comm=adbd next_pid=784 next_prio=120
            adbd-784   [000] ...2   150.791721: sched_switch: prev_comm=adbd prev_pid=784 prev_prio=120 prev_state=S ==> next_comm=swapper/0 next_pid=0 next_prio=120
          <idle>-0     [000] ...2   150.791860: sched_switch: prev_comm=swapper/0 prev_pid=0 prev_prio=120 prev_state=R ==> next_comm=adbd next_pid=784 next_prio=120
            adbd-784   [000] ...2   150.791891: sched_switch: prev_comm=adbd prev_pid=784 prev_prio=120 prev_state=S ==> next_comm=adbd next_pid=781 next_prio=120
           <...>-2623  [001] ...2   150.791972: sched_switch: prev_comm=GCDaemon prev_pid=2623 prev_prio=120 prev_state=S ==> next_comm=adbd next_pid=783 next_prio=120
            adbd-781   [000] ...2   150.792032: sched_switch: prev_comm=adbd prev_pid=781 prev_prio=120 prev_state=S ==> next_comm=mmcqd/1 next_pid=116 next_prio=120
            adbd-783   [001] ...2   150.792034: sched_switch: prev_comm=adbd prev_pid=783 prev_prio=120 prev_state=S ==> next_comm=JDWP next_pid=2618 next_prio=120
         mmcqd/1-116   [000] ...1   150.792059: block_rq_complete: 179,0 RA () 4008536 + 16 [0]
         mmcqd/1-116   [000] ...2   150.792080: sched_switch: prev_comm=mmcqd/1 prev_pid=116 prev_prio=120 prev_state=S ==> next_comm=swapper/0 next_pid=0 next_prio=120
           <...>-2618  [001] ...2   150.792120: sched_switch: prev_comm=JDWP prev_pid=2618 prev_prio=120 prev_state=S ==> next_comm=adbd next_pid=781 next_prio=120
          <idle>-0     [000] ...2   150.792292: sched_switch: prev_comm=swapper/0 prev_pid=0 prev_prio=120 prev_state=R ==> next_comm=adbd next_pid=784 next_prio=120
            adbd-784   [000] ...2   150.792302: sched_switch: prev_comm=adbd prev_pid=784 prev_prio=120 prev_state=S ==> next_comm=mmcqd/1 next_pid=116 next_prio=120
            adbd-781   [001] ...2   150.792320: sched_switch: prev_comm=adbd prev_pid=781 prev_prio=120 prev_state=S ==> next_comm=adbd next_pid=783 next_prio=120
         mmcqd/1-116   [000] ...1   150.792326: block_rq_complete: 179,0 RA () 4008456 + 8 [0]
         mmcqd/1-116   [000] ...2   150.792364: sched_switch: prev_comm=mmcqd/1 prev_pid=116 prev_prio=120 prev_state=S ==> next_comm=main next_pid=2607 next_prio=120
           <...>-2607  [000] ...2   150.792381: sched_switch: prev_comm=main prev_pid=2607 prev_prio=120 prev_state=D|W ==> next_comm=swapper/0 next_pid=0 next_prio=120
            adbd-783   [001] ...2   150.792384: sched_switch: prev_comm=adbd prev_pid=783 prev_prio=120 prev_state=S ==> next_comm=swapper/1 next_pid=0 next_prio=120
          <idle>-0     [001] ...2   150.792410: sched_switch: prev_comm=swapper/1 prev_pid=0 prev_prio=120 prev_state=R ==> next_comm=ksoftirqd/1 next_pid=2598 next_prio=120
           <...>-2598  [001] ...2   150.792432: sched_switch: prev_comm=ksoftirqd/1 prev_pid=2598 prev_prio=120 prev_state=S ==> next_comm=swapper/1 next_pid=0 next_prio=120
          <idle>-0     [001] ...2   150.792454: sched_switch: prev_comm=swapper/1 prev_pid=0 prev_prio=120 prev_state=R ==> next_comm=ksoftirqd/1 next_pid=2598 next_prio=120
           <...>-2598  [001] ...2   150.792467: sched_switch: prev_comm=ksoftirqd/1 prev_pid=2598 prev_prio=120 prev_state=S ==> next_comm=swapper/1 next_pid=0 next_prio=120
          <idle>-0     [000] ...2   150.792472: sched_switch: prev_comm=swapper/0 prev_pid=0 prev_prio=120 prev_state=R ==> next_comm=adbd next_pid=784 next_prio=120
          <idle>-0     [001] ...2   150.792490: sched_switch: prev_comm=swapper/1 prev_pid=0 prev_prio=120 prev_state=R ==> next_comm=ksoftirqd/1 next_pid=2598 next_prio=120
            adbd-784   [000] ...2   150.792499: sched_switch: prev_comm=adbd prev_pid=784 prev_prio=120 prev_state=S ==> next_comm=adbd next_pid=781 next_prio=120
           <...>-2598  [001] ...2   150.792513: sched_switch: prev_comm=ksoftirqd/1 prev_pid=2598 prev_prio=120 prev_state=S ==> next_comm=swapper/1 next_pid=0 next_prio=120
          <idle>-0     [001] ...2   150.792587: sched_switch: prev_comm=swapper/1 prev_pid=0 prev_prio=120 prev_state=R ==> next_comm=JDWP next_pid=2618 next_prio=120
            adbd-781   [000] ...2   150.792661: sched_switch: prev_comm=adbd prev_pid=781 prev_prio=120 prev_state=S ==> next_comm=adbd next_pid=783 next_prio=120
            adbd-783   [000] ...2   150.792705: sched_switch: prev_comm=adbd prev_pid=783 prev_prio=120 prev_state=S ==> next_comm=adbd next_pid=784 next_prio=120
            adbd-784   [000] ...2   150.792730: sched_switch: prev_comm=adbd prev_pid=784 prev_prio=120 prev_state=S ==> next_comm=adbd next_pid=781 next_prio=120
            adbd-781   [000] ...2   150.792839: sched_switch: prev_comm=adbd prev_pid=781 prev_prio=120 prev_state=S ==> next_comm=adbd next_pid=783 next_prio=120
            adbd-783   [000] ...2   150.792845: sched_switch: prev_comm=adbd prev_pid=783 prev_prio=120 prev_state=S ==> next_comm=mmcqd/1 next_pid=116 next_prio=120
         mmcqd/1-116   [000] ...1   150.792872: block_rq_complete: 179,0 RA () 4008432 + 16 [0]
           <...>-2618  [001] ...2   150.792879: sched_switch: prev_comm=JDWP prev_pid=2618 prev_prio=120 prev_state=S ==> next_comm=adbd next_pid=781 next_prio=120
         mmcqd/1-116   [000] ...2   150.792888: sched_switch: prev_comm=mmcqd/1 prev_pid=116 prev_prio=120 prev_state=S ==> next_comm=main next_pid=2607 next_prio=120
            adbd-781   [001] ...2   150.793074: sched_switch: prev_comm=adbd prev_pid=781 prev_prio=120 prev_state=S ==> next_comm=adbd next_pid=783 next_prio=120
            adbd-783   [001] ...2   150.793139: sched_switch: prev_comm=adbd prev_pid=783 prev_prio=120 prev_state=S ==> next_comm=swapper/1 next_pid=0 next_prio=120
           <...>-2607  [000] d..2   150.793151: block_rq_insert: 179,0 R 0 () 4079784 + 8 [main]
           <...>-2607  [000] d..2   150.793153: block_rq_insert: 179,0 R 0 () 4079880 + 40 [main]
           <...>-2607  [000] ...2   150.793166: sched_switch: prev_comm=main prev_pid=2607 prev_prio=120 prev_state=D|W ==> next_comm=mmcqd/1 next_pid=116 next_prio=120
         mmcqd/1-116   [000] ...2   150.793183: sched_switch: prev_comm=mmcqd/1 prev_pid=116 prev_prio=120 prev_state=S ==> next_comm=swapper/0 next_pid=0 next_prio=120
          <idle>-0     [000] ...2   150.793338: sched_switch: prev_comm=swapper/0 prev_pid=0 prev_prio=120 prev_state=R ==> next_comm=mmcqd/1 next_pid=116 next_prio=120
         mmcqd/1-116   [000] ...1   150.793374: block_rq_complete: 179,0 RA () 4008360 + 48 [0]
         mmcqd/1-116   [000] ...2   150.793408: sched_switch: prev_comm=mmcqd/1 prev_pid=116 prev_prio=120 prev_state=S ==> next_comm=swapper/0 next_pid=0 next_prio=120
          <idle>-0     [000] ...2   150.793519: sched_switch: prev_comm=swapper/0 prev_pid=0 prev_prio=120 prev_state=R ==> next_comm=adbd next_pid=784 next_prio=120
            adbd-784   [000] ...2   150.793549: sched_switch: prev_comm=adbd prev_pid=784 prev_prio=120 prev_state=S ==> next_comm=adbd next_pid=781 next_prio=120
          <idle>-0     [001] ...2   150.793645: sched_switch: prev_comm=swapper/1 prev_pid=0 prev_prio=120 prev_state=R ==> next_comm=adbd next_pid=783 next_prio=120
            adbd-783   [001] ...2   150.793662: sched_switch: prev_comm=adbd prev_pid=783 prev_prio=120 prev_state=S ==> next_comm=swapper/1 next_pid=0 next_prio=120
            adbd-781   [000] ...2   150.793680: sched_switch: prev_comm=adbd prev_pid=781 prev_prio=120 prev_state=S ==> next_comm=mmcqd/1 next_pid=116 next_prio=120
         mmcqd/1-116   [000] ...1   150.793706: block_rq_complete: 179,0 RA () 4079784 + 8 [0]
         mmcqd/1-116   [000] ...2   150.793718: sched_switch: prev_comm=mmcqd/1 prev_pid=116 prev_prio=120 prev_state=S ==> next_comm=swapper/0 next_pid=0 next_prio=120
          <idle>-0     [000] ...2   150.794129: sched_switch: prev_comm=swapper/0 prev_pid=0 prev_prio=120 prev_state=R ==> next_comm=mmcqd/1 next_pid=116 next_prio=120
         mmcqd/1-116   [000] ...1   150.794146: block_rq_complete: 179,0 RA () 4079880 + 40 [0]
         mmcqd/1-116   [000] ...2   150.794165: sched_switch: prev_comm=mmcqd/1 prev_pid=116 prev_prio=120 prev_state=R+ ==> next_comm=kworker/0:1H next_pid=17 next_prio=100
    kworker/0:1H-17    [000] ...2   150.794172: sched_switch: prev_comm=kworker/0:1H prev_pid=17 prev_prio=100 prev_state=S ==> next_comm=mmcqd/1 next_pid=116 next_prio=120
         mmcqd/1-116   [000] ...2   150.794182: sched_switch: prev_comm=mmcqd/1 prev_pid=116 prev_prio=120 prev_state=S ==> next_comm=main next_pid=2607 next_prio=120
           <...>-2607  [000] d..2   150.795443: block_rq_insert: 179,0 R 0 () 4084016 + 8 [main]
           <...>-2607  [000] d..2   150.795446: block_rq_insert: 179,0 R 0 () 4084104 + 8 [main]
           <...>-2607  [000] d..2   150.795448: block_rq_insert: 179,0 R 0 () 4084128 + 8 [main]
           <...>-2607  [000] ...2   150.795461: sched_switch: prev_comm=main prev_pid=2607 prev_prio=120 prev_state=R+ ==> next_comm=mmcqd/1 next_pid=116 next_prio=120
         mmcqd/1-116   [000] ...2   150.795514: sched_switch: prev_comm=mmcqd/1 prev_pid=116 prev_prio=120 prev_state=S ==> next_comm=main next_pid=2607 next_prio=120
           <...>-2607  [000] ...2   150.795520: sched_switch: prev_comm=main prev_pid=2607 prev_prio=120 prev_state=D|W ==> next_comm=swapper/0 next_pid=0 next_prio=120
          <idle>-0     [000] ...2   150.795745: sched_switch: prev_comm=swapper/0 prev_pid=0 prev_prio=120 prev_state=R ==> next_comm=mmcqd/1 next_pid=116 next_prio=120
         mmcqd/1-116   [000] ...1   150.795772: block_rq_complete: 179,0 RA () 4084016 + 8 [0]
         mmcqd/1-116   [000] ...2   150.795792: sched_switch: prev_comm=mmcqd/1 prev_pid=116 prev_prio=120 prev_state=S ==> next_comm=swapper/0 next_pid=0 next_prio=120
          <idle>-0     [000] ...2   150.796003: sched_switch: prev_comm=swapper/0 prev_pid=0 prev_prio=120 prev_state=R ==> next_comm=mmcqd/1 next_pid=116 next_prio=120
         mmcqd/1-116   [000] ...1   150.796028: block_rq_complete: 179,0 RA () 4084104 + 8 [0]
         mmcqd/1-116   [000] ...2   150.796043: sched_switch: prev_comm=mmcqd/1 prev_pid=116 prev_prio=120 prev_state=S ==> next_comm=main next_pid=2607 next_prio=120
           <...>-2607  [000] ...2   150.796277: sched_switch: prev_comm=main prev_pid=2607 prev_prio=120 prev_state=R ==> next_comm=mmcqd/1 next_pid=116 next_prio=120
         mmcqd/1-116   [000] ...1   150.796287: block_rq_complete: 179,0 RA () 4084128 + 8 [0]
         mmcqd/1-116   [000] ...2   150.796300: sched_switch: prev_comm=mmcqd/1 prev_pid=116 prev_prio=120 prev_state=R+ ==> next_comm=kworker/0:1H next_pid=17 next_prio=100
    kworker/0:1H-17    [000] ...2   150.796308: sched_switch: prev_comm=kworker/0:1H prev_pid=17 prev_prio=100 prev_state=S ==> next_comm=mmcqd/1 next_pid=116 next_prio=120
         mmcqd/1-116   [000] ...2   150.796318: sched_switch: prev_comm=mmcqd/1 prev_pid=116 prev_prio=120 prev_state=S ==> next_comm=main next_pid=2607 next_prio=120
           <...>-2607  [000] d..2   150.797407: block_rq_insert: 179,0 R 0 () 4086360 + 56 [main]
           <...>-2607  [000] d..2   150.797411: block_rq_insert: 179,0 R 0 () 4086424 + 72 [main]
           <...>-2607  [000] d..2   150.797412: block_rq_insert: 179,0 R 0 () 4086528 + 32 [main]
           <...>-2607  [000] ...2   150.797423: sched_switch: prev_comm=main prev_pid=2607 prev_prio=120 prev_state=R+ ==> next_comm=mmcqd/1 next_pid=116 next_prio=120
         mmcqd/1-116   [000] ...2   150.797500: sched_switch: prev_comm=mmcqd/1 prev_pid=116 prev_prio=120 prev_state=S ==> next_comm=main next_pid=2607 next_prio=120
           <...>-2607  [000] ...2   150.797507: sched_switch: prev_comm=main prev_pid=2607 prev_prio=120 prev_state=D|W ==> next_comm=swapper/0 next_pid=0 next_prio=120
          <idle>-0     [000] ...2   150.797988: sched_switch: prev_comm=swapper/0 prev_pid=0 prev_prio=120 prev_state=R ==> next_comm=mmcqd/1 next_pid=116 next_prio=120
         mmcqd/1-116   [000] ...1   150.798025: block_rq_complete: 179,0 RA () 4086360 + 56 [0]
         mmcqd/1-116   [000] ...2   150.798053: sched_switch: prev_comm=mmcqd/1 prev_pid=116 prev_prio=120 prev_state=S ==> next_comm=swapper/0 next_pid=0 next_prio=120
          <idle>-0     [000] ...2   150.798288: sched_switch: prev_comm=swapper/0 prev_pid=0 prev_prio=120 prev_state=R ==> next_comm=adbd next_pid=784 next_prio=120
            adbd-784   [000] ...2   150.798303: sched_switch: prev_comm=adbd prev_pid=784 prev_prio=120 prev_state=S ==> next_comm=swapper/0 next_pid=0 next_prio=120
          <idle>-0     [000] ...2   150.798444: sched_switch: prev_comm=swapper/0 prev_pid=0 prev_prio=120 prev_state=R ==> next_comm=adbd next_pid=784 next_prio=120
            adbd-784   [000] ...2   150.798481: sched_switch: prev_comm=adbd prev_pid=784 prev_prio=120 prev_state=S ==> next_comm=adbd next_pid=781 next_prio=120
          <idle>-0     [001] ...2   150.798611: sched_switch: prev_comm=swapper/1 prev_pid=0 prev_prio=120 prev_state=R ==> next_comm=adbd next_pid=783 next_prio=120
            adbd-783   [001] ...2   150.798621: sched_switch: prev_comm=adbd prev_pid=783 prev_prio=120 prev_state=S ==> next_comm=JDWP next_pid=2618 next_prio=120
            adbd-781   [000] ...2   150.798671: sched_switch: prev_comm=adbd prev_pid=781 prev_prio=120 prev_state=S ==> next_comm=mmcqd/1 next_pid=116 next_prio=120
         mmcqd/1-116   [000] ...1   150.798710: block_rq_complete: 179,0 RA () 4086424 + 72 [0]
         mmcqd/1-116   [000] ...2   150.798729: sched_switch: prev_comm=mmcqd/1 prev_pid=116 prev_prio=120 prev_state=S ==> next_comm=main next_pid=2607 next_prio=120
           <...>-2607  [000] ...2   150.799026: sched_switch: prev_comm=main prev_pid=2607 prev_prio=120 prev_state=R ==> next_comm=mmcqd/1 next_pid=116 next_prio=120
         mmcqd/1-116   [000] ...1   150.799041: block_rq_complete: 179,0 RA () 4086528 + 32 [0]
         mmcqd/1-116   [000] ...2   150.799055: sched_switch: prev_comm=mmcqd/1 prev_pid=116 prev_prio=120 prev_state=R+ ==> next_comm=kworker/0:1H next_pid=17 next_prio=100
           <...>-2618  [001] d..2   150.799061: block_rq_insert: 179,0 R 0 () 4078280 + 144 [JDWP]
    kworker/0:1H-17    [000] ...2   150.799062: sched_switch: prev_comm=kworker/0:1H prev_pid=17 prev_prio=100 prev_state=S ==> next_comm=mmcqd/1 next_pid=116 next_prio=120
           <...>-2618  [001] d..2   150.799070: block_rq_insert: 179,0 R 0 () 4078440 + 8 [JDWP]
           <...>-2618  [001] d..2   150.799075: block_rq_insert: 179,0 R 0 () 4078456 + 40 [JDWP]
           <...>-2618  [001] ...2   150.799089: sched_switch: prev_comm=JDWP prev_pid=2618 prev_prio=120 prev_state=D|W ==> next_comm=adbd next_pid=783 next_prio=120
         mmcqd/1-116   [000] ...2   150.799133: sched_switch: prev_comm=mmcqd/1 prev_pid=116 prev_prio=120 prev_state=S ==> next_comm=main next_pid=2607 next_prio=120
            adbd-783   [001] ...2   150.799163: sched_switch: prev_comm=adbd prev_pid=783 prev_prio=120 prev_state=S ==> next_comm=swapper/1 next_pid=0 next_prio=120
           <...>-2607  [000] ...2   150.799436: sched_switch: prev_comm=main prev_pid=2607 prev_prio=120 prev_state=R ==> next_comm=adbd next_pid=784 next_prio=120
            adbd-784   [000] ...2   150.799448: sched_switch: prev_comm=adbd prev_pid=784 prev_prio=120 prev_state=S ==> next_comm=main next_pid=2607 next_prio=120
           <...>-2607  [000] ...2   150.799559: sched_switch: prev_comm=main prev_pid=2607 prev_prio=120 prev_state=R ==> next_comm=mmcqd/1 next_pid=116 next_prio=120
         mmcqd/1-116   [000] ...1   150.799601: block_rq_complete: 179,0 RA () 4078456 + 40 [0]
         mmcqd/1-116   [000] ...2   150.799658: sched_switch: prev_comm=mmcqd/1 prev_pid=116 prev_prio=120 prev_state=S ==> next_comm=adbd next_pid=784 next_prio=120
            adbd-784   [000] ...2   150.799689: sched_switch: prev_comm=adbd prev_pid=784 prev_prio=120 prev_state=S ==> next_comm=adbd next_pid=781 next_prio=120
          <idle>-0     [001] ...2   150.799777: sched_switch: prev_comm=swapper/1 prev_pid=0 prev_prio=120 prev_state=R ==> next_comm=adbd next_pid=783 next_prio=120
            adbd-783   [001] ...2   150.799839: sched_switch: prev_comm=adbd prev_pid=783 prev_prio=120 prev_state=S ==> next_comm=swapper/1 next_pid=0 next_prio=120
            adbd-781   [000] ...2   150.799845: sched_switch: prev_comm=adbd prev_pid=781 prev_prio=120 prev_state=S ==> next_comm=mmcqd/1 next_pid=116 next_prio=120
         mmcqd/1-116   [000] ...1   150.799875: block_rq_complete: 179,0 RA () 4078440 + 8 [0]
         mmcqd/1-116   [000] ...2   150.799888: sched_switch: prev_comm=mmcqd/1 prev_pid=116 prev_prio=120 prev_state=S ==> next_comm=main next_pid=2607 next_prio=120
           <...>-2607  [000] ...2   150.800843: sched_switch: prev_comm=main prev_pid=2607 prev_prio=120 prev_state=R ==> next_comm=mmcqd/1 next_pid=116 next_prio=120
         mmcqd/1-116   [000] ...1   150.800883: block_rq_complete: 179,0 RA () 4078280 + 144 [0]
          <idle>-0     [001] ...2   150.800905: sched_switch: prev_comm=swapper/1 prev_pid=0 prev_prio=120 prev_state=R ==> next_comm=JDWP next_pid=2618 next_prio=120
         mmcqd/1-116   [000] ...2   150.800907: sched_switch: prev_comm=mmcqd/1 prev_pid=116 prev_prio=120 prev_state=R+ ==> next_comm=kworker/0:1H next_pid=17 next_prio=100
    kworker/0:1H-17    [000] ...2   150.800915: sched_switch: prev_comm=kworker/0:1H prev_pid=17 prev_prio=100 prev_state=S ==> next_comm=mmcqd/1 next_pid=116 next_prio=120
         mmcqd/1-116   [000] ...2   150.800925: sched_switch: prev_comm=mmcqd/1 prev_pid=116 prev_prio=120 prev_state=S ==> next_comm=main next_pid=2607 next_prio=120
           <...>-2618  [001] d..2   150.801012: block_rq_insert: 179,0 R 0 () 3992040 + 24 [JDWP]
           <...>-2618  [001] d..2   150.801017: block_rq_insert: 179,0 R 0 () 3992168 + 8 [JDWP]
           <...>-2618  [001] d..2   150.801021: block_rq_insert: 179,0 R 0 () 3992192 + 56 [JDWP]
           <...>-2607  [000] ...2   150.801046: sched_switch: prev_comm=main prev_pid=2607 prev_prio=120 prev_state=R ==> next_comm=mmcqd/1 next_pid=116 next_prio=120
           <...>-2618  [001] ...2   150.801069: sched_switch: prev_comm=JDWP prev_pid=2618 prev_prio=120 prev_state=D|W ==> next_comm=swapper/1 next_pid=0 next_prio=120
         mmcqd/1-116   [000] ...2   150.801094: sched_switch: prev_comm=mmcqd/1 prev_pid=116 prev_prio=120 prev_state=S ==> next_comm=main next_pid=2607 next_prio=120
           <...>-2607  [000] ...2   150.801397: sched_switch: prev_comm=main prev_pid=2607 prev_prio=120 prev_state=R+ ==> next_comm=mmcqd/1 next_pid=116 next_prio=120
         mmcqd/1-116   [000] ...1   150.801428: block_rq_complete: 179,0 RA () 3992040 + 24 [0]
         mmcqd/1-116   [000] ...2   150.801462: sched_switch: prev_comm=mmcqd/1 prev_pid=116 prev_prio=120 prev_state=S ==> next_comm=main next_pid=2607 next_prio=120
           <...>-2607  [000] d..2   150.801493: block_rq_insert: 179,0 R 0 () 4078544 + 88 [main]
           <...>-2607  [000] d..2   150.801497: block_rq_insert: 179,0 R 0 () 4078640 + 56 [main]
