           <...>-116   [000] ...2   176.098880: sched_switch: prev_comm=mmcqd/1 prev_pid=116 prev_prio=120 prev_state=R+ ==> next_comm=kworker/0:1H next_pid=17 next_prio=100
    kworker/0:1H-17    [000] ...2   176.098887: sched_switch: prev_comm=kworker/0:1H prev_pid=17 prev_prio=100 prev_state=S ==> next_comm=mmcqd/1 next_pid=116 next_prio=120
           <...>-116   [000] ...2   176.098896: sched_switch: prev_comm=mmcqd/1 prev_pid=116 prev_prio=120 prev_state=S ==> next_comm=main next_pid=3091 next_prio=120
           <...>-3096  [001] d..2   176.098969: block_rq_insert: 179,0 R 0 () 4009736 + 8 [JDWP]
           <...>-3096  [001] d..2   176.098985: block_rq_insert: 179,0 R 0 () 4009824 + 8 [JDWP]
           <...>-3096  [001] d..2   176.098990: block_rq_insert: 179,0 R 0 () 4009864 + 8 [JDWP]
           <...>-3091  [000] ...2   176.098992: sched_switch: prev_comm=main prev_pid=3091 prev_prio=120 prev_state=R+ ==> next_comm=mmcqd/1 next_pid=116 next_prio=120
           <...>-3096  [001] ...2   176.099009: sched_switch: prev_comm=JDWP prev_pid=3096 prev_prio=120 prev_state=D|W ==> next_comm=swapper/1 next_pid=0 next_prio=120
           <...>-116   [000] ...2   176.099035: sched_switch: prev_comm=mmcqd/1 prev_pid=116 prev_prio=120 prev_state=S ==> next_comm=main next_pid=3091 next_prio=120
           <...>-3091  [000] ...2   176.099156: sched_switch: prev_comm=main prev_pid=3091 prev_prio=120 prev_state=S ==> next_comm=swapper/0 next_pid=0 next_prio=120
          <idle>-0     [000] ...2   176.099262: sched_switch: prev_comm=swapper/0 prev_pid=0 prev_prio=120 prev_state=R ==> next_comm=mmcqd/1 next_pid=116 next_prio=120
           <...>-116   [000] ...1   176.099287: block_rq_complete: 179,0 RA () 4009736 + 8 [0]
           <...>-116   [000] ...2   176.099307: sched_switch: prev_comm=mmcqd/1 prev_pid=116 prev_prio=120 prev_state=S ==> next_comm=swapper/0 next_pid=0 next_prio=120
          <idle>-0     [000] ...2   176.099549: sched_switch: prev_comm=swapper/0 prev_pid=0 prev_prio=120 prev_state=R ==> next_comm=mmcqd/1 next_pid=116 next_prio=120
           <...>-116   [000] ...1   176.099574: block_rq_complete: 179,0 RA () 4009824 + 8 [0]
           <...>-116   [000] ...2   176.099589: sched_switch: prev_comm=mmcqd/1 prev_pid=116 prev_prio=120 prev_state=S ==> next_comm=swapper/0 next_pid=0 next_prio=120
          <idle>-0     [001] ...2   176.099590: sched_switch: prev_comm=swapper/1 prev_pid=0 prev_prio=120 prev_state=R ==> next_comm=JDWP next_pid=3096 next_prio=120
          <idle>-0     [000] ...2   176.099675: sched_switch: prev_comm=swapper/0 prev_pid=0 prev_prio=120 prev_state=R ==> next_comm=main next_pid=3091 next_prio=120
           <...>-3096  [001] ...2   176.099713: sched_switch: prev_comm=JDWP prev_pid=3096 prev_prio=120 prev_state=S ==> next_comm=swapper/1 next_pid=0 next_prio=120
           <...>-3091  [000] d..2   176.099739: block_rq_insert: 179,0 R 0 () 3994040 + 136 [main]
           <...>-3091  [000] ...2   176.099752: sched_switch: prev_comm=main prev_pid=3091 prev_prio=120 prev_state=R+ ==> next_comm=mmcqd/1 next_pid=116 next_prio=120
           <...>-116   [000] ...1   176.099834: block_rq_complete: 179,0 RA () 4009864 + 8 [0]
           <...>-116   [000] ...2   176.099845: sched_switch: prev_comm=mmcqd/1 prev_pid=116 prev_prio=120 prev_state=S ==> next_comm=main next_pid=3091 next_prio=120
           <...>-3091  [000] ...2   176.099851: sched_switch: prev_comm=main prev_pid=3091 prev_prio=120 prev_state=D|W ==> next_comm=swapper/0 next_pid=0 next_prio=120
          <idle>-0     [000] ...2   176.100796: sched_switch: prev_comm=swapper/0 prev_pid=0 prev_prio=120 prev_state=R ==> next_comm=mmcqd/1 next_pid=116 next_prio=120
           <...>-116   [000] ...1   176.100834: block_rq_complete: 179,0 RA () 3994040 + 136 [0]
           <...>-116   [000] ...2   176.100855: sched_switch: prev_comm=mmcqd/1 prev_pid=116 prev_prio=120 prev_state=R+ ==> next_comm=kworker/0:1H next_pid=17 next_prio=100
    kworker/0:1H-17    [000] ...2   176.100862: sched_switch: prev_comm=kworker/0:1H prev_pid=17 prev_prio=100 prev_state=S ==> next_comm=mmcqd/1 next_pid=116 next_prio=120
           <...>-116   [000] ...2   176.100871: sched_switch: prev_comm=mmcqd/1 prev_pid=116 prev_prio=120 prev_state=S ==> next_comm=main next_pid=3091 next_prio=120
          <idle>-0     [001] ...2   176.100996: sched_switch: prev_comm=swapper/1 prev_pid=0 prev_prio=120 prev_state=R ==> next_comm=JDWP next_pid=3096 next_prio=120
           <...>-3091  [000] ...2   176.101092: sched_switch: prev_comm=main prev_pid=3091 prev_prio=120 prev_state=S ==> next_comm=swapper/0 next_pid=0 next_prio=120
           <...>-3096  [001] d..2   176.101175: block_rq_insert: 179,0 R 0 () 4010144 + 96 [JDWP]
           <...>-3096  [001] d..2   176.101189: block_rq_insert: 179,0 R 0 () 4010264 + 48 [JDWP]
           <...>-3096  [001] d..2   176.101193: block_rq_insert: 179,0 R 0 () 4010336 + 24 [JDWP]
          <idle>-0     [000] ...2   176.101197: sched_switch: prev_comm=swapper/0 prev_pid=0 prev_prio=120 prev_state=R ==> next_comm=mmcqd/1 next_pid=116 next_prio=120
           <...>-3096  [001] ...2   176.101208: sched_switch: prev_comm=JDWP prev_pid=3096 prev_prio=120 prev_state=D|W ==> next_comm=swapper/1 next_pid=0 next_prio=120
           <...>-116   [000] ...2   176.101272: sched_switch: prev_comm=mmcqd/1 prev_pid=116 prev_prio=120 prev_state=S ==> next_comm=swapper/0 next_pid=0 next_prio=120
          <idle>-0     [000] ...2   176.101892: sched_switch: prev_comm=swapper/0 prev_pid=0 prev_prio=120 prev_state=R ==> next_comm=mmcqd/1 next_pid=116 next_prio=120
           <...>-116   [000] ...1   176.101938: block_rq_complete: 179,0 RA () 4010144 + 96 [0]
           <...>-116   [000] ...2   176.101964: sched_switch: prev_comm=mmcqd/1 prev_pid=116 prev_prio=120 prev_state=S ==> next_comm=swapper/0 next_pid=0 next_prio=120
          <idle>-0     [000] ...2   176.102382: sched_switch: prev_comm=swapper/0 prev_pid=0 prev_prio=120 prev_state=R ==> next_comm=mmcqd/1 next_pid=116 next_prio=120
           <...>-116   [000] ...1   176.102417: block_rq_complete: 179,0 RA () 4010264 + 48 [0]
           <...>-116   [000] ...2   176.102434: sched_switch: prev_comm=mmcqd/1 prev_pid=116 prev_prio=120 prev_state=S ==> next_comm=swapper/0 next_pid=0 next_prio=120
          <idle>-0     [001] ...2   176.102436: sched_switch: prev_comm=swapper/1 prev_pid=0 prev_prio=120 prev_state=R ==> next_comm=JDWP next_pid=3096 next_prio=120
           <...>-3096  [001] ...2   176.102457: sched_switch: prev_comm=JDWP prev_pid=3096 prev_prio=120 prev_state=D|W ==> next_comm=swapper/1 next_pid=0 next_prio=120
          <idle>-0     [000] ...2   176.102730: sched_switch: prev_comm=swapper/0 prev_pid=0 prev_prio=120 prev_state=R ==> next_comm=mmcqd/1 next_pid=116 next_prio=120
           <...>-116   [000] ...1   176.102743: block_rq_complete: 179,0 RA () 4010336 + 24 [0]
           <...>-116   [000] ...2   176.102760: sched_switch: prev_comm=mmcqd/1 prev_pid=116 prev_prio=120 prev_state=R+ ==> next_comm=kworker/0:1H next_pid=17 next_prio=100
          <idle>-0     [001] ...2   176.102761: sched_switch: prev_comm=swapper/1 prev_pid=0 prev_prio=120 prev_state=R ==> next_comm=JDWP next_pid=3096 next_prio=120
    kworker/0:1H-17    [000] ...2   176.102767: sched_switch: prev_comm=kworker/0:1H prev_pid=17 prev_prio=100 prev_state=S ==> next_comm=mmcqd/1 next_pid=116 next_prio=120
           <...>-116   [000] ...2   176.102775: sched_switch: prev_comm=mmcqd/1 prev_pid=116 prev_prio=120 prev_state=S ==> next_comm=swapper/0 next_pid=0 next_prio=120
           <...>-3096  [001] d..2   176.102842: block_rq_insert: 179,0 R 0 () 4020448 + 16 [JDWP]
           <...>-3096  [001] d..2   176.102846: block_rq_insert: 179,0 R 0 () 4020472 + 40 [JDWP]
           <...>-3096  [001] d..2   176.102849: block_rq_insert: 179,0 R 0 () 4020544 + 8 [JDWP]
           <...>-3096  [001] d..2   176.102852: block_rq_insert: 179,0 R 0 () 4020560 + 24 [JDWP]
          <idle>-0     [000] ...2   176.102869: sched_switch: prev_comm=swapper/0 prev_pid=0 prev_prio=120 prev_state=R ==> next_comm=mmcqd/1 next_pid=116 next_prio=120
           <...>-3096  [001] ...2   176.102871: sched_switch: prev_comm=JDWP prev_pid=3096 prev_prio=120 prev_state=D|W ==> next_comm=swapper/1 next_pid=0 next_prio=120
           <...>-116   [000] ...2   176.102922: sched_switch: prev_comm=mmcqd/1 prev_pid=116 prev_prio=120 prev_state=S ==> next_comm=swapper/0 next_pid=0 next_prio=120
          <idle>-0     [000] ...2   176.103188: sched_switch: prev_comm=swapper/0 prev_pid=0 prev_prio=120 prev_state=R ==> next_comm=mmcqd/1 next_pid=116 next_prio=120
           <...>-116   [000] ...1   176.103215: block_rq_complete: 179,0 RA () 4020448 + 16 [0]
           <...>-116   [000] ...2   176.103234: sched_switch: prev_comm=mmcqd/1 prev_pid=116 prev_prio=120 prev_state=S ==> next_comm=swapper/0 next_pid=0 next_prio=120
          <idle>-0     [000] ...2   176.103766: sched_switch: prev_comm=swapper/0 prev_pid=0 prev_prio=120 prev_state=R ==> next_comm=mmcqd/1 next_pid=116 next_prio=120
           <...>-116   [000] ...1   176.103799: block_rq_complete: 179,0 RA () 4020472 + 40 [0]
           <...>-116   [000] ...2   176.103823: sched_switch: prev_comm=mmcqd/1 prev_pid=116 prev_prio=120 prev_state=S ==> next_comm=swapper/0 next_pid=0 next_prio=120
          <idle>-0     [000] ...2   176.104045: sched_switch: prev_comm=swapper/0 prev_pid=0 prev_prio=120 prev_state=R ==> next_comm=mmcqd/1 next_pid=116 next_prio=120
           <...>-116   [000] ...1   176.104070: block_rq_complete: 179,0 RA () 4020544 + 8 [0]
           <...>-116   [000] ...2   176.104081: sched_switch: prev_comm=mmcqd/1 prev_pid=116 prev_prio=120 prev_state=S ==> next_comm=swapper/0 next_pid=0 next_prio=120
          <idle>-0     [000] ...2   176.104444: sched_switch: prev_comm=swapper/0 prev_pid=0 prev_prio=120 prev_state=R ==> next_comm=mmcqd/1 next_pid=116 next_prio=120
           <...>-116   [000] ...1   176.104457: block_rq_complete: 179,0 RA () 4020560 + 24 [0]
           <...>-116   [000] ...2   176.104474: sched_switch: prev_comm=mmcqd/1 prev_pid=116 prev_prio=120 prev_state=R+ ==> next_comm=kworker/0:1H next_pid=17 next_prio=100
          <idle>-0     [001] ...2   176.104476: sched_switch: prev_comm=swapper/1 prev_pid=0 prev_prio=120 prev_state=R ==> next_comm=JDWP next_pid=3096 next_prio=120
    kworker/0:1H-17    [000] ...2   176.104480: sched_switch: prev_comm=kworker/0:1H prev_pid=17 prev_prio=100 prev_state=S ==> next_comm=mmcqd/1 next_pid=116 next_prio=120
           <...>-116   [000] ...2   176.104488: sched_switch: prev_comm=mmcqd/1 prev_pid=116 prev_prio=120 prev_state=S ==> next_comm=swapper/0 next_pid=0 next_prio=120
          <idle>-0     [000] ...2   176.104561: sched_switch: prev_comm=swapper/0 prev_pid=0 prev_prio=120 prev_state=R ==> next_comm=main next_pid=3091 next_prio=120
           <...>-3091  [000] ...2   176.104614: sched_switch: prev_comm=main prev_pid=3091 prev_prio=120 prev_state=S ==> next_comm=swapper/0 next_pid=0 next_prio=120
           <...>-3096  [001] d..2   176.104751: block_rq_insert: 179,0 R 0 () 4079416 + 48 [JDWP]
           <...>-3096  [001] d..2   176.104755: block_rq_insert: 179,0 R 0 () 4079480 + 24 [JDWP]
           <...>-3096  [001] d..2   176.104758: block_rq_insert: 179,0 R 0 () 4079512 + 72 [JDWP]
           <...>-3096  [001] d..2   176.104761: block_rq_insert: 179,0 R 0 () 4079600 + 16 [JDWP]
           <...>-3096  [001] d..2   176.104764: block_rq_insert: 179,0 R 0 () 4079632 + 16 [JDWP]
           <...>-3096  [001] d..2   176.104767: block_rq_insert: 179,0 R 0 () 4079656 + 16 [JDWP]
          <idle>-0     [000] ...2   176.104785: sched_switch: prev_comm=swapper/0 prev_pid=0 prev_prio=120 prev_state=R ==> next_comm=mmcqd/1 next_pid=116 next_prio=120
           <...>-3096  [001] ...2   176.104787: sched_switch: prev_comm=JDWP prev_pid=3096 prev_prio=120 prev_state=D|W ==> next_comm=swapper/1 next_pid=0 next_prio=120
           <...>-116   [000] ...2   176.104841: sched_switch: prev_comm=mmcqd/1 prev_pid=116 prev_prio=120 prev_state=S ==> next_comm=swapper/0 next_pid=0 next_prio=120
          <idle>-0     [000] ...2   176.105296: sched_switch: prev_comm=swapper/0 prev_pid=0 prev_prio=120 prev_state=R ==> next_comm=mmcqd/1 next_pid=116 next_prio=120
           <...>-116   [000] ...1   176.105331: block_rq_complete: 179,0 RA () 4079416 + 48 [0]
           <...>-116   [000] ...2   176.105368: sched_switch: prev_comm=mmcqd/1 prev_pid=116 prev_prio=120 prev_state=S ==> next_comm=swapper/0 next_pid=0 next_prio=120
          <idle>-0     [000] ...2   176.105688: sched_switch: prev_comm=swapper/0 prev_pid=0 prev_prio=120 prev_state=R ==> next_comm=mmcqd/1 next_pid=116 next_prio=120
           <...>-116   [000] ...1   176.105716: block_rq_complete: 179,0 RA () 4079480 + 24 [0]
           <...>-116   [000] ...2   176.105737: sched_switch: prev_comm=mmcqd/1 prev_pid=116 prev_prio=120 prev_state=S ==> next_comm=swapper/0 next_pid=0 next_prio=120
          <idle>-0     [000] ...2   176.106270: sched_switch: prev_comm=swapper/0 prev_pid=0 prev_prio=120 prev_state=R ==> next_comm=mmcqd/1 next_pid=116 next_prio=120
           <...>-116   [000] ...1   176.106309: block_rq_complete: 179,0 RA () 4079512 + 72 [0]
          <idle>-0     [001] ...2   176.106328: sched_switch: prev_comm=swapper/1 prev_pid=0 prev_prio=120 prev_state=R ==> next_comm=JDWP next_pid=3096 next_prio=120
           <...>-116   [000] ...2   176.106335: sched_switch: prev_comm=mmcqd/1 prev_pid=116 prev_prio=120 prev_state=S ==> next_comm=swapper/0 next_pid=0 next_prio=120
          <idle>-0     [000] ...2   176.106369: sched_switch: prev_comm=swapper/0 prev_pid=0 prev_prio=120 prev_state=R ==> next_comm=main next_pid=3091 next_prio=120
           <...>-3091  [000] ...2   176.106447: sched_switch: prev_comm=main prev_pid=3091 prev_prio=120 prev_state=S ==> next_comm=swapper/0 next_pid=0 next_prio=120
          <idle>-0     [000] ...2   176.106471: sched_switch: prev_comm=swapper/0 prev_pid=0 prev_prio=120 prev_state=R ==> next_comm=main next_pid=3091 next_prio=120
           <...>-3091  [000] ...2   176.106526: sched_switch: prev_comm=main prev_pid=3091 prev_prio=120 prev_state=S ==> next_comm=swapper/0 next_pid=0 next_prio=120
           <...>-3096  [001] ...2   176.106557: sched_switch: prev_comm=JDWP prev_pid=3096 prev_prio=120 prev_state=D|W ==> next_comm=swapper/1 next_pid=0 next_prio=120
          <idle>-0     [000] ...2   176.106567: sched_switch: prev_comm=swapper/0 prev_pid=0 prev_prio=120 prev_state=R ==> next_comm=mmcqd/1 next_pid=116 next_prio=120
           <...>-116   [000] ...1   176.106595: block_rq_complete: 179,0 RA () 4079600 + 16 [0]
           <...>-116   [000] ...2   176.106618: sched_switch: prev_comm=mmcqd/1 prev_pid=116 prev_prio=120 prev_state=S ==> next_comm=swapper/0 next_pid=0 next_prio=120
          <idle>-0     [000] ...2   176.106882: sched_switch: prev_comm=swapper/0 prev_pid=0 prev_prio=120 prev_state=R ==> next_comm=mmcqd/1 next_pid=116 next_prio=120
           <...>-116   [000] ...1   176.106909: block_rq_complete: 179,0 RA () 4079632 + 16 [0]
           <...>-116   [000] ...2   176.106924: sched_switch: prev_comm=mmcqd/1 prev_pid=116 prev_prio=120 prev_state=S ==> next_comm=swapper/0 next_pid=0 next_prio=120
          <idle>-0     [001] ...2   176.106927: sched_switch: prev_comm=swapper/1 prev_pid=0 prev_prio=120 prev_state=R ==> next_comm=JDWP next_pid=3096 next_prio=120
          <idle>-0     [000] ...2   176.106964: sched_switch: prev_comm=swapper/0 prev_pid=0 prev_prio=120 prev_state=R ==> next_comm=main next_pid=3091 next_prio=120
           <...>-3096  [001] d..2   176.107087: block_rq_insert: 179,0 R 0 () 4078736 + 8 [JDWP]
           <...>-3096  [001] d..2   176.107092: block_rq_insert: 179,0 R 0 () 4078752 + 8 [JDWP]
           <...>-3096  [001] d..2   176.107095: block_rq_insert: 179,0 R 0 () 4078784 + 8 [JDWP]
           <...>-3096  [001] d..2   176.107098: block_rq_insert: 179,0 R 0 () 4078824 + 8 [JDWP]
           <...>-3096  [001] d..2   176.107101: block_rq_insert: 179,0 R 0 () 4078840 + 24 [JDWP]
           <...>-3096  [001] d..2   176.107104: block_rq_insert: 179,0 R 0 () 4078888 + 32 [JDWP]
           <...>-3096  [001] d..2   176.107107: block_rq_insert: 179,0 R 0 () 4078952 + 16 [JDWP]
           <...>-3096  [001] d..2   176.107110: block_rq_insert: 179,0 R 0 () 4078976 + 8 [JDWP]
           <...>-3091  [000] ...2   176.107126: sched_switch: prev_comm=main prev_pid=3091 prev_prio=120 prev_state=D|W ==> next_comm=mmcqd/1 next_pid=116 next_prio=120
           <...>-116   [000] ...2   176.107141: sched_switch: prev_comm=mmcqd/1 prev_pid=116 prev_prio=120 prev_state=S ==> next_comm=swapper/0 next_pid=0 next_prio=120
           <...>-3096  [001] ...2   176.107149: sched_switch: prev_comm=JDWP prev_pid=3096 prev_prio=120 prev_state=S ==> next_comm=swapper/1 next_pid=0 next_prio=120
          <idle>-0     [000] ...2   176.107185: sched_switch: prev_comm=swapper/0 prev_pid=0 prev_prio=120 prev_state=R ==> next_comm=mmcqd/1 next_pid=116 next_prio=120
           <...>-116   [000] ...1   176.107212: block_rq_complete: 179,0 RA () 4079656 + 16 [0]
           <...>-116   [000] ...2   176.107238: sched_switch: prev_comm=mmcqd/1 prev_pid=116 prev_prio=120 prev_state=S ==> next_comm=main next_pid=3091 next_prio=120
          <idle>-0     [001] ...2   176.107271: sched_switch: prev_comm=swapper/1 prev_pid=0 prev_prio=120 prev_state=R ==> next_comm=JDWP next_pid=3096 next_prio=120
           <...>-3091  [000] ...2   176.107299: sched_switch: prev_comm=main prev_pid=3091 prev_prio=120 prev_state=S ==> next_comm=swapper/0 next_pid=0 next_prio=120
           <...>-3096  [001] d..2   176.107325: block_rq_insert: 179,0 R 0 () 3991632 + 56 [JDWP]
           <...>-3096  [001] ...2   176.107341: sched_switch: prev_comm=JDWP prev_pid=3096 prev_prio=120 prev_state=D|W ==> next_comm=swapper/1 next_pid=0 next_prio=120
          <idle>-0     [000] ...2   176.107452: sched_switch: prev_comm=swapper/0 prev_pid=0 prev_prio=120 prev_state=R ==> next_comm=mmcqd/1 next_pid=116 next_prio=120
           <...>-116   [000] ...1   176.107478: block_rq_complete: 179,0 RA () 4078976 + 8 [0]
           <...>-116   [000] ...2   176.107504: sched_switch: prev_comm=mmcqd/1 prev_pid=116 prev_prio=120 prev_state=S ==> next_comm=swapper/0 next_pid=0 next_prio=120
          <idle>-0     [000] ...2   176.107782: sched_switch: prev_comm=swapper/0 prev_pid=0 prev_prio=120 prev_state=R ==> next_comm=mmcqd/1 next_pid=116 next_prio=120
           <...>-116   [000] ...1   176.107809: block_rq_complete: 179,0 RA () 4078952 + 16 [0]
           <...>-116   [000] ...2   176.107832: sched_switch: prev_comm=mmcqd/1 prev_pid=116 prev_prio=120 prev_state=S ==> next_comm=swapper/0 next_pid=0 next_prio=120
          <idle>-0     [000] ...2   176.108209: sched_switch: prev_comm=swapper/0 prev_pid=0 prev_prio=120 prev_state=R ==> next_comm=mmcqd/1 next_pid=116 next_prio=120
           <...>-116   [000] ...1   176.108240: block_rq_complete: 179,0 RA () 4078888 + 32 [0]
           <...>-116   [000] ...2   176.108259: sched_switch: prev_comm=mmcqd/1 prev_pid=116 prev_prio=120 prev_state=S ==> next_comm=swapper/0 next_pid=0 next_prio=120
          <idle>-0     [000] ...2   176.108709: sched_switch: prev_comm=swapper/0 prev_pid=0 prev_prio=120 prev_state=R ==> next_comm=mmcqd/1 next_pid=116 next_prio=120
           <...>-116   [000] ...1   176.108738: block_rq_complete: 179,0 RA () 4078840 + 24 [0]
           <...>-116   [000] ...2   176.108757: sched_switch: prev_comm=mmcqd/1 prev_pid=116 prev_prio=120 prev_state=S ==> next_comm=swapper/0 next_pid=0 next_prio=120
          <idle>-0     [000] ...2   176.108985: sched_switch: prev_comm=swapper/0 prev_pid=0 prev_prio=120 prev_state=R ==> next_comm=mmcqd/1 next_pid=116 next_prio=120
           <...>-116   [000] ...1   176.109010: block_rq_complete: 179,0 RA () 4078824 + 8 [0]
           <...>-116   [000] ...2   176.109029: sched_switch: prev_comm=mmcqd/1 prev_pid=116 prev_prio=120 prev_state=S ==> next_comm=swapper/0 next_pid=0 next_prio=120
          <idle>-0     [000] ...2   176.109266: sched_switch: prev_comm=swapper/0 prev_pid=0 prev_prio=120 prev_state=R ==> next_comm=mmcqd/1 next_pid=116 next_prio=120
           <...>-116   [000] ...1   176.109291: block_rq_complete: 179,0 RA () 4078784 + 8 [0]
           <...>-116   [000] ...2   176.109310: sched_switch: prev_comm=mmcqd/1 prev_pid=116 prev_prio=120 prev_state=S ==> next_comm=swapper/0 next_pid=0 next_prio=120
          <idle>-0     [000] ...2   176.109539: sched_switch: prev_comm=swapper/0 prev_pid=0 prev_prio=120 prev_state=R ==> next_comm=mmcqd/1 next_pid=116 next_prio=120
           <...>-116   [000] ...1   176.109564: block_rq_complete: 179,0 RA () 4078752 + 8 [0]
           <...>-116   [000] ...2   176.109595: sched_switch: prev_comm=mmcqd/1 prev_pid=116 prev_prio=120 prev_state=S ==> next_comm=swapper/0 next_pid=0 next_prio=120
          <idle>-0     [000] ...2   176.109807: sched_switch: prev_comm=swapper/0 prev_pid=0 prev_prio=120 prev_state=R ==> next_comm=mmcqd/1 next_pid=116 next_prio=120
           <...>-116   [000] ...1   176.109833: block_rq_complete: 179,0 RA () 4078736 + 8 [0]
           <...>-116   [000] ...2   176.109844: sched_switch: prev_comm=mmcqd/1 prev_pid=116 prev_prio=120 prev_state=S ==> next_comm=swapper/0 next_pid=0 next_prio=120
          <idle>-0     [000] ...2   176.110372: sched_switch: prev_comm=swapper/0 prev_pid=0 prev_prio=120 prev_state=R ==> next_comm=mmcqd/1 next_pid=116 next_prio=120
           <...>-116   [000] ...1   176.110393: block_rq_complete: 179,0 RA () 3991632 + 56 [0]
           <...>-116   [000] ...2   176.110411: sched_switch: prev_comm=mmcqd/1 prev_pid=116 prev_prio=120 prev_state=R+ ==> next_comm=kworker/0:1H next_pid=17 next_prio=100
          <idle>-0     [001] ...2   176.110413: sched_switch: prev_comm=swapper/1 prev_pid=0 prev_prio=120 prev_state=R ==> next_comm=JDWP next_pid=3096 next_prio=120
    kworker/0:1H-17    [000] ...2   176.110418: sched_switch: prev_comm=kworker/0:1H prev_pid=17 prev_prio=100 prev_state=S ==> next_comm=mmcqd/1 next_pid=116 next_prio=120
           <...>-116   [000] ...2   176.110426: sched_switch: prev_comm=mmcqd/1 prev_pid=116 prev_prio=120 prev_state=S ==> next_comm=swapper/0 next_pid=0 next_prio=120
          <idle>-0     [000] ...2   176.110514: sched_switch: prev_comm=swapper/0 prev_pid=0 prev_prio=120 prev_state=R ==> next_comm=main next_pid=3091 next_prio=120
           <...>-3096  [001] ...2   176.110542: sched_switch: prev_comm=JDWP prev_pid=3096 prev_prio=120 prev_state=S ==> next_comm=swapper/1 next_pid=0 next_prio=120
          <idle>-0     [001] ...2   176.110550: sched_switch: prev_comm=swapper/1 prev_pid=0 prev_prio=120 prev_state=R ==> next_comm=JDWP next_pid=3096 next_prio=120
           <...>-3091  [000] ...2   176.110795: sched_switch: prev_comm=main prev_pid=3091 prev_prio=120 prev_state=S ==> next_comm=swapper/0 next_pid=0 next_prio=120
          <idle>-0     [000] ...2   176.110826: sched_switch: prev_comm=swapper/0 prev_pid=0 prev_prio=120 prev_state=R ==> next_comm=main next_pid=3091 next_prio=120
           <...>-3096  [001] d..2   176.111848: block_rq_insert: 179,0 R 0 () 4019736 + 8 [JDWP]
           <...>-3096  [001] d..2   176.111854: block_rq_insert: 179,0 R 0 () 4019792 + 8 [JDWP]
           <...>-3091  [000] ...2   176.111871: sched_switch: prev_comm=main prev_pid=3091 prev_prio=120 prev_state=R+ ==> next_comm=mmcqd/1 next_pid=116 next_prio=120
           <...>-3096  [001] ...2   176.111882: sched_switch: prev_comm=JDWP prev_pid=3096 prev_prio=120 prev_state=D|W ==> next_comm=swapper/1 next_pid=0 next_prio=120
           <...>-116   [000] ...2   176.111922: sched_switch: prev_comm=mmcqd/1 prev_pid=116 prev_prio=120 prev_state=S ==> next_comm=main next_pid=3091 next_prio=120
           <...>-3091  [000] ...2   176.112145: sched_switch: prev_comm=main prev_pid=3091 prev_prio=120 prev_state=R ==> next_comm=mmcqd/1 next_pid=116 next_prio=120
           <...>-116   [000] ...1   176.112173: block_rq_complete: 179,0 RA () 4019736 + 8 [0]
           <...>-116   [000] ...2   176.112188: sched_switch: prev_comm=mmcqd/1 prev_pid=116 prev_prio=120 prev_state=S ==> next_comm=main next_pid=3091 next_prio=120
           <...>-3091  [000] ...2   176.112435: sched_switch: prev_comm=main prev_pid=3091 prev_prio=120 prev_state=R ==> next_comm=mmcqd/1 next_pid=116 next_prio=120
           <...>-116   [000] ...1   176.112447: block_rq_complete: 179,0 RA () 4019792 + 8 [0]
           <...>-116   [000] ...2   176.112467: sched_switch: prev_comm=mmcqd/1 prev_pid=116 prev_prio=120 prev_state=R+ ==> next_comm=kworker/0:1H next_pid=17 next_prio=100
          <idle>-0     [001] ...2   176.112468: sched_switch: prev_comm=swapper/1 prev_pid=0 prev_prio=120 prev_state=R ==> next_comm=JDWP next_pid=3096 next_prio=120
    kworker/0:1H-17    [000] ...2   176.112474: sched_switch: prev_comm=kworker/0:1H prev_pid=17 prev_prio=100 prev_state=S ==> next_comm=mmcqd/1 next_pid=116 next_prio=120
           <...>-116   [000] ...2   176.112483: sched_switch: prev_comm=mmcqd/1 prev_pid=116 prev_prio=120 prev_state=S ==> next_comm=main next_pid=3091 next_prio=120
           <...>-3096  [001] ...2   176.112955: sched_switch: prev_comm=JDWP prev_pid=3096 prev_prio=120 prev_state=R+ ==> next_comm=adbd next_pid=781 next_prio=120
            adbd-781   [001] ...2   176.113202: sched_switch: prev_comm=adbd prev_pid=781 prev_prio=120 prev_state=S ==> next_comm=adbd next_pid=783 next_prio=120
            adbd-783   [001] ...2   176.113286: sched_switch: prev_comm=adbd prev_pid=783 prev_prio=120 prev_state=S ==> next_comm=JDWP next_pid=3096 next_prio=120
           <...>-3096  [001] ...2   176.113616: sched_switch: prev_comm=JDWP prev_pid=3096 prev_prio=120 prev_state=S ==> next_comm=swapper/1 next_pid=0 next_prio=120
           <...>-3091  [000] ...2   176.113644: sched_switch: prev_comm=main prev_pid=3091 prev_prio=120 prev_state=R ==> next_comm=adbd next_pid=784 next_prio=120
          <idle>-0     [001] ...2   176.113676: sched_switch: prev_comm=swapper/1 prev_pid=0 prev_prio=120 prev_state=R ==> next_comm=adbd next_pid=781 next_prio=120
            adbd-784   [000] ...2   176.113679: sched_switch: prev_comm=adbd prev_pid=784 prev_prio=120 prev_state=S ==> next_comm=main next_pid=3091 next_prio=120
            adbd-781   [001] ...2   176.113994: sched_switch: prev_comm=adbd prev_pid=781 prev_prio=120 prev_state=S ==> next_comm=adbd next_pid=783 next_prio=120
            adbd-783   [001] ...2   176.114059: sched_switch: prev_comm=adbd prev_pid=783 prev_prio=120 prev_state=S ==> next_comm=swapper/1 next_pid=0 next_prio=120
           <...>-3091  [000] ...2   176.114436: sched_switch: prev_comm=main prev_pid=3091 prev_prio=120 prev_state=R ==> next_comm=adbd next_pid=784 next_prio=120
          <idle>-0     [001] ...2   176.114468: sched_switch: prev_comm=swapper/1 prev_pid=0 prev_prio=120 prev_state=R ==> next_comm=adbd next_pid=781 next_prio=120
            adbd-784   [000] ...2   176.114468: sched_switch: prev_comm=adbd prev_pid=784 prev_prio=120 prev_state=S ==> next_comm=main next_pid=3091 next_prio=120
            adbd-781   [001] ...2   176.114651: sched_switch: prev_comm=adbd prev_pid=781 prev_prio=120 prev_state=S ==> next_comm=adbd next_pid=783 next_prio=120
            adbd-783   [001] ...2   176.114664: sched_switch: prev_comm=adbd prev_pid=783 prev_prio=120 prev_state=S ==> next_comm=swapper/1 next_pid=0 next_prio=120
           <...>-3091  [000] d..2   176.125459: block_rq_insert: 179,0 R 0 () 4085616 + 40 [main]
           <...>-3091  [000] ...2   176.125489: sched_switch: prev_comm=main prev_pid=3091 prev_prio=120 prev_state=R+ ==> next_comm=mmcqd/1 next_pid=116 next_prio=120
           <...>-116   [000] ...2   176.125559: sched_switch: prev_comm=mmcqd/1 prev_pid=116 prev_prio=120 prev_state=S ==> next_comm=main next_pid=3091 next_prio=120
           <...>-3091  [000] ...2   176.126115: sched_switch: prev_comm=main prev_pid=3091 prev_prio=120 prev_state=R ==> next_comm=mmcqd/1 next_pid=116 next_prio=120
           <...>-116   [000] ...1   176.126137: block_rq_complete: 179,0 RA () 4085616 + 40 [0]
           <...>-116   [000] ...2   176.126157: sched_switch: prev_comm=mmcqd/1 prev_pid=116 prev_prio=120 prev_state=R+ ==> next_comm=kworker/0:1H next_pid=17 next_prio=100
    kworker/0:1H-17    [000] ...2   176.126166: sched_switch: prev_comm=kworker/0:1H prev_pid=17 prev_prio=100 prev_state=S ==> next_comm=mmcqd/1 next_pid=116 next_prio=120
           <...>-116   [000] ...2   176.126177: sched_switch: prev_comm=mmcqd/1 prev_pid=116 prev_prio=120 prev_state=S ==> next_comm=main next_pid=3091 next_prio=120
           <...>-3091  [000] d..2   176.128451: block_rq_insert: 179,0 R 0 () 874176 + 8 [main]
           <...>-3091  [000] ...2   176.128463: sched_switch: prev_comm=main prev_pid=3091 prev_prio=120 prev_state=R+ ==> next_comm=mmcqd/1 next_pid=116 next_prio=120
           <...>-116   [000] ...2   176.128505: sched_switch: prev_comm=mmcqd/1 prev_pid=116 prev_prio=120 prev_state=S ==> next_comm=main next_pid=3091 next_prio=120
           <...>-3091  [000] ...2   176.128512: sched_switch: prev_comm=main prev_pid=3091 prev_prio=120 prev_state=D|W ==> next_comm=swapper/0 next_pid=0 next_prio=120
          <idle>-0     [000] ...2   176.128533: sched_switch: prev_comm=swapper/0 prev_pid=0 prev_prio=120 prev_state=R ==> next_comm=ksoftirqd/0 next_pid=3 next_prio=120
     ksoftirqd/0-3     [000] ...2   176.128542: sched_switch: prev_comm=ksoftirqd/0 prev_pid=3 prev_prio=120 prev_state=S ==> next_comm=swapper/0 next_pid=0 next_prio=120
          <idle>-0     [000] ...2   176.128560: sched_switch: prev_comm=swapper/0 prev_pid=0 prev_prio=120 prev_state=R ==> next_comm=ksoftirqd/0 next_pid=3 next_prio=120
     ksoftirqd/0-3     [000] ...2   176.128567: sched_switch: prev_comm=ksoftirqd/0 prev_pid=3 prev_prio=120 prev_state=S ==> next_comm=swapper/0 next_pid=0 next_prio=120
          <idle>-0     [000] ...2   176.128581: sched_switch: prev_comm=swapper/0 prev_pid=0 prev_prio=120 prev_state=R ==> next_comm=ksoftirqd/0 next_pid=3 next_prio=120
     ksoftirqd/0-3     [000] ...2   176.128593: sched_switch: prev_comm=ksoftirqd/0 prev_pid=3 prev_prio=120 prev_state=S ==> next_comm=swapper/0 next_pid=0 next_prio=120
          <idle>-0     [000] ...2   176.128749: sched_switch: prev_comm=swapper/0 prev_pid=0 prev_prio=120 prev_state=R ==> next_comm=mmcqd/1 next_pid=116 next_prio=120
           <...>-116   [000] ...1   176.128760: block_rq_complete: 179,0 RA () 874176 + 8 [0]
           <...>-116   [000] ...2   176.128779: sched_switch: prev_comm=mmcqd/1 prev_pid=116 prev_prio=120 prev_state=R+ ==> next_comm=kworker/0:1H next_pid=17 next_prio=100
    kworker/0:1H-17    [000] ...2   176.128787: sched_switch: prev_comm=kworker/0:1H prev_pid=17 prev_prio=100 prev_state=S ==> next_comm=mmcqd/1 next_pid=116 next_prio=120
           <...>-116   [000] ...2   176.128796: sched_switch: prev_comm=mmcqd/1 prev_pid=116 prev_prio=120 prev_state=S ==> next_comm=main next_pid=3091 next_prio=120
           <...>-3091  [000] d..2   176.132092: block_rq_insert: 179,0 R 0 () 4084864 + 8 [main]
           <...>-3091  [000] ...2   176.132106: sched_switch: prev_comm=main prev_pid=3091 prev_prio=120 prev_state=R+ ==> next_comm=mmcqd/1 next_pid=116 next_prio=120
           <...>-116   [000] ...2   176.132153: sched_switch: prev_comm=mmcqd/1 prev_pid=116 prev_prio=120 prev_state=S ==> next_comm=main next_pid=3091 next_prio=120
           <...>-3091  [000] ...2   176.132160: sched_switch: prev_comm=main prev_pid=3091 prev_prio=120 prev_state=D|W ==> next_comm=swapper/0 next_pid=0 next_prio=120
          <idle>-0     [000] ...2   176.132177: sched_switch: prev_comm=swapper/0 prev_pid=0 prev_prio=120 prev_state=R ==> next_comm=ksoftirqd/0 next_pid=3 next_prio=120
     ksoftirqd/0-3     [000] ...2   176.132185: sched_switch: prev_comm=ksoftirqd/0 prev_pid=3 prev_prio=120 prev_state=S ==> next_comm=swapper/0 next_pid=0 next_prio=120
          <idle>-0     [000] ...2   176.132200: sched_switch: prev_comm=swapper/0 prev_pid=0 prev_prio=120 prev_state=R ==> next_comm=ksoftirqd/0 next_pid=3 next_prio=120
     ksoftirqd/0-3     [000] ...2   176.132207: sched_switch: prev_comm=ksoftirqd/0 prev_pid=3 prev_prio=120 prev_state=S ==> next_comm=swapper/0 next_pid=0 next_prio=120
          <idle>-0     [000] ...2   176.132386: sched_switch: prev_comm=swapper/0 prev_pid=0 prev_prio=120 prev_state=R ==> next_comm=mmcqd/1 next_pid=116 next_prio=120
           <...>-116   [000] ...1   176.132397: block_rq_complete: 179,0 RA () 4084864 + 8 [0]
           <...>-116   [000] ...2   176.132416: sched_switch: prev_comm=mmcqd/1 prev_pid=116 prev_prio=120 prev_state=R+ ==> next_comm=kworker/0:1H next_pid=17 next_prio=100
    kworker/0:1H-17    [000] ...2   176.132424: sched_switch: prev_comm=kworker/0:1H prev_pid=17 prev_prio=100 prev_state=S ==> next_comm=mmcqd/1 next_pid=116 next_prio=120
           <...>-116   [000] ...2   176.132433: sched_switch: prev_comm=mmcqd/1 prev_pid=116 prev_prio=120 prev_state=S ==> next_comm=main next_pid=3091 next_prio=120
           <...>-3091  [000] d..2   176.133952: block_rq_insert: 179,0 R 0 () 4077832 + 8 [main]
           <...>-3091  [000] d..2   176.133955: block_rq_insert: 179,0 R 0 () 4077848 + 8 [main]
           <...>-3091  [000] d..2   176.133958: block_rq_insert: 179,0 R 0 () 4077872 + 8 [main]
           <...>-3091  [000] ...2   176.133969: sched_switch: prev_comm=main prev_pid=3091 prev_prio=120 prev_state=R+ ==> next_comm=mmcqd/1 next_pid=116 next_prio=120
           <...>-116   [000] ...2   176.134019: sched_switch: prev_comm=mmcqd/1 prev_pid=116 prev_prio=120 prev_state=S ==> next_comm=main next_pid=3091 next_prio=120
           <...>-3091  [000] ...2   176.134025: sched_switch: prev_comm=main prev_pid=3091 prev_prio=120 prev_state=D|W ==> next_comm=swapper/0 next_pid=0 next_prio=120
          <idle>-0     [000] ...2   176.134253: sched_switch: prev_comm=swapper/0 prev_pid=0 prev_prio=120 prev_state=R ==> next_comm=mmcqd/1 next_pid=116 next_prio=120
           <...>-116   [000] ...1   176.134281: block_rq_complete: 179,0 RA () 4077872 + 8 [0]
           <...>-116   [000] ...2   176.134300: sched_switch: prev_comm=mmcqd/1 prev_pid=116 prev_prio=120 prev_state=S ==> next_comm=swapper/0 next_pid=0 next_prio=120
          <idle>-0     [000] ...2   176.134523: sched_switch: prev_comm=swapper/0 prev_pid=0 prev_prio=120 prev_state=R ==> next_comm=mmcqd/1 next_pid=116 next_prio=120
           <...>-116   [000] ...1   176.134549: block_rq_complete: 179,0 RA () 4077848 + 8 [0]
           <...>-116   [000] ...2   176.134564: sched_switch: prev_comm=mmcqd/1 prev_pid=116 prev_prio=120 prev_state=S ==> next_comm=main next_pid=3091 next_prio=120
           <...>-3091  [000] ...2   176.134807: sched_switch: prev_comm=main prev_pid=3091 prev_prio=120 prev_state=R ==> next_comm=mmcqd/1 next_pid=116 next_prio=120
           <...>-116   [000] ...1   176.134818: block_rq_complete: 179,0 RA () 4077832 + 8 [0]
           <...>-116   [000] ...2   176.134832: sched_switch: prev_comm=mmcqd/1 prev_pid=116 prev_prio=120 prev_state=R+ ==> next_comm=kworker/0:1H next_pid=17 next_prio=100
    kworker/0:1H-17    [000] ...2   176.134840: sched_switch: prev_comm=kworker/0:1H prev_pid=17 prev_prio=100 prev_state=S ==> next_comm=mmcqd/1 next_pid=116 next_prio=120
           <...>-116   [000] ...2   176.134850: sched_switch: prev_comm=mmcqd/1 prev_pid=116 prev_prio=120 prev_state=S ==> next_comm=main next_pid=3091 next_prio=120
           <...>-3091  [000] d..2   176.138700: block_rq_insert: 179,0 R 0 () 3997296 + 8 [main]
           <...>-3091  [000] ...2   176.138716: sched_switch: prev_comm=main prev_pid=3091 prev_prio=120 prev_state=R+ ==> next_comm=mmcqd/1 next_pid=116 next_prio=120
           <...>-116   [000] ...2   176.138763: sched_switch: prev_comm=mmcqd/1 prev_pid=116 prev_prio=120 prev_state=S ==> next_comm=main next_pid=3091 next_prio=120
           <...>-3091  [000] ...2   176.138770: sched_switch: prev_comm=main prev_pid=3091 prev_prio=120 prev_state=D|W ==> next_comm=swapper/0 next_pid=0 next_prio=120
          <idle>-0     [000] ...2   176.139016: sched_switch: prev_comm=swapper/0 prev_pid=0 prev_prio=120 prev_state=R ==> next_comm=mmcqd/1 next_pid=116 next_prio=120
           <...>-116   [000] ...1   176.139026: block_rq_complete: 179,0 RA () 3997296 + 8 [0]
           <...>-116   [000] ...2   176.139046: sched_switch: prev_comm=mmcqd/1 prev_pid=116 prev_prio=120 prev_state=R+ ==> next_comm=kworker/0:1H next_pid=17 next_prio=100
    kworker/0:1H-17    [000] ...2   176.139054: sched_switch: prev_comm=kworker/0:1H prev_pid=17 prev_prio=100 prev_state=S ==> next_comm=mmcqd/1 next_pid=116 next_prio=120
           <...>-116   [000] ...2   176.139064: sched_switch: prev_comm=mmcqd/1 prev_pid=116 prev_prio=120 prev_state=S ==> next_comm=main next_pid=3091 next_prio=120
           <...>-3091  [000] d..2   176.139096: block_rq_insert: 179,0 R 0 () 4010088 + 8 [main]
           <...>-3091  [000] d..2   176.139099: block_rq_insert: 179,0 R 0 () 4010136 + 8 [main]
           <...>-3091  [000] ...2   176.139108: sched_switch: prev_comm=main prev_pid=3091 prev_prio=120 prev_state=R+ ==> next_comm=mmcqd/1 next_pid=116 next_prio=120
           <...>-116   [000] ...2   176.139152: sched_switch: prev_comm=mmcqd/1 prev_pid=116 prev_prio=120 prev_state=S ==> next_comm=main next_pid=3091 next_prio=120
           <...>-3091  [000] ...2   176.139158: sched_switch: prev_comm=main prev_pid=3091 prev_prio=120 prev_state=D|W ==> next_comm=swapper/0 next_pid=0 next_prio=120
          <idle>-0     [000] ...2   176.139397: sched_switch: prev_comm=swapper/0 prev_pid=0 prev_prio=120 prev_state=R ==> next_comm=mmcqd/1 next_pid=116 next_prio=120
           <...>-116   [000] ...1   176.139424: block_rq_complete: 179,0 RA () 4010088 + 8 [0]
           <...>-116   [000] ...2   176.139436: sched_switch: prev_comm=mmcqd/1 prev_pid=116 prev_prio=120 prev_state=S ==> next_comm=swapper/0 next_pid=0 next_prio=120
          <idle>-0     [000] ...2   176.139666: sched_switch: prev_comm=swapper/0 prev_pid=0 prev_prio=120 prev_state=R ==> next_comm=mmcqd/1 next_pid=116 next_prio=120
           <...>-116   [000] ...1   176.139676: block_rq_complete: 179,0 RA () 4010136 + 8 [0]
           <...>-116   [000] ...2   176.139692: sched_switch: prev_comm=mmcqd/1 prev_pid=116 prev_prio=120 prev_state=R+ ==> next_comm=kworker/0:1H next_pid=17 next_prio=100
    kworker/0:1H-17    [000] ...2   176.139699: sched_switch: prev_comm=kworker/0:1H prev_pid=17 prev_prio=100 prev_state=S ==> next_comm=mmcqd/1 next_pid=116 next_prio=120
           <...>-116   [000] ...2   176.139707: sched_switch: prev_comm=mmcqd/1 prev_pid=116 prev_prio=120 prev_state=S ==> next_comm=main next_pid=3091 next_prio=120
           <...>-3091  [000] d..2   176.139747: block_rq_insert: 179,0 R 0 () 4020328 + 8 [main]
           <...>-3091  [000] d..2   176.139749: block_rq_insert: 179,0 R 0 () 4020392 + 56 [main]
           <...>-3091  [000] ...2   176.139758: sched_switch: prev_comm=main prev_pid=3091 prev_prio=120 prev_state=R+ ==> next_comm=mmcqd/1 next_pid=116 next_prio=120
           <...>-116   [000] ...2   176.139814: sched_switch: prev_comm=mmcqd/1 prev_pid=116 prev_prio=120 prev_state=S ==> next_comm=main next_pid=3091 next_prio=120
           <...>-3091  [000] ...2   176.139819: sched_switch: prev_comm=main prev_pid=3091 prev_prio=120 prev_state=D|W ==> next_comm=swapper/0 next_pid=0 next_prio=120
          <idle>-0     [000] ...2   176.140043: sched_switch: prev_comm=swapper/0 prev_pid=0 prev_prio=120 prev_state=R ==> next_comm=mmcqd/1 next_pid=116 next_prio=120
           <...>-116   [000] ...1   176.140069: block_rq_complete: 179,0 RA () 4020328 + 8 [0]
           <...>-116   [000] ...2   176.140080: sched_switch: prev_comm=mmcqd/1 prev_pid=116 prev_prio=120 prev_state=S ==> next_comm=swapper/0 next_pid=0 next_prio=120
          <idle>-0     [000] ...2   176.140564: sched_switch: prev_comm=swapper/0 prev_pid=0 prev_prio=120 prev_state=R ==> next_comm=mmcqd/1 next_pid=116 next_prio=120
           <...>-116   [000] ...1   176.140584: block_rq_complete: 179,0 RA () 4020392 + 56 [0]
           <...>-116   [000] ...2   176.140602: sched_switch: prev_comm=mmcqd/1 prev_pid=116 prev_prio=120 prev_state=R+ ==> next_comm=kworker/0:1H next_pid=17 next_prio=100
    kworker/0:1H-17    [000] ...2   176.140610: sched_switch: prev_comm=kworker/0:1H prev_pid=17 prev_prio=100 prev_state=S ==> next_comm=mmcqd/1 next_pid=116 next_prio=120
           <...>-116   [000] ...2   176.140618: sched_switch: prev_comm=mmcqd/1 prev_pid=116 prev_prio=120 prev_state=S ==> next_comm=main next_pid=3091 next_prio=120
          <idle>-0     [001] ...2   176.141052: sched_switch: prev_comm=swapper/1 prev_pid=0 prev_prio=120 prev_state=R ==> next_comm=kworker/u:0 next_pid=6 next_prio=120
           <...>-3091  [000] ...2   176.141061: sched_switch: prev_comm=main prev_pid=3091 prev_prio=120 prev_state=R ==> next_comm=kworker/0:0 next_pid=4 next_prio=120
     kworker/0:0-4     [000] ...2   176.141073: sched_switch: prev_comm=kworker/0:0 prev_pid=4 prev_prio=120 prev_state=S ==> next_comm=kworker/0:1H next_pid=17 next_prio=100
     kworker/u:0-6     [001] ...2   176.141086: sched_switch: prev_comm=kworker/u:0 prev_pid=6 prev_prio=120 prev_state=S ==> next_comm=swapper/1 next_pid=0 next_prio=120
    kworker/0:1H-17    [000] ...2   176.141088: sched_switch: prev_comm=kworker/0:1H prev_pid=17 prev_prio=100 prev_state=S ==> next_comm=mpdecision next_pid=1599 next_prio=113
      mpdecision-1599  [000] ...2   176.141344: sched_switch: prev_comm=mpdecision prev_pid=1599 prev_prio=113 prev_state=S ==> next_comm=main next_pid=3091 next_prio=120
           <...>-3091  [000] d..2   176.151120: block_rq_insert: 179,0 R 0 () 3994176 + 120 [main]
           <...>-3091  [000] ...2   176.151139: sched_switch: prev_comm=main prev_pid=3091 prev_prio=120 prev_state=R+ ==> next_comm=mmcqd/1 next_pid=116 next_prio=120
           <...>-116   [000] ...2   176.151223: sched_switch: prev_comm=mmcqd/1 prev_pid=116 prev_prio=120 prev_state=S ==> next_comm=main next_pid=3091 next_prio=120
           <...>-3091  [000] d..2   176.151310: block_rq_insert: 179,0 R 0 () 4077504 + 24 [main]
           <...>-3091  [000] ...2   176.151321: sched_switch: prev_comm=main prev_pid=3091 prev_prio=120 prev_state=R+ ==> next_comm=mmcqd/1 next_pid=116 next_prio=120
           <...>-116   [000] ...2   176.151341: sched_switch: prev_comm=mmcqd/1 prev_pid=116 prev_prio=120 prev_state=S ==> next_comm=main next_pid=3091 next_prio=120
           <...>-3091  [000] ...2   176.151348: sched_switch: prev_comm=main prev_pid=3091 prev_prio=120 prev_state=D|W ==> next_comm=swapper/0 next_pid=0 next_prio=120
          <idle>-0     [000] ...2   176.151371: sched_switch: prev_comm=swapper/0 prev_pid=0 prev_prio=120 prev_state=R ==> next_comm=ksoftirqd/0 next_pid=3 next_prio=120
     ksoftirqd/0-3     [000] ...2   176.151379: sched_switch: prev_comm=ksoftirqd/0 prev_pid=3 prev_prio=120 prev_state=S ==> next_comm=swapper/0 next_pid=0 next_prio=120
          <idle>-0     [000] ...2   176.151394: sched_switch: prev_comm=swapper/0 prev_pid=0 prev_prio=120 prev_state=R ==> next_comm=ksoftirqd/0 next_pid=3 next_prio=120
     ksoftirqd/0-3     [000] ...2   176.151405: sched_switch: prev_comm=ksoftirqd/0 prev_pid=3 prev_prio=120 prev_state=S ==> next_comm=swapper/0 next_pid=0 next_prio=120
          <idle>-0     [000] ...2   176.152163: sched_switch: prev_comm=swapper/0 prev_pid=0 prev_prio=120 prev_state=R ==> next_comm=adbd next_pid=784 next_prio=120
            adbd-784   [000] ...2   176.152181: sched_switch: prev_comm=adbd prev_pid=784 prev_prio=120 prev_state=S ==> next_comm=mmcqd/1 next_pid=116 next_prio=120
           <...>-116   [000] ...1   176.152235: block_rq_complete: 179,0 RA () 3994176 + 120 [0]
           <...>-116   [000] ...2   176.152273: sched_switch: prev_comm=mmcqd/1 prev_pid=116 prev_prio=120 prev_state=S ==> next_comm=adbd next_pid=784 next_prio=120
            adbd-784   [000] ...2   176.152320: sched_switch: prev_comm=adbd prev_pid=784 prev_prio=120 prev_state=S ==> next_comm=adbd next_pid=781 next_prio=120
          <idle>-0     [001] ...2   176.152790: sched_switch: prev_comm=swapper/1 prev_pid=0 prev_prio=120 prev_state=R ==> next_comm=adbd next_pid=3102 next_prio=120
            adbd-781   [000] ...2   176.153035: sched_switch: prev_comm=adbd prev_pid=781 prev_prio=120 prev_state=D ==> next_comm=kworker/0:0 next_pid=4 next_prio=120
     kworker/0:0-4     [000] ...2   176.153050: sched_switch: prev_comm=kworker/0:0 prev_pid=4 prev_prio=120 prev_state=S ==> next_comm=mmcqd/1 next_pid=116 next_prio=120
           <...>-116   [000] ...1   176.153064: block_rq_complete: 179,0 RA () 4077504 + 24 [0]
           <...>-116   [000] ...2   176.153082: sched_switch: prev_comm=mmcqd/1 prev_pid=116 prev_prio=120 prev_state=R+ ==> next_comm=kworker/0:1H next_pid=17 next_prio=100
    kworker/0:1H-17    [000] ...2   176.153089: sched_switch: prev_comm=kworker/0:1H prev_pid=17 prev_prio=100 prev_state=S ==> next_comm=mmcqd/1 next_pid=116 next_prio=120
           <...>-116   [000] ...2   176.153102: sched_switch: prev_comm=mmcqd/1 prev_pid=116 prev_prio=120 prev_state=S ==> next_comm=adbd next_pid=783 next_prio=120
            adbd-783   [000] ...2   176.153170: sched_switch: prev_comm=adbd prev_pid=783 prev_prio=120 prev_state=S ==> next_comm=adbd next_pid=781 next_prio=120
            adbd-781   [000] ...2   176.153177: sched_switch: prev_comm=adbd prev_pid=781 prev_prio=120 prev_state=S ==> next_comm=main next_pid=3091 next_prio=120
           <...>-3091  [000] d..2   176.153447: block_rq_insert: 179,0 R 0 () 4079680 + 16 [main]
           <...>-3091  [000] d..2   176.153450: block_rq_insert: 179,0 R 0 () 4079712 + 8 [main]
           <...>-3091  [000] d..2   176.153452: block_rq_insert: 179,0 R 0 () 4079728 + 8 [main]
           <...>-3091  [000] ...2   176.153462: sched_switch: prev_comm=main prev_pid=3091 prev_prio=120 prev_state=R+ ==> next_comm=mmcqd/1 next_pid=116 next_prio=120
           <...>-116   [000] ...2   176.153510: sched_switch: prev_comm=mmcqd/1 prev_pid=116 prev_prio=120 prev_state=S ==> next_comm=main next_pid=3091 next_prio=120
           <...>-3091  [000] ...2   176.153779: sched_switch: prev_comm=main prev_pid=3091 prev_prio=120 prev_state=R ==> next_comm=mmcqd/1 next_pid=116 next_prio=120
           <...>-116   [000] ...1   176.153805: block_rq_complete: 179,0 RA () 4079680 + 16 [0]
           <...>-116   [000] ...2   176.153825: sched_switch: prev_comm=mmcqd/1 prev_pid=116 prev_prio=120 prev_state=S ==> next_comm=main next_pid=3091 next_prio=120
           <...>-3091  [000] d..2   176.153925: block_rq_insert: 179,0 R 0 () 4026240 + 32 [main]
           <...>-3091  [000] d..2   176.153928: block_rq_insert: 179,0 R 0 () 4026288 + 16 [main]
           <...>-3091  [000] d..2   176.153930: block_rq_insert: 179,0 R 0 () 4026360 + 16 [main]
           <...>-3091  [000] ...2   176.153938: sched_switch: prev_comm=main prev_pid=3091 prev_prio=120 prev_state=D|W ==> next_comm=swapper/0 next_pid=0 next_prio=120
          <idle>-0     [000] ...2   176.154074: sched_switch: prev_comm=swapper/0 prev_pid=0 prev_prio=120 prev_state=R ==> next_comm=mmcqd/1 next_pid=116 next_prio=120
           <...>-116   [000] ...1   176.154100: block_rq_complete: 179,0 RA () 4079712 + 8 [0]
           <...>-116   [000] ...2   176.154126: sched_switch: prev_comm=mmcqd/1 prev_pid=116 prev_prio=120 prev_state=S ==> next_comm=swapper/0 next_pid=0 next_prio=120
          <idle>-0     [000] ...2   176.154393: sched_switch: prev_comm=swapper/0 prev_pid=0 prev_prio=120 prev_state=R ==> next_comm=mmcqd/1 next_pid=116 next_prio=120
           <...>-116   [000] ...1   176.154417: block_rq_complete: 179,0 RA () 4079728 + 8 [0]
           <...>-116   [000] ...2   176.154436: sched_switch: prev_comm=mmcqd/1 prev_pid=116 prev_prio=120 prev_state=S ==> next_comm=swapper/0 next_pid=0 next_prio=120
          <idle>-0     [000] ...2   176.154767: sched_switch: prev_comm=swapper/0 prev_pid=0 prev_prio=120 prev_state=R ==> next_comm=mmcqd/1 next_pid=116 next_prio=120
           <...>-116   [000] ...1   176.154795: block_rq_complete: 179,0 RA () 4026240 + 32 [0]
           <...>-116   [000] ...2   176.154816: sched_switch: prev_comm=mmcqd/1 prev_pid=116 prev_prio=120 prev_state=S ==> next_comm=swapper/0 next_pid=0 next_prio=120
          <idle>-0     [000] ...2   176.155056: sched_switch: prev_comm=swapper/0 prev_pid=0 prev_prio=120 prev_state=R ==> next_comm=mmcqd/1 next_pid=116 next_prio=120
           <...>-116   [000] ...1   176.155081: block_rq_complete: 179,0 RA () 4026288 + 16 [0]
           <...>-116   [000] ...2   176.155092: sched_switch: prev_comm=mmcqd/1 prev_pid=116 prev_prio=120 prev_state=S ==> next_comm=swapper/0 next_pid=0 next_prio=120
          <idle>-0     [000] ...2   176.155526: sched_switch: prev_comm=swapper/0 prev_pid=0 prev_prio=120 prev_state=R ==> next_comm=mmcqd/1 next_pid=116 next_prio=120
           <...>-116   [000] ...1   176.155537: block_rq_complete: 179,0 RA () 4026360 + 16 [0]
           <...>-116   [000] ...2   176.155553: sched_switch: prev_comm=mmcqd/1 prev_pid=116 prev_prio=120 prev_state=R+ ==> next_comm=kworker/0:1H next_pid=17 next_prio=100
    kworker/0:1H-17    [000] ...2   176.155560: sched_switch: prev_comm=kworker/0:1H prev_pid=17 prev_prio=100 prev_state=S ==> next_comm=mmcqd/1 next_pid=116 next_prio=120
           <...>-116   [000] ...2   176.155569: sched_switch: prev_comm=mmcqd/1 prev_pid=116 prev_prio=120 prev_state=S ==> next_comm=main next_pid=3091 next_prio=120
