          <idle>-0     [000] ...2   176.074462: sched_switch: prev_comm=swapper/0 prev_pid=0 prev_prio=120 prev_state=R ==> next_comm=mmcqd/1 next_pid=116 next_prio=120
           <...>-116   [000] ...1   176.074488: block_rq_complete: 179,0 RA () 4026944 + 8 [0]
           <...>-116   [000] ...2   176.074514: sched_switch: prev_comm=mmcqd/1 prev_pid=116 prev_prio=120 prev_state=S ==> next_comm=main next_pid=3091 next_prio=120
           <...>-3091  [000] d..2   176.074562: block_rq_insert: 179,0 R 0 () 4028616 + 96 [main]
           <...>-3091  [000] d..2   176.074564: block_rq_insert: 179,0 R 0 () 4028736 + 56 [main]
           <...>-3091  [000] ...2   176.074571: sched_switch: prev_comm=main prev_pid=3091 prev_prio=120 prev_state=D|W ==> next_comm=swapper/0 next_pid=0 next_prio=120
          <idle>-0     [000] ...2   176.074925: sched_switch: prev_comm=swapper/0 prev_pid=0 prev_prio=120 prev_state=R ==> next_comm=mmcqd/1 next_pid=116 next_prio=120
           <...>-116   [000] ...1   176.074958: block_rq_complete: 179,0 RA () 4026960 + 40 [0]
           <...>-116   [000] ...2   176.075000: sched_switch: prev_comm=mmcqd/1 prev_pid=116 prev_prio=120 prev_state=S ==> next_comm=swapper/0 next_pid=0 next_prio=120
          <idle>-0     [000] ...2   176.075248: sched_switch: prev_comm=swapper/0 prev_pid=0 prev_prio=120 prev_state=R ==> next_comm=mmcqd/1 next_pid=116 next_prio=120
           <...>-116   [000] ...1   176.075276: block_rq_complete: 179,0 RA () 4027008 + 24 [0]
           <...>-116   [000] ...2   176.075307: sched_switch: prev_comm=mmcqd/1 prev_pid=116 prev_prio=120 prev_state=S ==> next_comm=swapper/0 next_pid=0 next_prio=120
          <idle>-0     [000] ...2   176.076045: sched_switch: prev_comm=swapper/0 prev_pid=0 prev_prio=120 prev_state=R ==> next_comm=mmcqd/1 next_pid=116 next_prio=120
           <...>-116   [000] ...1   176.076089: block_rq_complete: 179,0 RA () 4028616 + 96 [0]
           <...>-116   [000] ...2   176.076108: sched_switch: prev_comm=mmcqd/1 prev_pid=116 prev_prio=120 prev_state=S ==> next_comm=main next_pid=3091 next_prio=120
          <idle>-0     [001] ...2   176.076235: sched_switch: prev_comm=swapper/1 prev_pid=0 prev_prio=120 prev_state=R ==> next_comm=main next_pid=3097 next_prio=120
           <...>-3091  [000] d..2   176.076465: block_rq_insert: 179,0 R 0 () 3993624 + 48 [main]
           <...>-3091  [000] d..2   176.076467: block_rq_insert: 179,0 R 0 () 3993688 + 24 [main]
           <...>-3091  [000] d..2   176.076469: block_rq_insert: 179,0 R 0 () 3993752 + 8 [main]
           <...>-3091  [000] ...2   176.076480: sched_switch: prev_comm=main prev_pid=3091 prev_prio=120 prev_state=D|W ==> next_comm=mmcqd/1 next_pid=116 next_prio=120
           <...>-116   [000] ...2   176.076504: sched_switch: prev_comm=mmcqd/1 prev_pid=116 prev_prio=120 prev_state=S ==> next_comm=swapper/0 next_pid=0 next_prio=120
          <idle>-0     [000] ...2   176.076569: sched_switch: prev_comm=swapper/0 prev_pid=0 prev_prio=120 prev_state=R ==> next_comm=mmcqd/1 next_pid=116 next_prio=120
           <...>-116   [000] ...1   176.076602: block_rq_complete: 179,0 RA () 4028736 + 56 [0]
           <...>-116   [000] ...2   176.076625: sched_switch: prev_comm=mmcqd/1 prev_pid=116 prev_prio=120 prev_state=S ==> next_comm=swapper/0 next_pid=0 next_prio=120
           <...>-3097  [001] ...2   176.076969: sched_switch: prev_comm=ReferenceQueueD prev_pid=3097 prev_prio=120 prev_state=S ==> next_comm=swapper/1 next_pid=0 next_prio=120
          <idle>-0     [001] ...2   176.076991: sched_switch: prev_comm=swapper/1 prev_pid=0 prev_prio=120 prev_state=R ==> next_comm=ksoftirqd/1 next_pid=3076 next_prio=120
           <...>-3076  [001] ...2   176.077004: sched_switch: prev_comm=ksoftirqd/1 prev_pid=3076 prev_prio=120 prev_state=S ==> next_comm=swapper/1 next_pid=0 next_prio=120
          <idle>-0     [001] ...2   176.077025: sched_switch: prev_comm=swapper/1 prev_pid=0 prev_prio=120 prev_state=R ==> next_comm=ksoftirqd/1 next_pid=3076 next_prio=120
           <...>-3076  [001] ...2   176.077036: sched_switch: prev_comm=ksoftirqd/1 prev_pid=3076 prev_prio=120 prev_state=S ==> next_comm=swapper/1 next_pid=0 next_prio=120
          <idle>-0     [001] ...2   176.077058: sched_switch: prev_comm=swapper/1 prev_pid=0 prev_prio=120 prev_state=R ==> next_comm=ksoftirqd/1 next_pid=3076 next_prio=120
          <idle>-0     [000] ...2   176.077064: sched_switch: prev_comm=swapper/0 prev_pid=0 prev_prio=120 prev_state=R ==> next_comm=mmcqd/1 next_pid=116 next_prio=120
           <...>-3076  [001] ...2   176.077071: sched_switch: prev_comm=ksoftirqd/1 prev_pid=3076 prev_prio=120 prev_state=S ==> next_comm=swapper/1 next_pid=0 next_prio=120
           <...>-116   [000] ...1   176.077097: block_rq_complete: 179,0 RA () 3993624 + 48 [0]
           <...>-116   [000] ...2   176.077117: sched_switch: prev_comm=mmcqd/1 prev_pid=116 prev_prio=120 prev_state=S ==> next_comm=swapper/0 next_pid=0 next_prio=120
          <idle>-0     [000] ...2   176.077467: sched_switch: prev_comm=swapper/0 prev_pid=0 prev_prio=120 prev_state=R ==> next_comm=mmcqd/1 next_pid=116 next_prio=120
           <...>-116   [000] ...1   176.077496: block_rq_complete: 179,0 RA () 3993688 + 24 [0]
           <...>-116   [000] ...2   176.077507: sched_switch: prev_comm=mmcqd/1 prev_pid=116 prev_prio=120 prev_state=S ==> next_comm=swapper/0 next_pid=0 next_prio=120
          <idle>-0     [000] ...2   176.077740: sched_switch: prev_comm=swapper/0 prev_pid=0 prev_prio=120 prev_state=R ==> next_comm=mmcqd/1 next_pid=116 next_prio=120
           <...>-116   [000] ...1   176.077750: block_rq_complete: 179,0 RA () 3993752 + 8 [0]
           <...>-116   [000] ...2   176.077768: sched_switch: prev_comm=mmcqd/1 prev_pid=116 prev_prio=120 prev_state=R+ ==> next_comm=kworker/0:1H next_pid=17 next_prio=100
    kworker/0:1H-17    [000] ...2   176.077775: sched_switch: prev_comm=kworker/0:1H prev_pid=17 prev_prio=100 prev_state=S ==> next_comm=mmcqd/1 next_pid=116 next_prio=120
           <...>-116   [000] ...2   176.077785: sched_switch: prev_comm=mmcqd/1 prev_pid=116 prev_prio=120 prev_state=S ==> next_comm=main next_pid=3091 next_prio=120
           <...>-3091  [000] d..2   176.077872: block_rq_insert: 179,0 R 0 () 4019800 + 24 [main]
           <...>-3091  [000] d..2   176.077874: block_rq_insert: 179,0 R 0 () 4019896 + 8 [main]
           <...>-3091  [000] d..2   176.077876: block_rq_insert: 179,0 R 0 () 4019928 + 8 [main]
           <...>-3091  [000] ...2   176.077886: sched_switch: prev_comm=main prev_pid=3091 prev_prio=120 prev_state=D|W ==> next_comm=mmcqd/1 next_pid=116 next_prio=120
           <...>-116   [000] ...2   176.077935: sched_switch: prev_comm=mmcqd/1 prev_pid=116 prev_prio=120 prev_state=S ==> next_comm=swapper/0 next_pid=0 next_prio=120
          <idle>-0     [000] ...2   176.078049: sched_switch: prev_comm=swapper/0 prev_pid=0 prev_prio=120 prev_state=R ==> next_comm=adbd next_pid=784 next_prio=120
            adbd-784   [000] ...2   176.078060: sched_switch: prev_comm=adbd prev_pid=784 prev_prio=120 prev_state=S ==> next_comm=swapper/0 next_pid=0 next_prio=120
          <idle>-0     [000] ...2   176.078302: sched_switch: prev_comm=swapper/0 prev_pid=0 prev_prio=120 prev_state=R ==> next_comm=adbd next_pid=784 next_prio=120
          <idle>-0     [001] ...2   176.078332: sched_switch: prev_comm=swapper/1 prev_pid=0 prev_prio=120 prev_state=R ==> next_comm=adbd next_pid=781 next_prio=120
            adbd-784   [000] ...2   176.078333: sched_switch: prev_comm=adbd prev_pid=784 prev_prio=120 prev_state=S ==> next_comm=mmcqd/1 next_pid=116 next_prio=120
           <...>-116   [000] ...1   176.078361: block_rq_complete: 179,0 RA () 4019800 + 24 [0]
           <...>-116   [000] ...2   176.078379: sched_switch: prev_comm=mmcqd/1 prev_pid=116 prev_prio=120 prev_state=S ==> next_comm=swapper/0 next_pid=0 next_prio=120
          <idle>-0     [000] ...2   176.078583: sched_switch: prev_comm=swapper/0 prev_pid=0 prev_prio=120 prev_state=R ==> next_comm=mmcqd/1 next_pid=116 next_prio=120
           <...>-116   [000] ...1   176.078607: block_rq_complete: 179,0 RA () 4019896 + 8 [0]
           <...>-116   [000] ...2   176.078618: sched_switch: prev_comm=mmcqd/1 prev_pid=116 prev_prio=120 prev_state=S ==> next_comm=swapper/0 next_pid=0 next_prio=120
            adbd-781   [001] ...2   176.078685: sched_switch: prev_comm=adbd prev_pid=781 prev_prio=120 prev_state=S ==> next_comm=adbd next_pid=783 next_prio=120
            adbd-783   [001] ...2   176.078743: sched_switch: prev_comm=adbd prev_pid=783 prev_prio=120 prev_state=S ==> next_comm=JDWP next_pid=3096 next_prio=120
           <...>-3096  [001] ...2   176.078780: sched_switch: prev_comm=JDWP prev_pid=3096 prev_prio=120 prev_state=S ==> next_comm=swapper/1 next_pid=0 next_prio=120
          <idle>-0     [000] ...2   176.078865: sched_switch: prev_comm=swapper/0 prev_pid=0 prev_prio=120 prev_state=R ==> next_comm=mmcqd/1 next_pid=116 next_prio=120
           <...>-116   [000] ...1   176.078875: block_rq_complete: 179,0 RA () 4019928 + 8 [0]
           <...>-116   [000] ...2   176.078891: sched_switch: prev_comm=mmcqd/1 prev_pid=116 prev_prio=120 prev_state=R+ ==> next_comm=kworker/0:1H next_pid=17 next_prio=100
    kworker/0:1H-17    [000] ...2   176.078898: sched_switch: prev_comm=kworker/0:1H prev_pid=17 prev_prio=100 prev_state=S ==> next_comm=mmcqd/1 next_pid=116 next_prio=120
           <...>-116   [000] ...2   176.078907: sched_switch: prev_comm=mmcqd/1 prev_pid=116 prev_prio=120 prev_state=S ==> next_comm=main next_pid=3091 next_prio=120
           <...>-3091  [000] d..2   176.078995: block_rq_insert: 179,0 R 0 () 4028368 + 104 [main]
           <...>-3091  [000] d..2   176.078998: block_rq_insert: 179,0 R 0 () 4028480 + 32 [main]
           <...>-3091  [000] ...2   176.079009: sched_switch: prev_comm=main prev_pid=3091 prev_prio=120 prev_state=D|W ==> next_comm=mmcqd/1 next_pid=116 next_prio=120
           <...>-116   [000] ...2   176.079084: sched_switch: prev_comm=mmcqd/1 prev_pid=116 prev_prio=120 prev_state=S ==> next_comm=swapper/0 next_pid=0 next_prio=120
          <idle>-0     [000] ...2   176.079873: sched_switch: prev_comm=swapper/0 prev_pid=0 prev_prio=120 prev_state=R ==> next_comm=mmcqd/1 next_pid=116 next_prio=120
           <...>-116   [000] ...1   176.079921: block_rq_complete: 179,0 RA () 4028368 + 104 [0]
           <...>-116   [000] ...2   176.079936: sched_switch: prev_comm=mmcqd/1 prev_pid=116 prev_prio=120 prev_state=S ==> next_comm=swapper/0 next_pid=0 next_prio=120
          <idle>-0     [000] ...2   176.080242: sched_switch: prev_comm=swapper/0 prev_pid=0 prev_prio=120 prev_state=R ==> next_comm=mmcqd/1 next_pid=116 next_prio=120
           <...>-116   [000] ...1   176.080259: block_rq_complete: 179,0 RA () 4028480 + 32 [0]
           <...>-116   [000] ...2   176.080276: sched_switch: prev_comm=mmcqd/1 prev_pid=116 prev_prio=120 prev_state=R+ ==> next_comm=kworker/0:1H next_pid=17 next_prio=100
    kworker/0:1H-17    [000] ...2   176.080283: sched_switch: prev_comm=kworker/0:1H prev_pid=17 prev_prio=100 prev_state=S ==> next_comm=mmcqd/1 next_pid=116 next_prio=120
           <...>-116   [000] ...2   176.080292: sched_switch: prev_comm=mmcqd/1 prev_pid=116 prev_prio=120 prev_state=S ==> next_comm=main next_pid=3091 next_prio=120
          <idle>-0     [001] ...2   176.080387: sched_switch: prev_comm=swapper/1 prev_pid=0 prev_prio=120 prev_state=R ==> next_comm=main next_pid=3098 next_prio=120
           <...>-3091  [000] ...2   176.080422: sched_switch: prev_comm=main prev_pid=3091 prev_prio=120 prev_state=D ==> next_comm=swapper/0 next_pid=0 next_prio=120
          <idle>-0     [000] ...2   176.080441: sched_switch: prev_comm=swapper/0 prev_pid=0 prev_prio=120 prev_state=R ==> next_comm=main next_pid=3091 next_prio=120
           <...>-3091  [000] ...2   176.080603: sched_switch: prev_comm=main prev_pid=3091 prev_prio=120 prev_state=S ==> next_comm=swapper/0 next_pid=0 next_prio=120
          <idle>-0     [000] ...2   176.081081: sched_switch: prev_comm=swapper/0 prev_pid=0 prev_prio=120 prev_state=R ==> next_comm=main next_pid=3091 next_prio=120
           <...>-3091  [000] ...2   176.081110: sched_switch: prev_comm=main prev_pid=3091 prev_prio=120 prev_state=D ==> next_comm=swapper/0 next_pid=0 next_prio=120
          <idle>-0     [000] ...2   176.081122: sched_switch: prev_comm=swapper/0 prev_pid=0 prev_prio=120 prev_state=R ==> next_comm=main next_pid=3091 next_prio=120
           <...>-3098  [001] ...2   176.081163: sched_switch: prev_comm=FinalizerDaemon prev_pid=3098 prev_prio=120 prev_state=S ==> next_comm=main next_pid=3099 next_prio=120
           <...>-3091  [000] ...2   176.081406: sched_switch: prev_comm=main prev_pid=3091 prev_prio=120 prev_state=S ==> next_comm=swapper/0 next_pid=0 next_prio=120
          <idle>-0     [000] ...2   176.081862: sched_switch: prev_comm=swapper/0 prev_pid=0 prev_prio=120 prev_state=R ==> next_comm=main next_pid=3091 next_prio=120
           <...>-3099  [001] ...2   176.081919: sched_switch: prev_comm=FinalizerWatchd prev_pid=3099 prev_prio=120 prev_state=S ==> next_comm=main next_pid=3100 next_prio=120
           <...>-3091  [000] ...2   176.081932: sched_switch: prev_comm=main prev_pid=3091 prev_prio=120 prev_state=D ==> next_comm=swapper/0 next_pid=0 next_prio=120
          <idle>-0     [000] ...2   176.081978: sched_switch: prev_comm=swapper/0 prev_pid=0 prev_prio=120 prev_state=R ==> next_comm=main next_pid=3091 next_prio=120
           <...>-3091  [000] ...2   176.082191: sched_switch: prev_comm=main prev_pid=3091 prev_prio=120 prev_state=S ==> next_comm=swapper/0 next_pid=0 next_prio=120
          <idle>-0     [000] ...2   176.082589: sched_switch: prev_comm=swapper/0 prev_pid=0 prev_prio=120 prev_state=R ==> next_comm=main next_pid=3091 next_prio=120
           <...>-3091  [000] ...2   176.082605: sched_switch: prev_comm=main prev_pid=3091 prev_prio=120 prev_state=D ==> next_comm=swapper/0 next_pid=0 next_prio=120
          <idle>-0     [000] ...2   176.082615: sched_switch: prev_comm=swapper/0 prev_pid=0 prev_prio=120 prev_state=R ==> next_comm=main next_pid=3091 next_prio=120
           <...>-3091  [000] ...2   176.082633: sched_switch: prev_comm=main prev_pid=3091 prev_prio=120 prev_state=D ==> next_comm=swapper/0 next_pid=0 next_prio=120
          <idle>-0     [000] ...2   176.082650: sched_switch: prev_comm=swapper/0 prev_pid=0 prev_prio=120 prev_state=R ==> next_comm=main next_pid=3091 next_prio=120
           <...>-3100  [001] ...2   176.082655: sched_switch: prev_comm=HeapTrimmerDaem prev_pid=3100 prev_prio=120 prev_state=D ==> next_comm=swapper/1 next_pid=0 next_prio=120
          <idle>-0     [001] ...2   176.082673: sched_switch: prev_comm=swapper/1 prev_pid=0 prev_prio=120 prev_state=R ==> next_comm=ksoftirqd/1 next_pid=3076 next_prio=120
           <...>-3076  [001] ...2   176.082686: sched_switch: prev_comm=ksoftirqd/1 prev_pid=3076 prev_prio=120 prev_state=S ==> next_comm=HeapTrimmerDaem next_pid=3100 next_prio=120
           <...>-3100  [001] ...2   176.082712: sched_switch: prev_comm=HeapTrimmerDaem prev_pid=3100 prev_prio=120 prev_state=S ==> next_comm=main next_pid=3101 next_prio=120
           <...>-3091  [000] ...2   176.082723: sched_switch: prev_comm=main prev_pid=3091 prev_prio=120 prev_state=D ==> next_comm=swapper/0 next_pid=0 next_prio=120
          <idle>-0     [000] ...2   176.082772: sched_switch: prev_comm=swapper/0 prev_pid=0 prev_prio=120 prev_state=R ==> next_comm=main next_pid=3091 next_prio=120
           <...>-3091  [000] d..2   176.082936: block_rq_insert: 179,0 R 0 () 4008360 + 48 [main]
           <...>-3091  [000] d..2   176.082938: block_rq_insert: 179,0 R 0 () 4008432 + 16 [main]
           <...>-3091  [000] d..2   176.082940: block_rq_insert: 179,0 R 0 () 4008456 + 8 [main]
           <...>-3091  [000] d..2   176.082942: block_rq_insert: 179,0 R 0 () 4008536 + 16 [main]
           <...>-3091  [000] ...2   176.082952: sched_switch: prev_comm=main prev_pid=3091 prev_prio=120 prev_state=D|W ==> next_comm=mmcqd/1 next_pid=116 next_prio=120
           <...>-116   [000] ...2   176.083000: sched_switch: prev_comm=mmcqd/1 prev_pid=116 prev_prio=120 prev_state=S ==> next_comm=swapper/0 next_pid=0 next_prio=120
          <idle>-0     [000] ...2   176.083255: sched_switch: prev_comm=swapper/0 prev_pid=0 prev_prio=120 prev_state=R ==> next_comm=adbd next_pid=784 next_prio=120
            adbd-784   [000] ...2   176.083268: sched_switch: prev_comm=adbd prev_pid=784 prev_prio=120 prev_state=S ==> next_comm=swapper/0 next_pid=0 next_prio=120
          <idle>-0     [000] ...2   176.083303: sched_switch: prev_comm=swapper/0 prev_pid=0 prev_prio=120 prev_state=R ==> next_comm=mmcqd/1 next_pid=116 next_prio=120
           <...>-116   [000] ...1   176.083329: block_rq_complete: 179,0 RA () 4008536 + 16 [0]
           <...>-116   [000] ...2   176.083350: sched_switch: prev_comm=mmcqd/1 prev_pid=116 prev_prio=120 prev_state=S ==> next_comm=swapper/0 next_pid=0 next_prio=120
          <idle>-0     [000] ...2   176.083399: sched_switch: prev_comm=swapper/0 prev_pid=0 prev_prio=120 prev_state=R ==> next_comm=adbd next_pid=784 next_prio=120
            adbd-784   [000] ...2   176.083435: sched_switch: prev_comm=adbd prev_pid=784 prev_prio=120 prev_state=S ==> next_comm=swapper/0 next_pid=0 next_prio=120
           <...>-3101  [001] ...2   176.083436: sched_switch: prev_comm=GCDaemon prev_pid=3101 prev_prio=120 prev_state=S ==> next_comm=adbd next_pid=781 next_prio=120
          <idle>-0     [000] ...2   176.083561: sched_switch: prev_comm=swapper/0 prev_pid=0 prev_prio=120 prev_state=R ==> next_comm=mmcqd/1 next_pid=116 next_prio=120
           <...>-116   [000] ...1   176.083585: block_rq_complete: 179,0 RA () 4008456 + 8 [0]
           <...>-116   [000] ...2   176.083616: sched_switch: prev_comm=mmcqd/1 prev_pid=116 prev_prio=120 prev_state=S ==> next_comm=main next_pid=3091 next_prio=120
           <...>-3091  [000] ...2   176.083632: sched_switch: prev_comm=main prev_pid=3091 prev_prio=120 prev_state=D|W ==> next_comm=swapper/0 next_pid=0 next_prio=120
            adbd-781   [001] ...2   176.083667: sched_switch: prev_comm=adbd prev_pid=781 prev_prio=120 prev_state=S ==> next_comm=adbd next_pid=783 next_prio=120
            adbd-783   [001] ...2   176.083727: sched_switch: prev_comm=adbd prev_pid=783 prev_prio=120 prev_state=S ==> next_comm=JDWP next_pid=3096 next_prio=120
           <...>-3096  [001] ...2   176.083811: sched_switch: prev_comm=JDWP prev_pid=3096 prev_prio=120 prev_state=S ==> next_comm=adbd next_pid=781 next_prio=120
          <idle>-0     [000] ...2   176.083896: sched_switch: prev_comm=swapper/0 prev_pid=0 prev_prio=120 prev_state=R ==> next_comm=mmcqd/1 next_pid=116 next_prio=120
           <...>-116   [000] ...1   176.083921: block_rq_complete: 179,0 RA () 4008432 + 16 [0]
           <...>-116   [000] ...2   176.083944: sched_switch: prev_comm=mmcqd/1 prev_pid=116 prev_prio=120 prev_state=S ==> next_comm=main next_pid=3091 next_prio=120
           <...>-3091  [000] ...2   176.083962: sched_switch: prev_comm=main prev_pid=3091 prev_prio=120 prev_state=R+ ==> next_comm=adbd next_pid=784 next_prio=120
            adbd-784   [000] ...2   176.083973: sched_switch: prev_comm=adbd prev_pid=784 prev_prio=120 prev_state=S ==> next_comm=main next_pid=3091 next_prio=120
            adbd-781   [001] ...2   176.084005: sched_switch: prev_comm=adbd prev_pid=781 prev_prio=120 prev_state=S ==> next_comm=adbd next_pid=783 next_prio=120
            adbd-783   [001] ...2   176.084070: sched_switch: prev_comm=adbd prev_pid=783 prev_prio=120 prev_state=S ==> next_comm=swapper/1 next_pid=0 next_prio=120
          <idle>-0     [001] ...2   176.084095: sched_switch: prev_comm=swapper/1 prev_pid=0 prev_prio=120 prev_state=R ==> next_comm=ksoftirqd/1 next_pid=3076 next_prio=120
           <...>-3076  [001] ...2   176.084106: sched_switch: prev_comm=ksoftirqd/1 prev_pid=3076 prev_prio=120 prev_state=S ==> next_comm=swapper/1 next_pid=0 next_prio=120
          <idle>-0     [001] ...2   176.084128: sched_switch: prev_comm=swapper/1 prev_pid=0 prev_prio=120 prev_state=R ==> next_comm=ksoftirqd/1 next_pid=3076 next_prio=120
           <...>-3076  [001] ...2   176.084138: sched_switch: prev_comm=ksoftirqd/1 prev_pid=3076 prev_prio=120 prev_state=S ==> next_comm=swapper/1 next_pid=0 next_prio=120
           <...>-3091  [000] ...2   176.084142: sched_switch: prev_comm=main prev_pid=3091 prev_prio=120 prev_state=R ==> next_comm=adbd next_pid=784 next_prio=120
            adbd-784   [000] ...2   176.084172: sched_switch: prev_comm=adbd prev_pid=784 prev_prio=120 prev_state=S ==> next_comm=main next_pid=3091 next_prio=120
          <idle>-0     [001] ...2   176.084173: sched_switch: prev_comm=swapper/1 prev_pid=0 prev_prio=120 prev_state=R ==> next_comm=adbd next_pid=781 next_prio=120
           <...>-3091  [000] d..2   176.084303: block_rq_insert: 179,0 R 0 () 4079784 + 8 [main]
           <...>-3091  [000] d..2   176.084305: block_rq_insert: 179,0 R 0 () 4079880 + 40 [main]
           <...>-3091  [000] ...2   176.084316: sched_switch: prev_comm=main prev_pid=3091 prev_prio=120 prev_state=D|W ==> next_comm=mmcqd/1 next_pid=116 next_prio=120
           <...>-116   [000] ...2   176.084332: sched_switch: prev_comm=mmcqd/1 prev_pid=116 prev_prio=120 prev_state=S ==> next_comm=swapper/0 next_pid=0 next_prio=120
            adbd-781   [001] ...2   176.084381: sched_switch: prev_comm=adbd prev_pid=781 prev_prio=120 prev_state=S ==> next_comm=JDWP next_pid=3096 next_prio=120
          <idle>-0     [000] ...2   176.084399: sched_switch: prev_comm=swapper/0 prev_pid=0 prev_prio=120 prev_state=R ==> next_comm=mmcqd/1 next_pid=116 next_prio=120
           <...>-116   [000] ...1   176.084450: block_rq_complete: 179,0 RA () 4008360 + 48 [0]
           <...>-116   [000] ...2   176.084477: sched_switch: prev_comm=mmcqd/1 prev_pid=116 prev_prio=120 prev_state=S ==> next_comm=adbd next_pid=784 next_prio=120
            adbd-784   [000] ...2   176.084509: sched_switch: prev_comm=adbd prev_pid=784 prev_prio=120 prev_state=S ==> next_comm=adbd next_pid=781 next_prio=120
            adbd-781   [000] ...2   176.084611: sched_switch: prev_comm=adbd prev_pid=781 prev_prio=120 prev_state=S ==> next_comm=swapper/0 next_pid=0 next_prio=120
          <idle>-0     [000] ...2   176.084669: sched_switch: prev_comm=swapper/0 prev_pid=0 prev_prio=120 prev_state=R ==> next_comm=adbd next_pid=781 next_prio=120
           <...>-3096  [001] ...2   176.084672: sched_switch: prev_comm=JDWP prev_pid=3096 prev_prio=120 prev_state=S ==> next_comm=adbd next_pid=783 next_prio=120
            adbd-783   [001] ...2   176.084731: sched_switch: prev_comm=adbd prev_pid=783 prev_prio=120 prev_state=S ==> next_comm=swapper/1 next_pid=0 next_prio=120
          <idle>-0     [001] ...2   176.084755: sched_switch: prev_comm=swapper/1 prev_pid=0 prev_prio=120 prev_state=R ==> next_comm=adbd next_pid=783 next_prio=120
            adbd-781   [000] ...2   176.084788: sched_switch: prev_comm=adbd prev_pid=781 prev_prio=120 prev_state=S ==> next_comm=mmcqd/1 next_pid=116 next_prio=120
            adbd-783   [001] ...2   176.084807: sched_switch: prev_comm=adbd prev_pid=783 prev_prio=120 prev_state=S ==> next_comm=swapper/1 next_pid=0 next_prio=120
           <...>-116   [000] ...1   176.084813: block_rq_complete: 179,0 RA () 4079784 + 8 [0]
           <...>-116   [000] ...2   176.084825: sched_switch: prev_comm=mmcqd/1 prev_pid=116 prev_prio=120 prev_state=S ==> next_comm=swapper/0 next_pid=0 next_prio=120
          <idle>-0     [000] ...2   176.085243: sched_switch: prev_comm=swapper/0 prev_pid=0 prev_prio=120 prev_state=R ==> next_comm=mmcqd/1 next_pid=116 next_prio=120
           <...>-116   [000] ...1   176.085260: block_rq_complete: 179,0 RA () 4079880 + 40 [0]
           <...>-116   [000] ...2   176.085279: sched_switch: prev_comm=mmcqd/1 prev_pid=116 prev_prio=120 prev_state=R+ ==> next_comm=kworker/0:1H next_pid=17 next_prio=100
    kworker/0:1H-17    [000] ...2   176.085287: sched_switch: prev_comm=kworker/0:1H prev_pid=17 prev_prio=100 prev_state=S ==> next_comm=mmcqd/1 next_pid=116 next_prio=120
           <...>-116   [000] ...2   176.085298: sched_switch: prev_comm=mmcqd/1 prev_pid=116 prev_prio=120 prev_state=S ==> next_comm=main next_pid=3091 next_prio=120
           <...>-3091  [000] ...2   176.085326: sched_switch: prev_comm=main prev_pid=3091 prev_prio=120 prev_state=R+ ==> next_comm=adbd next_pid=784 next_prio=120
            adbd-784   [000] ...2   176.085354: sched_switch: prev_comm=adbd prev_pid=784 prev_prio=120 prev_state=S ==> next_comm=adbd next_pid=781 next_prio=120
          <idle>-0     [001] ...2   176.085429: sched_switch: prev_comm=swapper/1 prev_pid=0 prev_prio=120 prev_state=R ==> next_comm=adbd next_pid=783 next_prio=120
            adbd-783   [001] ...2   176.085438: sched_switch: prev_comm=adbd prev_pid=783 prev_prio=120 prev_state=S ==> next_comm=swapper/1 next_pid=0 next_prio=120
            adbd-781   [000] ...2   176.085469: sched_switch: prev_comm=adbd prev_pid=781 prev_prio=120 prev_state=S ==> next_comm=main next_pid=3091 next_prio=120
           <...>-3091  [000] ...2   176.085517: sched_switch: prev_comm=main prev_pid=3091 prev_prio=120 prev_state=R ==> next_comm=adbd next_pid=784 next_prio=120
            adbd-784   [000] ...2   176.085528: sched_switch: prev_comm=adbd prev_pid=784 prev_prio=120 prev_state=S ==> next_comm=main next_pid=3091 next_prio=120
           <...>-3091  [000] ...2   176.085733: sched_switch: prev_comm=main prev_pid=3091 prev_prio=120 prev_state=R ==> next_comm=adbd next_pid=784 next_prio=120
            adbd-784   [000] ...2   176.085764: sched_switch: prev_comm=adbd prev_pid=784 prev_prio=120 prev_state=S ==> next_comm=adbd next_pid=781 next_prio=120
          <idle>-0     [001] ...2   176.085842: sched_switch: prev_comm=swapper/1 prev_pid=0 prev_prio=120 prev_state=R ==> next_comm=adbd next_pid=783 next_prio=120
            adbd-783   [001] ...2   176.085852: sched_switch: prev_comm=adbd prev_pid=783 prev_prio=120 prev_state=S ==> next_comm=JDWP next_pid=3096 next_prio=120
            adbd-781   [000] ...2   176.085899: sched_switch: prev_comm=adbd prev_pid=781 prev_prio=120 prev_state=S ==> next_comm=main next_pid=3091 next_prio=120
           <...>-3096  [001] d..2   176.086158: block_rq_insert: 179,0 R 0 () 4086360 + 56 [JDWP]
           <...>-3096  [001] d..2   176.086178: block_rq_insert: 179,0 R 0 () 4086424 + 72 [JDWP]
           <...>-3091  [000] ...2   176.086180: sched_switch: prev_comm=main prev_pid=3091 prev_prio=120 prev_state=R+ ==> next_comm=mmcqd/1 next_pid=116 next_prio=120
           <...>-3096  [001] ...2   176.086193: sched_switch: prev_comm=JDWP prev_pid=3096 prev_prio=120 prev_state=D|W ==> next_comm=adbd next_pid=783 next_prio=120
            adbd-783   [001] ...2   176.086256: sched_switch: prev_comm=adbd prev_pid=783 prev_prio=120 prev_state=S ==> next_comm=swapper/1 next_pid=0 next_prio=120
           <...>-116   [000] ...2   176.086266: sched_switch: prev_comm=mmcqd/1 prev_pid=116 prev_prio=120 prev_state=S ==> next_comm=main next_pid=3091 next_prio=120
           <...>-3091  [000] ...2   176.086427: sched_switch: prev_comm=main prev_pid=3091 prev_prio=120 prev_state=R ==> next_comm=adbd next_pid=784 next_prio=120
            adbd-784   [000] ...2   176.086439: sched_switch: prev_comm=adbd prev_pid=784 prev_prio=120 prev_state=S ==> next_comm=main next_pid=3091 next_prio=120
           <...>-3091  [000] ...2   176.086587: sched_switch: prev_comm=main prev_pid=3091 prev_prio=120 prev_state=R ==> next_comm=adbd next_pid=784 next_prio=120
            adbd-784   [000] ...2   176.086617: sched_switch: prev_comm=adbd prev_pid=784 prev_prio=120 prev_state=S ==> next_comm=adbd next_pid=781 next_prio=120
          <idle>-0     [001] ...2   176.086703: sched_switch: prev_comm=swapper/1 prev_pid=0 prev_prio=120 prev_state=R ==> next_comm=adbd next_pid=783 next_prio=120
            adbd-783   [001] ...2   176.086756: sched_switch: prev_comm=adbd prev_pid=783 prev_prio=120 prev_state=S ==> next_comm=swapper/1 next_pid=0 next_prio=120
            adbd-781   [000] ...2   176.086789: sched_switch: prev_comm=adbd prev_pid=781 prev_prio=120 prev_state=S ==> next_comm=mmcqd/1 next_pid=116 next_prio=120
           <...>-116   [000] ...1   176.086827: block_rq_complete: 179,0 RA () 4086360 + 56 [0]
          <idle>-0     [001] ...2   176.086846: sched_switch: prev_comm=swapper/1 prev_pid=0 prev_prio=120 prev_state=R ==> next_comm=JDWP next_pid=3096 next_prio=120
           <...>-116   [000] ...2   176.086853: sched_switch: prev_comm=mmcqd/1 prev_pid=116 prev_prio=120 prev_state=S ==> next_comm=main next_pid=3091 next_prio=120
           <...>-3096  [001] d..2   176.087046: block_rq_insert: 179,0 R 0 () 4078280 + 144 [JDWP]
           <...>-3096  [001] d..2   176.087051: block_rq_insert: 179,0 R 0 () 4078440 + 8 [JDWP]
           <...>-3096  [001] d..2   176.087054: block_rq_insert: 179,0 R 0 () 4078456 + 40 [JDWP]
           <...>-3091  [000] ...2   176.087069: sched_switch: prev_comm=main prev_pid=3091 prev_prio=120 prev_state=R+ ==> next_comm=mmcqd/1 next_pid=116 next_prio=120
           <...>-3096  [001] ...2   176.087075: sched_switch: prev_comm=JDWP prev_pid=3096 prev_prio=120 prev_state=D|W ==> next_comm=swapper/1 next_pid=0 next_prio=120
           <...>-116   [000] ...2   176.087093: sched_switch: prev_comm=mmcqd/1 prev_pid=116 prev_prio=120 prev_state=S ==> next_comm=main next_pid=3091 next_prio=120
           <...>-3091  [000] ...2   176.087356: sched_switch: prev_comm=main prev_pid=3091 prev_prio=120 prev_state=R ==> next_comm=mmcqd/1 next_pid=116 next_prio=120
           <...>-116   [000] ...1   176.087398: block_rq_complete: 179,0 RA () 4086424 + 72 [0]
           <...>-116   [000] ...2   176.087421: sched_switch: prev_comm=mmcqd/1 prev_pid=116 prev_prio=120 prev_state=S ==> next_comm=main next_pid=3091 next_prio=120
           <...>-3091  [000] d..2   176.087478: block_rq_insert: 179,0 R 0 () 4084016 + 8 [main]
           <...>-3091  [000] d..2   176.087481: block_rq_insert: 179,0 R 0 () 4084104 + 8 [main]
           <...>-3091  [000] d..2   176.087483: block_rq_insert: 179,0 R 0 () 4084128 + 8 [main]
           <...>-3091  [000] ...2   176.087491: sched_switch: prev_comm=main prev_pid=3091 prev_prio=120 prev_state=D|W ==> next_comm=swapper/0 next_pid=0 next_prio=120
          <idle>-0     [000] ...2   176.087823: sched_switch: prev_comm=swapper/0 prev_pid=0 prev_prio=120 prev_state=R ==> next_comm=mmcqd/1 next_pid=116 next_prio=120
           <...>-116   [000] ...1   176.087856: block_rq_complete: 179,0 RA () 4078456 + 40 [0]
           <...>-116   [000] ...2   176.087912: sched_switch: prev_comm=mmcqd/1 prev_pid=116 prev_prio=120 prev_state=S ==> next_comm=swapper/0 next_pid=0 next_prio=120
          <idle>-0     [000] ...2   176.088099: sched_switch: prev_comm=swapper/0 prev_pid=0 prev_prio=120 prev_state=R ==> next_comm=mmcqd/1 next_pid=116 next_prio=120
           <...>-116   [000] ...1   176.088124: block_rq_complete: 179,0 RA () 4078440 + 8 [0]
           <...>-116   [000] ...2   176.088144: sched_switch: prev_comm=mmcqd/1 prev_pid=116 prev_prio=120 prev_state=S ==> next_comm=swapper/0 next_pid=0 next_prio=120
          <idle>-0     [000] ...2   176.089104: sched_switch: prev_comm=swapper/0 prev_pid=0 prev_prio=120 prev_state=R ==> next_comm=mmcqd/1 next_pid=116 next_prio=120
           <...>-116   [000] ...1   176.089159: block_rq_complete: 179,0 RA () 4078280 + 144 [0]
          <idle>-0     [001] ...2   176.089176: sched_switch: prev_comm=swapper/1 prev_pid=0 prev_prio=120 prev_state=R ==> next_comm=JDWP next_pid=3096 next_prio=120
           <...>-116   [000] ...2   176.089186: sched_switch: prev_comm=mmcqd/1 prev_pid=116 prev_prio=120 prev_state=S ==> next_comm=swapper/0 next_pid=0 next_prio=120
           <...>-3096  [001] d..2   176.089292: block_rq_insert: 179,0 R 0 () 3992040 + 24 [JDWP]
           <...>-3096  [001] d..2   176.089299: block_rq_insert: 179,0 R 0 () 3992168 + 8 [JDWP]
           <...>-3096  [001] d..2   176.089303: block_rq_insert: 179,0 R 0 () 3992192 + 56 [JDWP]
           <...>-3096  [001] ...2   176.089319: sched_switch: prev_comm=JDWP prev_pid=3096 prev_prio=120 prev_state=D|W ==> next_comm=swapper/1 next_pid=0 next_prio=120
          <idle>-0     [000] ...2   176.089368: sched_switch: prev_comm=swapper/0 prev_pid=0 prev_prio=120 prev_state=R ==> next_comm=mmcqd/1 next_pid=116 next_prio=120
           <...>-116   [000] ...1   176.089394: block_rq_complete: 179,0 RA () 4084016 + 8 [0]
           <...>-116   [000] ...2   176.089413: sched_switch: prev_comm=mmcqd/1 prev_pid=116 prev_prio=120 prev_state=S ==> next_comm=swapper/0 next_pid=0 next_prio=120
          <idle>-0     [000] ...2   176.089632: sched_switch: prev_comm=swapper/0 prev_pid=0 prev_prio=120 prev_state=R ==> next_comm=mmcqd/1 next_pid=116 next_prio=120
           <...>-116   [000] ...1   176.089657: block_rq_complete: 179,0 RA () 4084104 + 8 [0]
           <...>-116   [000] ...2   176.089685: sched_switch: prev_comm=mmcqd/1 prev_pid=116 prev_prio=120 prev_state=S ==> next_comm=main next_pid=3091 next_prio=120
           <...>-3091  [000] ...2   176.089908: sched_switch: prev_comm=main prev_pid=3091 prev_prio=120 prev_state=R+ ==> next_comm=mmcqd/1 next_pid=116 next_prio=120
           <...>-116   [000] ...1   176.089933: block_rq_complete: 179,0 RA () 4084128 + 8 [0]
           <...>-116   [000] ...2   176.089952: sched_switch: prev_comm=mmcqd/1 prev_pid=116 prev_prio=120 prev_state=S ==> next_comm=main next_pid=3091 next_prio=120
           <...>-3091  [000] ...2   176.090271: sched_switch: prev_comm=main prev_pid=3091 prev_prio=120 prev_state=R+ ==> next_comm=mmcqd/1 next_pid=116 next_prio=120
           <...>-116   [000] ...1   176.090301: block_rq_complete: 179,0 RA () 3992040 + 24 [0]
           <...>-116   [000] ...2   176.090335: sched_switch: prev_comm=mmcqd/1 prev_pid=116 prev_prio=120 prev_state=S ==> next_comm=main next_pid=3091 next_prio=120
           <...>-3091  [000] ...2   176.090549: sched_switch: prev_comm=main prev_pid=3091 prev_prio=120 prev_state=R ==> next_comm=mmcqd/1 next_pid=116 next_prio=120
           <...>-116   [000] ...1   176.090575: block_rq_complete: 179,0 RA () 3992168 + 8 [0]
          <idle>-0     [001] ...2   176.090591: sched_switch: prev_comm=swapper/1 prev_pid=0 prev_prio=120 prev_state=R ==> next_comm=JDWP next_pid=3096 next_prio=120
           <...>-116   [000] ...2   176.090592: sched_switch: prev_comm=mmcqd/1 prev_pid=116 prev_prio=120 prev_state=S ==> next_comm=main next_pid=3091 next_prio=120
           <...>-3096  [001] d..2   176.090658: block_rq_insert: 179,0 R 0 () 3992296 + 8 [JDWP]
           <...>-3096  [001] d..2   176.090662: block_rq_insert: 179,0 R 0 () 3992368 + 16 [JDWP]
           <...>-3096  [001] d..2   176.090665: block_rq_insert: 179,0 R 0 () 3992400 + 8 [JDWP]
           <...>-3091  [000] ...2   176.090679: sched_switch: prev_comm=main prev_pid=3091 prev_prio=120 prev_state=R ==> next_comm=mmcqd/1 next_pid=116 next_prio=120
           <...>-3096  [001] ...2   176.090693: sched_switch: prev_comm=JDWP prev_pid=3096 prev_prio=120 prev_state=D|W ==> next_comm=swapper/1 next_pid=0 next_prio=120
           <...>-116   [000] ...2   176.090693: sched_switch: prev_comm=mmcqd/1 prev_pid=116 prev_prio=120 prev_state=S ==> next_comm=main next_pid=3091 next_prio=120
           <...>-3091  [000] ...2   176.091064: sched_switch: prev_comm=main prev_pid=3091 prev_prio=120 prev_state=R ==> next_comm=mmcqd/1 next_pid=116 next_prio=120
          <idle>-0     [001] ...2   176.091086: sched_switch: prev_comm=swapper/1 prev_pid=0 prev_prio=120 prev_state=R ==> next_comm=kworker/u:0 next_pid=6 next_prio=120
           <...>-116   [000] ...1   176.091098: block_rq_complete: 179,0 RA () 3992192 + 56 [0]
           <...>-116   [000] ...2   176.091106: sched_switch: prev_comm=mmcqd/1 prev_pid=116 prev_prio=120 prev_state=R+ ==> next_comm=mpdecision next_pid=1599 next_prio=113
     kworker/u:0-6     [001] ...2   176.091112: sched_switch: prev_comm=kworker/u:0 prev_pid=6 prev_prio=120 prev_state=S ==> next_comm=kworker/1:0H next_pid=3075 next_prio=100
           <...>-3075  [001] ...2   176.091141: sched_switch: prev_comm=kworker/1:0H prev_pid=3075 prev_prio=100 prev_state=D ==> next_comm=kworker/1:1H next_pid=3084 next_prio=100
      mpdecision-1599  [000] ...2   176.091162: sched_switch: prev_comm=mpdecision prev_pid=1599 prev_prio=113 prev_state=D ==> next_comm=mmcqd/1 next_pid=116 next_prio=120
           <...>-116   [000] ...2   176.091170: sched_switch: prev_comm=mmcqd/1 prev_pid=116 prev_prio=120 prev_state=R+ ==> next_comm=mpdecision next_pid=1599 next_prio=113
           <...>-3084  [001] ...2   176.091179: sched_switch: prev_comm=kworker/1:1H prev_pid=3084 prev_prio=100 prev_state=S ==> next_comm=kworker/1:0H next_pid=3075 next_prio=100
           <...>-3075  [001] ...2   176.091192: sched_switch: prev_comm=kworker/1:0H prev_pid=3075 prev_prio=100 prev_state=S ==> next_comm=ksoftirqd/1 next_pid=3076 next_prio=120
           <...>-3076  [001] ...2   176.091219: sched_switch: prev_comm=ksoftirqd/1 prev_pid=3076 prev_prio=120 prev_state=S ==> next_comm=swapper/1 next_pid=0 next_prio=120
          <idle>-0     [001] ...2   176.091242: sched_switch: prev_comm=swapper/1 prev_pid=0 prev_prio=120 prev_state=R ==> next_comm=ksoftirqd/1 next_pid=3076 next_prio=120
           <...>-3076  [001] ...2   176.091259: sched_switch: prev_comm=ksoftirqd/1 prev_pid=3076 prev_prio=120 prev_state=S ==> next_comm=swapper/1 next_pid=0 next_prio=120
          <idle>-0     [001] ...2   176.091280: sched_switch: prev_comm=swapper/1 prev_pid=0 prev_prio=120 prev_state=R ==> next_comm=ksoftirqd/1 next_pid=3076 next_prio=120
           <...>-3076  [001] ...2   176.091295: sched_switch: prev_comm=ksoftirqd/1 prev_pid=3076 prev_prio=120 prev_state=S ==> next_comm=swapper/1 next_pid=0 next_prio=120
      mpdecision-1599  [000] ...2   176.091376: sched_switch: prev_comm=mpdecision prev_pid=1599 prev_prio=113 prev_state=S ==> next_comm=mmcqd/1 next_pid=116 next_prio=120
           <...>-116   [000] ...1   176.091419: block_rq_complete: 179,0 RA () 3992296 + 8 [0]
           <...>-116   [000] ...2   176.091438: sched_switch: prev_comm=mmcqd/1 prev_pid=116 prev_prio=120 prev_state=S ==> next_comm=main next_pid=3091 next_prio=120
           <...>-3091  [000] ...2   176.091690: sched_switch: prev_comm=main prev_pid=3091 prev_prio=120 prev_state=R+ ==> next_comm=mmcqd/1 next_pid=116 next_prio=120
           <...>-116   [000] ...1   176.091719: block_rq_complete: 179,0 RA () 3992368 + 16 [0]
           <...>-116   [000] ...2   176.091736: sched_switch: prev_comm=mmcqd/1 prev_pid=116 prev_prio=120 prev_state=S ==> next_comm=main next_pid=3091 next_prio=120
          <idle>-0     [001] ...2   176.091741: sched_switch: prev_comm=swapper/1 prev_pid=0 prev_prio=120 prev_state=R ==> next_comm=JDWP next_pid=3096 next_prio=120
           <...>-3091  [000] d..2   176.091765: block_rq_insert: 179,0 R 0 () 4086528 + 168 [main]
           <...>-3091  [000] d..2   176.091769: block_rq_insert: 179,0 R 0 () 4086704 + 80 [main]
           <...>-3091  [000] ...2   176.091778: sched_switch: prev_comm=main prev_pid=3091 prev_prio=120 prev_state=R+ ==> next_comm=mmcqd/1 next_pid=116 next_prio=120
           <...>-116   [000] ...2   176.091785: sched_switch: prev_comm=mmcqd/1 prev_pid=116 prev_prio=120 prev_state=S ==> next_comm=main next_pid=3091 next_prio=120
           <...>-3096  [001] d..2   176.091875: block_rq_insert: 179,0 R 0 () 4025256 + 24 [JDWP]
           <...>-3091  [000] ...2   176.091892: sched_switch: prev_comm=main prev_pid=3091 prev_prio=120 prev_state=R ==> next_comm=mmcqd/1 next_pid=116 next_prio=120
           <...>-3096  [001] ...2   176.091903: sched_switch: prev_comm=JDWP prev_pid=3096 prev_prio=120 prev_state=D|W ==> next_comm=swapper/1 next_pid=0 next_prio=120
           <...>-116   [000] ...2   176.091912: sched_switch: prev_comm=mmcqd/1 prev_pid=116 prev_prio=120 prev_state=S ==> next_comm=main next_pid=3091 next_prio=120
           <...>-3091  [000] ...2   176.091974: sched_switch: prev_comm=main prev_pid=3091 prev_prio=120 prev_state=R+ ==> next_comm=mmcqd/1 next_pid=116 next_prio=120
           <...>-116   [000] ...1   176.092001: block_rq_complete: 179,0 RA () 3992400 + 8 [0]
           <...>-116   [000] ...2   176.092013: sched_switch: prev_comm=mmcqd/1 prev_pid=116 prev_prio=120 prev_state=S ==> next_comm=main next_pid=3091 next_prio=120
           <...>-3091  [000] ...2   176.092324: sched_switch: prev_comm=main prev_pid=3091 prev_prio=120 prev_state=R ==> next_comm=mmcqd/1 next_pid=116 next_prio=120
           <...>-116   [000] ...1   176.092338: block_rq_complete: 179,0 RA () 4025256 + 24 [0]
          <idle>-0     [001] ...2   176.092356: sched_switch: prev_comm=swapper/1 prev_pid=0 prev_prio=120 prev_state=R ==> next_comm=JDWP next_pid=3096 next_prio=120
           <...>-116   [000] ...2   176.092357: sched_switch: prev_comm=mmcqd/1 prev_pid=116 prev_prio=120 prev_state=R+ ==> next_comm=kworker/0:1H next_pid=17 next_prio=100
    kworker/0:1H-17    [000] ...2   176.092364: sched_switch: prev_comm=kworker/0:1H prev_pid=17 prev_prio=100 prev_state=S ==> next_comm=mmcqd/1 next_pid=116 next_prio=120
           <...>-116   [000] ...2   176.092464: sched_switch: prev_comm=mmcqd/1 prev_pid=116 prev_prio=120 prev_state=S ==> next_comm=main next_pid=3091 next_prio=120
           <...>-3096  [001] d..2   176.092493: block_rq_insert: 179,0 R 0 () 4028792 + 152 [JDWP]
           <...>-3096  [001] ...2   176.092514: sched_switch: prev_comm=JDWP prev_pid=3096 prev_prio=120 prev_state=D|W ==> next_comm=swapper/1 next_pid=0 next_prio=120
           <...>-3091  [000] ...2   176.093427: sched_switch: prev_comm=main prev_pid=3091 prev_prio=120 prev_state=R ==> next_comm=mmcqd/1 next_pid=116 next_prio=120
           <...>-116   [000] ...1   176.093491: block_rq_complete: 179,0 RA () 4086528 + 168 [0]
           <...>-116   [000] ...2   176.093556: sched_switch: prev_comm=mmcqd/1 prev_pid=116 prev_prio=120 prev_state=S ==> next_comm=main next_pid=3091 next_prio=120
           <...>-3091  [000] ...2   176.094023: sched_switch: prev_comm=main prev_pid=3091 prev_prio=120 prev_state=R ==> next_comm=mmcqd/1 next_pid=116 next_prio=120
           <...>-116   [000] ...1   176.094067: block_rq_complete: 179,0 RA () 4086704 + 80 [0]
           <...>-116   [000] ...2   176.094082: sched_switch: prev_comm=mmcqd/1 prev_pid=116 prev_prio=120 prev_state=S ==> next_comm=main next_pid=3091 next_prio=120
           <...>-3091  [000] d..2   176.094242: block_rq_insert: 179,0 R 0 () 4078544 + 88 [main]
           <...>-3091  [000] dn.2   176.094252: block_rq_insert: 179,0 R 0 () 4078640 + 56 [main]
           <...>-3091  [000] ...2   176.094259: sched_switch: prev_comm=main prev_pid=3091 prev_prio=120 prev_state=R+ ==> next_comm=mmcqd/1 next_pid=116 next_prio=120
           <...>-116   [000] ...2   176.094296: sched_switch: prev_comm=mmcqd/1 prev_pid=116 prev_prio=120 prev_state=S ==> next_comm=main next_pid=3091 next_prio=120
           <...>-3091  [000] ...2   176.094302: sched_switch: prev_comm=main prev_pid=3091 prev_prio=120 prev_state=D|W ==> next_comm=swapper/0 next_pid=0 next_prio=120
          <idle>-0     [000] ...2   176.094318: sched_switch: prev_comm=swapper/0 prev_pid=0 prev_prio=120 prev_state=R ==> next_comm=ksoftirqd/0 next_pid=3 next_prio=120
     ksoftirqd/0-3     [000] ...2   176.094326: sched_switch: prev_comm=ksoftirqd/0 prev_pid=3 prev_prio=120 prev_state=S ==> next_comm=swapper/0 next_pid=0 next_prio=120
          <idle>-0     [000] ...2   176.094340: sched_switch: prev_comm=swapper/0 prev_pid=0 prev_prio=120 prev_state=R ==> next_comm=ksoftirqd/0 next_pid=3 next_prio=120
     ksoftirqd/0-3     [000] ...2   176.094346: sched_switch: prev_comm=ksoftirqd/0 prev_pid=3 prev_prio=120 prev_state=S ==> next_comm=swapper/0 next_pid=0 next_prio=120
          <idle>-0     [000] ...2   176.094359: sched_switch: prev_comm=swapper/0 prev_pid=0 prev_prio=120 prev_state=R ==> next_comm=ksoftirqd/0 next_pid=3 next_prio=120
     ksoftirqd/0-3     [000] ...2   176.094366: sched_switch: prev_comm=ksoftirqd/0 prev_pid=3 prev_prio=120 prev_state=S ==> next_comm=swapper/0 next_pid=0 next_prio=120
          <idle>-0     [000] ...2   176.095069: sched_switch: prev_comm=swapper/0 prev_pid=0 prev_prio=120 prev_state=R ==> next_comm=mmcqd/1 next_pid=116 next_prio=120
           <...>-116   [000] ...1   176.095129: block_rq_complete: 179,0 RA () 4028792 + 152 [0]
          <idle>-0     [001] ...2   176.095149: sched_switch: prev_comm=swapper/1 prev_pid=0 prev_prio=120 prev_state=R ==> next_comm=JDWP next_pid=3096 next_prio=120
           <...>-116   [000] ...2   176.095168: sched_switch: prev_comm=mmcqd/1 prev_pid=116 prev_prio=120 prev_state=S ==> next_comm=swapper/0 next_pid=0 next_prio=120
           <...>-3096  [001] d..2   176.095286: block_rq_insert: 179,0 R 0 () 4077968 + 8 [JDWP]
           <...>-3096  [001] d..2   176.095294: block_rq_insert: 179,0 R 0 () 4078016 + 88 [JDWP]
           <...>-3096  [001] d..2   176.095298: block_rq_insert: 179,0 R 0 () 4078112 + 24 [JDWP]
           <...>-3096  [001] ...2   176.095313: sched_switch: prev_comm=JDWP prev_pid=3096 prev_prio=120 prev_state=D|W ==> next_comm=swapper/1 next_pid=0 next_prio=120
          <idle>-0     [000] ...2   176.095823: sched_switch: prev_comm=swapper/0 prev_pid=0 prev_prio=120 prev_state=R ==> next_comm=mmcqd/1 next_pid=116 next_prio=120
           <...>-116   [000] ...1   176.095868: block_rq_complete: 179,0 RA () 4078544 + 88 [0]
           <...>-116   [000] ...2   176.095898: sched_switch: prev_comm=mmcqd/1 prev_pid=116 prev_prio=120 prev_state=S ==> next_comm=main next_pid=3091 next_prio=120
           <...>-3091  [000] d..2   176.095950: block_rq_insert: 179,0 R 0 () 4078152 + 8 [main]
           <...>-3091  [000] d..2   176.095954: block_rq_insert: 179,0 R 0 () 4078176 + 24 [main]
           <...>-3091  [000] d..2   176.095956: block_rq_insert: 179,0 R 0 () 4078208 + 56 [main]
           <...>-3091  [000] ...2   176.095963: sched_switch: prev_comm=main prev_pid=3091 prev_prio=120 prev_state=D|W ==> next_comm=swapper/0 next_pid=0 next_prio=120
          <idle>-0     [000] ...2   176.096351: sched_switch: prev_comm=swapper/0 prev_pid=0 prev_prio=120 prev_state=R ==> next_comm=mmcqd/1 next_pid=116 next_prio=120
           <...>-116   [000] ...1   176.096388: block_rq_complete: 179,0 RA () 4078640 + 56 [0]
           <...>-116   [000] ...2   176.096429: sched_switch: prev_comm=mmcqd/1 prev_pid=116 prev_prio=120 prev_state=S ==> next_comm=swapper/0 next_pid=0 next_prio=120
          <idle>-0     [000] ...2   176.096685: sched_switch: prev_comm=swapper/0 prev_pid=0 prev_prio=120 prev_state=R ==> next_comm=mmcqd/1 next_pid=116 next_prio=120
           <...>-116   [000] ...1   176.096714: block_rq_complete: 179,0 RA () 4078112 + 24 [0]
           <...>-116   [000] ...2   176.096734: sched_switch: prev_comm=mmcqd/1 prev_pid=116 prev_prio=120 prev_state=S ==> next_comm=swapper/0 next_pid=0 next_prio=120
          <idle>-0     [000] ...2   176.097444: sched_switch: prev_comm=swapper/0 prev_pid=0 prev_prio=120 prev_state=R ==> next_comm=mmcqd/1 next_pid=116 next_prio=120
           <...>-116   [000] ...1   176.097487: block_rq_complete: 179,0 RA () 4078016 + 88 [0]
          <idle>-0     [001] ...2   176.097505: sched_switch: prev_comm=swapper/1 prev_pid=0 prev_prio=120 prev_state=R ==> next_comm=JDWP next_pid=3096 next_prio=120
           <...>-116   [000] ...2   176.097513: sched_switch: prev_comm=mmcqd/1 prev_pid=116 prev_prio=120 prev_state=S ==> next_comm=swapper/0 next_pid=0 next_prio=120
          <idle>-0     [000] ...2   176.097690: sched_switch: prev_comm=swapper/0 prev_pid=0 prev_prio=120 prev_state=R ==> next_comm=mmcqd/1 next_pid=116 next_prio=120
           <...>-116   [000] ...1   176.097714: block_rq_complete: 179,0 RA () 4077968 + 8 [0]
           <...>-116   [000] ...2   176.097736: sched_switch: prev_comm=mmcqd/1 prev_pid=116 prev_prio=120 prev_state=S ==> next_comm=swapper/0 next_pid=0 next_prio=120
           <...>-3096  [001] ...2   176.097822: sched_switch: prev_comm=JDWP prev_pid=3096 prev_prio=120 prev_state=D|W ==> next_comm=swapper/1 next_pid=0 next_prio=120
          <idle>-0     [000] ...2   176.097989: sched_switch: prev_comm=swapper/0 prev_pid=0 prev_prio=120 prev_state=R ==> next_comm=mmcqd/1 next_pid=116 next_prio=120
           <...>-116   [000] ...1   176.098014: block_rq_complete: 179,0 RA () 4078152 + 8 [0]
           <...>-116   [000] ...2   176.098046: sched_switch: prev_comm=mmcqd/1 prev_pid=116 prev_prio=120 prev_state=S ==> next_comm=swapper/0 next_pid=0 next_prio=120
          <idle>-0     [000] ...2   176.098338: sched_switch: prev_comm=swapper/0 prev_pid=0 prev_prio=120 prev_state=R ==> next_comm=mmcqd/1 next_pid=116 next_prio=120
           <...>-116   [000] ...1   176.098367: block_rq_complete: 179,0 RA () 4078176 + 24 [0]
           <...>-116   [000] ...2   176.098379: sched_switch: prev_comm=mmcqd/1 prev_pid=116 prev_prio=120 prev_state=S ==> next_comm=swapper/0 next_pid=0 next_prio=120
          <idle>-0     [000] ...2   176.098838: sched_switch: prev_comm=swapper/0 prev_pid=0 prev_prio=120 prev_state=R ==> next_comm=mmcqd/1 next_pid=116 next_prio=120
           <...>-116   [000] ...1   176.098858: block_rq_complete: 179,0 RA () 4078208 + 56 [0]
          <idle>-0     [001] ...2   176.098880: sched_switch: prev_comm=swapper/1 prev_pid=0 prev_prio=120 prev_state=R ==> next_comm=JDWP next_pid=3096 next_prio=120
