           <...>-116   [000] ...2   188.492573: sched_switch: prev_comm=mmcqd/1 prev_pid=116 prev_prio=120 prev_state=S ==> next_comm=swapper/0 next_pid=0 next_prio=120
          <idle>-0     [000] ...2   188.492784: sched_switch: prev_comm=swapper/0 prev_pid=0 prev_prio=120 prev_state=R ==> next_comm=mmcqd/1 next_pid=116 next_prio=120
           <...>-116   [000] ...1   188.492816: block_rq_complete: 179,0 RA () 4073096 + 16 [0]
          <idle>-0     [001] ...2   188.492831: sched_switch: prev_comm=swapper/1 prev_pid=0 prev_prio=120 prev_state=R ==> next_comm=main next_pid=3325 next_prio=120
           <...>-116   [000] ...2   188.492846: sched_switch: prev_comm=mmcqd/1 prev_pid=116 prev_prio=120 prev_state=S ==> next_comm=swapper/0 next_pid=0 next_prio=120
           <...>-3325  [001] d..2   188.492898: block_rq_insert: 179,0 R 0 () 4085240 + 72 [main]
           <...>-3325  [001] d..2   188.492901: block_rq_insert: 179,0 R 0 () 4085320 + 16 [main]
           <...>-3325  [001] d..2   188.492902: block_rq_insert: 179,0 R 0 () 4085344 + 24 [main]
           <...>-3325  [001] d..2   188.492904: block_rq_insert: 179,0 R 0 () 4085376 + 16 [main]
           <...>-3325  [001] d..2   188.492905: block_rq_insert: 179,0 R 0 () 4085408 + 8 [main]
           <...>-3325  [001] d..2   188.492907: block_rq_insert: 179,0 R 0 () 4085432 + 16 [main]
           <...>-3325  [001] ...2   188.492915: sched_switch: prev_comm=main prev_pid=3325 prev_prio=120 prev_state=D|W ==> next_comm=swapper/1 next_pid=0 next_prio=120
          <idle>-0     [000] ...2   188.493142: sched_switch: prev_comm=swapper/0 prev_pid=0 prev_prio=120 prev_state=R ==> next_comm=mmcqd/1 next_pid=116 next_prio=120
           <...>-116   [000] ...1   188.493177: block_rq_complete: 179,0 RA () 4073064 + 24 [0]
           <...>-116   [000] ...2   188.493200: sched_switch: prev_comm=mmcqd/1 prev_pid=116 prev_prio=120 prev_state=S ==> next_comm=swapper/0 next_pid=0 next_prio=120
          <idle>-0     [000] ...2   188.493459: sched_switch: prev_comm=swapper/0 prev_pid=0 prev_prio=120 prev_state=R ==> next_comm=mmcqd/1 next_pid=116 next_prio=120
           <...>-116   [000] ...1   188.493490: block_rq_complete: 179,0 RA () 4073040 + 16 [0]
           <...>-116   [000] ...2   188.493514: sched_switch: prev_comm=mmcqd/1 prev_pid=116 prev_prio=120 prev_state=S ==> next_comm=swapper/0 next_pid=0 next_prio=120
          <idle>-0     [000] ...2   188.493690: sched_switch: prev_comm=swapper/0 prev_pid=0 prev_prio=120 prev_state=R ==> next_comm=kworker/0:0 next_pid=4 next_prio=120
     kworker/0:0-4     [000] ...2   188.493824: sched_switch: prev_comm=kworker/0:0 prev_pid=4 prev_prio=120 prev_state=D ==> next_comm=mmcqd/1 next_pid=116 next_prio=120
           <...>-116   [000] ...1   188.493854: block_rq_complete: 179,0 RA () 4073024 + 8 [0]
           <...>-116   [000] ...2   188.493896: sched_switch: prev_comm=mmcqd/1 prev_pid=116 prev_prio=120 prev_state=S ==> next_comm=swapper/0 next_pid=0 next_prio=120
          <idle>-0     [000] ...2   188.494125: sched_switch: prev_comm=swapper/0 prev_pid=0 prev_prio=120 prev_state=R ==> next_comm=mmcqd/1 next_pid=116 next_prio=120
           <...>-116   [000] ...1   188.494156: block_rq_complete: 179,0 RA () 4072976 + 16 [0]
           <...>-116   [000] ...2   188.494181: sched_switch: prev_comm=mmcqd/1 prev_pid=116 prev_prio=120 prev_state=S ==> next_comm=swapper/0 next_pid=0 next_prio=120
          <idle>-0     [000] ...2   188.494834: sched_switch: prev_comm=swapper/0 prev_pid=0 prev_prio=120 prev_state=R ==> next_comm=mmcqd/1 next_pid=116 next_prio=120
           <...>-116   [000] ...1   188.494880: block_rq_complete: 179,0 RA () 4085240 + 72 [0]
           <...>-116   [000] ...2   188.494910: sched_switch: prev_comm=mmcqd/1 prev_pid=116 prev_prio=120 prev_state=S ==> next_comm=swapper/0 next_pid=0 next_prio=120
          <idle>-0     [000] ...2   188.495144: sched_switch: prev_comm=swapper/0 prev_pid=0 prev_prio=120 prev_state=R ==> next_comm=mmcqd/1 next_pid=116 next_prio=120
           <...>-116   [000] ...1   188.495176: block_rq_complete: 179,0 RA () 4085320 + 16 [0]
          <idle>-0     [001] ...2   188.495190: sched_switch: prev_comm=swapper/1 prev_pid=0 prev_prio=120 prev_state=R ==> next_comm=main next_pid=3325 next_prio=120
           <...>-116   [000] ...2   188.495205: sched_switch: prev_comm=mmcqd/1 prev_pid=116 prev_prio=120 prev_state=S ==> next_comm=swapper/0 next_pid=0 next_prio=120
           <...>-3325  [001] d..2   188.495479: block_rq_insert: 179,0 R 0 () 4083344 + 8 [main]
           <...>-3325  [001] d..2   188.495482: block_rq_insert: 179,0 R 0 () 4083392 + 24 [main]
           <...>-3325  [001] d..2   188.495485: block_rq_insert: 179,0 R 0 () 4083424 + 32 [main]
           <...>-3325  [001] d..2   188.495486: block_rq_insert: 179,0 R 0 () 4083496 + 8 [main]
           <...>-3325  [001] ...2   188.495495: sched_switch: prev_comm=main prev_pid=3325 prev_prio=120 prev_state=D|W ==> next_comm=swapper/1 next_pid=0 next_prio=120
          <idle>-0     [000] ...2   188.495501: sched_switch: prev_comm=swapper/0 prev_pid=0 prev_prio=120 prev_state=R ==> next_comm=mmcqd/1 next_pid=116 next_prio=120
           <...>-116   [000] ...1   188.495536: block_rq_complete: 179,0 RA () 4085344 + 24 [0]
           <...>-116   [000] ...2   188.495559: sched_switch: prev_comm=mmcqd/1 prev_pid=116 prev_prio=120 prev_state=S ==> next_comm=swapper/0 next_pid=0 next_prio=120
          <idle>-0     [000] ...2   188.495803: sched_switch: prev_comm=swapper/0 prev_pid=0 prev_prio=120 prev_state=R ==> next_comm=mmcqd/1 next_pid=116 next_prio=120
           <...>-116   [000] ...1   188.495834: block_rq_complete: 179,0 RA () 4085376 + 16 [0]
           <...>-116   [000] ...2   188.495859: sched_switch: prev_comm=mmcqd/1 prev_pid=116 prev_prio=120 prev_state=S ==> next_comm=swapper/0 next_pid=0 next_prio=120
          <idle>-0     [000] ...2   188.495940: sched_switch: prev_comm=swapper/0 prev_pid=0 prev_prio=120 prev_state=R ==> next_comm=kworker/0:0 next_pid=4 next_prio=120
     kworker/0:0-4     [000] ...2   188.495959: sched_switch: prev_comm=kworker/0:0 prev_pid=4 prev_prio=120 prev_state=D ==> next_comm=swapper/0 next_pid=0 next_prio=120
          <idle>-0     [000] ...2   188.496063: sched_switch: prev_comm=swapper/0 prev_pid=0 prev_prio=120 prev_state=R ==> next_comm=mmcqd/1 next_pid=116 next_prio=120
           <...>-116   [000] ...1   188.496092: block_rq_complete: 179,0 RA () 4085408 + 8 [0]
           <...>-116   [000] ...2   188.496114: sched_switch: prev_comm=mmcqd/1 prev_pid=116 prev_prio=120 prev_state=S ==> next_comm=swapper/0 next_pid=0 next_prio=120
          <idle>-0     [000] ...2   188.496409: sched_switch: prev_comm=swapper/0 prev_pid=0 prev_prio=120 prev_state=R ==> next_comm=mmcqd/1 next_pid=116 next_prio=120
           <...>-116   [000] ...1   188.496441: block_rq_complete: 179,0 RA () 4085432 + 16 [0]
           <...>-116   [000] ...2   188.496470: sched_switch: prev_comm=mmcqd/1 prev_pid=116 prev_prio=120 prev_state=S ==> next_comm=swapper/0 next_pid=0 next_prio=120
          <idle>-0     [000] ...2   188.496679: sched_switch: prev_comm=swapper/0 prev_pid=0 prev_prio=120 prev_state=R ==> next_comm=mmcqd/1 next_pid=116 next_prio=120
           <...>-116   [000] ...1   188.496708: block_rq_complete: 179,0 RA () 4083496 + 8 [0]
           <...>-116   [000] ...2   188.496734: sched_switch: prev_comm=mmcqd/1 prev_pid=116 prev_prio=120 prev_state=S ==> next_comm=swapper/0 next_pid=0 next_prio=120
          <idle>-0     [000] ...2   188.497072: sched_switch: prev_comm=swapper/0 prev_pid=0 prev_prio=120 prev_state=R ==> next_comm=mmcqd/1 next_pid=116 next_prio=120
           <...>-116   [000] ...1   188.497108: block_rq_complete: 179,0 RA () 4083424 + 32 [0]
           <...>-116   [000] ...2   188.497131: sched_switch: prev_comm=mmcqd/1 prev_pid=116 prev_prio=120 prev_state=S ==> next_comm=swapper/0 next_pid=0 next_prio=120
          <idle>-0     [000] ...2   188.497417: sched_switch: prev_comm=swapper/0 prev_pid=0 prev_prio=120 prev_state=R ==> next_comm=mmcqd/1 next_pid=116 next_prio=120
           <...>-116   [000] ...1   188.497450: block_rq_complete: 179,0 RA () 4083392 + 24 [0]
          <idle>-0     [001] ...2   188.497466: sched_switch: prev_comm=swapper/1 prev_pid=0 prev_prio=120 prev_state=R ==> next_comm=main next_pid=3325 next_prio=120
           <...>-116   [000] ...2   188.497470: sched_switch: prev_comm=mmcqd/1 prev_pid=116 prev_prio=120 prev_state=S ==> next_comm=swapper/0 next_pid=0 next_prio=120
           <...>-3325  [001] d..2   188.497507: block_rq_insert: 179,0 R 0 () 4082888 + 24 [main]
           <...>-3325  [001] d..2   188.497509: block_rq_insert: 179,0 R 0 () 4083008 + 8 [main]
           <...>-3325  [001] ...2   188.497522: sched_switch: prev_comm=main prev_pid=3325 prev_prio=120 prev_state=D|W ==> next_comm=swapper/1 next_pid=0 next_prio=120
          <idle>-0     [000] ...2   188.497525: sched_switch: prev_comm=swapper/0 prev_pid=0 prev_prio=120 prev_state=R ==> next_comm=mmcqd/1 next_pid=116 next_prio=120
           <...>-116   [000] ...2   188.497542: sched_switch: prev_comm=mmcqd/1 prev_pid=116 prev_prio=120 prev_state=S ==> next_comm=swapper/0 next_pid=0 next_prio=120
          <idle>-0     [000] ...2   188.497673: sched_switch: prev_comm=swapper/0 prev_pid=0 prev_prio=120 prev_state=R ==> next_comm=mmcqd/1 next_pid=116 next_prio=120
           <...>-116   [000] ...1   188.497702: block_rq_complete: 179,0 RA () 4083344 + 8 [0]
           <...>-116   [000] ...2   188.497729: sched_switch: prev_comm=mmcqd/1 prev_pid=116 prev_prio=120 prev_state=S ==> next_comm=swapper/0 next_pid=0 next_prio=120
          <idle>-0     [000] ...2   188.497968: sched_switch: prev_comm=swapper/0 prev_pid=0 prev_prio=120 prev_state=R ==> next_comm=mmcqd/1 next_pid=116 next_prio=120
           <...>-116   [000] ...1   188.497998: block_rq_complete: 179,0 RA () 4083008 + 8 [0]
           <...>-116   [000] ...2   188.498011: sched_switch: prev_comm=mmcqd/1 prev_pid=116 prev_prio=120 prev_state=S ==> next_comm=swapper/0 next_pid=0 next_prio=120
          <idle>-0     [000] ...2   188.498075: sched_switch: prev_comm=swapper/0 prev_pid=0 prev_prio=120 prev_state=R ==> next_comm=kworker/0:0 next_pid=4 next_prio=120
     kworker/0:0-4     [000] ...2   188.498191: sched_switch: prev_comm=kworker/0:0 prev_pid=4 prev_prio=120 prev_state=D ==> next_comm=swapper/0 next_pid=0 next_prio=120
          <idle>-0     [000] ...2   188.498329: sched_switch: prev_comm=swapper/0 prev_pid=0 prev_prio=120 prev_state=R ==> next_comm=mmcqd/1 next_pid=116 next_prio=120
           <...>-116   [000] ...1   188.498345: block_rq_complete: 179,0 RA () 4082888 + 24 [0]
          <idle>-0     [001] ...2   188.498359: sched_switch: prev_comm=swapper/1 prev_pid=0 prev_prio=120 prev_state=R ==> next_comm=main next_pid=3325 next_prio=120
           <...>-116   [000] ...2   188.498366: sched_switch: prev_comm=mmcqd/1 prev_pid=116 prev_prio=120 prev_state=R+ ==> next_comm=kworker/0:1H next_pid=17 next_prio=100
    kworker/0:1H-17    [000] ...2   188.498375: sched_switch: prev_comm=kworker/0:1H prev_pid=17 prev_prio=100 prev_state=S ==> next_comm=mmcqd/1 next_pid=116 next_prio=120
           <...>-116   [000] ...2   188.498389: sched_switch: prev_comm=mmcqd/1 prev_pid=116 prev_prio=120 prev_state=S ==> next_comm=swapper/0 next_pid=0 next_prio=120
           <...>-3325  [001] d..2   188.498491: block_rq_insert: 179,0 R 0 () 4085480 + 136 [main]
           <...>-3325  [001] ...2   188.498505: sched_switch: prev_comm=main prev_pid=3325 prev_prio=120 prev_state=D|W ==> next_comm=swapper/1 next_pid=0 next_prio=120
          <idle>-0     [000] ...2   188.498507: sched_switch: prev_comm=swapper/0 prev_pid=0 prev_prio=120 prev_state=R ==> next_comm=mmcqd/1 next_pid=116 next_prio=120
           <...>-116   [000] ...2   188.498589: sched_switch: prev_comm=mmcqd/1 prev_pid=116 prev_prio=120 prev_state=S ==> next_comm=swapper/0 next_pid=0 next_prio=120
          <idle>-0     [000] ...2   188.499498: sched_switch: prev_comm=swapper/0 prev_pid=0 prev_prio=120 prev_state=R ==> next_comm=mmcqd/1 next_pid=116 next_prio=120
           <...>-116   [000] ...1   188.499542: block_rq_complete: 179,0 RA () 4085480 + 136 [0]
          <idle>-0     [001] ...2   188.499561: sched_switch: prev_comm=swapper/1 prev_pid=0 prev_prio=120 prev_state=R ==> next_comm=main next_pid=3325 next_prio=120
           <...>-116   [000] ...2   188.499568: sched_switch: prev_comm=mmcqd/1 prev_pid=116 prev_prio=120 prev_state=R+ ==> next_comm=kworker/0:1H next_pid=17 next_prio=100
    kworker/0:1H-17    [000] ...2   188.499576: sched_switch: prev_comm=kworker/0:1H prev_pid=17 prev_prio=100 prev_state=S ==> next_comm=mmcqd/1 next_pid=116 next_prio=120
           <...>-116   [000] ...2   188.499586: sched_switch: prev_comm=mmcqd/1 prev_pid=116 prev_prio=120 prev_state=S ==> next_comm=swapper/0 next_pid=0 next_prio=120
           <...>-3325  [001] d..2   188.499704: block_rq_insert: 179,0 R 0 () 4083264 + 8 [main]
           <...>-3325  [001] ...2   188.499717: sched_switch: prev_comm=main prev_pid=3325 prev_prio=120 prev_state=D|W ==> next_comm=swapper/1 next_pid=0 next_prio=120
          <idle>-0     [000] ...2   188.499719: sched_switch: prev_comm=swapper/0 prev_pid=0 prev_prio=120 prev_state=R ==> next_comm=mmcqd/1 next_pid=116 next_prio=120
           <...>-116   [000] ...2   188.499760: sched_switch: prev_comm=mmcqd/1 prev_pid=116 prev_prio=120 prev_state=S ==> next_comm=swapper/0 next_pid=0 next_prio=120
          <idle>-0     [000] ...2   188.500007: sched_switch: prev_comm=swapper/0 prev_pid=0 prev_prio=120 prev_state=R ==> next_comm=mmcqd/1 next_pid=116 next_prio=120
           <...>-116   [000] ...1   188.500018: block_rq_complete: 179,0 RA () 4083264 + 8 [0]
          <idle>-0     [001] ...2   188.500033: sched_switch: prev_comm=swapper/1 prev_pid=0 prev_prio=120 prev_state=R ==> next_comm=main next_pid=3325 next_prio=120
           <...>-116   [000] ...2   188.500038: sched_switch: prev_comm=mmcqd/1 prev_pid=116 prev_prio=120 prev_state=R+ ==> next_comm=kworker/0:1H next_pid=17 next_prio=100
    kworker/0:1H-17    [000] ...2   188.500046: sched_switch: prev_comm=kworker/0:1H prev_pid=17 prev_prio=100 prev_state=S ==> next_comm=mmcqd/1 next_pid=116 next_prio=120
           <...>-116   [000] ...2   188.500056: sched_switch: prev_comm=mmcqd/1 prev_pid=116 prev_prio=120 prev_state=S ==> next_comm=swapper/0 next_pid=0 next_prio=120
          <idle>-0     [000] ...2   188.500307: sched_switch: prev_comm=swapper/0 prev_pid=0 prev_prio=120 prev_state=R ==> next_comm=kworker/0:0 next_pid=4 next_prio=120
     kworker/0:0-4     [000] ...2   188.500326: sched_switch: prev_comm=kworker/0:0 prev_pid=4 prev_prio=120 prev_state=D ==> next_comm=swapper/0 next_pid=0 next_prio=120
           <...>-3325  [001] d..2   188.500700: block_rq_insert: 179,0 R 0 () 4085656 + 256 [main]
           <...>-3325  [001] ...2   188.500714: sched_switch: prev_comm=main prev_pid=3325 prev_prio=120 prev_state=D|W ==> next_comm=swapper/1 next_pid=0 next_prio=120
          <idle>-0     [000] ...2   188.500717: sched_switch: prev_comm=swapper/0 prev_pid=0 prev_prio=120 prev_state=R ==> next_comm=mmcqd/1 next_pid=116 next_prio=120
           <...>-116   [000] ...2   188.500838: sched_switch: prev_comm=mmcqd/1 prev_pid=116 prev_prio=120 prev_state=S ==> next_comm=swapper/0 next_pid=0 next_prio=120
          <idle>-0     [000] ...2   188.502314: sched_switch: prev_comm=swapper/0 prev_pid=0 prev_prio=120 prev_state=R ==> next_comm=mmcqd/1 next_pid=116 next_prio=120
           <...>-116   [000] ...1   188.502392: block_rq_complete: 179,0 RA () 4085656 + 256 [0]
          <idle>-0     [001] ...2   188.502411: sched_switch: prev_comm=swapper/1 prev_pid=0 prev_prio=120 prev_state=R ==> next_comm=main next_pid=3325 next_prio=120
           <...>-116   [000] ...2   188.502421: sched_switch: prev_comm=mmcqd/1 prev_pid=116 prev_prio=120 prev_state=R+ ==> next_comm=kworker/0:1H next_pid=17 next_prio=100
    kworker/0:1H-17    [000] ...2   188.502439: sched_switch: prev_comm=kworker/0:1H prev_pid=17 prev_prio=100 prev_state=S ==> next_comm=kworker/0:0 next_pid=4 next_prio=120
     kworker/0:0-4     [000] ...2   188.502522: sched_switch: prev_comm=kworker/0:0 prev_pid=4 prev_prio=120 prev_state=D ==> next_comm=mmcqd/1 next_pid=116 next_prio=120
           <...>-116   [000] ...2   188.502535: sched_switch: prev_comm=mmcqd/1 prev_pid=116 prev_prio=120 prev_state=S ==> next_comm=swapper/0 next_pid=0 next_prio=120
          <idle>-0     [000] ...2   188.503008: sched_switch: prev_comm=swapper/0 prev_pid=0 prev_prio=120 prev_state=R ==> next_comm=kworker/0:0 next_pid=4 next_prio=120
     kworker/0:0-4     [000] ...2   188.503038: sched_switch: prev_comm=kworker/0:0 prev_pid=4 prev_prio=120 prev_state=D ==> next_comm=swapper/0 next_pid=0 next_prio=120
           <...>-3325  [001] d..2   188.503337: block_rq_insert: 179,0 R 0 () 4085912 + 256 [main]
          <idle>-0     [000] ...2   188.503356: sched_switch: prev_comm=swapper/0 prev_pid=0 prev_prio=120 prev_state=R ==> next_comm=mmcqd/1 next_pid=116 next_prio=120
           <...>-3325  [001] ...2   188.503417: sched_switch: prev_comm=main prev_pid=3325 prev_prio=120 prev_state=D|W ==> next_comm=swapper/1 next_pid=0 next_prio=120
           <...>-116   [000] ...2   188.503475: sched_switch: prev_comm=mmcqd/1 prev_pid=116 prev_prio=120 prev_state=S ==> next_comm=swapper/0 next_pid=0 next_prio=120
          <idle>-0     [000] ...2   188.503520: sched_switch: prev_comm=swapper/0 prev_pid=0 prev_prio=120 prev_state=R ==> next_comm=kworker/0:0 next_pid=4 next_prio=120
     kworker/0:0-4     [000] ...2   188.503544: sched_switch: prev_comm=kworker/0:0 prev_pid=4 prev_prio=120 prev_state=D ==> next_comm=swapper/0 next_pid=0 next_prio=120
          <idle>-0     [000] ...2   188.504026: sched_switch: prev_comm=swapper/0 prev_pid=0 prev_prio=120 prev_state=R ==> next_comm=kworker/0:0 next_pid=4 next_prio=120
     kworker/0:0-4     [000] ...2   188.504051: sched_switch: prev_comm=kworker/0:0 prev_pid=4 prev_prio=120 prev_state=D ==> next_comm=swapper/0 next_pid=0 next_prio=120
          <idle>-0     [000] ...2   188.504532: sched_switch: prev_comm=swapper/0 prev_pid=0 prev_prio=120 prev_state=R ==> next_comm=kworker/0:0 next_pid=4 next_prio=120
     kworker/0:0-4     [000] ...2   188.504554: sched_switch: prev_comm=kworker/0:0 prev_pid=4 prev_prio=120 prev_state=D ==> next_comm=swapper/0 next_pid=0 next_prio=120
          <idle>-0     [000] ...2   188.504930: sched_switch: prev_comm=swapper/0 prev_pid=0 prev_prio=120 prev_state=R ==> next_comm=kworker/0:0 next_pid=4 next_prio=120
     kworker/0:0-4     [000] ...2   188.504951: sched_switch: prev_comm=kworker/0:0 prev_pid=4 prev_prio=120 prev_state=D ==> next_comm=mmcqd/1 next_pid=116 next_prio=120
           <...>-116   [000] ...1   188.505028: block_rq_complete: 179,0 RA () 4085912 + 256 [0]
          <idle>-0     [001] ...2   188.505043: sched_switch: prev_comm=swapper/1 prev_pid=0 prev_prio=120 prev_state=R ==> next_comm=main next_pid=3325 next_prio=120
           <...>-116   [000] ...2   188.505059: sched_switch: prev_comm=mmcqd/1 prev_pid=116 prev_prio=120 prev_state=R+ ==> next_comm=kworker/0:1H next_pid=17 next_prio=100
    kworker/0:1H-17    [000] ...2   188.505069: sched_switch: prev_comm=kworker/0:1H prev_pid=17 prev_prio=100 prev_state=S ==> next_comm=mmcqd/1 next_pid=116 next_prio=120
           <...>-116   [000] ...2   188.505082: sched_switch: prev_comm=mmcqd/1 prev_pid=116 prev_prio=120 prev_state=S ==> next_comm=swapper/0 next_pid=0 next_prio=120
           <...>-3325  [001] d..2   188.505120: block_rq_insert: 179,0 R 0 () 4072864 + 64 [main]
           <...>-3325  [001] d..2   188.505122: block_rq_insert: 179,0 R 0 () 4072944 + 8 [main]
           <...>-3325  [001] ...2   188.505135: sched_switch: prev_comm=main prev_pid=3325 prev_prio=120 prev_state=D|W ==> next_comm=swapper/1 next_pid=0 next_prio=120
          <idle>-0     [000] ...2   188.505145: sched_switch: prev_comm=swapper/0 prev_pid=0 prev_prio=120 prev_state=R ==> next_comm=mmcqd/1 next_pid=116 next_prio=120
           <...>-116   [000] ...2   188.505213: sched_switch: prev_comm=mmcqd/1 prev_pid=116 prev_prio=120 prev_state=S ==> next_comm=swapper/0 next_pid=0 next_prio=120
          <idle>-0     [000] ...2   188.505437: sched_switch: prev_comm=swapper/0 prev_pid=0 prev_prio=120 prev_state=R ==> next_comm=kworker/0:0 next_pid=4 next_prio=120
     kworker/0:0-4     [000] ...2   188.505555: sched_switch: prev_comm=kworker/0:0 prev_pid=4 prev_prio=120 prev_state=S ==> next_comm=mmcqd/1 next_pid=116 next_prio=120
           <...>-116   [000] ...1   188.505586: block_rq_complete: 179,0 RA () 4072944 + 8 [0]
           <...>-116   [000] ...2   188.505602: sched_switch: prev_comm=mmcqd/1 prev_pid=116 prev_prio=120 prev_state=S ==> next_comm=swapper/0 next_pid=0 next_prio=120
          <idle>-0     [000] ...2   188.506098: sched_switch: prev_comm=swapper/0 prev_pid=0 prev_prio=120 prev_state=R ==> next_comm=mmcqd/1 next_pid=116 next_prio=120
           <...>-116   [000] ...1   188.506124: block_rq_complete: 179,0 RA () 4072864 + 64 [0]
          <idle>-0     [001] ...2   188.506138: sched_switch: prev_comm=swapper/1 prev_pid=0 prev_prio=120 prev_state=R ==> next_comm=main next_pid=3325 next_prio=120
           <...>-116   [000] ...2   188.506146: sched_switch: prev_comm=mmcqd/1 prev_pid=116 prev_prio=120 prev_state=R+ ==> next_comm=kworker/0:1H next_pid=17 next_prio=100
    kworker/0:1H-17    [000] ...2   188.506154: sched_switch: prev_comm=kworker/0:1H prev_pid=17 prev_prio=100 prev_state=S ==> next_comm=mmcqd/1 next_pid=116 next_prio=120
           <...>-116   [000] ...2   188.506166: sched_switch: prev_comm=mmcqd/1 prev_pid=116 prev_prio=120 prev_state=S ==> next_comm=swapper/0 next_pid=0 next_prio=120
           <...>-3325  [001] d..2   188.506419: block_rq_insert: 179,0 R 0 () 4086168 + 184 [main]
           <...>-3325  [001] ...2   188.506433: sched_switch: prev_comm=main prev_pid=3325 prev_prio=120 prev_state=D|W ==> next_comm=swapper/1 next_pid=0 next_prio=120
          <idle>-0     [000] ...2   188.506434: sched_switch: prev_comm=swapper/0 prev_pid=0 prev_prio=120 prev_state=R ==> next_comm=mmcqd/1 next_pid=116 next_prio=120
           <...>-116   [000] ...2   188.506530: sched_switch: prev_comm=mmcqd/1 prev_pid=116 prev_prio=120 prev_state=S ==> next_comm=swapper/0 next_pid=0 next_prio=120
          <idle>-0     [000] ...2   188.507660: sched_switch: prev_comm=swapper/0 prev_pid=0 prev_prio=120 prev_state=R ==> next_comm=mmcqd/1 next_pid=116 next_prio=120
           <...>-116   [000] ...1   188.507716: block_rq_complete: 179,0 RA () 4086168 + 184 [0]
          <idle>-0     [001] ...2   188.507734: sched_switch: prev_comm=swapper/1 prev_pid=0 prev_prio=120 prev_state=R ==> next_comm=main next_pid=3325 next_prio=120
           <...>-116   [000] ...2   188.507744: sched_switch: prev_comm=mmcqd/1 prev_pid=116 prev_prio=120 prev_state=R+ ==> next_comm=kworker/0:1H next_pid=17 next_prio=100
    kworker/0:1H-17    [000] ...2   188.507753: sched_switch: prev_comm=kworker/0:1H prev_pid=17 prev_prio=100 prev_state=S ==> next_comm=mmcqd/1 next_pid=116 next_prio=120
           <...>-116   [000] ...2   188.507766: sched_switch: prev_comm=mmcqd/1 prev_pid=116 prev_prio=120 prev_state=S ==> next_comm=swapper/0 next_pid=0 next_prio=120
           <...>-3325  [001] d..2   188.508055: block_rq_insert: 179,0 R 0 () 1207472 + 8 [main]
           <...>-3325  [001] d..2   188.508058: block_rq_insert: 179,0 R 0 () 1207488 + 24 [main]
           <...>-3325  [001] d..2   188.508060: block_rq_insert: 179,0 R 0 () 1207584 + 24 [main]
           <...>-3325  [001] ...2   188.508074: sched_switch: prev_comm=main prev_pid=3325 prev_prio=120 prev_state=D|W ==> next_comm=swapper/1 next_pid=0 next_prio=120
          <idle>-0     [000] ...2   188.508075: sched_switch: prev_comm=swapper/0 prev_pid=0 prev_prio=120 prev_state=R ==> next_comm=mmcqd/1 next_pid=116 next_prio=120
          <idle>-0     [001] ...2   188.508088: sched_switch: prev_comm=swapper/1 prev_pid=0 prev_prio=120 prev_state=R ==> next_comm=ksoftirqd/1 next_pid=3314 next_prio=120
           <...>-3314  [001] ...2   188.508098: sched_switch: prev_comm=ksoftirqd/1 prev_pid=3314 prev_prio=120 prev_state=S ==> next_comm=swapper/1 next_pid=0 next_prio=120
          <idle>-0     [001] ...2   188.508111: sched_switch: prev_comm=swapper/1 prev_pid=0 prev_prio=120 prev_state=R ==> next_comm=ksoftirqd/1 next_pid=3314 next_prio=120
           <...>-3314  [001] ...2   188.508119: sched_switch: prev_comm=ksoftirqd/1 prev_pid=3314 prev_prio=120 prev_state=S ==> next_comm=swapper/1 next_pid=0 next_prio=120
           <...>-116   [000] ...2   188.508133: sched_switch: prev_comm=mmcqd/1 prev_pid=116 prev_prio=120 prev_state=S ==> next_comm=swapper/0 next_pid=0 next_prio=120
          <idle>-0     [001] ...2   188.508133: sched_switch: prev_comm=swapper/1 prev_pid=0 prev_prio=120 prev_state=R ==> next_comm=ksoftirqd/1 next_pid=3314 next_prio=120
           <...>-3314  [001] ...2   188.508140: sched_switch: prev_comm=ksoftirqd/1 prev_pid=3314 prev_prio=120 prev_state=S ==> next_comm=swapper/1 next_pid=0 next_prio=120
          <idle>-0     [000] ...2   188.508365: sched_switch: prev_comm=swapper/0 prev_pid=0 prev_prio=120 prev_state=R ==> next_comm=mmcqd/1 next_pid=116 next_prio=120
           <...>-116   [000] ...1   188.508395: block_rq_complete: 179,0 RA () 1207472 + 8 [0]
           <...>-116   [000] ...2   188.508425: sched_switch: prev_comm=mmcqd/1 prev_pid=116 prev_prio=120 prev_state=S ==> next_comm=swapper/0 next_pid=0 next_prio=120
          <idle>-0     [000] ...2   188.508721: sched_switch: prev_comm=swapper/0 prev_pid=0 prev_prio=120 prev_state=R ==> next_comm=mmcqd/1 next_pid=116 next_prio=120
           <...>-116   [000] ...1   188.508755: block_rq_complete: 179,0 RA () 1207488 + 24 [0]
           <...>-116   [000] ...2   188.508771: sched_switch: prev_comm=mmcqd/1 prev_pid=116 prev_prio=120 prev_state=S ==> next_comm=swapper/0 next_pid=0 next_prio=120
          <idle>-0     [000] ...2   188.509061: sched_switch: prev_comm=swapper/0 prev_pid=0 prev_prio=120 prev_state=R ==> next_comm=mmcqd/1 next_pid=116 next_prio=120
           <...>-116   [000] ...1   188.509077: block_rq_complete: 179,0 RA () 1207584 + 24 [0]
          <idle>-0     [001] ...2   188.509092: sched_switch: prev_comm=swapper/1 prev_pid=0 prev_prio=120 prev_state=R ==> next_comm=main next_pid=3325 next_prio=120
           <...>-116   [000] ...2   188.509097: sched_switch: prev_comm=mmcqd/1 prev_pid=116 prev_prio=120 prev_state=R+ ==> next_comm=kworker/0:1H next_pid=17 next_prio=100
    kworker/0:1H-17    [000] ...2   188.509106: sched_switch: prev_comm=kworker/0:1H prev_pid=17 prev_prio=100 prev_state=S ==> next_comm=mmcqd/1 next_pid=116 next_prio=120
           <...>-116   [000] ...2   188.509119: sched_switch: prev_comm=mmcqd/1 prev_pid=116 prev_prio=120 prev_state=S ==> next_comm=swapper/0 next_pid=0 next_prio=120
           <...>-3325  [001] d..2   188.511051: block_rq_insert: 179,0 R 0 () 3996192 + 8 [main]
           <...>-3325  [001] d..2   188.511055: block_rq_insert: 179,0 R 0 () 3996264 + 8 [main]
          <idle>-0     [000] ...2   188.511061: sched_switch: prev_comm=swapper/0 prev_pid=0 prev_prio=120 prev_state=R ==> next_comm=kmsgd next_pid=198 next_prio=120
           <...>-3325  [001] ...2   188.511067: sched_switch: prev_comm=main prev_pid=3325 prev_prio=120 prev_state=D|W ==> next_comm=mmcqd/1 next_pid=116 next_prio=120
           <...>-116   [001] ...2   188.511116: sched_switch: prev_comm=mmcqd/1 prev_pid=116 prev_prio=120 prev_state=S ==> next_comm=swapper/1 next_pid=0 next_prio=120
          <idle>-0     [001] ...2   188.511135: sched_switch: prev_comm=swapper/1 prev_pid=0 prev_prio=120 prev_state=R ==> next_comm=ksoftirqd/1 next_pid=3314 next_prio=120
           <...>-198   [000] ...2   188.511138: sched_switch: prev_comm=kmsgd prev_pid=198 prev_prio=120 prev_state=S ==> next_comm=logcat next_pid=797 next_prio=120
           <...>-3314  [001] ...2   188.511146: sched_switch: prev_comm=ksoftirqd/1 prev_pid=3314 prev_prio=120 prev_state=S ==> next_comm=swapper/1 next_pid=0 next_prio=120
           <...>-797   [000] ...2   188.511285: sched_switch: prev_comm=logcat prev_pid=797 prev_prio=120 prev_state=S ==> next_comm=kworker/0:1H next_pid=17 next_prio=100
    kworker/0:1H-17    [000] ...2   188.511305: sched_switch: prev_comm=kworker/0:1H prev_pid=17 prev_prio=100 prev_state=S ==> next_comm=kworker/0:0 next_pid=4 next_prio=120
     kworker/0:0-4     [000] ...2   188.511322: sched_switch: prev_comm=kworker/0:0 prev_pid=4 prev_prio=120 prev_state=S ==> next_comm=adbd next_pid=781 next_prio=120
          <idle>-0     [001] ...2   188.511362: sched_switch: prev_comm=swapper/1 prev_pid=0 prev_prio=120 prev_state=R ==> next_comm=mmcqd/1 next_pid=116 next_prio=120
           <...>-116   [001] ...1   188.511385: block_rq_complete: 179,0 RA () 3996192 + 8 [0]
           <...>-116   [001] ...2   188.511402: sched_switch: prev_comm=mmcqd/1 prev_pid=116 prev_prio=120 prev_state=S ==> next_comm=swapper/1 next_pid=0 next_prio=120
            adbd-781   [000] ...2   188.511550: sched_switch: prev_comm=adbd prev_pid=781 prev_prio=120 prev_state=S ==> next_comm=adbd next_pid=783 next_prio=120
            adbd-783   [000] ...2   188.511652: sched_switch: prev_comm=adbd prev_pid=783 prev_prio=120 prev_state=S ==> next_comm=swapper/0 next_pid=0 next_prio=120
          <idle>-0     [000] ...2   188.511657: sched_switch: prev_comm=swapper/0 prev_pid=0 prev_prio=120 prev_state=R ==> next_comm=mmcqd/1 next_pid=116 next_prio=120
           <...>-116   [000] ...1   188.511669: block_rq_complete: 179,0 RA () 3996264 + 8 [0]
          <idle>-0     [001] ...2   188.511685: sched_switch: prev_comm=swapper/1 prev_pid=0 prev_prio=120 prev_state=R ==> next_comm=main next_pid=3325 next_prio=120
           <...>-116   [000] ...2   188.511691: sched_switch: prev_comm=mmcqd/1 prev_pid=116 prev_prio=120 prev_state=R+ ==> next_comm=kworker/0:1H next_pid=17 next_prio=100
    kworker/0:1H-17    [000] ...2   188.511700: sched_switch: prev_comm=kworker/0:1H prev_pid=17 prev_prio=100 prev_state=S ==> next_comm=mmcqd/1 next_pid=116 next_prio=120
           <...>-116   [000] ...2   188.511714: sched_switch: prev_comm=mmcqd/1 prev_pid=116 prev_prio=120 prev_state=S ==> next_comm=swapper/0 next_pid=0 next_prio=120
          <idle>-0     [000] ...2   188.511729: sched_switch: prev_comm=swapper/0 prev_pid=0 prev_prio=120 prev_state=R ==> next_comm=ksoftirqd/0 next_pid=3 next_prio=120
     ksoftirqd/0-3     [000] ...2   188.511741: sched_switch: prev_comm=ksoftirqd/0 prev_pid=3 prev_prio=120 prev_state=S ==> next_comm=swapper/0 next_pid=0 next_prio=120
          <idle>-0     [000] ...2   188.511755: sched_switch: prev_comm=swapper/0 prev_pid=0 prev_prio=120 prev_state=R ==> next_comm=ksoftirqd/0 next_pid=3 next_prio=120
     ksoftirqd/0-3     [000] ...2   188.511765: sched_switch: prev_comm=ksoftirqd/0 prev_pid=3 prev_prio=120 prev_state=S ==> next_comm=swapper/0 next_pid=0 next_prio=120
          <idle>-0     [000] ...2   188.511779: sched_switch: prev_comm=swapper/0 prev_pid=0 prev_prio=120 prev_state=R ==> next_comm=ksoftirqd/0 next_pid=3 next_prio=120
     ksoftirqd/0-3     [000] ...2   188.511787: sched_switch: prev_comm=ksoftirqd/0 prev_pid=3 prev_prio=120 prev_state=S ==> next_comm=swapper/0 next_pid=0 next_prio=120
          <idle>-0     [000] ...2   188.512204: sched_switch: prev_comm=swapper/0 prev_pid=0 prev_prio=120 prev_state=R ==> next_comm=adbd next_pid=784 next_prio=120
            adbd-784   [000] ...2   188.512243: sched_switch: prev_comm=adbd prev_pid=784 prev_prio=120 prev_state=S ==> next_comm=adbd next_pid=781 next_prio=120
            adbd-781   [000] ...2   188.512370: sched_switch: prev_comm=adbd prev_pid=781 prev_prio=120 prev_state=S ==> next_comm=adbd next_pid=783 next_prio=120
            adbd-783   [000] ...2   188.512379: sched_switch: prev_comm=adbd prev_pid=783 prev_prio=120 prev_state=S ==> next_comm=swapper/0 next_pid=0 next_prio=120
           <...>-3325  [001] d..2   188.514211: block_rq_insert: 179,0 R 0 () 4082472 + 16 [main]
           <...>-3325  [001] d..2   188.514215: block_rq_insert: 179,0 R 0 () 4082496 + 8 [main]
           <...>-3325  [001] d..2   188.514217: block_rq_insert: 179,0 R 0 () 4082512 + 8 [main]
           <...>-3325  [001] d..2   188.514219: block_rq_insert: 179,0 R 0 () 4082536 + 8 [main]
           <...>-3325  [001] d..2   188.514220: block_rq_insert: 179,0 R 0 () 4082552 + 48 [main]
          <idle>-0     [000] ...2   188.514237: sched_switch: prev_comm=swapper/0 prev_pid=0 prev_prio=120 prev_state=R ==> next_comm=mmcqd/1 next_pid=116 next_prio=120
           <...>-3325  [001] ...2   188.514237: sched_switch: prev_comm=main prev_pid=3325 prev_prio=120 prev_state=D|W ==> next_comm=swapper/1 next_pid=0 next_prio=120
           <...>-116   [000] ...2   188.514304: sched_switch: prev_comm=mmcqd/1 prev_pid=116 prev_prio=120 prev_state=S ==> next_comm=swapper/0 next_pid=0 next_prio=120
          <idle>-0     [000] ...2   188.514567: sched_switch: prev_comm=swapper/0 prev_pid=0 prev_prio=120 prev_state=R ==> next_comm=mmcqd/1 next_pid=116 next_prio=120
           <...>-116   [000] ...1   188.514601: block_rq_complete: 179,0 RA () 4082472 + 16 [0]
          <idle>-0     [001] ...2   188.514618: sched_switch: prev_comm=swapper/1 prev_pid=0 prev_prio=120 prev_state=R ==> next_comm=main next_pid=3325 next_prio=120
           <...>-116   [000] ...2   188.514633: sched_switch: prev_comm=mmcqd/1 prev_pid=116 prev_prio=120 prev_state=S ==> next_comm=swapper/0 next_pid=0 next_prio=120
          <idle>-0     [000] ...2   188.514850: sched_switch: prev_comm=swapper/0 prev_pid=0 prev_prio=120 prev_state=R ==> next_comm=mmcqd/1 next_pid=116 next_prio=120
           <...>-116   [000] ...1   188.514878: block_rq_complete: 179,0 RA () 4082496 + 8 [0]
           <...>-116   [000] ...2   188.514903: sched_switch: prev_comm=mmcqd/1 prev_pid=116 prev_prio=120 prev_state=S ==> next_comm=swapper/0 next_pid=0 next_prio=120
          <idle>-0     [000] ...2   188.515174: sched_switch: prev_comm=swapper/0 prev_pid=0 prev_prio=120 prev_state=R ==> next_comm=mmcqd/1 next_pid=116 next_prio=120
           <...>-116   [000] ...1   188.515202: block_rq_complete: 179,0 RA () 4082512 + 8 [0]
           <...>-116   [000] ...2   188.515239: sched_switch: prev_comm=mmcqd/1 prev_pid=116 prev_prio=120 prev_state=S ==> next_comm=swapper/0 next_pid=0 next_prio=120
          <idle>-0     [000] ...2   188.515462: sched_switch: prev_comm=swapper/0 prev_pid=0 prev_prio=120 prev_state=R ==> next_comm=mmcqd/1 next_pid=116 next_prio=120
           <...>-116   [000] ...1   188.515491: block_rq_complete: 179,0 RA () 4082536 + 8 [0]
           <...>-116   [000] ...2   188.515506: sched_switch: prev_comm=mmcqd/1 prev_pid=116 prev_prio=120 prev_state=S ==> next_comm=swapper/0 next_pid=0 next_prio=120
          <idle>-0     [000] ...2   188.515974: sched_switch: prev_comm=swapper/0 prev_pid=0 prev_prio=120 prev_state=R ==> next_comm=mmcqd/1 next_pid=116 next_prio=120
           <...>-116   [000] ...1   188.515995: block_rq_complete: 179,0 RA () 4082552 + 48 [0]
           <...>-116   [000] ...2   188.516012: sched_switch: prev_comm=mmcqd/1 prev_pid=116 prev_prio=120 prev_state=R+ ==> next_comm=kworker/0:1H next_pid=17 next_prio=100
    kworker/0:1H-17    [000] ...2   188.516022: sched_switch: prev_comm=kworker/0:1H prev_pid=17 prev_prio=100 prev_state=S ==> next_comm=mmcqd/1 next_pid=116 next_prio=120
           <...>-116   [000] ...2   188.516035: sched_switch: prev_comm=mmcqd/1 prev_pid=116 prev_prio=120 prev_state=S ==> next_comm=swapper/0 next_pid=0 next_prio=120
          <idle>-0     [000] ...2   188.516341: sched_switch: prev_comm=swapper/0 prev_pid=0 prev_prio=120 prev_state=R ==> next_comm=logcat next_pid=797 next_prio=120
           <...>-797   [000] ...2   188.516361: sched_switch: prev_comm=logcat prev_pid=797 prev_prio=120 prev_state=S ==> next_comm=swapper/0 next_pid=0 next_prio=120
          <idle>-0     [000] ...2   188.521053: sched_switch: prev_comm=swapper/0 prev_pid=0 prev_prio=120 prev_state=R ==> next_comm=kworker/u:1 next_pid=21 next_prio=120
     kworker/u:1-21    [000] ...2   188.521069: sched_switch: prev_comm=kworker/u:1 prev_pid=21 prev_prio=120 prev_state=S ==> next_comm=mpdecision next_pid=1599 next_prio=113
      mpdecision-1599  [000] ...2   188.521355: sched_switch: prev_comm=mpdecision prev_pid=1599 prev_prio=113 prev_state=S ==> next_comm=ksoftirqd/0 next_pid=3 next_prio=120
     ksoftirqd/0-3     [000] ...2   188.521369: sched_switch: prev_comm=ksoftirqd/0 prev_pid=3 prev_prio=120 prev_state=S ==> next_comm=swapper/0 next_pid=0 next_prio=120
          <idle>-0     [000] ...2   188.521389: sched_switch: prev_comm=swapper/0 prev_pid=0 prev_prio=120 prev_state=R ==> next_comm=ksoftirqd/0 next_pid=3 next_prio=120
     ksoftirqd/0-3     [000] ...2   188.521398: sched_switch: prev_comm=ksoftirqd/0 prev_pid=3 prev_prio=120 prev_state=S ==> next_comm=swapper/0 next_pid=0 next_prio=120
          <idle>-0     [000] ...2   188.521416: sched_switch: prev_comm=swapper/0 prev_pid=0 prev_prio=120 prev_state=R ==> next_comm=ksoftirqd/0 next_pid=3 next_prio=120
     ksoftirqd/0-3     [000] ...2   188.521424: sched_switch: prev_comm=ksoftirqd/0 prev_pid=3 prev_prio=120 prev_state=S ==> next_comm=swapper/0 next_pid=0 next_prio=120
           <...>-3325  [001] d..2   188.524658: block_rq_insert: 179,0 R 0 () 802944 + 32 [main]
           <...>-3325  [001] ...2   188.524678: sched_switch: prev_comm=main prev_pid=3325 prev_prio=120 prev_state=D|W ==> next_comm=swapper/1 next_pid=0 next_prio=120
          <idle>-0     [000] ...2   188.524682: sched_switch: prev_comm=swapper/0 prev_pid=0 prev_prio=120 prev_state=R ==> next_comm=mmcqd/1 next_pid=116 next_prio=120
          <idle>-0     [001] ...2   188.524695: sched_switch: prev_comm=swapper/1 prev_pid=0 prev_prio=120 prev_state=R ==> next_comm=ksoftirqd/1 next_pid=3314 next_prio=120
           <...>-3314  [001] ...2   188.524702: sched_switch: prev_comm=ksoftirqd/1 prev_pid=3314 prev_prio=120 prev_state=S ==> next_comm=swapper/1 next_pid=0 next_prio=120
          <idle>-0     [001] ...2   188.524717: sched_switch: prev_comm=swapper/1 prev_pid=0 prev_prio=120 prev_state=R ==> next_comm=ksoftirqd/1 next_pid=3314 next_prio=120
           <...>-3314  [001] ...2   188.524724: sched_switch: prev_comm=ksoftirqd/1 prev_pid=3314 prev_prio=120 prev_state=S ==> next_comm=swapper/1 next_pid=0 next_prio=120
          <idle>-0     [001] ...2   188.524736: sched_switch: prev_comm=swapper/1 prev_pid=0 prev_prio=120 prev_state=R ==> next_comm=ksoftirqd/1 next_pid=3314 next_prio=120
           <...>-116   [000] ...2   188.524741: sched_switch: prev_comm=mmcqd/1 prev_pid=116 prev_prio=120 prev_state=S ==> next_comm=swapper/0 next_pid=0 next_prio=120
           <...>-3314  [001] ...2   188.524742: sched_switch: prev_comm=ksoftirqd/1 prev_pid=3314 prev_prio=120 prev_state=S ==> next_comm=swapper/1 next_pid=0 next_prio=120
          <idle>-0     [000] ...2   188.525081: sched_switch: prev_comm=swapper/0 prev_pid=0 prev_prio=120 prev_state=R ==> next_comm=mmcqd/1 next_pid=116 next_prio=120
           <...>-116   [000] ...1   188.525100: block_rq_complete: 179,0 RA () 802944 + 32 [0]
          <idle>-0     [001] ...2   188.525117: sched_switch: prev_comm=swapper/1 prev_pid=0 prev_prio=120 prev_state=R ==> next_comm=main next_pid=3325 next_prio=120
           <...>-116   [000] ...2   188.525125: sched_switch: prev_comm=mmcqd/1 prev_pid=116 prev_prio=120 prev_state=R+ ==> next_comm=kworker/0:1H next_pid=17 next_prio=100
    kworker/0:1H-17    [000] ...2   188.525135: sched_switch: prev_comm=kworker/0:1H prev_pid=17 prev_prio=100 prev_state=S ==> next_comm=mmcqd/1 next_pid=116 next_prio=120
           <...>-116   [000] ...2   188.525149: sched_switch: prev_comm=mmcqd/1 prev_pid=116 prev_prio=120 prev_state=S ==> next_comm=swapper/0 next_pid=0 next_prio=120
           <...>-3325  [001] d..2   188.525152: block_rq_insert: 179,0 R 0 () 802976 + 16 [main]
          <idle>-0     [000] ...2   188.525167: sched_switch: prev_comm=swapper/0 prev_pid=0 prev_prio=120 prev_state=R ==> next_comm=mmcqd/1 next_pid=116 next_prio=120
           <...>-3325  [001] ...2   188.525189: sched_switch: prev_comm=main prev_pid=3325 prev_prio=120 prev_state=D|W ==> next_comm=swapper/1 next_pid=0 next_prio=120
           <...>-116   [000] ...2   188.525215: sched_switch: prev_comm=mmcqd/1 prev_pid=116 prev_prio=120 prev_state=S ==> next_comm=swapper/0 next_pid=0 next_prio=120
          <idle>-0     [000] ...2   188.525486: sched_switch: prev_comm=swapper/0 prev_pid=0 prev_prio=120 prev_state=R ==> next_comm=mmcqd/1 next_pid=116 next_prio=120
           <...>-116   [000] ...1   188.525500: block_rq_complete: 179,0 RA () 802976 + 16 [0]
          <idle>-0     [001] ...2   188.525514: sched_switch: prev_comm=swapper/1 prev_pid=0 prev_prio=120 prev_state=R ==> next_comm=main next_pid=3325 next_prio=120
           <...>-116   [000] ...2   188.525522: sched_switch: prev_comm=mmcqd/1 prev_pid=116 prev_prio=120 prev_state=R+ ==> next_comm=kworker/0:1H next_pid=17 next_prio=100
    kworker/0:1H-17    [000] ...2   188.525531: sched_switch: prev_comm=kworker/0:1H prev_pid=17 prev_prio=100 prev_state=S ==> next_comm=mmcqd/1 next_pid=116 next_prio=120
           <...>-116   [000] ...2   188.525544: sched_switch: prev_comm=mmcqd/1 prev_pid=116 prev_prio=120 prev_state=S ==> next_comm=swapper/0 next_pid=0 next_prio=120
           <...>-3325  [001] d..2   188.525801: block_rq_insert: 179,0 R 0 () 3984384 + 256 [main]
           <...>-3325  [001] ...2   188.525813: sched_switch: prev_comm=main prev_pid=3325 prev_prio=120 prev_state=D|W ==> next_comm=swapper/1 next_pid=0 next_prio=120
          <idle>-0     [000] ...2   188.525815: sched_switch: prev_comm=swapper/0 prev_pid=0 prev_prio=120 prev_state=R ==> next_comm=mmcqd/1 next_pid=116 next_prio=120
           <...>-116   [000] ...2   188.525940: sched_switch: prev_comm=mmcqd/1 prev_pid=116 prev_prio=120 prev_state=S ==> next_comm=swapper/0 next_pid=0 next_prio=120
          <idle>-0     [000] ...2   188.527331: sched_switch: prev_comm=swapper/0 prev_pid=0 prev_prio=120 prev_state=R ==> next_comm=mmcqd/1 next_pid=116 next_prio=120
           <...>-116   [000] ...1   188.527405: block_rq_complete: 179,0 RA () 3984384 + 256 [0]
          <idle>-0     [001] ...2   188.527427: sched_switch: prev_comm=swapper/1 prev_pid=0 prev_prio=120 prev_state=R ==> next_comm=main next_pid=3325 next_prio=120
           <...>-116   [000] ...2   188.527436: sched_switch: prev_comm=mmcqd/1 prev_pid=116 prev_prio=120 prev_state=R+ ==> next_comm=kworker/0:1H next_pid=17 next_prio=100
    kworker/0:1H-17    [000] ...2   188.527444: sched_switch: prev_comm=kworker/0:1H prev_pid=17 prev_prio=100 prev_state=S ==> next_comm=mmcqd/1 next_pid=116 next_prio=120
           <...>-116   [000] ...2   188.527457: sched_switch: prev_comm=mmcqd/1 prev_pid=116 prev_prio=120 prev_state=S ==> next_comm=swapper/0 next_pid=0 next_prio=120
           <...>-3325  [001] d..2   188.527632: block_rq_insert: 179,0 R 0 () 3984640 + 16 [main]
           <...>-3325  [001] ...2   188.527646: sched_switch: prev_comm=main prev_pid=3325 prev_prio=120 prev_state=D|W ==> next_comm=swapper/1 next_pid=0 next_prio=120
          <idle>-0     [000] ...2   188.527647: sched_switch: prev_comm=swapper/0 prev_pid=0 prev_prio=120 prev_state=R ==> next_comm=mmcqd/1 next_pid=116 next_prio=120
           <...>-116   [000] ...2   188.527695: sched_switch: prev_comm=mmcqd/1 prev_pid=116 prev_prio=120 prev_state=S ==> next_comm=swapper/0 next_pid=0 next_prio=120
          <idle>-0     [000] ...2   188.527939: sched_switch: prev_comm=swapper/0 prev_pid=0 prev_prio=120 prev_state=R ==> next_comm=mmcqd/1 next_pid=116 next_prio=120
           <...>-116   [000] ...1   188.527953: block_rq_complete: 179,0 RA () 3984640 + 16 [0]
          <idle>-0     [001] ...2   188.527966: sched_switch: prev_comm=swapper/1 prev_pid=0 prev_prio=120 prev_state=R ==> next_comm=main next_pid=3325 next_prio=120
           <...>-116   [000] ...2   188.527974: sched_switch: prev_comm=mmcqd/1 prev_pid=116 prev_prio=120 prev_state=R+ ==> next_comm=kworker/0:1H next_pid=17 next_prio=100
    kworker/0:1H-17    [000] ...2   188.527982: sched_switch: prev_comm=kworker/0:1H prev_pid=17 prev_prio=100 prev_state=S ==> next_comm=mmcqd/1 next_pid=116 next_prio=120
           <...>-116   [000] ...2   188.527994: sched_switch: prev_comm=mmcqd/1 prev_pid=116 prev_prio=120 prev_state=S ==> next_comm=swapper/0 next_pid=0 next_prio=120
          <idle>-0     [000] ...2   188.528572: sched_switch: prev_comm=swapper/0 prev_pid=0 prev_prio=120 prev_state=R ==> next_comm=main next_pid=3326 next_prio=120
           <...>-3326  [000] ...2   188.528601: sched_switch: prev_comm=main prev_pid=3326 prev_prio=120 prev_state=D ==> next_comm=swapper/0 next_pid=0 next_prio=120
          <idle>-0     [000] ...2   188.528608: sched_switch: prev_comm=swapper/0 prev_pid=0 prev_prio=120 prev_state=R ==> next_comm=main next_pid=3326 next_prio=120
           <...>-3325  [001] ...2   188.528669: sched_switch: prev_comm=main prev_pid=3325 prev_prio=120 prev_state=D ==> next_comm=main next_pid=3327 next_prio=120
           <...>-3327  [001] ...2   188.528676: sched_switch: prev_comm=main prev_pid=3327 prev_prio=120 prev_state=R ==> next_comm=main next_pid=3325 next_prio=120
           <...>-3326  [000] ...2   188.528686: sched_switch: prev_comm=main prev_pid=3326 prev_prio=120 prev_state=D ==> next_comm=swapper/0 next_pid=0 next_prio=120
          <idle>-0     [000] ...2   188.528706: sched_switch: prev_comm=swapper/0 prev_pid=0 prev_prio=120 prev_state=R ==> next_comm=main next_pid=3326 next_prio=120
           <...>-3325  [001] ...2   188.528713: sched_switch: prev_comm=main prev_pid=3325 prev_prio=120 prev_state=D ==> next_comm=main next_pid=3327 next_prio=120
           <...>-3327  [001] ...2   188.528720: sched_switch: prev_comm=main prev_pid=3327 prev_prio=120 prev_state=R+ ==> next_comm=main next_pid=3325 next_prio=120
           <...>-3326  [000] ...2   188.528726: sched_switch: prev_comm=main prev_pid=3326 prev_prio=120 prev_state=D ==> next_comm=swapper/0 next_pid=0 next_prio=120
          <idle>-0     [000] ...2   188.528753: sched_switch: prev_comm=swapper/0 prev_pid=0 prev_prio=120 prev_state=R ==> next_comm=main next_pid=3328 next_prio=120
           <...>-3325  [001] ...2   188.528753: sched_switch: prev_comm=main prev_pid=3325 prev_prio=120 prev_state=D ==> next_comm=main next_pid=3327 next_prio=120
           <...>-3328  [000] ...2   188.528765: sched_switch: prev_comm=main prev_pid=3328 prev_prio=120 prev_state=D ==> next_comm=main next_pid=3326 next_prio=120
           <...>-3327  [001] ...2   188.528787: sched_switch: prev_comm=main prev_pid=3327 prev_prio=120 prev_state=R+ ==> next_comm=main next_pid=3325 next_prio=120
           <...>-3326  [000] ...2   188.528794: sched_switch: prev_comm=main prev_pid=3326 prev_prio=120 prev_state=D ==> next_comm=swapper/0 next_pid=0 next_prio=120
          <idle>-0     [000] ...2   188.528802: sched_switch: prev_comm=swapper/0 prev_pid=0 prev_prio=120 prev_state=R ==> next_comm=main next_pid=3328 next_prio=120
           <...>-3325  [001] ...2   188.528803: sched_switch: prev_comm=main prev_pid=3325 prev_prio=120 prev_state=D ==> next_comm=main next_pid=3327 next_prio=120
           <...>-3328  [000] ...2   188.528821: sched_switch: prev_comm=main prev_pid=3328 prev_prio=120 prev_state=S ==> next_comm=main next_pid=3326 next_prio=120
           <...>-3327  [001] ...2   188.528825: sched_switch: prev_comm=main prev_pid=3327 prev_prio=120 prev_state=D ==> next_comm=swapper/1 next_pid=0 next_prio=120
          <idle>-0     [001] ...2   188.528840: sched_switch: prev_comm=swapper/1 prev_pid=0 prev_prio=120 prev_state=R ==> next_comm=main next_pid=3325 next_prio=120
           <...>-3326  [000] ...2   188.528844: sched_switch: prev_comm=main prev_pid=3326 prev_prio=120 prev_state=D ==> next_comm=swapper/0 next_pid=0 next_prio=120
           <...>-3325  [001] ...2   188.528849: sched_switch: prev_comm=main prev_pid=3325 prev_prio=120 prev_state=S ==> next_comm=main next_pid=3327 next_prio=120
          <idle>-0     [000] ...2   188.528865: sched_switch: prev_comm=swapper/0 prev_pid=0 prev_prio=120 prev_state=R ==> next_comm=main next_pid=3326 next_prio=120
           <...>-3326  [000] ...2   188.528924: sched_switch: prev_comm=main prev_pid=3326 prev_prio=120 prev_state=D ==> next_comm=swapper/0 next_pid=0 next_prio=120
          <idle>-0     [000] ...2   188.528929: sched_switch: prev_comm=swapper/0 prev_pid=0 prev_prio=120 prev_state=R ==> next_comm=main next_pid=3326 next_prio=120
           <...>-3327  [001] ...2   188.528935: sched_switch: prev_comm=main prev_pid=3327 prev_prio=120 prev_state=D ==> next_comm=swapper/1 next_pid=0 next_prio=120
          <idle>-0     [001] ...2   188.528949: sched_switch: prev_comm=swapper/1 prev_pid=0 prev_prio=120 prev_state=R ==> next_comm=main next_pid=3327 next_prio=120
           <...>-3326  [000] ...2   188.528952: sched_switch: prev_comm=main prev_pid=3326 prev_prio=120 prev_state=D ==> next_comm=swapper/0 next_pid=0 next_prio=120
          <idle>-0     [000] ...2   188.528971: sched_switch: prev_comm=swapper/0 prev_pid=0 prev_prio=120 prev_state=R ==> next_comm=main next_pid=3326 next_prio=120
           <...>-3327  [001] ...2   188.529020: sched_switch: prev_comm=main prev_pid=3327 prev_prio=120 prev_state=S ==> next_comm=swapper/1 next_pid=0 next_prio=120
