          <idle>-0     [001] ...2   188.529505: sched_switch: prev_comm=swapper/1 prev_pid=0 prev_prio=120 prev_state=R ==> next_comm=main next_pid=3327 next_prio=120
           <...>-3326  [000] ...2   188.529521: sched_switch: prev_comm=Heap thread poo prev_pid=3326 prev_prio=120 prev_state=S ==> next_comm=main next_pid=3328 next_prio=120
           <...>-3328  [000] ...2   188.529536: sched_switch: prev_comm=main prev_pid=3328 prev_prio=120 prev_state=S ==> next_comm=swapper/0 next_pid=0 next_prio=120
          <idle>-0     [000] ...2   188.529857: sched_switch: prev_comm=swapper/0 prev_pid=0 prev_prio=120 prev_state=R ==> next_comm=main next_pid=3328 next_prio=120
           <...>-3327  [001] ...2   188.529867: sched_switch: prev_comm=Heap thread poo prev_pid=3327 prev_prio=120 prev_state=S ==> next_comm=swapper/1 next_pid=0 next_prio=120
          <idle>-0     [001] ...2   188.530333: sched_switch: prev_comm=swapper/1 prev_pid=0 prev_prio=120 prev_state=R ==> next_comm=main next_pid=3325 next_prio=120
           <...>-3328  [000] ...2   188.530342: sched_switch: prev_comm=Heap thread poo prev_pid=3328 prev_prio=120 prev_state=S ==> next_comm=swapper/0 next_pid=0 next_prio=120
          <idle>-0     [000] ...2   188.530347: sched_switch: prev_comm=swapper/0 prev_pid=0 prev_prio=120 prev_state=R ==> next_comm=Heap thread poo next_pid=3326 next_prio=120
           <...>-3325  [001] ...2   188.530372: sched_switch: prev_comm=main prev_pid=3325 prev_prio=120 prev_state=D ==> next_comm=Heap thread poo next_pid=3327 next_prio=120
           <...>-3327  [001] ...2   188.530378: sched_switch: prev_comm=Heap thread poo prev_pid=3327 prev_prio=120 prev_state=R ==> next_comm=main next_pid=3325 next_prio=120
           <...>-3326  [000] ...2   188.530382: sched_switch: prev_comm=Heap thread poo prev_pid=3326 prev_prio=120 prev_state=D ==> next_comm=swapper/0 next_pid=0 next_prio=120
          <idle>-0     [000] ...2   188.530388: sched_switch: prev_comm=swapper/0 prev_pid=0 prev_prio=120 prev_state=R ==> next_comm=Heap thread poo next_pid=3326 next_prio=120
           <...>-3326  [000] ...2   188.530398: sched_switch: prev_comm=Heap thread poo prev_pid=3326 prev_prio=120 prev_state=S ==> next_comm=swapper/0 next_pid=0 next_prio=120
          <idle>-0     [000] ...2   188.530416: sched_switch: prev_comm=swapper/0 prev_pid=0 prev_prio=120 prev_state=R ==> next_comm=main next_pid=3329 next_prio=120
           <...>-3325  [001] ...2   188.530422: sched_switch: prev_comm=main prev_pid=3325 prev_prio=120 prev_state=S ==> next_comm=Heap thread poo next_pid=3327 next_prio=120
           <...>-3327  [001] ...2   188.530431: sched_switch: prev_comm=Heap thread poo prev_pid=3327 prev_prio=120 prev_state=D ==> next_comm=swapper/1 next_pid=0 next_prio=120
          <idle>-0     [001] ...2   188.530455: sched_switch: prev_comm=swapper/1 prev_pid=0 prev_prio=120 prev_state=R ==> next_comm=Heap thread poo next_pid=3327 next_prio=120
           <...>-3327  [001] ...2   188.530469: sched_switch: prev_comm=Heap thread poo prev_pid=3327 prev_prio=120 prev_state=S ==> next_comm=swapper/1 next_pid=0 next_prio=120
          <idle>-0     [001] ...2   188.530997: sched_switch: prev_comm=swapper/1 prev_pid=0 prev_prio=120 prev_state=R ==> next_comm=main next_pid=3325 next_prio=120
           <...>-3329  [000] ...2   188.531000: sched_switch: prev_comm=Signal Catcher prev_pid=3329 prev_prio=120 prev_state=S ==> next_comm=swapper/0 next_pid=0 next_prio=120
          <idle>-0     [000] ...2   188.531063: sched_switch: prev_comm=swapper/0 prev_pid=0 prev_prio=120 prev_state=R ==> next_comm=ksoftirqd/0 next_pid=3 next_prio=120
     ksoftirqd/0-3     [000] ...2   188.531072: sched_switch: prev_comm=ksoftirqd/0 prev_pid=3 prev_prio=120 prev_state=S ==> next_comm=swapper/0 next_pid=0 next_prio=120
          <idle>-0     [000] ...2   188.531086: sched_switch: prev_comm=swapper/0 prev_pid=0 prev_prio=120 prev_state=R ==> next_comm=ksoftirqd/0 next_pid=3 next_prio=120
           <...>-3325  [001] ...2   188.531092: sched_switch: prev_comm=main prev_pid=3325 prev_prio=120 prev_state=S ==> next_comm=swapper/1 next_pid=0 next_prio=120
     ksoftirqd/0-3     [000] ...2   188.531094: sched_switch: prev_comm=ksoftirqd/0 prev_pid=3 prev_prio=120 prev_state=S ==> next_comm=main next_pid=3330 next_prio=120
          <idle>-0     [001] ...2   188.531108: sched_switch: prev_comm=swapper/1 prev_pid=0 prev_prio=120 prev_state=R ==> next_comm=ksoftirqd/1 next_pid=3314 next_prio=120
           <...>-3314  [001] ...2   188.531117: sched_switch: prev_comm=ksoftirqd/1 prev_pid=3314 prev_prio=120 prev_state=S ==> next_comm=swapper/1 next_pid=0 next_prio=120
          <idle>-0     [001] ...2   188.531132: sched_switch: prev_comm=swapper/1 prev_pid=0 prev_prio=120 prev_state=R ==> next_comm=ksoftirqd/1 next_pid=3314 next_prio=120
           <...>-3314  [001] ...2   188.531139: sched_switch: prev_comm=ksoftirqd/1 prev_pid=3314 prev_prio=120 prev_state=S ==> next_comm=swapper/1 next_pid=0 next_prio=120
          <idle>-0     [001] ...2   188.531152: sched_switch: prev_comm=swapper/1 prev_pid=0 prev_prio=120 prev_state=R ==> next_comm=ksoftirqd/1 next_pid=3314 next_prio=120
           <...>-3314  [001] ...2   188.531158: sched_switch: prev_comm=ksoftirqd/1 prev_pid=3314 prev_prio=120 prev_state=S ==> next_comm=swapper/1 next_pid=0 next_prio=120
          <idle>-0     [001] ...2   188.531656: sched_switch: prev_comm=swapper/1 prev_pid=0 prev_prio=120 prev_state=R ==> next_comm=main next_pid=3325 next_prio=120
           <...>-3330  [000] ...2   188.531718: sched_switch: prev_comm=JDWP prev_pid=3330 prev_prio=120 prev_state=R+ ==> next_comm=adbd next_pid=781 next_prio=120
           <...>-3325  [001] d..2   188.531812: block_rq_insert: 179,0 R 0 () 4067352 + 8 [main]
           <...>-3325  [001] d..2   188.531815: block_rq_insert: 179,0 R 0 () 4067368 + 8 [main]
           <...>-3325  [001] ...2   188.531827: sched_switch: prev_comm=main prev_pid=3325 prev_prio=120 prev_state=D|W ==> next_comm=mmcqd/1 next_pid=116 next_prio=120
           <...>-116   [001] ...2   188.531874: sched_switch: prev_comm=mmcqd/1 prev_pid=116 prev_prio=120 prev_state=S ==> next_comm=swapper/1 next_pid=0 next_prio=120
            adbd-781   [000] ...2   188.531900: sched_switch: prev_comm=adbd prev_pid=781 prev_prio=120 prev_state=S ==> next_comm=JDWP next_pid=3330 next_prio=120
           <...>-3330  [000] ...2   188.531923: sched_switch: prev_comm=JDWP prev_pid=3330 prev_prio=120 prev_state=R+ ==> next_comm=adbd next_pid=781 next_prio=120
          <idle>-0     [001] ...2   188.532110: sched_switch: prev_comm=swapper/1 prev_pid=0 prev_prio=120 prev_state=R ==> next_comm=mmcqd/1 next_pid=116 next_prio=120
           <...>-116   [001] ...1   188.532131: block_rq_complete: 179,0 RA () 4067352 + 8 [0]
            adbd-781   [000] ...2   188.532139: sched_switch: prev_comm=adbd prev_pid=781 prev_prio=120 prev_state=S ==> next_comm=adbd next_pid=783 next_prio=120
           <...>-116   [001] ...2   188.532145: sched_switch: prev_comm=mmcqd/1 prev_pid=116 prev_prio=120 prev_state=S ==> next_comm=swapper/1 next_pid=0 next_prio=120
            adbd-783   [000] ...2   188.532208: sched_switch: prev_comm=adbd prev_pid=783 prev_prio=120 prev_state=S ==> next_comm=JDWP next_pid=3330 next_prio=120
           <...>-3330  [000] ...2   188.532223: sched_switch: prev_comm=JDWP prev_pid=3330 prev_prio=120 prev_state=S ==> next_comm=swapper/0 next_pid=0 next_prio=120
          <idle>-0     [000] ...2   188.532237: sched_switch: prev_comm=swapper/0 prev_pid=0 prev_prio=120 prev_state=R ==> next_comm=ksoftirqd/0 next_pid=3 next_prio=120
     ksoftirqd/0-3     [000] ...2   188.532252: sched_switch: prev_comm=ksoftirqd/0 prev_pid=3 prev_prio=120 prev_state=S ==> next_comm=swapper/0 next_pid=0 next_prio=120
          <idle>-0     [000] ...2   188.532266: sched_switch: prev_comm=swapper/0 prev_pid=0 prev_prio=120 prev_state=R ==> next_comm=ksoftirqd/0 next_pid=3 next_prio=120
     ksoftirqd/0-3     [000] ...2   188.532274: sched_switch: prev_comm=ksoftirqd/0 prev_pid=3 prev_prio=120 prev_state=S ==> next_comm=swapper/0 next_pid=0 next_prio=120
          <idle>-0     [000] ...2   188.532396: sched_switch: prev_comm=swapper/0 prev_pid=0 prev_prio=120 prev_state=R ==> next_comm=mmcqd/1 next_pid=116 next_prio=120
           <...>-116   [000] ...1   188.532408: block_rq_complete: 179,0 RA () 4067368 + 8 [0]
          <idle>-0     [001] ...2   188.532421: sched_switch: prev_comm=swapper/1 prev_pid=0 prev_prio=120 prev_state=R ==> next_comm=main next_pid=3325 next_prio=120
           <...>-116   [000] ...2   188.532435: sched_switch: prev_comm=mmcqd/1 prev_pid=116 prev_prio=120 prev_state=R+ ==> next_comm=kworker/0:1H next_pid=17 next_prio=100
    kworker/0:1H-17    [000] ...2   188.532445: sched_switch: prev_comm=kworker/0:1H prev_pid=17 prev_prio=100 prev_state=S ==> next_comm=mmcqd/1 next_pid=116 next_prio=120
           <...>-116   [000] ...2   188.532456: sched_switch: prev_comm=mmcqd/1 prev_pid=116 prev_prio=120 prev_state=S ==> next_comm=swapper/0 next_pid=0 next_prio=120
          <idle>-0     [000] ...2   188.532579: sched_switch: prev_comm=swapper/0 prev_pid=0 prev_prio=120 prev_state=R ==> next_comm=adbd next_pid=784 next_prio=120
            adbd-784   [000] ...2   188.532617: sched_switch: prev_comm=adbd prev_pid=784 prev_prio=120 prev_state=S ==> next_comm=adbd next_pid=781 next_prio=120
            adbd-781   [000] ...2   188.532748: sched_switch: prev_comm=adbd prev_pid=781 prev_prio=120 prev_state=S ==> next_comm=adbd next_pid=783 next_prio=120
            adbd-783   [000] ...2   188.532755: sched_switch: prev_comm=adbd prev_pid=783 prev_prio=120 prev_state=S ==> next_comm=swapper/0 next_pid=0 next_prio=120
           <...>-3325  [001] d..2   188.532776: block_rq_insert: 179,0 R 0 () 3993912 + 8 [main]
           <...>-3325  [001] d..2   188.532778: block_rq_insert: 179,0 R 0 () 3993944 + 16 [main]
           <...>-3325  [001] d..2   188.532780: block_rq_insert: 179,0 R 0 () 3993968 + 72 [main]
           <...>-3325  [001] ...2   188.532791: sched_switch: prev_comm=main prev_pid=3325 prev_prio=120 prev_state=D|W ==> next_comm=swapper/1 next_pid=0 next_prio=120
          <idle>-0     [000] ...2   188.532793: sched_switch: prev_comm=swapper/0 prev_pid=0 prev_prio=120 prev_state=R ==> next_comm=mmcqd/1 next_pid=116 next_prio=120
           <...>-116   [000] ...2   188.532853: sched_switch: prev_comm=mmcqd/1 prev_pid=116 prev_prio=120 prev_state=S ==> next_comm=swapper/0 next_pid=0 next_prio=120
          <idle>-0     [000] ...2   188.533084: sched_switch: prev_comm=swapper/0 prev_pid=0 prev_prio=120 prev_state=R ==> next_comm=mmcqd/1 next_pid=116 next_prio=120
           <...>-116   [000] ...1   188.533114: block_rq_complete: 179,0 RA () 3993912 + 8 [0]
          <idle>-0     [001] ...2   188.533127: sched_switch: prev_comm=swapper/1 prev_pid=0 prev_prio=120 prev_state=R ==> next_comm=main next_pid=3325 next_prio=120
           <...>-116   [000] ...2   188.533163: sched_switch: prev_comm=mmcqd/1 prev_pid=116 prev_prio=120 prev_state=S ==> next_comm=swapper/0 next_pid=0 next_prio=120
           <...>-3325  [001] d..2   188.533268: block_rq_insert: 179,0 R 0 () 4026856 + 24 [main]
           <...>-3325  [001] d..2   188.533271: block_rq_insert: 179,0 R 0 () 4026944 + 8 [main]
           <...>-3325  [001] d..2   188.533273: block_rq_insert: 179,0 R 0 () 4026960 + 40 [main]
           <...>-3325  [001] d..2   188.533274: block_rq_insert: 179,0 R 0 () 4027008 + 24 [main]
           <...>-3325  [001] ...2   188.533281: sched_switch: prev_comm=main prev_pid=3325 prev_prio=120 prev_state=D|W ==> next_comm=swapper/1 next_pid=0 next_prio=120
          <idle>-0     [000] ...2   188.533459: sched_switch: prev_comm=swapper/0 prev_pid=0 prev_prio=120 prev_state=R ==> next_comm=mmcqd/1 next_pid=116 next_prio=120
           <...>-116   [000] ...1   188.533491: block_rq_complete: 179,0 RA () 3993944 + 16 [0]
           <...>-116   [000] ...2   188.533520: sched_switch: prev_comm=mmcqd/1 prev_pid=116 prev_prio=120 prev_state=S ==> next_comm=swapper/0 next_pid=0 next_prio=120
          <idle>-0     [000] ...2   188.534069: sched_switch: prev_comm=swapper/0 prev_pid=0 prev_prio=120 prev_state=R ==> next_comm=mmcqd/1 next_pid=116 next_prio=120
           <...>-116   [000] ...1   188.534116: block_rq_complete: 179,0 RA () 3993968 + 72 [0]
           <...>-116   [000] ...2   188.534141: sched_switch: prev_comm=mmcqd/1 prev_pid=116 prev_prio=120 prev_state=S ==> next_comm=swapper/0 next_pid=0 next_prio=120
          <idle>-0     [000] ...2   188.534404: sched_switch: prev_comm=swapper/0 prev_pid=0 prev_prio=120 prev_state=R ==> next_comm=mmcqd/1 next_pid=116 next_prio=120
           <...>-116   [000] ...1   188.534438: block_rq_complete: 179,0 RA () 4026856 + 24 [0]
           <...>-116   [000] ...2   188.534471: sched_switch: prev_comm=mmcqd/1 prev_pid=116 prev_prio=120 prev_state=S ==> next_comm=swapper/0 next_pid=0 next_prio=120
          <idle>-0     [000] ...2   188.534686: sched_switch: prev_comm=swapper/0 prev_pid=0 prev_prio=120 prev_state=R ==> next_comm=mmcqd/1 next_pid=116 next_prio=120
           <...>-116   [000] ...1   188.534716: block_rq_complete: 179,0 RA () 4026944 + 8 [0]
          <idle>-0     [001] ...2   188.534729: sched_switch: prev_comm=swapper/1 prev_pid=0 prev_prio=120 prev_state=R ==> next_comm=main next_pid=3325 next_prio=120
           <...>-116   [000] ...2   188.534748: sched_switch: prev_comm=mmcqd/1 prev_pid=116 prev_prio=120 prev_state=S ==> next_comm=swapper/0 next_pid=0 next_prio=120
           <...>-3325  [001] d..2   188.534775: block_rq_insert: 179,0 R 0 () 4028616 + 96 [main]
           <...>-3325  [001] d..2   188.534777: block_rq_insert: 179,0 R 0 () 4028736 + 56 [main]
           <...>-3325  [001] ...2   188.534786: sched_switch: prev_comm=main prev_pid=3325 prev_prio=120 prev_state=D|W ==> next_comm=swapper/1 next_pid=0 next_prio=120
          <idle>-0     [000] ...2   188.535152: sched_switch: prev_comm=swapper/0 prev_pid=0 prev_prio=120 prev_state=R ==> next_comm=mmcqd/1 next_pid=116 next_prio=120
           <...>-116   [000] ...1   188.535190: block_rq_complete: 179,0 RA () 4026960 + 40 [0]
           <...>-116   [000] ...2   188.535241: sched_switch: prev_comm=mmcqd/1 prev_pid=116 prev_prio=120 prev_state=S ==> next_comm=swapper/0 next_pid=0 next_prio=120
          <idle>-0     [000] ...2   188.535474: sched_switch: prev_comm=swapper/0 prev_pid=0 prev_prio=120 prev_state=R ==> next_comm=mmcqd/1 next_pid=116 next_prio=120
           <...>-116   [000] ...1   188.535508: block_rq_complete: 179,0 RA () 4027008 + 24 [0]
           <...>-116   [000] ...2   188.535546: sched_switch: prev_comm=mmcqd/1 prev_pid=116 prev_prio=120 prev_state=S ==> next_comm=swapper/0 next_pid=0 next_prio=120
          <idle>-0     [000] ...2   188.536272: sched_switch: prev_comm=swapper/0 prev_pid=0 prev_prio=120 prev_state=R ==> next_comm=mmcqd/1 next_pid=116 next_prio=120
           <...>-116   [000] ...1   188.536324: block_rq_complete: 179,0 RA () 4028616 + 96 [0]
          <idle>-0     [001] ...2   188.536339: sched_switch: prev_comm=swapper/1 prev_pid=0 prev_prio=120 prev_state=R ==> next_comm=main next_pid=3325 next_prio=120
           <...>-116   [000] ...2   188.536347: sched_switch: prev_comm=mmcqd/1 prev_pid=116 prev_prio=120 prev_state=S ==> next_comm=swapper/0 next_pid=0 next_prio=120
          <idle>-0     [000] ...2   188.536461: sched_switch: prev_comm=swapper/0 prev_pid=0 prev_prio=120 prev_state=R ==> next_comm=main next_pid=3331 next_prio=120
           <...>-3325  [001] d..2   188.536690: block_rq_insert: 179,0 R 0 () 3993624 + 48 [main]
           <...>-3325  [001] d..2   188.536693: block_rq_insert: 179,0 R 0 () 3993688 + 24 [main]
           <...>-3325  [001] d..2   188.536695: block_rq_insert: 179,0 R 0 () 3993752 + 8 [main]
           <...>-3331  [000] ...2   188.536705: sched_switch: prev_comm=main prev_pid=3331 prev_prio=120 prev_state=R+ ==> next_comm=mmcqd/1 next_pid=116 next_prio=120
           <...>-3325  [001] ...2   188.536711: sched_switch: prev_comm=main prev_pid=3325 prev_prio=120 prev_state=D|W ==> next_comm=swapper/1 next_pid=0 next_prio=120
           <...>-116   [000] ...2   188.536737: sched_switch: prev_comm=mmcqd/1 prev_pid=116 prev_prio=120 prev_state=S ==> next_comm=main next_pid=3331 next_prio=120
           <...>-3331  [000] ...2   188.536802: sched_switch: prev_comm=main prev_pid=3331 prev_prio=120 prev_state=R+ ==> next_comm=mmcqd/1 next_pid=116 next_prio=120
           <...>-116   [000] ...1   188.536845: block_rq_complete: 179,0 RA () 4028736 + 56 [0]
           <...>-116   [000] ...2   188.536875: sched_switch: prev_comm=mmcqd/1 prev_pid=116 prev_prio=120 prev_state=S ==> next_comm=main next_pid=3331 next_prio=120
           <...>-3331  [000] ...2   188.537143: sched_switch: prev_comm=ReferenceQueueD prev_pid=3331 prev_prio=120 prev_state=S ==> next_comm=swapper/0 next_pid=0 next_prio=120
          <idle>-0     [000] ...2   188.537299: sched_switch: prev_comm=swapper/0 prev_pid=0 prev_prio=120 prev_state=R ==> next_comm=mmcqd/1 next_pid=116 next_prio=120
           <...>-116   [000] ...1   188.537340: block_rq_complete: 179,0 RA () 3993624 + 48 [0]
           <...>-116   [000] ...2   188.537365: sched_switch: prev_comm=mmcqd/1 prev_pid=116 prev_prio=120 prev_state=S ==> next_comm=swapper/0 next_pid=0 next_prio=120
          <idle>-0     [000] ...2   188.537699: sched_switch: prev_comm=swapper/0 prev_pid=0 prev_prio=120 prev_state=R ==> next_comm=mmcqd/1 next_pid=116 next_prio=120
           <...>-116   [000] ...1   188.537732: block_rq_complete: 179,0 RA () 3993688 + 24 [0]
           <...>-116   [000] ...2   188.537746: sched_switch: prev_comm=mmcqd/1 prev_pid=116 prev_prio=120 prev_state=S ==> next_comm=swapper/0 next_pid=0 next_prio=120
          <idle>-0     [000] ...2   188.537971: sched_switch: prev_comm=swapper/0 prev_pid=0 prev_prio=120 prev_state=R ==> next_comm=mmcqd/1 next_pid=116 next_prio=120
           <...>-116   [000] ...1   188.537983: block_rq_complete: 179,0 RA () 3993752 + 8 [0]
          <idle>-0     [001] ...2   188.537996: sched_switch: prev_comm=swapper/1 prev_pid=0 prev_prio=120 prev_state=R ==> next_comm=main next_pid=3325 next_prio=120
           <...>-116   [000] ...2   188.538004: sched_switch: prev_comm=mmcqd/1 prev_pid=116 prev_prio=120 prev_state=R+ ==> next_comm=kworker/0:1H next_pid=17 next_prio=100
    kworker/0:1H-17    [000] ...2   188.538013: sched_switch: prev_comm=kworker/0:1H prev_pid=17 prev_prio=100 prev_state=S ==> next_comm=mmcqd/1 next_pid=116 next_prio=120
           <...>-116   [000] ...2   188.538024: sched_switch: prev_comm=mmcqd/1 prev_pid=116 prev_prio=120 prev_state=S ==> next_comm=swapper/0 next_pid=0 next_prio=120
           <...>-3325  [001] d..2   188.538076: block_rq_insert: 179,0 R 0 () 4019800 + 24 [main]
           <...>-3325  [001] d..2   188.538078: block_rq_insert: 179,0 R 0 () 4019896 + 8 [main]
           <...>-3325  [001] d..2   188.538080: block_rq_insert: 179,0 R 0 () 4019928 + 8 [main]
           <...>-3325  [001] ...2   188.538092: sched_switch: prev_comm=main prev_pid=3325 prev_prio=120 prev_state=D|W ==> next_comm=swapper/1 next_pid=0 next_prio=120
          <idle>-0     [000] ...2   188.538093: sched_switch: prev_comm=swapper/0 prev_pid=0 prev_prio=120 prev_state=R ==> next_comm=mmcqd/1 next_pid=116 next_prio=120
           <...>-116   [000] ...2   188.538147: sched_switch: prev_comm=mmcqd/1 prev_pid=116 prev_prio=120 prev_state=S ==> next_comm=swapper/0 next_pid=0 next_prio=120
          <idle>-0     [000] ...2   188.538260: sched_switch: prev_comm=swapper/0 prev_pid=0 prev_prio=120 prev_state=R ==> next_comm=adbd next_pid=784 next_prio=120
            adbd-784   [000] ...2   188.538274: sched_switch: prev_comm=adbd prev_pid=784 prev_prio=120 prev_state=S ==> next_comm=swapper/0 next_pid=0 next_prio=120
          <idle>-0     [000] ...2   188.538511: sched_switch: prev_comm=swapper/0 prev_pid=0 prev_prio=120 prev_state=R ==> next_comm=adbd next_pid=784 next_prio=120
            adbd-784   [000] ...2   188.538549: sched_switch: prev_comm=adbd prev_pid=784 prev_prio=120 prev_state=S ==> next_comm=adbd next_pid=781 next_prio=120
            adbd-781   [000] ...2   188.538814: sched_switch: prev_comm=adbd prev_pid=781 prev_prio=120 prev_state=S ==> next_comm=adbd next_pid=783 next_prio=120
            adbd-783   [000] ...2   188.538868: sched_switch: prev_comm=adbd prev_pid=783 prev_prio=120 prev_state=S ==> next_comm=JDWP next_pid=3330 next_prio=120
           <...>-3330  [000] ...2   188.538892: sched_switch: prev_comm=JDWP prev_pid=3330 prev_prio=120 prev_state=S ==> next_comm=mmcqd/1 next_pid=116 next_prio=120
           <...>-116   [000] ...1   188.538927: block_rq_complete: 179,0 RA () 4019800 + 24 [0]
           <...>-116   [000] ...2   188.538951: sched_switch: prev_comm=mmcqd/1 prev_pid=116 prev_prio=120 prev_state=S ==> next_comm=swapper/0 next_pid=0 next_prio=120
          <idle>-0     [000] ...2   188.539151: sched_switch: prev_comm=swapper/0 prev_pid=0 prev_prio=120 prev_state=R ==> next_comm=mmcqd/1 next_pid=116 next_prio=120
           <...>-116   [000] ...1   188.539182: block_rq_complete: 179,0 RA () 4019896 + 8 [0]
           <...>-116   [000] ...2   188.539196: sched_switch: prev_comm=mmcqd/1 prev_pid=116 prev_prio=120 prev_state=S ==> next_comm=swapper/0 next_pid=0 next_prio=120
          <idle>-0     [000] ...2   188.539431: sched_switch: prev_comm=swapper/0 prev_pid=0 prev_prio=120 prev_state=R ==> next_comm=mmcqd/1 next_pid=116 next_prio=120
           <...>-116   [000] ...1   188.539442: block_rq_complete: 179,0 RA () 4019928 + 8 [0]
          <idle>-0     [001] ...2   188.539455: sched_switch: prev_comm=swapper/1 prev_pid=0 prev_prio=120 prev_state=R ==> next_comm=main next_pid=3325 next_prio=120
           <...>-116   [000] ...2   188.539462: sched_switch: prev_comm=mmcqd/1 prev_pid=116 prev_prio=120 prev_state=R+ ==> next_comm=kworker/0:1H next_pid=17 next_prio=100
    kworker/0:1H-17    [000] ...2   188.539470: sched_switch: prev_comm=kworker/0:1H prev_pid=17 prev_prio=100 prev_state=S ==> next_comm=mmcqd/1 next_pid=116 next_prio=120
           <...>-116   [000] ...2   188.539480: sched_switch: prev_comm=mmcqd/1 prev_pid=116 prev_prio=120 prev_state=S ==> next_comm=swapper/0 next_pid=0 next_prio=120
           <...>-3325  [001] d..2   188.539533: block_rq_insert: 179,0 R 0 () 4028368 + 104 [main]
           <...>-3325  [001] d..2   188.539536: block_rq_insert: 179,0 R 0 () 4028480 + 32 [main]
           <...>-3325  [001] ...2   188.539548: sched_switch: prev_comm=main prev_pid=3325 prev_prio=120 prev_state=D|W ==> next_comm=swapper/1 next_pid=0 next_prio=120
          <idle>-0     [000] ...2   188.539549: sched_switch: prev_comm=swapper/0 prev_pid=0 prev_prio=120 prev_state=R ==> next_comm=mmcqd/1 next_pid=116 next_prio=120
           <...>-116   [000] ...2   188.539636: sched_switch: prev_comm=mmcqd/1 prev_pid=116 prev_prio=120 prev_state=S ==> next_comm=swapper/0 next_pid=0 next_prio=120
          <idle>-0     [000] ...2   188.540422: sched_switch: prev_comm=swapper/0 prev_pid=0 prev_prio=120 prev_state=R ==> next_comm=mmcqd/1 next_pid=116 next_prio=120
           <...>-116   [000] ...1   188.540478: block_rq_complete: 179,0 RA () 4028368 + 104 [0]
           <...>-116   [000] ...2   188.540495: sched_switch: prev_comm=mmcqd/1 prev_pid=116 prev_prio=120 prev_state=S ==> next_comm=swapper/0 next_pid=0 next_prio=120
          <idle>-0     [000] ...2   188.540798: sched_switch: prev_comm=swapper/0 prev_pid=0 prev_prio=120 prev_state=R ==> next_comm=mmcqd/1 next_pid=116 next_prio=120
           <...>-116   [000] ...1   188.540816: block_rq_complete: 179,0 RA () 4028480 + 32 [0]
          <idle>-0     [001] ...2   188.540829: sched_switch: prev_comm=swapper/1 prev_pid=0 prev_prio=120 prev_state=R ==> next_comm=main next_pid=3325 next_prio=120
           <...>-116   [000] ...2   188.540836: sched_switch: prev_comm=mmcqd/1 prev_pid=116 prev_prio=120 prev_state=R+ ==> next_comm=kworker/0:1H next_pid=17 next_prio=100
    kworker/0:1H-17    [000] ...2   188.540844: sched_switch: prev_comm=kworker/0:1H prev_pid=17 prev_prio=100 prev_state=S ==> next_comm=mmcqd/1 next_pid=116 next_prio=120
           <...>-116   [000] ...2   188.540856: sched_switch: prev_comm=mmcqd/1 prev_pid=116 prev_prio=120 prev_state=S ==> next_comm=swapper/0 next_pid=0 next_prio=120
          <idle>-0     [000] ...2   188.540911: sched_switch: prev_comm=swapper/0 prev_pid=0 prev_prio=120 prev_state=R ==> next_comm=main next_pid=3332 next_prio=120
           <...>-3332  [000] ...2   188.540954: sched_switch: prev_comm=main prev_pid=3332 prev_prio=120 prev_state=D ==> next_comm=swapper/0 next_pid=0 next_prio=120
          <idle>-0     [000] ...2   188.540959: sched_switch: prev_comm=swapper/0 prev_pid=0 prev_prio=120 prev_state=R ==> next_comm=main next_pid=3332 next_prio=120
           <...>-3332  [000] ...2   188.541052: sched_switch: prev_comm=main prev_pid=3332 prev_prio=120 prev_state=R+ ==> next_comm=kworker/0:0 next_pid=4 next_prio=120
           <...>-3325  [001] ...2   188.541055: sched_switch: prev_comm=main prev_pid=3325 prev_prio=120 prev_state=R ==> next_comm=kworker/1:0H next_pid=3313 next_prio=100
           <...>-3313  [001] ...2   188.541081: sched_switch: prev_comm=kworker/1:0H prev_pid=3313 prev_prio=100 prev_state=S ==> next_comm=main next_pid=3325 next_prio=120
     kworker/0:0-4     [000] ...2   188.541101: sched_switch: prev_comm=kworker/0:0 prev_pid=4 prev_prio=120 prev_state=S ==> next_comm=kworker/0:1H next_pid=17 next_prio=100
    kworker/0:1H-17    [000] ...2   188.541122: sched_switch: prev_comm=kworker/0:1H prev_pid=17 prev_prio=100 prev_state=D ==> next_comm=kworker/0:2H next_pid=166 next_prio=100
           <...>-3325  [001] ...2   188.541185: sched_switch: prev_comm=main prev_pid=3325 prev_prio=120 prev_state=S ==> next_comm=swapper/1 next_pid=0 next_prio=120
    kworker/0:2H-166   [000] ...2   188.541215: sched_switch: prev_comm=kworker/0:2H prev_pid=166 prev_prio=100 prev_state=S ==> next_comm=kworker/0:1H next_pid=17 next_prio=100
    kworker/0:1H-17    [000] ...2   188.541226: sched_switch: prev_comm=kworker/0:1H prev_pid=17 prev_prio=100 prev_state=S ==> next_comm=main next_pid=3332 next_prio=120
          <idle>-0     [001] ...2   188.541678: sched_switch: prev_comm=swapper/1 prev_pid=0 prev_prio=120 prev_state=R ==> next_comm=main next_pid=3325 next_prio=120
           <...>-3332  [000] ...2   188.541703: sched_switch: prev_comm=FinalizerDaemon prev_pid=3332 prev_prio=120 prev_state=D ==> next_comm=swapper/0 next_pid=0 next_prio=120
          <idle>-0     [000] ...2   188.541709: sched_switch: prev_comm=swapper/0 prev_pid=0 prev_prio=120 prev_state=R ==> next_comm=FinalizerDaemon next_pid=3332 next_prio=120
           <...>-3325  [001] ...2   188.541711: sched_switch: prev_comm=main prev_pid=3325 prev_prio=120 prev_state=D ==> next_comm=swapper/1 next_pid=0 next_prio=120
          <idle>-0     [001] ...2   188.541730: sched_switch: prev_comm=swapper/1 prev_pid=0 prev_prio=120 prev_state=R ==> next_comm=main next_pid=3325 next_prio=120
           <...>-3332  [000] ...2   188.541739: sched_switch: prev_comm=FinalizerDaemon prev_pid=3332 prev_prio=120 prev_state=D ==> next_comm=swapper/0 next_pid=0 next_prio=120
          <idle>-0     [000] ...2   188.541744: sched_switch: prev_comm=swapper/0 prev_pid=0 prev_prio=120 prev_state=R ==> next_comm=FinalizerDaemon next_pid=3332 next_prio=120
           <...>-3332  [000] ...2   188.541766: sched_switch: prev_comm=FinalizerDaemon prev_pid=3332 prev_prio=120 prev_state=S ==> next_comm=swapper/0 next_pid=0 next_prio=120
          <idle>-0     [000] ...2   188.541771: sched_switch: prev_comm=swapper/0 prev_pid=0 prev_prio=120 prev_state=R ==> next_comm=main next_pid=3333 next_prio=120
           <...>-3325  [001] ...2   188.541785: sched_switch: prev_comm=main prev_pid=3325 prev_prio=120 prev_state=D ==> next_comm=swapper/1 next_pid=0 next_prio=120
          <idle>-0     [001] ...2   188.541818: sched_switch: prev_comm=swapper/1 prev_pid=0 prev_prio=120 prev_state=R ==> next_comm=main next_pid=3325 next_prio=120
           <...>-3333  [000] ...2   188.541825: sched_switch: prev_comm=main prev_pid=3333 prev_prio=120 prev_state=D ==> next_comm=swapper/0 next_pid=0 next_prio=120
          <idle>-0     [000] ...2   188.541831: sched_switch: prev_comm=swapper/0 prev_pid=0 prev_prio=120 prev_state=R ==> next_comm=main next_pid=3333 next_prio=120
           <...>-3325  [001] ...2   188.542064: sched_switch: prev_comm=main prev_pid=3325 prev_prio=120 prev_state=S ==> next_comm=swapper/1 next_pid=0 next_prio=120
          <idle>-0     [001] ...2   188.542351: sched_switch: prev_comm=swapper/1 prev_pid=0 prev_prio=120 prev_state=R ==> next_comm=main next_pid=3325 next_prio=120
           <...>-3333  [000] ...2   188.542378: sched_switch: prev_comm=FinalizerWatchd prev_pid=3333 prev_prio=120 prev_state=D ==> next_comm=swapper/0 next_pid=0 next_prio=120
          <idle>-0     [000] ...2   188.542384: sched_switch: prev_comm=swapper/0 prev_pid=0 prev_prio=120 prev_state=R ==> next_comm=FinalizerWatchd next_pid=3333 next_prio=120
           <...>-3325  [001] ...2   188.542385: sched_switch: prev_comm=main prev_pid=3325 prev_prio=120 prev_state=D ==> next_comm=swapper/1 next_pid=0 next_prio=120
          <idle>-0     [001] ...2   188.542404: sched_switch: prev_comm=swapper/1 prev_pid=0 prev_prio=120 prev_state=R ==> next_comm=main next_pid=3325 next_prio=120
           <...>-3333  [000] ...2   188.542405: sched_switch: prev_comm=FinalizerWatchd prev_pid=3333 prev_prio=120 prev_state=D ==> next_comm=swapper/0 next_pid=0 next_prio=120
          <idle>-0     [000] ...2   188.542429: sched_switch: prev_comm=swapper/0 prev_pid=0 prev_prio=120 prev_state=R ==> next_comm=ksoftirqd/0 next_pid=3 next_prio=120
     ksoftirqd/0-3     [000] ...2   188.542439: sched_switch: prev_comm=ksoftirqd/0 prev_pid=3 prev_prio=120 prev_state=S ==> next_comm=FinalizerWatchd next_pid=3333 next_prio=120
           <...>-3333  [000] ...2   188.542453: sched_switch: prev_comm=FinalizerWatchd prev_pid=3333 prev_prio=120 prev_state=S ==> next_comm=swapper/0 next_pid=0 next_prio=120
          <idle>-0     [000] ...2   188.542474: sched_switch: prev_comm=swapper/0 prev_pid=0 prev_prio=120 prev_state=R ==> next_comm=ksoftirqd/0 next_pid=3 next_prio=120
     ksoftirqd/0-3     [000] ...2   188.542482: sched_switch: prev_comm=ksoftirqd/0 prev_pid=3 prev_prio=120 prev_state=S ==> next_comm=swapper/0 next_pid=0 next_prio=120
          <idle>-0     [000] ...2   188.542501: sched_switch: prev_comm=swapper/0 prev_pid=0 prev_prio=120 prev_state=R ==> next_comm=ksoftirqd/0 next_pid=3 next_prio=120
     ksoftirqd/0-3     [000] ...2   188.542509: sched_switch: prev_comm=ksoftirqd/0 prev_pid=3 prev_prio=120 prev_state=S ==> next_comm=swapper/0 next_pid=0 next_prio=120
          <idle>-0     [000] ...2   188.542707: sched_switch: prev_comm=swapper/0 prev_pid=0 prev_prio=120 prev_state=R ==> next_comm=main next_pid=3335 next_prio=120
           <...>-3325  [001] ...2   188.542722: sched_switch: prev_comm=main prev_pid=3325 prev_prio=120 prev_state=D ==> next_comm=main next_pid=3334 next_prio=120
           <...>-3334  [001] ...2   188.542731: sched_switch: prev_comm=main prev_pid=3334 prev_prio=120 prev_state=D ==> next_comm=swapper/1 next_pid=0 next_prio=120
          <idle>-0     [001] ...2   188.542756: sched_switch: prev_comm=swapper/1 prev_pid=0 prev_prio=120 prev_state=R ==> next_comm=main next_pid=3325 next_prio=120
           <...>-3335  [000] ...2   188.542761: sched_switch: prev_comm=main prev_pid=3335 prev_prio=120 prev_state=D ==> next_comm=swapper/0 next_pid=0 next_prio=120
           <...>-3325  [001] ...2   188.542773: sched_switch: prev_comm=main prev_pid=3325 prev_prio=120 prev_state=D ==> next_comm=main next_pid=3334 next_prio=120
          <idle>-0     [000] ...2   188.542789: sched_switch: prev_comm=swapper/0 prev_pid=0 prev_prio=120 prev_state=R ==> next_comm=main next_pid=3335 next_prio=120
           <...>-3334  [001] ...2   188.542789: sched_switch: prev_comm=main prev_pid=3334 prev_prio=120 prev_state=D ==> next_comm=swapper/1 next_pid=0 next_prio=120
          <idle>-0     [001] ...2   188.542807: sched_switch: prev_comm=swapper/1 prev_pid=0 prev_prio=120 prev_state=R ==> next_comm=main next_pid=3325 next_prio=120
           <...>-3325  [001] d..2   188.542974: block_rq_insert: 179,0 R 0 () 4008360 + 48 [main]
           <...>-3325  [001] d..2   188.542976: block_rq_insert: 179,0 R 0 () 4008432 + 16 [main]
           <...>-3325  [001] d..2   188.542978: block_rq_insert: 179,0 R 0 () 4008456 + 8 [main]
           <...>-3325  [001] d..2   188.542980: block_rq_insert: 179,0 R 0 () 4008536 + 16 [main]
           <...>-3335  [000] ...2   188.542991: sched_switch: prev_comm=main prev_pid=3335 prev_prio=120 prev_state=R+ ==> next_comm=mmcqd/1 next_pid=116 next_prio=120
           <...>-3325  [001] ...2   188.542992: sched_switch: prev_comm=main prev_pid=3325 prev_prio=120 prev_state=D|W ==> next_comm=main next_pid=3334 next_prio=120
           <...>-3334  [001] ...2   188.543002: sched_switch: prev_comm=main prev_pid=3334 prev_prio=120 prev_state=S ==> next_comm=swapper/1 next_pid=0 next_prio=120
           <...>-116   [000] ...2   188.543058: sched_switch: prev_comm=mmcqd/1 prev_pid=116 prev_prio=120 prev_state=S ==> next_comm=main next_pid=3335 next_prio=120
           <...>-3335  [000] ...2   188.543353: sched_switch: prev_comm=main prev_pid=3335 prev_prio=120 prev_state=R+ ==> next_comm=mmcqd/1 next_pid=116 next_prio=120
           <...>-116   [000] ...1   188.543390: block_rq_complete: 179,0 RA () 4008536 + 16 [0]
           <...>-116   [000] ...2   188.543420: sched_switch: prev_comm=mmcqd/1 prev_pid=116 prev_prio=120 prev_state=S ==> next_comm=main next_pid=3335 next_prio=120
           <...>-3335  [000] ...2   188.543464: sched_switch: prev_comm=main prev_pid=3335 prev_prio=120 prev_state=R+ ==> next_comm=adbd next_pid=784 next_prio=120
            adbd-784   [000] ...2   188.543482: sched_switch: prev_comm=adbd prev_pid=784 prev_prio=120 prev_state=S ==> next_comm=main next_pid=3335 next_prio=120
          <idle>-0     [001] ...2   188.543551: sched_switch: prev_comm=swapper/1 prev_pid=0 prev_prio=120 prev_state=R ==> next_comm=main next_pid=3334 next_prio=120
           <...>-3334  [001] ...2   188.543564: sched_switch: prev_comm=main prev_pid=3334 prev_prio=120 prev_state=D ==> next_comm=swapper/1 next_pid=0 next_prio=120
          <idle>-0     [001] ...2   188.543570: sched_switch: prev_comm=swapper/1 prev_pid=0 prev_prio=120 prev_state=R ==> next_comm=main next_pid=3334 next_prio=120
           <...>-3335  [000] ...2   188.543625: sched_switch: prev_comm=GCDaemon prev_pid=3335 prev_prio=120 prev_state=R+ ==> next_comm=adbd next_pid=784 next_prio=120
            adbd-784   [000] ...2   188.543671: sched_switch: prev_comm=adbd prev_pid=784 prev_prio=120 prev_state=S ==> next_comm=mmcqd/1 next_pid=116 next_prio=120
           <...>-116   [000] ...1   188.543705: block_rq_complete: 179,0 RA () 4008456 + 8 [0]
           <...>-3334  [001] ...2   188.543717: sched_switch: prev_comm=main prev_pid=3334 prev_prio=120 prev_state=R+ ==> next_comm=main next_pid=3325 next_prio=120
           <...>-3325  [001] ...2   188.543733: sched_switch: prev_comm=main prev_pid=3325 prev_prio=120 prev_state=D|W ==> next_comm=main next_pid=3334 next_prio=120
           <...>-116   [000] ...2   188.543753: sched_switch: prev_comm=mmcqd/1 prev_pid=116 prev_prio=120 prev_state=S ==> next_comm=adbd next_pid=781 next_prio=120
           <...>-3334  [001] ...2   188.543837: sched_switch: prev_comm=main prev_pid=3334 prev_prio=120 prev_state=D ==> next_comm=swapper/1 next_pid=0 next_prio=120
            adbd-781   [000] ...2   188.543945: sched_switch: prev_comm=adbd prev_pid=781 prev_prio=120 prev_state=S ==> next_comm=adbd next_pid=783 next_prio=120
            adbd-783   [000] ...2   188.544032: sched_switch: prev_comm=adbd prev_pid=783 prev_prio=120 prev_state=S ==> next_comm=JDWP next_pid=3330 next_prio=120
           <...>-3330  [000] ...2   188.544077: sched_switch: prev_comm=JDWP prev_pid=3330 prev_prio=120 prev_state=D ==> next_comm=mmcqd/1 next_pid=116 next_prio=120
           <...>-116   [000] ...1   188.544115: block_rq_complete: 179,0 RA () 4008432 + 16 [0]
          <idle>-0     [001] ...2   188.544132: sched_switch: prev_comm=swapper/1 prev_pid=0 prev_prio=120 prev_state=R ==> next_comm=main next_pid=3325 next_prio=120
           <...>-3325  [001] ...2   188.544138: sched_switch: prev_comm=main prev_pid=3325 prev_prio=120 prev_state=D ==> next_comm=swapper/1 next_pid=0 next_prio=120
           <...>-116   [000] ...2   188.544139: sched_switch: prev_comm=mmcqd/1 prev_pid=116 prev_prio=120 prev_state=S ==> next_comm=adbd next_pid=781 next_prio=120
            adbd-781   [000] ...2   188.544335: sched_switch: prev_comm=adbd prev_pid=781 prev_prio=120 prev_state=S ==> next_comm=adbd next_pid=784 next_prio=120
            adbd-784   [000] ...2   188.544350: sched_switch: prev_comm=adbd prev_pid=784 prev_prio=120 prev_state=S ==> next_comm=adbd next_pid=783 next_prio=120
            adbd-783   [000] ...2   188.544408: sched_switch: prev_comm=adbd prev_pid=783 prev_prio=120 prev_state=S ==> next_comm=GCDaemon next_pid=3335 next_prio=120
          <idle>-0     [001] ...2   188.544430: sched_switch: prev_comm=swapper/1 prev_pid=0 prev_prio=120 prev_state=R ==> next_comm=main next_pid=3334 next_prio=120
           <...>-3335  [000] ...2   188.544431: sched_switch: prev_comm=GCDaemon prev_pid=3335 prev_prio=120 prev_state=D ==> next_comm=swapper/0 next_pid=0 next_prio=120
           <...>-3334  [001] ...2   188.544448: sched_switch: prev_comm=main prev_pid=3334 prev_prio=120 prev_state=R+ ==> next_comm=main next_pid=3325 next_prio=120
          <idle>-0     [000] ...2   188.544463: sched_switch: prev_comm=swapper/0 prev_pid=0 prev_prio=120 prev_state=R ==> next_comm=JDWP next_pid=3330 next_prio=120
           <...>-3330  [000] ...2   188.544514: sched_switch: prev_comm=JDWP prev_pid=3330 prev_prio=120 prev_state=S ==> next_comm=adbd next_pid=784 next_prio=120
            adbd-784   [000] ...2   188.544607: sched_switch: prev_comm=adbd prev_pid=784 prev_prio=120 prev_state=S ==> next_comm=mmcqd/1 next_pid=116 next_prio=120
           <...>-116   [000] ...1   188.544634: block_rq_complete: 179,0 RA () 4008360 + 48 [0]
           <...>-116   [000] ...2   188.544656: sched_switch: prev_comm=mmcqd/1 prev_pid=116 prev_prio=120 prev_state=R+ ==> next_comm=kworker/0:1H next_pid=17 next_prio=100
    kworker/0:1H-17    [000] ...2   188.544667: sched_switch: prev_comm=kworker/0:1H prev_pid=17 prev_prio=100 prev_state=S ==> next_comm=mmcqd/1 next_pid=116 next_prio=120
           <...>-116   [000] ...2   188.544686: sched_switch: prev_comm=mmcqd/1 prev_pid=116 prev_prio=120 prev_state=S ==> next_comm=adbd next_pid=781 next_prio=120
           <...>-3325  [001] d..2   188.544713: block_rq_insert: 179,0 R 0 () 4079784 + 8 [main]
           <...>-3325  [001] d..2   188.544715: block_rq_insert: 179,0 R 0 () 4079880 + 40 [main]
           <...>-3325  [001] ...2   188.544727: sched_switch: prev_comm=main prev_pid=3325 prev_prio=120 prev_state=D|W ==> next_comm=main next_pid=3334 next_prio=120
           <...>-3334  [001] ...2   188.544789: sched_switch: prev_comm=main prev_pid=3334 prev_prio=120 prev_state=D ==> next_comm=swapper/1 next_pid=0 next_prio=120
            adbd-781   [000] ...2   188.544885: sched_switch: prev_comm=adbd prev_pid=781 prev_prio=120 prev_state=S ==> next_comm=JDWP next_pid=3330 next_prio=120
           <...>-3330  [000] ...2   188.544910: sched_switch: prev_comm=JDWP prev_pid=3330 prev_prio=120 prev_state=D ==> next_comm=adbd next_pid=783 next_prio=120
            adbd-783   [000] ...2   188.544967: sched_switch: prev_comm=adbd prev_pid=783 prev_prio=120 prev_state=S ==> next_comm=adbd next_pid=784 next_prio=120
            adbd-784   [000] ...2   188.545005: sched_switch: prev_comm=adbd prev_pid=784 prev_prio=120 prev_state=S ==> next_comm=mmcqd/1 next_pid=116 next_prio=120
           <...>-116   [000] ...2   188.545085: sched_switch: prev_comm=mmcqd/1 prev_pid=116 prev_prio=120 prev_state=S ==> next_comm=adbd next_pid=781 next_prio=120
            adbd-781   [000] ...2   188.545240: sched_switch: prev_comm=adbd prev_pid=781 prev_prio=120 prev_state=S ==> next_comm=adbd next_pid=783 next_prio=120
            adbd-783   [000] ...2   188.545248: sched_switch: prev_comm=adbd prev_pid=783 prev_prio=120 prev_state=S ==> next_comm=GCDaemon next_pid=3335 next_prio=120
           <...>-3335  [000] ...2   188.545269: sched_switch: prev_comm=GCDaemon prev_pid=3335 prev_prio=120 prev_state=S ==> next_comm=swapper/0 next_pid=0 next_prio=120
          <idle>-0     [001] ...2   188.545270: sched_switch: prev_comm=swapper/1 prev_pid=0 prev_prio=120 prev_state=R ==> next_comm=main next_pid=3334 next_prio=120
          <idle>-0     [000] ...2   188.545295: sched_switch: prev_comm=swapper/0 prev_pid=0 prev_prio=120 prev_state=R ==> next_comm=JDWP next_pid=3330 next_prio=120
           <...>-3334  [001] ...2   188.545346: sched_switch: prev_comm=HeapTrimmerDaem prev_pid=3334 prev_prio=120 prev_state=S ==> next_comm=swapper/1 next_pid=0 next_prio=120
          <idle>-0     [001] ...2   188.545363: sched_switch: prev_comm=swapper/1 prev_pid=0 prev_prio=120 prev_state=R ==> next_comm=ksoftirqd/1 next_pid=3314 next_prio=120
           <...>-3314  [001] ...2   188.545371: sched_switch: prev_comm=ksoftirqd/1 prev_pid=3314 prev_prio=120 prev_state=S ==> next_comm=swapper/1 next_pid=0 next_prio=120
          <idle>-0     [001] ...2   188.545384: sched_switch: prev_comm=swapper/1 prev_pid=0 prev_prio=120 prev_state=R ==> next_comm=ksoftirqd/1 next_pid=3314 next_prio=120
           <...>-3314  [001] ...2   188.545389: sched_switch: prev_comm=ksoftirqd/1 prev_pid=3314 prev_prio=120 prev_state=S ==> next_comm=swapper/1 next_pid=0 next_prio=120
          <idle>-0     [001] ...2   188.545402: sched_switch: prev_comm=swapper/1 prev_pid=0 prev_prio=120 prev_state=R ==> next_comm=ksoftirqd/1 next_pid=3314 next_prio=120
           <...>-3314  [001] ...2   188.545407: sched_switch: prev_comm=ksoftirqd/1 prev_pid=3314 prev_prio=120 prev_state=S ==> next_comm=swapper/1 next_pid=0 next_prio=120
           <...>-3330  [000] ...2   188.545530: sched_switch: prev_comm=JDWP prev_pid=3330 prev_prio=120 prev_state=S ==> next_comm=mmcqd/1 next_pid=116 next_prio=120
           <...>-116   [000] ...1   188.545567: block_rq_complete: 179,0 RA () 4079784 + 8 [0]
           <...>-116   [000] ...2   188.545585: sched_switch: prev_comm=mmcqd/1 prev_pid=116 prev_prio=120 prev_state=S ==> next_comm=adbd next_pid=781 next_prio=120
            adbd-781   [000] ...2   188.545781: sched_switch: prev_comm=adbd prev_pid=781 prev_prio=120 prev_state=S ==> next_comm=adbd next_pid=784 next_prio=120
            adbd-784   [000] ...2   188.545804: sched_switch: prev_comm=adbd prev_pid=784 prev_prio=120 prev_state=S ==> next_comm=adbd next_pid=783 next_prio=120
            adbd-783   [000] ...2   188.545891: sched_switch: prev_comm=adbd prev_pid=783 prev_prio=120 prev_state=S ==> next_comm=adbd next_pid=784 next_prio=120
            adbd-784   [000] ...2   188.545929: sched_switch: prev_comm=adbd prev_pid=784 prev_prio=120 prev_state=S ==> next_comm=adbd next_pid=781 next_prio=120
            adbd-781   [000] ...2   188.546162: sched_switch: prev_comm=adbd prev_pid=781 prev_prio=120 prev_state=S ==> next_comm=adbd next_pid=784 next_prio=120
            adbd-784   [000] ...2   188.546201: sched_switch: prev_comm=adbd prev_pid=784 prev_prio=120 prev_state=S ==> next_comm=adbd next_pid=783 next_prio=120
            adbd-783   [000] ...2   188.546255: sched_switch: prev_comm=adbd prev_pid=783 prev_prio=120 prev_state=S ==> next_comm=mmcqd/1 next_pid=116 next_prio=120
           <...>-116   [000] ...1   188.546280: block_rq_complete: 179,0 RA () 4079880 + 40 [0]
          <idle>-0     [001] ...2   188.546298: sched_switch: prev_comm=swapper/1 prev_pid=0 prev_prio=120 prev_state=R ==> next_comm=main next_pid=3325 next_prio=120
           <...>-116   [000] ...2   188.546306: sched_switch: prev_comm=mmcqd/1 prev_pid=116 prev_prio=120 prev_state=R+ ==> next_comm=kworker/0:1H next_pid=17 next_prio=100
    kworker/0:1H-17    [000] ...2   188.546316: sched_switch: prev_comm=kworker/0:1H prev_pid=17 prev_prio=100 prev_state=S ==> next_comm=JDWP next_pid=3330 next_prio=120
           <...>-3330  [000] ...2   188.546382: sched_switch: prev_comm=JDWP prev_pid=3330 prev_prio=120 prev_state=R ==> next_comm=mmcqd/1 next_pid=116 next_prio=120
           <...>-116   [000] ...2   188.546396: sched_switch: prev_comm=mmcqd/1 prev_pid=116 prev_prio=120 prev_state=S ==> next_comm=JDWP next_pid=3330 next_prio=120
           <...>-3330  [000] d..2   188.546654: block_rq_insert: 179,0 R 0 () 4086360 + 56 [JDWP]
           <...>-3330  [000] d..2   188.546671: block_rq_insert: 179,0 R 0 () 4086424 + 72 [JDWP]
           <...>-3330  [000] ...2   188.546683: sched_switch: prev_comm=JDWP prev_pid=3330 prev_prio=120 prev_state=D|W ==> next_comm=adbd next_pid=784 next_prio=120
            adbd-784   [000] ...2   188.546704: sched_switch: prev_comm=adbd prev_pid=784 prev_prio=120 prev_state=S ==> next_comm=mmcqd/1 next_pid=116 next_prio=120
           <...>-116   [000] ...2   188.546820: sched_switch: prev_comm=mmcqd/1 prev_pid=116 prev_prio=120 prev_state=S ==> next_comm=adbd next_pid=784 next_prio=120
            adbd-784   [000] ...2   188.546860: sched_switch: prev_comm=adbd prev_pid=784 prev_prio=120 prev_state=S ==> next_comm=adbd next_pid=781 next_prio=120
            adbd-781   [000] ...2   188.547094: sched_switch: prev_comm=adbd prev_pid=781 prev_prio=120 prev_state=S ==> next_comm=adbd next_pid=783 next_prio=120
            adbd-783   [000] ...2   188.547158: sched_switch: prev_comm=adbd prev_pid=783 prev_prio=120 prev_state=S ==> next_comm=swapper/0 next_pid=0 next_prio=120
          <idle>-0     [000] ...2   188.547313: sched_switch: prev_comm=swapper/0 prev_pid=0 prev_prio=120 prev_state=R ==> next_comm=mmcqd/1 next_pid=116 next_prio=120
           <...>-116   [000] ...1   188.547370: block_rq_complete: 179,0 RA () 4086360 + 56 [0]
           <...>-116   [000] ...2   188.547396: sched_switch: prev_comm=mmcqd/1 prev_pid=116 prev_prio=120 prev_state=S ==> next_comm=JDWP next_pid=3330 next_prio=120
           <...>-3325  [001] d..2   188.547502: block_rq_insert: 179,0 R 0 () 4084016 + 8 [main]
           <...>-3325  [001] d..2   188.547513: block_rq_insert: 179,0 R 0 () 4084104 + 8 [main]
           <...>-3325  [001] d..2   188.547516: block_rq_insert: 179,0 R 0 () 4084128 + 8 [main]
           <...>-3325  [001] ...2   188.547524: sched_switch: prev_comm=main prev_pid=3325 prev_prio=120 prev_state=D|W ==> next_comm=swapper/1 next_pid=0 next_prio=120
           <...>-3330  [000] d..2   188.547569: block_rq_insert: 179,0 R 0 () 4078280 + 144 [JDWP]
           <...>-3330  [000] d..2   188.547573: block_rq_insert: 179,0 R 0 () 4078440 + 8 [JDWP]
           <...>-3330  [000] d..2   188.547576: block_rq_insert: 179,0 R 0 () 4078456 + 40 [JDWP]
           <...>-3330  [000] ...2   188.547588: sched_switch: prev_comm=JDWP prev_pid=3330 prev_prio=120 prev_state=D|W ==> next_comm=mmcqd/1 next_pid=116 next_prio=120
           <...>-116   [000] ...2   188.547612: sched_switch: prev_comm=mmcqd/1 prev_pid=116 prev_prio=120 prev_state=S ==> next_comm=swapper/0 next_pid=0 next_prio=120
          <idle>-0     [000] ...2   188.547910: sched_switch: prev_comm=swapper/0 prev_pid=0 prev_prio=120 prev_state=R ==> next_comm=mmcqd/1 next_pid=116 next_prio=120
           <...>-116   [000] ...1   188.547967: block_rq_complete: 179,0 RA () 4086424 + 72 [0]
           <...>-116   [000] ...2   188.547996: sched_switch: prev_comm=mmcqd/1 prev_pid=116 prev_prio=120 prev_state=S ==> next_comm=swapper/0 next_pid=0 next_prio=120
          <idle>-0     [000] ...2   188.548175: sched_switch: prev_comm=swapper/0 prev_pid=0 prev_prio=120 prev_state=R ==> next_comm=mmcqd/1 next_pid=116 next_prio=120
           <...>-116   [000] ...1   188.548209: block_rq_complete: 179,0 RA () 4084128 + 8 [0]
           <...>-116   [000] ...2   188.548235: sched_switch: prev_comm=mmcqd/1 prev_pid=116 prev_prio=120 prev_state=S ==> next_comm=swapper/0 next_pid=0 next_prio=120
          <idle>-0     [000] ...2   188.548441: sched_switch: prev_comm=swapper/0 prev_pid=0 prev_prio=120 prev_state=R ==> next_comm=mmcqd/1 next_pid=116 next_prio=120
           <...>-116   [000] ...1   188.548475: block_rq_complete: 179,0 RA () 4084104 + 8 [0]
          <idle>-0     [001] ...2   188.548490: sched_switch: prev_comm=swapper/1 prev_pid=0 prev_prio=120 prev_state=R ==> next_comm=main next_pid=3325 next_prio=120
           <...>-116   [000] ...2   188.548520: sched_switch: prev_comm=mmcqd/1 prev_pid=116 prev_prio=120 prev_state=S ==> next_comm=swapper/0 next_pid=0 next_prio=120
          <idle>-0     [000] ...2   188.548730: sched_switch: prev_comm=swapper/0 prev_pid=0 prev_prio=120 prev_state=R ==> next_comm=mmcqd/1 next_pid=116 next_prio=120
           <...>-116   [000] ...1   188.548764: block_rq_complete: 179,0 RA () 4084016 + 8 [0]
           <...>-116   [000] ...2   188.548789: sched_switch: prev_comm=mmcqd/1 prev_pid=116 prev_prio=120 prev_state=S ==> next_comm=swapper/0 next_pid=0 next_prio=120
          <idle>-0     [000] ...2   188.549212: sched_switch: prev_comm=swapper/0 prev_pid=0 prev_prio=120 prev_state=R ==> next_comm=mmcqd/1 next_pid=116 next_prio=120
           <...>-116   [000] ...1   188.549254: block_rq_complete: 179,0 RA () 4078456 + 40 [0]
