          <idle>-0     [001] ...2   188.603204: sched_switch: prev_comm=swapper/1 prev_pid=0 prev_prio=120 prev_state=R ==> next_comm=main next_pid=3325 next_prio=120
           <...>-116   [000] ...2   188.603216: sched_switch: prev_comm=mmcqd/1 prev_pid=116 prev_prio=120 prev_state=R+ ==> next_comm=kworker/0:1H next_pid=17 next_prio=100
    kworker/0:1H-17    [000] ...2   188.603227: sched_switch: prev_comm=kworker/0:1H prev_pid=17 prev_prio=100 prev_state=S ==> next_comm=mmcqd/1 next_pid=116 next_prio=120
           <...>-3325  [001] d..2   188.603240: block_rq_insert: 179,0 R 0 () 4020328 + 8 [main]
           <...>-3325  [001] d..2   188.603242: block_rq_insert: 179,0 R 0 () 4020392 + 56 [main]
           <...>-116   [000] ...2   188.603243: sched_switch: prev_comm=mmcqd/1 prev_pid=116 prev_prio=120 prev_state=S ==> next_comm=sh next_pid=3336 next_prio=120
           <...>-3325  [001] ...2   188.603252: sched_switch: prev_comm=main prev_pid=3325 prev_prio=120 prev_state=D|W ==> next_comm=swapper/1 next_pid=0 next_prio=120
           <...>-3336  [000] ...2   188.603252: sched_switch: prev_comm=sh prev_pid=3336 prev_prio=120 prev_state=R+ ==> next_comm=mmcqd/1 next_pid=116 next_prio=120
           <...>-116   [000] ...2   188.603340: sched_switch: prev_comm=mmcqd/1 prev_pid=116 prev_prio=120 prev_state=S ==> next_comm=sh next_pid=3336 next_prio=120
           <...>-3336  [000] ...2   188.603560: sched_switch: prev_comm=sh prev_pid=3336 prev_prio=120 prev_state=R+ ==> next_comm=mmcqd/1 next_pid=116 next_prio=120
           <...>-116   [000] ...1   188.603600: block_rq_complete: 179,0 RA () 4020328 + 8 [0]
           <...>-116   [000] ...2   188.603621: sched_switch: prev_comm=mmcqd/1 prev_pid=116 prev_prio=120 prev_state=S ==> next_comm=sh next_pid=3336 next_prio=120
           <...>-3336  [000] ...2   188.604090: sched_switch: prev_comm=sh prev_pid=3336 prev_prio=120 prev_state=R+ ==> next_comm=mmcqd/1 next_pid=116 next_prio=120
           <...>-116   [000] ...1   188.604124: block_rq_complete: 179,0 RA () 4020392 + 56 [0]
          <idle>-0     [001] ...2   188.604143: sched_switch: prev_comm=swapper/1 prev_pid=0 prev_prio=120 prev_state=R ==> next_comm=main next_pid=3325 next_prio=120
           <...>-116   [000] ...2   188.604156: sched_switch: prev_comm=mmcqd/1 prev_pid=116 prev_prio=120 prev_state=R+ ==> next_comm=kworker/0:1H next_pid=17 next_prio=100
    kworker/0:1H-17    [000] ...2   188.604168: sched_switch: prev_comm=kworker/0:1H prev_pid=17 prev_prio=100 prev_state=S ==> next_comm=mmcqd/1 next_pid=116 next_prio=120
           <...>-116   [000] ...2   188.604183: sched_switch: prev_comm=mmcqd/1 prev_pid=116 prev_prio=120 prev_state=S ==> next_comm=sh next_pid=3336 next_prio=120
           <...>-3336  [000] ...2   188.606024: sched_switch: prev_comm=sh prev_pid=3336 prev_prio=120 prev_state=S ==> next_comm=sh next_pid=3338 next_prio=120
           <...>-3338  [000] ...2   188.607238: sched_switch: prev_comm=sh prev_pid=3338 prev_prio=120 prev_state=R+ ==> next_comm=ActivityManager next_pid=768 next_prio=118
 ActivityManager-768   [000] ...2   188.607371: sched_switch: prev_comm=ActivityManager prev_pid=768 prev_prio=118 prev_state=S ==> next_comm=sh next_pid=3338 next_prio=120
           <...>-3338  [000] ...2   188.607646: sched_switch: prev_comm=sh prev_pid=3338 prev_prio=120 prev_state=R+ ==> next_comm=sh next_pid=3336 next_prio=120
           <...>-3336  [000] ...2   188.607729: sched_switch: prev_comm=sh prev_pid=3336 prev_prio=120 prev_state=S ==> next_comm=sh next_pid=3338 next_prio=120
           <...>-3338  [000] ...3   188.607756: sched_switch: prev_comm=sh prev_pid=3338 prev_prio=120 prev_state=x ==> next_comm=sh next_pid=3339 next_prio=120
           <...>-3339  [000] d..2   188.608465: block_rq_insert: 179,0 R 0 () 733808 + 32 [sh]
           <...>-3339  [000] ...2   188.608486: sched_switch: prev_comm=sh prev_pid=3339 prev_prio=120 prev_state=R+ ==> next_comm=mmcqd/1 next_pid=116 next_prio=120
           <...>-116   [000] ...2   188.608574: sched_switch: prev_comm=mmcqd/1 prev_pid=116 prev_prio=120 prev_state=S ==> next_comm=sh next_pid=3339 next_prio=120
           <...>-3339  [000] ...2   188.608587: sched_switch: prev_comm=sh prev_pid=3339 prev_prio=120 prev_state=D|W ==> next_comm=swapper/0 next_pid=0 next_prio=120
          <idle>-0     [000] ...2   188.608619: sched_switch: prev_comm=swapper/0 prev_pid=0 prev_prio=120 prev_state=R ==> next_comm=ksoftirqd/0 next_pid=3 next_prio=120
     ksoftirqd/0-3     [000] ...2   188.608634: sched_switch: prev_comm=ksoftirqd/0 prev_pid=3 prev_prio=120 prev_state=S ==> next_comm=swapper/0 next_pid=0 next_prio=120
          <idle>-0     [000] ...2   188.608661: sched_switch: prev_comm=swapper/0 prev_pid=0 prev_prio=120 prev_state=R ==> next_comm=ksoftirqd/0 next_pid=3 next_prio=120
     ksoftirqd/0-3     [000] ...2   188.608675: sched_switch: prev_comm=ksoftirqd/0 prev_pid=3 prev_prio=120 prev_state=S ==> next_comm=swapper/0 next_pid=0 next_prio=120
          <idle>-0     [000] ...2   188.608698: sched_switch: prev_comm=swapper/0 prev_pid=0 prev_prio=120 prev_state=R ==> next_comm=ksoftirqd/0 next_pid=3 next_prio=120
     ksoftirqd/0-3     [000] ...2   188.608708: sched_switch: prev_comm=ksoftirqd/0 prev_pid=3 prev_prio=120 prev_state=S ==> next_comm=swapper/0 next_pid=0 next_prio=120
          <idle>-0     [000] ...2   188.609000: sched_switch: prev_comm=swapper/0 prev_pid=0 prev_prio=120 prev_state=R ==> next_comm=mmcqd/1 next_pid=116 next_prio=120
           <...>-116   [000] ...1   188.609026: block_rq_complete: 179,0 RA () 733808 + 32 [0]
           <...>-116   [000] ...2   188.609061: sched_switch: prev_comm=mmcqd/1 prev_pid=116 prev_prio=120 prev_state=R+ ==> next_comm=kworker/0:1H next_pid=17 next_prio=100
    kworker/0:1H-17    [000] ...2   188.609074: sched_switch: prev_comm=kworker/0:1H prev_pid=17 prev_prio=100 prev_state=S ==> next_comm=mmcqd/1 next_pid=116 next_prio=120
           <...>-116   [000] ...2   188.609090: sched_switch: prev_comm=mmcqd/1 prev_pid=116 prev_prio=120 prev_state=S ==> next_comm=sh next_pid=3339 next_prio=120
           <...>-3339  [000] d..2   188.609495: block_rq_insert: 179,0 R 0 () 733968 + 136 [grep]
           <...>-3339  [000] ...2   188.609513: sched_switch: prev_comm=grep prev_pid=3339 prev_prio=120 prev_state=R+ ==> next_comm=mmcqd/1 next_pid=116 next_prio=120
           <...>-116   [000] ...2   188.609623: sched_switch: prev_comm=mmcqd/1 prev_pid=116 prev_prio=120 prev_state=S ==> next_comm=grep next_pid=3339 next_prio=120
           <...>-3339  [000] ...2   188.609633: sched_switch: prev_comm=grep prev_pid=3339 prev_prio=120 prev_state=D|W ==> next_comm=swapper/0 next_pid=0 next_prio=120
          <idle>-0     [000] ...2   188.610503: sched_switch: prev_comm=swapper/0 prev_pid=0 prev_prio=120 prev_state=R ==> next_comm=mmcqd/1 next_pid=116 next_prio=120
           <...>-116   [000] ...1   188.610561: block_rq_complete: 179,0 RA () 733968 + 136 [0]
           <...>-116   [000] ...2   188.610594: sched_switch: prev_comm=mmcqd/1 prev_pid=116 prev_prio=120 prev_state=R+ ==> next_comm=kworker/0:1H next_pid=17 next_prio=100
    kworker/0:1H-17    [000] ...2   188.610606: sched_switch: prev_comm=kworker/0:1H prev_pid=17 prev_prio=100 prev_state=S ==> next_comm=mmcqd/1 next_pid=116 next_prio=120
           <...>-116   [000] ...2   188.610620: sched_switch: prev_comm=mmcqd/1 prev_pid=116 prev_prio=120 prev_state=S ==> next_comm=grep next_pid=3339 next_prio=120
           <...>-3339  [000] d..2   188.611062: block_rq_insert: 179,0 R 0 () 733840 + 128 [grep]
           <...>-3339  [000] ...2   188.611080: sched_switch: prev_comm=grep prev_pid=3339 prev_prio=120 prev_state=R+ ==> next_comm=mmcqd/1 next_pid=116 next_prio=120
           <...>-116   [000] ...2   188.611187: sched_switch: prev_comm=mmcqd/1 prev_pid=116 prev_prio=120 prev_state=S ==> next_comm=grep next_pid=3339 next_prio=120
           <...>-3339  [000] ...2   188.612102: sched_switch: prev_comm=grep prev_pid=3339 prev_prio=120 prev_state=R+ ==> next_comm=mmcqd/1 next_pid=116 next_prio=120
           <...>-116   [000] ...1   188.612160: block_rq_complete: 179,0 RA () 733840 + 128 [0]
           <...>-116   [000] ...2   188.612189: sched_switch: prev_comm=mmcqd/1 prev_pid=116 prev_prio=120 prev_state=R+ ==> next_comm=kworker/0:1H next_pid=17 next_prio=100
    kworker/0:1H-17    [000] ...2   188.612201: sched_switch: prev_comm=kworker/0:1H prev_pid=17 prev_prio=100 prev_state=S ==> next_comm=mmcqd/1 next_pid=116 next_prio=120
           <...>-116   [000] ...2   188.612216: sched_switch: prev_comm=mmcqd/1 prev_pid=116 prev_prio=120 prev_state=S ==> next_comm=grep next_pid=3339 next_prio=120
           <...>-3325  [001] d..2   188.614614: block_rq_insert: 179,0 R 0 () 3994176 + 120 [main]
           <...>-3339  [000] ...2   188.614640: sched_switch: prev_comm=grep prev_pid=3339 prev_prio=120 prev_state=R+ ==> next_comm=mmcqd/1 next_pid=116 next_prio=120
           <...>-3325  [001] d..2   188.614711: block_rq_insert: 179,0 R 0 () 4077504 + 24 [main]
           <...>-3325  [001] ...2   188.614721: sched_switch: prev_comm=main prev_pid=3325 prev_prio=120 prev_state=D|W ==> next_comm=swapper/1 next_pid=0 next_prio=120
          <idle>-0     [001] ...2   188.614741: sched_switch: prev_comm=swapper/1 prev_pid=0 prev_prio=120 prev_state=R ==> next_comm=ksoftirqd/1 next_pid=3314 next_prio=120
           <...>-3314  [001] ...2   188.614750: sched_switch: prev_comm=ksoftirqd/1 prev_pid=3314 prev_prio=120 prev_state=S ==> next_comm=swapper/1 next_pid=0 next_prio=120
          <idle>-0     [001] ...2   188.614764: sched_switch: prev_comm=swapper/1 prev_pid=0 prev_prio=120 prev_state=R ==> next_comm=ksoftirqd/1 next_pid=3314 next_prio=120
           <...>-3314  [001] ...2   188.614770: sched_switch: prev_comm=ksoftirqd/1 prev_pid=3314 prev_prio=120 prev_state=S ==> next_comm=swapper/1 next_pid=0 next_prio=120
           <...>-116   [000] ...2   188.614777: sched_switch: prev_comm=mmcqd/1 prev_pid=116 prev_prio=120 prev_state=S ==> next_comm=grep next_pid=3339 next_prio=120
          <idle>-0     [001] ...2   188.614783: sched_switch: prev_comm=swapper/1 prev_pid=0 prev_prio=120 prev_state=R ==> next_comm=ksoftirqd/1 next_pid=3314 next_prio=120
           <...>-3314  [001] ...2   188.614789: sched_switch: prev_comm=ksoftirqd/1 prev_pid=3314 prev_prio=120 prev_state=S ==> next_comm=swapper/1 next_pid=0 next_prio=120
           <...>-3339  [000] ...2   188.615582: sched_switch: prev_comm=grep prev_pid=3339 prev_prio=120 prev_state=R ==> next_comm=mmcqd/1 next_pid=116 next_prio=120
           <...>-116   [000] ...1   188.615664: block_rq_complete: 179,0 RA () 3994176 + 120 [0]
           <...>-116   [000] ...2   188.615695: sched_switch: prev_comm=mmcqd/1 prev_pid=116 prev_prio=120 prev_state=S ==> next_comm=grep next_pid=3339 next_prio=120
           <...>-3339  [000] ...2   188.615927: sched_switch: prev_comm=grep prev_pid=3339 prev_prio=120 prev_state=R ==> next_comm=mmcqd/1 next_pid=116 next_prio=120
           <...>-116   [000] ...1   188.615950: block_rq_complete: 179,0 RA () 4077504 + 24 [0]
          <idle>-0     [001] ...2   188.615970: sched_switch: prev_comm=swapper/1 prev_pid=0 prev_prio=120 prev_state=R ==> next_comm=main next_pid=3325 next_prio=120
           <...>-116   [000] ...2   188.615982: sched_switch: prev_comm=mmcqd/1 prev_pid=116 prev_prio=120 prev_state=R+ ==> next_comm=kworker/0:1H next_pid=17 next_prio=100
    kworker/0:1H-17    [000] ...2   188.615995: sched_switch: prev_comm=kworker/0:1H prev_pid=17 prev_prio=100 prev_state=S ==> next_comm=mmcqd/1 next_pid=116 next_prio=120
           <...>-116   [000] ...2   188.616012: sched_switch: prev_comm=mmcqd/1 prev_pid=116 prev_prio=120 prev_state=S ==> next_comm=grep next_pid=3339 next_prio=120
           <...>-3325  [001] d..2   188.616216: block_rq_insert: 179,0 R 0 () 4079680 + 16 [main]
           <...>-3325  [001] d..2   188.616220: block_rq_insert: 179,0 R 0 () 4079712 + 8 [main]
           <...>-3325  [001] d..2   188.616222: block_rq_insert: 179,0 R 0 () 4079728 + 8 [main]
           <...>-3339  [000] ...2   188.616234: sched_switch: prev_comm=grep prev_pid=3339 prev_prio=120 prev_state=R ==> next_comm=mmcqd/1 next_pid=116 next_prio=120
           <...>-116   [000] ...2   188.616308: sched_switch: prev_comm=mmcqd/1 prev_pid=116 prev_prio=120 prev_state=S ==> next_comm=grep next_pid=3339 next_prio=120
           <...>-3325  [001] d..2   188.616567: block_rq_insert: 179,0 R 0 () 4026240 + 32 [main]
           <...>-3325  [001] d..2   188.616570: block_rq_insert: 179,0 R 0 () 4026288 + 16 [main]
           <...>-3325  [001] d..2   188.616572: block_rq_insert: 179,0 R 0 () 4026360 + 16 [main]
           <...>-3339  [000] ...2   188.616577: sched_switch: prev_comm=grep prev_pid=3339 prev_prio=120 prev_state=R ==> next_comm=mmcqd/1 next_pid=116 next_prio=120
           <...>-3325  [001] ...2   188.616586: sched_switch: prev_comm=main prev_pid=3325 prev_prio=120 prev_state=D|W ==> next_comm=swapper/1 next_pid=0 next_prio=120
           <...>-116   [000] ...1   188.616621: block_rq_complete: 179,0 RA () 4079680 + 16 [0]
           <...>-116   [000] ...2   188.616653: sched_switch: prev_comm=mmcqd/1 prev_pid=116 prev_prio=120 prev_state=S ==> next_comm=grep next_pid=3339 next_prio=120
           <...>-3339  [000] ...2   188.616868: sched_switch: prev_comm=grep prev_pid=3339 prev_prio=120 prev_state=R ==> next_comm=mmcqd/1 next_pid=116 next_prio=120
           <...>-116   [000] ...1   188.616907: block_rq_complete: 179,0 RA () 4079712 + 8 [0]
           <...>-116   [000] ...2   188.616947: sched_switch: prev_comm=mmcqd/1 prev_pid=116 prev_prio=120 prev_state=S ==> next_comm=grep next_pid=3339 next_prio=120
           <...>-3339  [000] ...2   188.617198: sched_switch: prev_comm=grep prev_pid=3339 prev_prio=120 prev_state=R ==> next_comm=mmcqd/1 next_pid=116 next_prio=120
           <...>-116   [000] ...1   188.617237: block_rq_complete: 179,0 RA () 4079728 + 8 [0]
           <...>-116   [000] ...2   188.617271: sched_switch: prev_comm=mmcqd/1 prev_pid=116 prev_prio=120 prev_state=S ==> next_comm=grep next_pid=3339 next_prio=120
           <...>-3339  [000] ...2   188.617577: sched_switch: prev_comm=grep prev_pid=3339 prev_prio=120 prev_state=R ==> next_comm=mmcqd/1 next_pid=116 next_prio=120
           <...>-116   [000] ...1   188.617624: block_rq_complete: 179,0 RA () 4026240 + 32 [0]
           <...>-116   [000] ...2   188.617658: sched_switch: prev_comm=mmcqd/1 prev_pid=116 prev_prio=120 prev_state=S ==> next_comm=grep next_pid=3339 next_prio=120
           <...>-3339  [000] ...2   188.617878: sched_switch: prev_comm=grep prev_pid=3339 prev_prio=120 prev_state=R ==> next_comm=mmcqd/1 next_pid=116 next_prio=120
           <...>-116   [000] ...1   188.617920: block_rq_complete: 179,0 RA () 4026288 + 16 [0]
           <...>-116   [000] ...2   188.617939: sched_switch: prev_comm=mmcqd/1 prev_pid=116 prev_prio=120 prev_state=S ==> next_comm=grep next_pid=3339 next_prio=120
           <...>-3339  [000] ...2   188.618349: sched_switch: prev_comm=grep prev_pid=3339 prev_prio=120 prev_state=R+ ==> next_comm=mmcqd/1 next_pid=116 next_prio=120
           <...>-116   [000] ...1   188.618368: block_rq_complete: 179,0 RA () 4026360 + 16 [0]
          <idle>-0     [001] ...2   188.618386: sched_switch: prev_comm=swapper/1 prev_pid=0 prev_prio=120 prev_state=R ==> next_comm=main next_pid=3325 next_prio=120
           <...>-116   [000] ...2   188.618398: sched_switch: prev_comm=mmcqd/1 prev_pid=116 prev_prio=120 prev_state=R+ ==> next_comm=kworker/0:1H next_pid=17 next_prio=100
    kworker/0:1H-17    [000] ...2   188.618409: sched_switch: prev_comm=kworker/0:1H prev_pid=17 prev_prio=100 prev_state=S ==> next_comm=mmcqd/1 next_pid=116 next_prio=120
           <...>-116   [000] ...2   188.618425: sched_switch: prev_comm=mmcqd/1 prev_pid=116 prev_prio=120 prev_state=S ==> next_comm=grep next_pid=3339 next_prio=120
           <...>-3325  [001] d..2   188.619419: block_rq_insert: 179,0 R 0 () 4028944 + 256 [main]
           <...>-3339  [000] ...2   188.619435: sched_switch: prev_comm=grep prev_pid=3339 prev_prio=120 prev_state=R ==> next_comm=mmcqd/1 next_pid=116 next_prio=120
           <...>-116   [000] ...2   188.619598: sched_switch: prev_comm=mmcqd/1 prev_pid=116 prev_prio=120 prev_state=S ==> next_comm=grep next_pid=3339 next_prio=120
           <...>-3325  [001] d..2   188.619790: block_rq_insert: 179,0 R 0 () 4026808 + 8 [main]
           <...>-3339  [000] ...2   188.619803: sched_switch: prev_comm=grep prev_pid=3339 prev_prio=120 prev_state=R ==> next_comm=mmcqd/1 next_pid=116 next_prio=120
           <...>-3325  [001] ...2   188.619808: sched_switch: prev_comm=main prev_pid=3325 prev_prio=120 prev_state=D|W ==> next_comm=swapper/1 next_pid=0 next_prio=120
           <...>-116   [000] ...2   188.619829: sched_switch: prev_comm=mmcqd/1 prev_pid=116 prev_prio=120 prev_state=S ==> next_comm=grep next_pid=3339 next_prio=120
          <idle>-0     [001] ...2   188.621061: sched_switch: prev_comm=swapper/1 prev_pid=0 prev_prio=120 prev_state=R ==> next_comm=kworker/u:1 next_pid=21 next_prio=120
     kworker/u:1-21    [001] ...2   188.621080: sched_switch: prev_comm=kworker/u:1 prev_pid=21 prev_prio=120 prev_state=S ==> next_comm=ksoftirqd/1 next_pid=3314 next_prio=120
           <...>-3314  [001] ...2   188.621091: sched_switch: prev_comm=ksoftirqd/1 prev_pid=3314 prev_prio=120 prev_state=S ==> next_comm=swapper/1 next_pid=0 next_prio=120
          <idle>-0     [001] ...2   188.621107: sched_switch: prev_comm=swapper/1 prev_pid=0 prev_prio=120 prev_state=R ==> next_comm=ksoftirqd/1 next_pid=3314 next_prio=120
           <...>-3314  [001] ...2   188.621122: sched_switch: prev_comm=ksoftirqd/1 prev_pid=3314 prev_prio=120 prev_state=S ==> next_comm=mmcqd/1 next_pid=116 next_prio=120
           <...>-3339  [000] ...2   188.621194: sched_switch: prev_comm=grep prev_pid=3339 prev_prio=120 prev_state=R ==> next_comm=mpdecision next_pid=1599 next_prio=113
           <...>-116   [001] ...1   188.621195: block_rq_complete: 179,0 RA () 4028944 + 256 [0]
           <...>-116   [001] ...2   188.621219: sched_switch: prev_comm=mmcqd/1 prev_pid=116 prev_prio=120 prev_state=S ==> next_comm=swapper/1 next_pid=0 next_prio=120
          <idle>-0     [001] ...2   188.621234: sched_switch: prev_comm=swapper/1 prev_pid=0 prev_prio=120 prev_state=R ==> next_comm=ksoftirqd/1 next_pid=3314 next_prio=120
           <...>-3314  [001] ...2   188.621242: sched_switch: prev_comm=ksoftirqd/1 prev_pid=3314 prev_prio=120 prev_state=S ==> next_comm=swapper/1 next_pid=0 next_prio=120
          <idle>-0     [001] ...2   188.621388: sched_switch: prev_comm=swapper/1 prev_pid=0 prev_prio=120 prev_state=R ==> next_comm=mmcqd/1 next_pid=116 next_prio=120
           <...>-116   [001] ...1   188.621399: block_rq_complete: 179,0 RA () 4026808 + 8 [0]
           <...>-116   [001] ...2   188.621416: sched_switch: prev_comm=mmcqd/1 prev_pid=116 prev_prio=120 prev_state=R+ ==> next_comm=kworker/1:0H next_pid=3313 next_prio=100
           <...>-3313  [001] ...2   188.621423: sched_switch: prev_comm=kworker/1:0H prev_pid=3313 prev_prio=100 prev_state=S ==> next_comm=mmcqd/1 next_pid=116 next_prio=120
           <...>-116   [001] ...2   188.621433: sched_switch: prev_comm=mmcqd/1 prev_pid=116 prev_prio=120 prev_state=S ==> next_comm=main next_pid=3325 next_prio=120
      mpdecision-1599  [000] ...2   188.621622: sched_switch: prev_comm=mpdecision prev_pid=1599 prev_prio=113 prev_state=S ==> next_comm=grep next_pid=3339 next_prio=120
           <...>-3339  [000] d..2   188.622448: block_rq_insert: 179,0 R 0 () 1189296 + 16 [grep]
           <...>-3339  [000] d..2   188.622456: block_rq_insert: 179,0 R 0 () 1189368 + 24 [grep]
           <...>-3339  [000] d..2   188.622460: block_rq_insert: 179,0 R 0 () 1189464 + 8 [grep]
           <...>-3325  [001] ...2   188.622478: sched_switch: prev_comm=main prev_pid=3325 prev_prio=120 prev_state=R+ ==> next_comm=mmcqd/1 next_pid=116 next_prio=120
           <...>-3339  [000] ...2   188.622491: sched_switch: prev_comm=grep prev_pid=3339 prev_prio=120 prev_state=D|W ==> next_comm=swapper/0 next_pid=0 next_prio=120
          <idle>-0     [000] ...2   188.622535: sched_switch: prev_comm=swapper/0 prev_pid=0 prev_prio=120 prev_state=R ==> next_comm=ksoftirqd/0 next_pid=3 next_prio=120
           <...>-116   [001] ...2   188.622536: sched_switch: prev_comm=mmcqd/1 prev_pid=116 prev_prio=120 prev_state=S ==> next_comm=main next_pid=3325 next_prio=120
     ksoftirqd/0-3     [000] ...2   188.622544: sched_switch: prev_comm=ksoftirqd/0 prev_pid=3 prev_prio=120 prev_state=S ==> next_comm=swapper/0 next_pid=0 next_prio=120
          <idle>-0     [000] ...2   188.622570: sched_switch: prev_comm=swapper/0 prev_pid=0 prev_prio=120 prev_state=R ==> next_comm=ksoftirqd/0 next_pid=3 next_prio=120
     ksoftirqd/0-3     [000] ...2   188.622581: sched_switch: prev_comm=ksoftirqd/0 prev_pid=3 prev_prio=120 prev_state=S ==> next_comm=swapper/0 next_pid=0 next_prio=120
          <idle>-0     [000] ...2   188.622605: sched_switch: prev_comm=swapper/0 prev_pid=0 prev_prio=120 prev_state=R ==> next_comm=ksoftirqd/0 next_pid=3 next_prio=120
     ksoftirqd/0-3     [000] ...2   188.622616: sched_switch: prev_comm=ksoftirqd/0 prev_pid=3 prev_prio=120 prev_state=S ==> next_comm=swapper/0 next_pid=0 next_prio=120
          <idle>-0     [000] ...2   188.622820: sched_switch: prev_comm=swapper/0 prev_pid=0 prev_prio=120 prev_state=R ==> next_comm=mmcqd/1 next_pid=116 next_prio=120
           <...>-116   [000] ...1   188.622868: block_rq_complete: 179,0 RA () 1189296 + 16 [0]
           <...>-116   [000] ...2   188.622904: sched_switch: prev_comm=mmcqd/1 prev_pid=116 prev_prio=120 prev_state=S ==> next_comm=swapper/0 next_pid=0 next_prio=120
          <idle>-0     [000] ...2   188.623344: sched_switch: prev_comm=swapper/0 prev_pid=0 prev_prio=120 prev_state=R ==> next_comm=mmcqd/1 next_pid=116 next_prio=120
           <...>-116   [000] ...1   188.623392: block_rq_complete: 179,0 RA () 1189368 + 24 [0]
           <...>-116   [000] ...2   188.623422: sched_switch: prev_comm=mmcqd/1 prev_pid=116 prev_prio=120 prev_state=S ==> next_comm=grep next_pid=3339 next_prio=120
           <...>-3339  [000] ...2   188.623635: sched_switch: prev_comm=grep prev_pid=3339 prev_prio=120 prev_state=R+ ==> next_comm=mmcqd/1 next_pid=116 next_prio=120
           <...>-116   [000] ...1   188.623652: block_rq_complete: 179,0 RA () 1189464 + 8 [0]
           <...>-116   [000] ...2   188.623676: sched_switch: prev_comm=mmcqd/1 prev_pid=116 prev_prio=120 prev_state=R+ ==> next_comm=kworker/0:1H next_pid=17 next_prio=100
    kworker/0:1H-17    [000] ...2   188.623689: sched_switch: prev_comm=kworker/0:1H prev_pid=17 prev_prio=100 prev_state=S ==> next_comm=mmcqd/1 next_pid=116 next_prio=120
           <...>-116   [000] ...2   188.623707: sched_switch: prev_comm=mmcqd/1 prev_pid=116 prev_prio=120 prev_state=S ==> next_comm=grep next_pid=3339 next_prio=120
           <...>-3325  [001] d..2   188.624063: block_rq_insert: 179,0 R 0 () 4008664 + 16 [main]
           <...>-3325  [001] d..2   188.624067: block_rq_insert: 179,0 R 0 () 4008712 + 8 [main]
           <...>-3339  [000] ...2   188.624081: sched_switch: prev_comm=grep prev_pid=3339 prev_prio=120 prev_state=R+ ==> next_comm=mmcqd/1 next_pid=116 next_prio=120
           <...>-3325  [001] ...2   188.624087: sched_switch: prev_comm=main prev_pid=3325 prev_prio=120 prev_state=D|W ==> next_comm=swapper/1 next_pid=0 next_prio=120
           <...>-116   [000] ...2   188.624159: sched_switch: prev_comm=mmcqd/1 prev_pid=116 prev_prio=120 prev_state=S ==> next_comm=grep next_pid=3339 next_prio=120
           <...>-3339  [000] ...2   188.624254: sched_switch: prev_comm=grep prev_pid=3339 prev_prio=120 prev_state=R+ ==> next_comm=sh next_pid=3336 next_prio=120
           <...>-3336  [000] ...3   188.625029: sched_switch: prev_comm=sh prev_pid=3336 prev_prio=120 prev_state=x ==> next_comm=mmcqd/1 next_pid=116 next_prio=120
           <...>-116   [000] ...1   188.625075: block_rq_complete: 179,0 RA () 4008664 + 16 [0]
          <idle>-0     [001] ...2   188.625093: sched_switch: prev_comm=swapper/1 prev_pid=0 prev_prio=120 prev_state=R ==> next_comm=main next_pid=3325 next_prio=120
           <...>-116   [000] ...2   188.625103: sched_switch: prev_comm=mmcqd/1 prev_pid=116 prev_prio=120 prev_state=S ==> next_comm=adbd next_pid=781 next_prio=120
            adbd-781   [000] ...2   188.625496: sched_switch: prev_comm=adbd prev_pid=781 prev_prio=120 prev_state=S ==> next_comm=adbd next_pid=3337 next_prio=120
           <...>-3337  [000] ...3   188.625648: sched_switch: prev_comm=adbd prev_pid=3337 prev_prio=120 prev_state=x ==> next_comm=adbd next_pid=783 next_prio=120
            adbd-783   [000] ...2   188.625733: sched_switch: prev_comm=adbd prev_pid=783 prev_prio=120 prev_state=S ==> next_comm=kworker/0:0 next_pid=4 next_prio=120
     kworker/0:0-4     [000] ...2   188.625749: sched_switch: prev_comm=kworker/0:0 prev_pid=4 prev_prio=120 prev_state=S ==> next_comm=mmcqd/1 next_pid=116 next_prio=120
           <...>-116   [000] ...1   188.625767: block_rq_complete: 179,0 RA () 4008712 + 8 [0]
           <...>-116   [000] ...2   188.625789: sched_switch: prev_comm=mmcqd/1 prev_pid=116 prev_prio=120 prev_state=R+ ==> next_comm=kworker/0:1H next_pid=17 next_prio=100
    kworker/0:1H-17    [000] ...2   188.625807: sched_switch: prev_comm=kworker/0:1H prev_pid=17 prev_prio=100 prev_state=S ==> next_comm=mmcqd/1 next_pid=116 next_prio=120
           <...>-116   [000] ...2   188.625825: sched_switch: prev_comm=mmcqd/1 prev_pid=116 prev_prio=120 prev_state=S ==> next_comm=adbd next_pid=781 next_prio=120
            adbd-781   [000] ...2   188.626039: sched_switch: prev_comm=adbd prev_pid=781 prev_prio=120 prev_state=S ==> next_comm=adbd next_pid=784 next_prio=120
            adbd-784   [000] ...2   188.626100: sched_switch: prev_comm=adbd prev_pid=784 prev_prio=120 prev_state=S ==> next_comm=adbd next_pid=781 next_prio=120
            adbd-781   [000] ...2   188.626278: sched_switch: prev_comm=adbd prev_pid=781 prev_prio=120 prev_state=S ==> next_comm=adbd next_pid=783 next_prio=120
            adbd-783   [000] ...2   188.626287: sched_switch: prev_comm=adbd prev_pid=783 prev_prio=120 prev_state=S ==> next_comm=grep next_pid=3339 next_prio=120
           <...>-3339  [000] ...2   188.626303: sched_switch: prev_comm=grep prev_pid=3339 prev_prio=120 prev_state=R+ ==> next_comm=kworker/0:0 next_pid=4 next_prio=120
     kworker/0:0-4     [000] ...2   188.626315: sched_switch: prev_comm=kworker/0:0 prev_pid=4 prev_prio=120 prev_state=S ==> next_comm=grep next_pid=3339 next_prio=120
           <...>-3339  [000] ...3   188.626324: sched_switch: prev_comm=grep prev_pid=3339 prev_prio=120 prev_state=x ==> next_comm=swapper/0 next_pid=0 next_prio=120
          <idle>-0     [000] ...2   188.628356: sched_switch: prev_comm=swapper/0 prev_pid=0 prev_prio=120 prev_state=R ==> next_comm=main next_pid=3340 next_prio=120
           <...>-3340  [000] ...2   188.628367: sched_switch: prev_comm=main prev_pid=3340 prev_prio=120 prev_state=R ==> next_comm=logcat next_pid=797 next_prio=120
           <...>-797   [000] ...2   188.628551: sched_switch: prev_comm=logcat prev_pid=797 prev_prio=120 prev_state=S ==> next_comm=kworker/0:0 next_pid=4 next_prio=120
     kworker/0:0-4     [000] ...2   188.628576: sched_switch: prev_comm=kworker/0:0 prev_pid=4 prev_prio=120 prev_state=S ==> next_comm=adbd next_pid=781 next_prio=120
           <...>-3325  [001] d..2   188.628603: block_rq_insert: 179,0 R 0 () 4008840 + 8 [main]
           <...>-3325  [001] d..2   188.628608: block_rq_insert: 179,0 R 0 () 4008920 + 48 [main]
           <...>-3325  [001] ...2   188.628621: sched_switch: prev_comm=main prev_pid=3325 prev_prio=120 prev_state=R+ ==> next_comm=mmcqd/1 next_pid=116 next_prio=120
           <...>-116   [001] ...2   188.628684: sched_switch: prev_comm=mmcqd/1 prev_pid=116 prev_prio=120 prev_state=S ==> next_comm=main next_pid=3325 next_prio=120
           <...>-3325  [001] ...2   188.628697: sched_switch: prev_comm=main prev_pid=3325 prev_prio=120 prev_state=D|W ==> next_comm=swapper/1 next_pid=0 next_prio=120
            adbd-781   [000] ...2   188.628810: sched_switch: prev_comm=adbd prev_pid=781 prev_prio=120 prev_state=S ==> next_comm=adbd next_pid=783 next_prio=120
          <idle>-0     [001] ...2   188.628914: sched_switch: prev_comm=swapper/1 prev_pid=0 prev_prio=120 prev_state=R ==> next_comm=mmcqd/1 next_pid=116 next_prio=120
            adbd-783   [000] ...2   188.628927: sched_switch: prev_comm=adbd prev_pid=783 prev_prio=120 prev_state=S ==> next_comm=main next_pid=3340 next_prio=120
           <...>-116   [001] ...1   188.628937: block_rq_complete: 179,0 RA () 4008840 + 8 [0]
           <...>-116   [001] ...2   188.628956: sched_switch: prev_comm=mmcqd/1 prev_pid=116 prev_prio=120 prev_state=S ==> next_comm=main next_pid=3325 next_prio=120
           <...>-3325  [001] ...2   188.628964: sched_switch: prev_comm=main prev_pid=3325 prev_prio=120 prev_state=D ==> next_comm=swapper/1 next_pid=0 next_prio=120
          <idle>-0     [001] ...2   188.628998: sched_switch: prev_comm=swapper/1 prev_pid=0 prev_prio=120 prev_state=R ==> next_comm=main next_pid=3325 next_prio=120
           <...>-3325  [001] d..2   188.629178: block_rq_insert: 179,0 R 0 () 4123736 + 8 [main]
           <...>-3340  [000] ...2   188.629178: sched_switch: prev_comm=Binder_1 prev_pid=3340 prev_prio=120 prev_state=D ==> next_comm=swapper/0 next_pid=0 next_prio=120
           <...>-3325  [001] d..2   188.629181: block_rq_insert: 179,0 R 0 () 4123816 + 32 [main]
           <...>-3325  [001] ...2   188.629194: sched_switch: prev_comm=main prev_pid=3325 prev_prio=120 prev_state=R+ ==> next_comm=mmcqd/1 next_pid=116 next_prio=120
          <idle>-0     [000] ...2   188.629206: sched_switch: prev_comm=swapper/0 prev_pid=0 prev_prio=120 prev_state=R ==> next_comm=Binder_1 next_pid=3340 next_prio=120
           <...>-116   [001] ...2   188.629209: sched_switch: prev_comm=mmcqd/1 prev_pid=116 prev_prio=120 prev_state=S ==> next_comm=main next_pid=3325 next_prio=120
           <...>-3325  [001] ...2   188.629218: sched_switch: prev_comm=main prev_pid=3325 prev_prio=120 prev_state=D|W ==> next_comm=swapper/1 next_pid=0 next_prio=120
           <...>-3340  [000] ...2   188.629259: sched_switch: prev_comm=Binder_1 prev_pid=3340 prev_prio=120 prev_state=R+ ==> next_comm=adbd next_pid=784 next_prio=120
            adbd-784   [000] ...2   188.629311: sched_switch: prev_comm=adbd prev_pid=784 prev_prio=120 prev_state=S ==> next_comm=adbd next_pid=781 next_prio=120
          <idle>-0     [001] ...2   188.629508: sched_switch: prev_comm=swapper/1 prev_pid=0 prev_prio=120 prev_state=R ==> next_comm=mmcqd/1 next_pid=116 next_prio=120
           <...>-116   [001] ...1   188.629537: block_rq_complete: 179,0 RA () 4008920 + 48 [0]
            adbd-781   [000] ...2   188.629549: sched_switch: prev_comm=adbd prev_pid=781 prev_prio=120 prev_state=S ==> next_comm=adbd next_pid=783 next_prio=120
            adbd-783   [000] ...2   188.629560: sched_switch: prev_comm=adbd prev_pid=783 prev_prio=120 prev_state=S ==> next_comm=Binder_1 next_pid=3340 next_prio=120
           <...>-116   [001] ...2   188.629563: sched_switch: prev_comm=mmcqd/1 prev_pid=116 prev_prio=120 prev_state=S ==> next_comm=swapper/1 next_pid=0 next_prio=120
          <idle>-0     [001] ...2   188.629786: sched_switch: prev_comm=swapper/1 prev_pid=0 prev_prio=120 prev_state=R ==> next_comm=mmcqd/1 next_pid=116 next_prio=120
           <...>-116   [001] ...1   188.629806: block_rq_complete: 179,0 RA () 4123736 + 8 [0]
           <...>-116   [001] ...2   188.629819: sched_switch: prev_comm=mmcqd/1 prev_pid=116 prev_prio=120 prev_state=S ==> next_comm=swapper/1 next_pid=0 next_prio=120
          <idle>-0     [001] ...2   188.630207: sched_switch: prev_comm=swapper/1 prev_pid=0 prev_prio=120 prev_state=R ==> next_comm=mmcqd/1 next_pid=116 next_prio=120
           <...>-116   [001] ...1   188.630221: block_rq_complete: 179,0 RA () 4123816 + 32 [0]
           <...>-116   [001] ...2   188.630240: sched_switch: prev_comm=mmcqd/1 prev_pid=116 prev_prio=120 prev_state=R+ ==> next_comm=kworker/1:0H next_pid=3313 next_prio=100
           <...>-3313  [001] ...2   188.630248: sched_switch: prev_comm=kworker/1:0H prev_pid=3313 prev_prio=100 prev_state=S ==> next_comm=mmcqd/1 next_pid=116 next_prio=120
           <...>-116   [001] ...2   188.630259: sched_switch: prev_comm=mmcqd/1 prev_pid=116 prev_prio=120 prev_state=S ==> next_comm=main next_pid=3325 next_prio=120
           <...>-3325  [001] d..2   188.630298: block_rq_insert: 179,0 R 0 () 4084528 + 24 [main]
           <...>-3325  [001] ...2   188.630308: sched_switch: prev_comm=main prev_pid=3325 prev_prio=120 prev_state=R+ ==> next_comm=mmcqd/1 next_pid=116 next_prio=120
           <...>-116   [001] ...2   188.630344: sched_switch: prev_comm=mmcqd/1 prev_pid=116 prev_prio=120 prev_state=S ==> next_comm=main next_pid=3325 next_prio=120
           <...>-3325  [001] ...2   188.630351: sched_switch: prev_comm=main prev_pid=3325 prev_prio=120 prev_state=D|W ==> next_comm=swapper/1 next_pid=0 next_prio=120
          <idle>-0     [001] ...2   188.630484: sched_switch: prev_comm=swapper/1 prev_pid=0 prev_prio=120 prev_state=R ==> next_comm=Binder_1 next_pid=3341 next_prio=120
           <...>-3340  [000] ...2   188.630510: sched_switch: prev_comm=Binder_1 prev_pid=3340 prev_prio=120 prev_state=S ==> next_comm=swapper/0 next_pid=0 next_prio=120
          <idle>-0     [000] ...2   188.630727: sched_switch: prev_comm=swapper/0 prev_pid=0 prev_prio=120 prev_state=R ==> next_comm=mmcqd/1 next_pid=116 next_prio=120
           <...>-116   [000] ...1   188.630750: block_rq_complete: 179,0 RA () 4084528 + 24 [0]
           <...>-3341  [001] ...2   188.630764: sched_switch: prev_comm=Binder_2 prev_pid=3341 prev_prio=120 prev_state=R+ ==> next_comm=main next_pid=3325 next_prio=120
           <...>-116   [000] ...2   188.630784: sched_switch: prev_comm=mmcqd/1 prev_pid=116 prev_prio=120 prev_state=R+ ==> next_comm=kworker/0:1H next_pid=17 next_prio=100
    kworker/0:1H-17    [000] ...2   188.630798: sched_switch: prev_comm=kworker/0:1H prev_pid=17 prev_prio=100 prev_state=S ==> next_comm=mmcqd/1 next_pid=116 next_prio=120
           <...>-116   [000] ...2   188.630825: sched_switch: prev_comm=mmcqd/1 prev_pid=116 prev_prio=120 prev_state=S ==> next_comm=servicemanager next_pid=170 next_prio=120
           <...>-3325  [001] ...2   188.630825: sched_switch: prev_comm=main prev_pid=3325 prev_prio=120 prev_state=S ==> next_comm=Binder_2 next_pid=3341 next_prio=120
           <...>-3341  [001] ...2   188.630858: sched_switch: prev_comm=Binder_2 prev_pid=3341 prev_prio=120 prev_state=R+ ==> next_comm=main next_pid=3325 next_prio=120
  servicemanager-170   [000] ...2   188.630893: sched_switch: prev_comm=servicemanager prev_pid=170 prev_prio=120 prev_state=S ==> next_comm=swapper/0 next_pid=0 next_prio=120
           <...>-3325  [001] ...2   188.631051: sched_switch: prev_comm=main prev_pid=3325 prev_prio=120 prev_state=S ==> next_comm=Binder_2 next_pid=3341 next_prio=120
          <idle>-0     [000] ...2   188.631063: sched_switch: prev_comm=swapper/0 prev_pid=0 prev_prio=120 prev_state=R ==> next_comm=ksoftirqd/0 next_pid=3 next_prio=120
     ksoftirqd/0-3     [000] ...2   188.631108: sched_switch: prev_comm=ksoftirqd/0 prev_pid=3 prev_prio=120 prev_state=S ==> next_comm=servicemanager next_pid=170 next_prio=120
           <...>-3341  [001] ...2   188.631235: sched_switch: prev_comm=Binder_2 prev_pid=3341 prev_prio=120 prev_state=S ==> next_comm=swapper/1 next_pid=0 next_prio=120
          <idle>-0     [001] ...2   188.631256: sched_switch: prev_comm=swapper/1 prev_pid=0 prev_prio=120 prev_state=R ==> next_comm=ksoftirqd/1 next_pid=3314 next_prio=120
           <...>-3314  [001] ...2   188.631264: sched_switch: prev_comm=ksoftirqd/1 prev_pid=3314 prev_prio=120 prev_state=S ==> next_comm=main next_pid=3325 next_prio=120
           <...>-3325  [001] ...2   188.631278: sched_switch: prev_comm=main prev_pid=3325 prev_prio=120 prev_state=D ==> next_comm=swapper/1 next_pid=0 next_prio=120
          <idle>-0     [001] ...2   188.631293: sched_switch: prev_comm=swapper/1 prev_pid=0 prev_prio=120 prev_state=R ==> next_comm=ksoftirqd/1 next_pid=3314 next_prio=120
  servicemanager-170   [000] ...2   188.631299: sched_switch: prev_comm=servicemanager prev_pid=170 prev_prio=120 prev_state=S ==> next_comm=swapper/0 next_pid=0 next_prio=120
           <...>-3314  [001] ...2   188.631302: sched_switch: prev_comm=ksoftirqd/1 prev_pid=3314 prev_prio=120 prev_state=S ==> next_comm=main next_pid=3325 next_prio=120
          <idle>-0     [000] ...2   188.631322: sched_switch: prev_comm=swapper/0 prev_pid=0 prev_prio=120 prev_state=R ==> next_comm=ksoftirqd/0 next_pid=3 next_prio=120
     ksoftirqd/0-3     [000] ...2   188.631396: sched_switch: prev_comm=ksoftirqd/0 prev_pid=3 prev_prio=120 prev_state=S ==> next_comm=swapper/0 next_pid=0 next_prio=120
          <idle>-0     [000] ...2   188.631420: sched_switch: prev_comm=swapper/0 prev_pid=0 prev_prio=120 prev_state=R ==> next_comm=ksoftirqd/0 next_pid=3 next_prio=120
     ksoftirqd/0-3     [000] ...2   188.631431: sched_switch: prev_comm=ksoftirqd/0 prev_pid=3 prev_prio=120 prev_state=S ==> next_comm=swapper/0 next_pid=0 next_prio=120
           <...>-3325  [001] d..2   188.632089: block_rq_insert: 179,0 R 0 () 4052264 + 8 [main]
           <...>-3325  [001] d..2   188.632093: block_rq_insert: 179,0 R 0 () 4052304 + 8 [main]
           <...>-3325  [001] d..2   188.632095: block_rq_insert: 179,0 R 0 () 4052400 + 32 [main]
           <...>-3325  [001] ...2   188.632109: sched_switch: prev_comm=main prev_pid=3325 prev_prio=120 prev_state=D|W ==> next_comm=kworker/1:1 next_pid=3321 next_prio=120
          <idle>-0     [000] ...2   188.632116: sched_switch: prev_comm=swapper/0 prev_pid=0 prev_prio=120 prev_state=R ==> next_comm=mmcqd/1 next_pid=116 next_prio=120
           <...>-3321  [001] ...2   188.632124: sched_switch: prev_comm=kworker/1:1 prev_pid=3321 prev_prio=120 prev_state=S ==> next_comm=swapper/1 next_pid=0 next_prio=120
          <idle>-0     [001] ...2   188.632138: sched_switch: prev_comm=swapper/1 prev_pid=0 prev_prio=120 prev_state=R ==> next_comm=ksoftirqd/1 next_pid=3314 next_prio=120
           <...>-3314  [001] ...2   188.632148: sched_switch: prev_comm=ksoftirqd/1 prev_pid=3314 prev_prio=120 prev_state=S ==> next_comm=swapper/1 next_pid=0 next_prio=120
           <...>-116   [000] ...2   188.632204: sched_switch: prev_comm=mmcqd/1 prev_pid=116 prev_prio=120 prev_state=S ==> next_comm=adbd next_pid=781 next_prio=120
            adbd-781   [000] ...2   188.632437: sched_switch: prev_comm=adbd prev_pid=781 prev_prio=120 prev_state=S ==> next_comm=adbd next_pid=783 next_prio=120
            adbd-783   [000] ...2   188.632531: sched_switch: prev_comm=adbd prev_pid=783 prev_prio=120 prev_state=S ==> next_comm=swapper/0 next_pid=0 next_prio=120
          <idle>-0     [000] ...2   188.632594: sched_switch: prev_comm=swapper/0 prev_pid=0 prev_prio=120 prev_state=R ==> next_comm=mmcqd/1 next_pid=116 next_prio=120
           <...>-116   [000] ...1   188.632644: block_rq_complete: 179,0 RA () 4052400 + 32 [0]
           <...>-116   [000] ...2   188.632676: sched_switch: prev_comm=mmcqd/1 prev_pid=116 prev_prio=120 prev_state=S ==> next_comm=swapper/0 next_pid=0 next_prio=120
          <idle>-0     [000] ...2   188.632909: sched_switch: prev_comm=swapper/0 prev_pid=0 prev_prio=120 prev_state=R ==> next_comm=adbd next_pid=784 next_prio=120
            adbd-784   [000] ...2   188.632959: sched_switch: prev_comm=adbd prev_pid=784 prev_prio=120 prev_state=S ==> next_comm=adbd next_pid=781 next_prio=120
            adbd-781   [000] ...2   188.633139: sched_switch: prev_comm=adbd prev_pid=781 prev_prio=120 prev_state=S ==> next_comm=adbd next_pid=783 next_prio=120
            adbd-783   [000] ...2   188.633148: sched_switch: prev_comm=adbd prev_pid=783 prev_prio=120 prev_state=S ==> next_comm=mmcqd/1 next_pid=116 next_prio=120
           <...>-116   [000] ...1   188.633189: block_rq_complete: 179,0 RA () 4052304 + 8 [0]
          <idle>-0     [001] ...2   188.633207: sched_switch: prev_comm=swapper/1 prev_pid=0 prev_prio=120 prev_state=R ==> next_comm=main next_pid=3325 next_prio=120
           <...>-116   [000] ...2   188.633215: sched_switch: prev_comm=mmcqd/1 prev_pid=116 prev_prio=120 prev_state=S ==> next_comm=swapper/0 next_pid=0 next_prio=120
          <idle>-0     [000] ...2   188.633432: sched_switch: prev_comm=swapper/0 prev_pid=0 prev_prio=120 prev_state=R ==> next_comm=mmcqd/1 next_pid=116 next_prio=120
           <...>-116   [000] ...1   188.633448: block_rq_complete: 179,0 RA () 4052264 + 8 [0]
           <...>-116   [000] ...2   188.633470: sched_switch: prev_comm=mmcqd/1 prev_pid=116 prev_prio=120 prev_state=R+ ==> next_comm=kworker/0:1H next_pid=17 next_prio=100
    kworker/0:1H-17    [000] ...2   188.633482: sched_switch: prev_comm=kworker/0:1H prev_pid=17 prev_prio=100 prev_state=S ==> next_comm=mmcqd/1 next_pid=116 next_prio=120
           <...>-116   [000] ...2   188.633497: sched_switch: prev_comm=mmcqd/1 prev_pid=116 prev_prio=120 prev_state=S ==> next_comm=swapper/0 next_pid=0 next_prio=120
          <idle>-0     [000] ...2   188.633610: sched_switch: prev_comm=swapper/0 prev_pid=0 prev_prio=120 prev_state=R ==> next_comm=logcat next_pid=797 next_prio=120
           <...>-797   [000] ...2   188.633635: sched_switch: prev_comm=logcat prev_pid=797 prev_prio=120 prev_state=S ==> next_comm=swapper/0 next_pid=0 next_prio=120
          <idle>-0     [000] ...2   188.633798: sched_switch: prev_comm=swapper/0 prev_pid=0 prev_prio=120 prev_state=R ==> next_comm=Binder_6 next_pid=1104 next_prio=120
           <...>-3325  [001] ...2   188.633801: sched_switch: prev_comm=main prev_pid=3325 prev_prio=120 prev_state=S ==> next_comm=swapper/1 next_pid=0 next_prio=120
          <idle>-0     [001] ...2   188.634624: sched_switch: prev_comm=swapper/1 prev_pid=0 prev_prio=120 prev_state=R ==> next_comm=Binder_2 next_pid=239 next_prio=120
        Binder_6-1104  [000] ...2   188.634632: sched_switch: prev_comm=Binder_6 prev_pid=1104 prev_prio=120 prev_state=S ==> next_comm=logcat next_pid=797 next_prio=120
           <...>-239   [001] ...2   188.634714: sched_switch: prev_comm=Binder_2 prev_pid=239 prev_prio=120 prev_state=S ==> next_comm=swapper/1 next_pid=0 next_prio=120
          <idle>-0     [001] ...2   188.634731: sched_switch: prev_comm=swapper/1 prev_pid=0 prev_prio=120 prev_state=R ==> next_comm=ksoftirqd/1 next_pid=3314 next_prio=120
           <...>-3314  [001] ...2   188.634742: sched_switch: prev_comm=ksoftirqd/1 prev_pid=3314 prev_prio=120 prev_state=S ==> next_comm=swapper/1 next_pid=0 next_prio=120
          <idle>-0     [001] ...2   188.634755: sched_switch: prev_comm=swapper/1 prev_pid=0 prev_prio=120 prev_state=R ==> next_comm=ksoftirqd/1 next_pid=3314 next_prio=120
           <...>-3314  [001] ...2   188.634763: sched_switch: prev_comm=ksoftirqd/1 prev_pid=3314 prev_prio=120 prev_state=S ==> next_comm=swapper/1 next_pid=0 next_prio=120
          <idle>-0     [001] ...2   188.634776: sched_switch: prev_comm=swapper/1 prev_pid=0 prev_prio=120 prev_state=R ==> next_comm=ksoftirqd/1 next_pid=3314 next_prio=120
           <...>-3314  [001] ...2   188.634785: sched_switch: prev_comm=ksoftirqd/1 prev_pid=3314 prev_prio=120 prev_state=S ==> next_comm=swapper/1 next_pid=0 next_prio=120
           <...>-797   [000] ...2   188.634822: sched_switch: prev_comm=logcat prev_pid=797 prev_prio=120 prev_state=S ==> next_comm=kworker/0:0 next_pid=4 next_prio=120
     kworker/0:0-4     [000] ...2   188.634846: sched_switch: prev_comm=kworker/0:0 prev_pid=4 prev_prio=120 prev_state=S ==> next_comm=adbd next_pid=781 next_prio=120
            adbd-781   [000] ...2   188.635077: sched_switch: prev_comm=adbd prev_pid=781 prev_prio=120 prev_state=S ==> next_comm=adbd next_pid=783 next_prio=120
            adbd-783   [000] ...2   188.635179: sched_switch: prev_comm=adbd prev_pid=783 prev_prio=120 prev_state=S ==> next_comm=adbd next_pid=784 next_prio=120
            adbd-784   [000] ...2   188.635197: sched_switch: prev_comm=adbd prev_pid=784 prev_prio=120 prev_state=S ==> next_comm=Binder_6 next_pid=1104 next_prio=120
        Binder_6-1104  [000] ...2   188.635705: sched_switch: prev_comm=Binder_6 prev_pid=1104 prev_prio=120 prev_state=R+ ==> next_comm=InputDispatcher next_pid=809 next_prio=112
           <...>-809   [000] ...2   188.635753: sched_switch: prev_comm=InputDispatcher prev_pid=809 prev_prio=112 prev_state=S ==> next_comm=adbd next_pid=784 next_prio=120
            adbd-784   [000] ...2   188.635809: sched_switch: prev_comm=adbd prev_pid=784 prev_prio=120 prev_state=S ==> next_comm=adbd next_pid=781 next_prio=120
          <idle>-0     [001] ...2   188.636383: sched_switch: prev_comm=swapper/1 prev_pid=0 prev_prio=120 prev_state=R ==> next_comm=adbd next_pid=3342 next_prio=120
            adbd-781   [000] ...2   188.636797: sched_switch: prev_comm=adbd prev_pid=781 prev_prio=120 prev_state=D ==> next_comm=kworker/0:0 next_pid=4 next_prio=120
     kworker/0:0-4     [000] ...2   188.636821: sched_switch: prev_comm=kworker/0:0 prev_pid=4 prev_prio=120 prev_state=S ==> next_comm=adbd next_pid=784 next_prio=120
            adbd-784   [000] ...2   188.636884: sched_switch: prev_comm=adbd prev_pid=784 prev_prio=120 prev_state=S ==> next_comm=adbd next_pid=783 next_prio=120
            adbd-783   [000] ...2   188.636964: sched_switch: prev_comm=adbd prev_pid=783 prev_prio=120 prev_state=S ==> next_comm=Binder_6 next_pid=1104 next_prio=120
        Binder_6-1104  [000] ...2   188.637146: sched_switch: prev_comm=Binder_6 prev_pid=1104 prev_prio=120 prev_state=S ==> next_comm=Binder_5 next_pid=1581 next_prio=120
           <...>-1581  [000] ...2   188.637310: sched_switch: prev_comm=Binder_5 prev_pid=1581 prev_prio=120 prev_state=S ==> next_comm=Binder_6 next_pid=1104 next_prio=120
           <...>-3342  [001] ...2   188.637387: sched_switch: prev_comm=sh prev_pid=3342 prev_prio=120 prev_state=R ==> next_comm=android.display next_pid=773 next_prio=116
           <...>-773   [001] ...2   188.637481: sched_switch: prev_comm=android.display prev_pid=773 prev_prio=116 prev_state=S ==> next_comm=adbd next_pid=3343 next_prio=120
           <...>-3343  [001] ...2   188.637498: sched_switch: prev_comm=adbd prev_pid=3343 prev_prio=120 prev_state=S ==> next_comm=sh next_pid=3342 next_prio=120
        Binder_6-1104  [000] ...2   188.638022: sched_switch: prev_comm=Binder_6 prev_pid=1104 prev_prio=120 prev_state=R+ ==> next_comm=ActivityManager next_pid=768 next_prio=118
 ActivityManager-768   [000] ...2   188.638076: sched_switch: prev_comm=ActivityManager prev_pid=768 prev_prio=118 prev_state=S ==> next_comm=Binder_3 next_pid=863 next_prio=120
           <...>-863   [000] ...2   188.638171: sched_switch: prev_comm=Binder_3 prev_pid=863 prev_prio=120 prev_state=S ==> next_comm=LazyTaskWriterT next_pid=838 next_prio=120
 LazyTaskWriterT-838   [000] ...2   188.638225: sched_switch: prev_comm=LazyTaskWriterT prev_pid=838 prev_prio=120 prev_state=S ==> next_comm=EventThread next_pid=377 next_prio=111
           <...>-377   [000] ...2   188.638315: sched_switch: prev_comm=EventThread prev_pid=377 prev_prio=111 prev_state=S ==> next_comm=Binder_1 next_pid=718 next_prio=120
           <...>-718   [000] ...2   188.638442: sched_switch: prev_comm=Binder_1 prev_pid=718 prev_prio=120 prev_state=S ==> next_comm=logcat next_pid=797 next_prio=120
           <...>-797   [000] ...2   188.638654: sched_switch: prev_comm=logcat prev_pid=797 prev_prio=120 prev_state=S ==> next_comm=kworker/0:0 next_pid=4 next_prio=120
     kworker/0:0-4     [000] ...2   188.638671: sched_switch: prev_comm=kworker/0:0 prev_pid=4 prev_prio=120 prev_state=S ==> next_comm=adbd next_pid=781 next_prio=120
            adbd-781   [000] ...2   188.638991: sched_switch: prev_comm=adbd prev_pid=781 prev_prio=120 prev_state=S ==> next_comm=adbd next_pid=783 next_prio=120
            adbd-783   [000] ...2   188.639075: sched_switch: prev_comm=adbd prev_pid=783 prev_prio=120 prev_state=S ==> next_comm=Binder_6 next_pid=1104 next_prio=120
        Binder_6-1104  [000] ...2   188.639108: sched_switch: prev_comm=Binder_6 prev_pid=1104 prev_prio=120 prev_state=R+ ==> next_comm=ActivityManager next_pid=768 next_prio=118
 ActivityManager-768   [000] ...2   188.639128: sched_switch: prev_comm=ActivityManager prev_pid=768 prev_prio=118 prev_state=S ==> next_comm=Binder_6 next_pid=1104 next_prio=120
        Binder_6-1104  [000] ...2   188.639150: sched_switch: prev_comm=Binder_6 prev_pid=1104 prev_prio=120 prev_state=R+ ==> next_comm=ActivityManager next_pid=768 next_prio=118
 ActivityManager-768   [000] ...2   188.639218: sched_switch: prev_comm=ActivityManager prev_pid=768 prev_prio=118 prev_state=S ==> next_comm=Binder_6 next_pid=1104 next_prio=120
        Binder_6-1104  [000] ...2   188.639408: sched_switch: prev_comm=Binder_6 prev_pid=1104 prev_prio=120 prev_state=R+ ==> next_comm=adbd next_pid=784 next_prio=120
           <...>-3342  [001] ...2   188.639442: sched_switch: prev_comm=sh prev_pid=3342 prev_prio=120 prev_state=R+ ==> next_comm=kworker/1:1 next_pid=3321 next_prio=120
           <...>-3321  [001] ...2   188.639454: sched_switch: prev_comm=kworker/1:1 prev_pid=3321 prev_prio=120 prev_state=S ==> next_comm=sh next_pid=3342 next_prio=120
