          <idle>-0     [000] ...2   200.991072: sched_switch: prev_comm=swapper/0 prev_pid=0 prev_prio=120 prev_state=R ==> next_comm=mmcqd/1 next_pid=116 next_prio=120
          <idle>-0     [001] ...2   200.991073: sched_switch: prev_comm=swapper/1 prev_pid=0 prev_prio=120 prev_state=R ==> next_comm=ksoftirqd/1 next_pid=3564 next_prio=120
           <...>-3564  [001] ...2   200.991080: sched_switch: prev_comm=ksoftirqd/1 prev_pid=3564 prev_prio=120 prev_state=S ==> next_comm=swapper/1 next_pid=0 next_prio=120
          <idle>-0     [001] ...2   200.991094: sched_switch: prev_comm=swapper/1 prev_pid=0 prev_prio=120 prev_state=R ==> next_comm=ksoftirqd/1 next_pid=3564 next_prio=120
           <...>-3564  [001] ...2   200.991102: sched_switch: prev_comm=ksoftirqd/1 prev_pid=3564 prev_prio=120 prev_state=S ==> next_comm=swapper/1 next_pid=0 next_prio=120
           <...>-116   [000] ...1   200.991132: block_rq_complete: 179,0 RA () 863504 + 136 [0]
          <idle>-0     [001] ...2   200.991155: sched_switch: prev_comm=swapper/1 prev_pid=0 prev_prio=120 prev_state=R ==> next_comm=app_process next_pid=3574 next_prio=120
           <...>-116   [000] ...2   200.991166: sched_switch: prev_comm=mmcqd/1 prev_pid=116 prev_prio=120 prev_state=R+ ==> next_comm=kworker/0:1H next_pid=17 next_prio=100
    kworker/0:1H-17    [000] ...2   200.991179: sched_switch: prev_comm=kworker/0:1H prev_pid=17 prev_prio=100 prev_state=S ==> next_comm=mmcqd/1 next_pid=116 next_prio=120
           <...>-116   [000] ...2   200.991199: sched_switch: prev_comm=mmcqd/1 prev_pid=116 prev_prio=120 prev_state=S ==> next_comm=swapper/0 next_pid=0 next_prio=120
           <...>-3574  [001] d..2   200.991411: block_rq_insert: 179,0 R 0 () 855992 + 32 [app_process]
           <...>-3574  [001] ...2   200.991424: sched_switch: prev_comm=app_process prev_pid=3574 prev_prio=120 prev_state=D|W ==> next_comm=swapper/1 next_pid=0 next_prio=120
          <idle>-0     [000] ...2   200.991432: sched_switch: prev_comm=swapper/0 prev_pid=0 prev_prio=120 prev_state=R ==> next_comm=mmcqd/1 next_pid=116 next_prio=120
           <...>-116   [000] ...2   200.991503: sched_switch: prev_comm=mmcqd/1 prev_pid=116 prev_prio=120 prev_state=S ==> next_comm=swapper/0 next_pid=0 next_prio=120
          <idle>-0     [000] ...2   200.991894: sched_switch: prev_comm=swapper/0 prev_pid=0 prev_prio=120 prev_state=R ==> next_comm=mmcqd/1 next_pid=116 next_prio=120
           <...>-116   [000] ...1   200.991918: block_rq_complete: 179,0 RA () 855992 + 32 [0]
          <idle>-0     [001] ...2   200.991934: sched_switch: prev_comm=swapper/1 prev_pid=0 prev_prio=120 prev_state=R ==> next_comm=app_process next_pid=3574 next_prio=120
           <...>-116   [000] ...2   200.991948: sched_switch: prev_comm=mmcqd/1 prev_pid=116 prev_prio=120 prev_state=R+ ==> next_comm=kworker/0:1H next_pid=17 next_prio=100
    kworker/0:1H-17    [000] ...2   200.991960: sched_switch: prev_comm=kworker/0:1H prev_pid=17 prev_prio=100 prev_state=S ==> next_comm=mmcqd/1 next_pid=116 next_prio=120
           <...>-116   [000] ...2   200.991978: sched_switch: prev_comm=mmcqd/1 prev_pid=116 prev_prio=120 prev_state=S ==> next_comm=swapper/0 next_pid=0 next_prio=120
           <...>-3574  [001] d..2   200.992210: block_rq_insert: 179,0 R 0 () 868176 + 32 [app_process]
           <...>-3574  [001] ...2   200.992223: sched_switch: prev_comm=app_process prev_pid=3574 prev_prio=120 prev_state=D|W ==> next_comm=swapper/1 next_pid=0 next_prio=120
          <idle>-0     [000] ...2   200.992230: sched_switch: prev_comm=swapper/0 prev_pid=0 prev_prio=120 prev_state=R ==> next_comm=mmcqd/1 next_pid=116 next_prio=120
           <...>-116   [000] ...2   200.992299: sched_switch: prev_comm=mmcqd/1 prev_pid=116 prev_prio=120 prev_state=S ==> next_comm=swapper/0 next_pid=0 next_prio=120
          <idle>-0     [000] ...2   200.992712: sched_switch: prev_comm=swapper/0 prev_pid=0 prev_prio=120 prev_state=R ==> next_comm=mmcqd/1 next_pid=116 next_prio=120
           <...>-116   [000] ...1   200.992737: block_rq_complete: 179,0 RA () 868176 + 32 [0]
          <idle>-0     [001] ...2   200.992755: sched_switch: prev_comm=swapper/1 prev_pid=0 prev_prio=120 prev_state=R ==> next_comm=app_process next_pid=3574 next_prio=120
           <...>-116   [000] ...2   200.992767: sched_switch: prev_comm=mmcqd/1 prev_pid=116 prev_prio=120 prev_state=R+ ==> next_comm=kworker/0:1H next_pid=17 next_prio=100
    kworker/0:1H-17    [000] ...2   200.992778: sched_switch: prev_comm=kworker/0:1H prev_pid=17 prev_prio=100 prev_state=S ==> next_comm=mmcqd/1 next_pid=116 next_prio=120
           <...>-116   [000] ...2   200.992795: sched_switch: prev_comm=mmcqd/1 prev_pid=116 prev_prio=120 prev_state=S ==> next_comm=swapper/0 next_pid=0 next_prio=120
           <...>-3574  [001] d..2   200.992800: block_rq_insert: 179,0 R 0 () 869424 + 136 [app_process]
           <...>-3574  [001] ...2   200.992812: sched_switch: prev_comm=app_process prev_pid=3574 prev_prio=120 prev_state=D|W ==> next_comm=swapper/1 next_pid=0 next_prio=120
          <idle>-0     [000] ...2   200.992826: sched_switch: prev_comm=swapper/0 prev_pid=0 prev_prio=120 prev_state=R ==> next_comm=mmcqd/1 next_pid=116 next_prio=120
           <...>-116   [000] ...2   200.992937: sched_switch: prev_comm=mmcqd/1 prev_pid=116 prev_prio=120 prev_state=S ==> next_comm=swapper/0 next_pid=0 next_prio=120
          <idle>-0     [000] ...2   200.993820: sched_switch: prev_comm=swapper/0 prev_pid=0 prev_prio=120 prev_state=R ==> next_comm=mmcqd/1 next_pid=116 next_prio=120
           <...>-116   [000] ...1   200.993879: block_rq_complete: 179,0 RA () 869424 + 136 [0]
          <idle>-0     [001] ...2   200.993900: sched_switch: prev_comm=swapper/1 prev_pid=0 prev_prio=120 prev_state=R ==> next_comm=app_process next_pid=3574 next_prio=120
           <...>-116   [000] ...2   200.993914: sched_switch: prev_comm=mmcqd/1 prev_pid=116 prev_prio=120 prev_state=R+ ==> next_comm=kworker/0:1H next_pid=17 next_prio=100
    kworker/0:1H-17    [000] ...2   200.993927: sched_switch: prev_comm=kworker/0:1H prev_pid=17 prev_prio=100 prev_state=S ==> next_comm=mmcqd/1 next_pid=116 next_prio=120
           <...>-116   [000] ...2   200.993947: sched_switch: prev_comm=mmcqd/1 prev_pid=116 prev_prio=120 prev_state=S ==> next_comm=swapper/0 next_pid=0 next_prio=120
           <...>-3574  [001] d..2   200.994157: block_rq_insert: 179,0 R 0 () 869672 + 32 [app_process]
           <...>-3574  [001] ...2   200.994172: sched_switch: prev_comm=app_process prev_pid=3574 prev_prio=120 prev_state=D|W ==> next_comm=swapper/1 next_pid=0 next_prio=120
          <idle>-0     [000] ...2   200.994179: sched_switch: prev_comm=swapper/0 prev_pid=0 prev_prio=120 prev_state=R ==> next_comm=mmcqd/1 next_pid=116 next_prio=120
           <...>-116   [000] ...2   200.994251: sched_switch: prev_comm=mmcqd/1 prev_pid=116 prev_prio=120 prev_state=S ==> next_comm=swapper/0 next_pid=0 next_prio=120
          <idle>-0     [000] ...2   200.994660: sched_switch: prev_comm=swapper/0 prev_pid=0 prev_prio=120 prev_state=R ==> next_comm=mmcqd/1 next_pid=116 next_prio=120
           <...>-116   [000] ...1   200.994684: block_rq_complete: 179,0 RA () 869672 + 32 [0]
          <idle>-0     [001] ...2   200.994701: sched_switch: prev_comm=swapper/1 prev_pid=0 prev_prio=120 prev_state=R ==> next_comm=app_process next_pid=3574 next_prio=120
           <...>-116   [000] ...2   200.994715: sched_switch: prev_comm=mmcqd/1 prev_pid=116 prev_prio=120 prev_state=R+ ==> next_comm=kworker/0:1H next_pid=17 next_prio=100
    kworker/0:1H-17    [000] ...2   200.994727: sched_switch: prev_comm=kworker/0:1H prev_pid=17 prev_prio=100 prev_state=S ==> next_comm=mmcqd/1 next_pid=116 next_prio=120
           <...>-3574  [001] d..2   200.994734: block_rq_insert: 179,0 R 0 () 869704 + 64 [app_process]
           <...>-3574  [001] d..2   200.994785: block_rq_insert: 179,0 R 0 () 869768 + 40 [app_process]
           <...>-3574  [001] ...2   200.994794: sched_switch: prev_comm=app_process prev_pid=3574 prev_prio=120 prev_state=D|W ==> next_comm=swapper/1 next_pid=0 next_prio=120
           <...>-116   [000] ...2   200.994842: sched_switch: prev_comm=mmcqd/1 prev_pid=116 prev_prio=120 prev_state=S ==> next_comm=swapper/0 next_pid=0 next_prio=120
          <idle>-0     [000] ...2   200.995384: sched_switch: prev_comm=swapper/0 prev_pid=0 prev_prio=120 prev_state=R ==> next_comm=mmcqd/1 next_pid=116 next_prio=120
           <...>-116   [000] ...1   200.995443: block_rq_complete: 179,0 RA () 869704 + 64 [0]
          <idle>-0     [001] ...2   200.995462: sched_switch: prev_comm=swapper/1 prev_pid=0 prev_prio=120 prev_state=R ==> next_comm=app_process next_pid=3574 next_prio=120
           <...>-116   [000] ...2   200.995477: sched_switch: prev_comm=mmcqd/1 prev_pid=116 prev_prio=120 prev_state=S ==> next_comm=swapper/0 next_pid=0 next_prio=120
           <...>-3574  [001] ...2   200.995535: sched_switch: prev_comm=app_process prev_pid=3574 prev_prio=120 prev_state=D|W ==> next_comm=swapper/1 next_pid=0 next_prio=120
          <idle>-0     [000] ...2   200.995847: sched_switch: prev_comm=swapper/0 prev_pid=0 prev_prio=120 prev_state=R ==> next_comm=mmcqd/1 next_pid=116 next_prio=120
           <...>-116   [000] ...1   200.995875: block_rq_complete: 179,0 RA () 869768 + 40 [0]
          <idle>-0     [001] ...2   200.995891: sched_switch: prev_comm=swapper/1 prev_pid=0 prev_prio=120 prev_state=R ==> next_comm=app_process next_pid=3574 next_prio=120
           <...>-116   [000] ...2   200.995905: sched_switch: prev_comm=mmcqd/1 prev_pid=116 prev_prio=120 prev_state=R+ ==> next_comm=kworker/0:1H next_pid=17 next_prio=100
    kworker/0:1H-17    [000] ...2   200.995917: sched_switch: prev_comm=kworker/0:1H prev_pid=17 prev_prio=100 prev_state=S ==> next_comm=mmcqd/1 next_pid=116 next_prio=120
           <...>-116   [000] ...2   200.995933: sched_switch: prev_comm=mmcqd/1 prev_pid=116 prev_prio=120 prev_state=S ==> next_comm=swapper/0 next_pid=0 next_prio=120
           <...>-3574  [001] d..2   200.996028: block_rq_insert: 179,0 R 0 () 863648 + 32 [app_process]
           <...>-3574  [001] ...2   200.996041: sched_switch: prev_comm=app_process prev_pid=3574 prev_prio=120 prev_state=D|W ==> next_comm=swapper/1 next_pid=0 next_prio=120
          <idle>-0     [000] ...2   200.996050: sched_switch: prev_comm=swapper/0 prev_pid=0 prev_prio=120 prev_state=R ==> next_comm=mmcqd/1 next_pid=116 next_prio=120
           <...>-116   [000] ...2   200.996117: sched_switch: prev_comm=mmcqd/1 prev_pid=116 prev_prio=120 prev_state=S ==> next_comm=swapper/0 next_pid=0 next_prio=120
          <idle>-0     [000] ...2   200.996471: sched_switch: prev_comm=swapper/0 prev_pid=0 prev_prio=120 prev_state=R ==> next_comm=mmcqd/1 next_pid=116 next_prio=120
           <...>-116   [000] ...1   200.996496: block_rq_complete: 179,0 RA () 863648 + 32 [0]
          <idle>-0     [001] ...2   200.996512: sched_switch: prev_comm=swapper/1 prev_pid=0 prev_prio=120 prev_state=R ==> next_comm=app_process next_pid=3574 next_prio=120
           <...>-116   [000] ...2   200.996525: sched_switch: prev_comm=mmcqd/1 prev_pid=116 prev_prio=120 prev_state=R+ ==> next_comm=kworker/0:1H next_pid=17 next_prio=100
    kworker/0:1H-17    [000] ...2   200.996537: sched_switch: prev_comm=kworker/0:1H prev_pid=17 prev_prio=100 prev_state=S ==> next_comm=mmcqd/1 next_pid=116 next_prio=120
           <...>-3574  [001] d..2   200.996544: block_rq_insert: 179,0 R 0 () 863680 + 40 [app_process]
           <...>-3574  [001] ...2   200.996580: sched_switch: prev_comm=app_process prev_pid=3574 prev_prio=120 prev_state=D|W ==> next_comm=swapper/1 next_pid=0 next_prio=120
           <...>-116   [000] ...2   200.996615: sched_switch: prev_comm=mmcqd/1 prev_pid=116 prev_prio=120 prev_state=S ==> next_comm=swapper/0 next_pid=0 next_prio=120
          <idle>-0     [000] ...2   200.997035: sched_switch: prev_comm=swapper/0 prev_pid=0 prev_prio=120 prev_state=R ==> next_comm=mmcqd/1 next_pid=116 next_prio=120
           <...>-116   [000] ...1   200.997063: block_rq_complete: 179,0 RA () 863680 + 40 [0]
          <idle>-0     [001] ...2   200.997079: sched_switch: prev_comm=swapper/1 prev_pid=0 prev_prio=120 prev_state=R ==> next_comm=app_process next_pid=3574 next_prio=120
           <...>-116   [000] ...2   200.997092: sched_switch: prev_comm=mmcqd/1 prev_pid=116 prev_prio=120 prev_state=R+ ==> next_comm=kworker/0:1H next_pid=17 next_prio=100
    kworker/0:1H-17    [000] ...2   200.997104: sched_switch: prev_comm=kworker/0:1H prev_pid=17 prev_prio=100 prev_state=S ==> next_comm=mmcqd/1 next_pid=116 next_prio=120
           <...>-116   [000] ...2   200.997120: sched_switch: prev_comm=mmcqd/1 prev_pid=116 prev_prio=120 prev_state=S ==> next_comm=swapper/0 next_pid=0 next_prio=120
           <...>-3574  [001] d..2   200.997184: block_rq_insert: 179,0 R 0 () 863808 + 8 [app_process]
           <...>-3574  [001] ...2   200.997196: sched_switch: prev_comm=app_process prev_pid=3574 prev_prio=120 prev_state=D|W ==> next_comm=swapper/1 next_pid=0 next_prio=120
          <idle>-0     [000] ...2   200.997205: sched_switch: prev_comm=swapper/0 prev_pid=0 prev_prio=120 prev_state=R ==> next_comm=mmcqd/1 next_pid=116 next_prio=120
           <...>-116   [000] ...2   200.997260: sched_switch: prev_comm=mmcqd/1 prev_pid=116 prev_prio=120 prev_state=S ==> next_comm=swapper/0 next_pid=0 next_prio=120
          <idle>-0     [000] ...2   200.997515: sched_switch: prev_comm=swapper/0 prev_pid=0 prev_prio=120 prev_state=R ==> next_comm=mmcqd/1 next_pid=116 next_prio=120
           <...>-116   [000] ...1   200.997530: block_rq_complete: 179,0 RA () 863808 + 8 [0]
          <idle>-0     [001] ...2   200.997546: sched_switch: prev_comm=swapper/1 prev_pid=0 prev_prio=120 prev_state=R ==> next_comm=app_process next_pid=3574 next_prio=120
           <...>-116   [000] ...2   200.997558: sched_switch: prev_comm=mmcqd/1 prev_pid=116 prev_prio=120 prev_state=R+ ==> next_comm=kworker/0:1H next_pid=17 next_prio=100
    kworker/0:1H-17    [000] ...2   200.997569: sched_switch: prev_comm=kworker/0:1H prev_pid=17 prev_prio=100 prev_state=S ==> next_comm=mmcqd/1 next_pid=116 next_prio=120
           <...>-116   [000] ...2   200.997584: sched_switch: prev_comm=mmcqd/1 prev_pid=116 prev_prio=120 prev_state=S ==> next_comm=swapper/0 next_pid=0 next_prio=120
           <...>-3574  [001] d..2   200.997613: block_rq_insert: 179,0 R 0 () 802992 + 32 [app_process]
           <...>-3574  [001] ...2   200.997625: sched_switch: prev_comm=app_process prev_pid=3574 prev_prio=120 prev_state=D|W ==> next_comm=swapper/1 next_pid=0 next_prio=120
          <idle>-0     [000] ...2   200.997631: sched_switch: prev_comm=swapper/0 prev_pid=0 prev_prio=120 prev_state=R ==> next_comm=mmcqd/1 next_pid=116 next_prio=120
           <...>-116   [000] ...2   200.997696: sched_switch: prev_comm=mmcqd/1 prev_pid=116 prev_prio=120 prev_state=S ==> next_comm=swapper/0 next_pid=0 next_prio=120
          <idle>-0     [000] ...2   200.998091: sched_switch: prev_comm=swapper/0 prev_pid=0 prev_prio=120 prev_state=R ==> next_comm=mmcqd/1 next_pid=116 next_prio=120
           <...>-116   [000] ...1   200.998114: block_rq_complete: 179,0 RA () 802992 + 32 [0]
          <idle>-0     [001] ...2   200.998130: sched_switch: prev_comm=swapper/1 prev_pid=0 prev_prio=120 prev_state=R ==> next_comm=app_process next_pid=3574 next_prio=120
           <...>-116   [000] ...2   200.998141: sched_switch: prev_comm=mmcqd/1 prev_pid=116 prev_prio=120 prev_state=R+ ==> next_comm=kworker/0:1H next_pid=17 next_prio=100
    kworker/0:1H-17    [000] ...2   200.998152: sched_switch: prev_comm=kworker/0:1H prev_pid=17 prev_prio=100 prev_state=S ==> next_comm=mmcqd/1 next_pid=116 next_prio=120
           <...>-116   [000] ...2   200.998165: sched_switch: prev_comm=mmcqd/1 prev_pid=116 prev_prio=120 prev_state=S ==> next_comm=swapper/0 next_pid=0 next_prio=120
           <...>-3574  [001] d..2   200.998175: block_rq_insert: 179,0 R 0 () 803104 + 136 [app_process]
           <...>-3574  [001] ...2   200.998186: sched_switch: prev_comm=app_process prev_pid=3574 prev_prio=120 prev_state=D|W ==> next_comm=swapper/1 next_pid=0 next_prio=120
          <idle>-0     [000] ...2   200.998196: sched_switch: prev_comm=swapper/0 prev_pid=0 prev_prio=120 prev_state=R ==> next_comm=mmcqd/1 next_pid=116 next_prio=120
           <...>-116   [000] ...2   200.998305: sched_switch: prev_comm=mmcqd/1 prev_pid=116 prev_prio=120 prev_state=S ==> next_comm=swapper/0 next_pid=0 next_prio=120
          <idle>-0     [000] ...2   200.999191: sched_switch: prev_comm=swapper/0 prev_pid=0 prev_prio=120 prev_state=R ==> next_comm=mmcqd/1 next_pid=116 next_prio=120
           <...>-116   [000] ...1   200.999251: block_rq_complete: 179,0 RA () 803104 + 136 [0]
          <idle>-0     [001] ...2   200.999272: sched_switch: prev_comm=swapper/1 prev_pid=0 prev_prio=120 prev_state=R ==> next_comm=app_process next_pid=3574 next_prio=120
           <...>-116   [000] ...2   200.999286: sched_switch: prev_comm=mmcqd/1 prev_pid=116 prev_prio=120 prev_state=R+ ==> next_comm=kworker/0:1H next_pid=17 next_prio=100
    kworker/0:1H-17    [000] ...2   200.999299: sched_switch: prev_comm=kworker/0:1H prev_pid=17 prev_prio=100 prev_state=S ==> next_comm=mmcqd/1 next_pid=116 next_prio=120
           <...>-116   [000] ...2   200.999313: sched_switch: prev_comm=mmcqd/1 prev_pid=116 prev_prio=120 prev_state=S ==> next_comm=swapper/0 next_pid=0 next_prio=120
           <...>-3574  [001] d..2   200.999506: block_rq_insert: 179,0 R 0 () 803392 + 32 [app_process]
           <...>-3574  [001] ...2   200.999521: sched_switch: prev_comm=app_process prev_pid=3574 prev_prio=120 prev_state=D|W ==> next_comm=swapper/1 next_pid=0 next_prio=120
          <idle>-0     [000] ...2   200.999528: sched_switch: prev_comm=swapper/0 prev_pid=0 prev_prio=120 prev_state=R ==> next_comm=mmcqd/1 next_pid=116 next_prio=120
           <...>-116   [000] ...2   200.999598: sched_switch: prev_comm=mmcqd/1 prev_pid=116 prev_prio=120 prev_state=S ==> next_comm=swapper/0 next_pid=0 next_prio=120
          <idle>-0     [000] ...2   200.999958: sched_switch: prev_comm=swapper/0 prev_pid=0 prev_prio=120 prev_state=R ==> next_comm=mmcqd/1 next_pid=116 next_prio=120
           <...>-116   [000] ...1   200.999983: block_rq_complete: 179,0 RA () 803392 + 32 [0]
          <idle>-0     [001] ...2   201.000000: sched_switch: prev_comm=swapper/1 prev_pid=0 prev_prio=120 prev_state=R ==> next_comm=app_process next_pid=3574 next_prio=120
           <...>-116   [000] ...2   201.000013: sched_switch: prev_comm=mmcqd/1 prev_pid=116 prev_prio=120 prev_state=R+ ==> next_comm=kworker/0:1H next_pid=17 next_prio=100
    kworker/0:1H-17    [000] ...2   201.000025: sched_switch: prev_comm=kworker/0:1H prev_pid=17 prev_prio=100 prev_state=S ==> next_comm=mmcqd/1 next_pid=116 next_prio=120
           <...>-116   [000] ...2   201.000038: sched_switch: prev_comm=mmcqd/1 prev_pid=116 prev_prio=120 prev_state=S ==> next_comm=swapper/0 next_pid=0 next_prio=120
           <...>-3574  [001] d..2   201.000039: block_rq_insert: 179,0 R 0 () 804336 + 136 [app_process]
           <...>-3574  [001] ...2   201.000051: sched_switch: prev_comm=app_process prev_pid=3574 prev_prio=120 prev_state=D|W ==> next_comm=swapper/1 next_pid=0 next_prio=120
          <idle>-0     [000] ...2   201.000057: sched_switch: prev_comm=swapper/0 prev_pid=0 prev_prio=120 prev_state=R ==> next_comm=mmcqd/1 next_pid=116 next_prio=120
           <...>-116   [000] ...2   201.000165: sched_switch: prev_comm=mmcqd/1 prev_pid=116 prev_prio=120 prev_state=S ==> next_comm=swapper/0 next_pid=0 next_prio=120
          <idle>-0     [001] ...2   201.001053: sched_switch: prev_comm=swapper/1 prev_pid=0 prev_prio=120 prev_state=R ==> next_comm=ksoftirqd/1 next_pid=3564 next_prio=120
           <...>-3564  [001] ...2   201.001064: sched_switch: prev_comm=ksoftirqd/1 prev_pid=3564 prev_prio=120 prev_state=S ==> next_comm=swapper/1 next_pid=0 next_prio=120
          <idle>-0     [001] ...2   201.001079: sched_switch: prev_comm=swapper/1 prev_pid=0 prev_prio=120 prev_state=R ==> next_comm=ksoftirqd/1 next_pid=3564 next_prio=120
           <...>-3564  [001] ...2   201.001088: sched_switch: prev_comm=ksoftirqd/1 prev_pid=3564 prev_prio=120 prev_state=S ==> next_comm=swapper/1 next_pid=0 next_prio=120
          <idle>-0     [001] ...2   201.001102: sched_switch: prev_comm=swapper/1 prev_pid=0 prev_prio=120 prev_state=R ==> next_comm=ksoftirqd/1 next_pid=3564 next_prio=120
           <...>-3564  [001] ...2   201.001109: sched_switch: prev_comm=ksoftirqd/1 prev_pid=3564 prev_prio=120 prev_state=S ==> next_comm=swapper/1 next_pid=0 next_prio=120
          <idle>-0     [000] ...2   201.001119: sched_switch: prev_comm=swapper/0 prev_pid=0 prev_prio=120 prev_state=R ==> next_comm=mmcqd/1 next_pid=116 next_prio=120
           <...>-116   [000] ...1   201.001181: block_rq_complete: 179,0 RA () 804336 + 136 [0]
          <idle>-0     [001] ...2   201.001203: sched_switch: prev_comm=swapper/1 prev_pid=0 prev_prio=120 prev_state=R ==> next_comm=app_process next_pid=3574 next_prio=120
           <...>-116   [000] ...2   201.001214: sched_switch: prev_comm=mmcqd/1 prev_pid=116 prev_prio=120 prev_state=R+ ==> next_comm=kworker/0:1H next_pid=17 next_prio=100
    kworker/0:1H-17    [000] ...2   201.001226: sched_switch: prev_comm=kworker/0:1H prev_pid=17 prev_prio=100 prev_state=S ==> next_comm=mmcqd/1 next_pid=116 next_prio=120
           <...>-116   [000] ...2   201.001241: sched_switch: prev_comm=mmcqd/1 prev_pid=116 prev_prio=120 prev_state=S ==> next_comm=swapper/0 next_pid=0 next_prio=120
           <...>-3574  [001] d..2   201.001492: block_rq_insert: 179,0 FWS 0 () 0 + 0 [app_process]
           <...>-3574  [001] ...2   201.001507: sched_switch: prev_comm=app_process prev_pid=3574 prev_prio=120 prev_state=D ==> next_comm=swapper/1 next_pid=0 next_prio=120
          <idle>-0     [000] ...2   201.001514: sched_switch: prev_comm=swapper/0 prev_pid=0 prev_prio=120 prev_state=R ==> next_comm=mmcqd/1 next_pid=116 next_prio=120
           <...>-116   [000] ...2   201.001549: sched_switch: prev_comm=mmcqd/1 prev_pid=116 prev_prio=120 prev_state=D ==> next_comm=swapper/0 next_pid=0 next_prio=120
          <idle>-0     [000] ...2   201.001587: sched_switch: prev_comm=swapper/0 prev_pid=0 prev_prio=120 prev_state=R ==> next_comm=mmcqd/1 next_pid=116 next_prio=120
           <...>-116   [000] d..2   201.001626: block_rq_complete: 179,0 WS () 0 + 0 [0]
          <idle>-0     [001] ...2   201.001640: sched_switch: prev_comm=swapper/1 prev_pid=0 prev_prio=120 prev_state=R ==> next_comm=app_process next_pid=3574 next_prio=120
           <...>-116   [000] ...2   201.001652: sched_switch: prev_comm=mmcqd/1 prev_pid=116 prev_prio=120 prev_state=S ==> next_comm=swapper/0 next_pid=0 next_prio=120
           <...>-3574  [001] d..2   201.010352: block_rq_insert: 179,0 R 0 () 4072736 + 128 [main]
           <...>-3574  [001] ...2   201.010370: sched_switch: prev_comm=main prev_pid=3574 prev_prio=120 prev_state=D|W ==> next_comm=swapper/1 next_pid=0 next_prio=120
          <idle>-0     [000] ...2   201.010377: sched_switch: prev_comm=swapper/0 prev_pid=0 prev_prio=120 prev_state=R ==> next_comm=mmcqd/1 next_pid=116 next_prio=120
           <...>-116   [000] ...2   201.010495: sched_switch: prev_comm=mmcqd/1 prev_pid=116 prev_prio=120 prev_state=S ==> next_comm=swapper/0 next_pid=0 next_prio=120
          <idle>-0     [001] ...2   201.011055: sched_switch: prev_comm=swapper/1 prev_pid=0 prev_prio=120 prev_state=R ==> next_comm=ksoftirqd/1 next_pid=3564 next_prio=120
           <...>-3564  [001] ...2   201.011068: sched_switch: prev_comm=ksoftirqd/1 prev_pid=3564 prev_prio=120 prev_state=S ==> next_comm=swapper/1 next_pid=0 next_prio=120
          <idle>-0     [001] ...2   201.011083: sched_switch: prev_comm=swapper/1 prev_pid=0 prev_prio=120 prev_state=R ==> next_comm=ksoftirqd/1 next_pid=3564 next_prio=120
           <...>-3564  [001] ...2   201.011106: sched_switch: prev_comm=ksoftirqd/1 prev_pid=3564 prev_prio=120 prev_state=S ==> next_comm=swapper/1 next_pid=0 next_prio=120
          <idle>-0     [000] ...2   201.011326: sched_switch: prev_comm=swapper/0 prev_pid=0 prev_prio=120 prev_state=R ==> next_comm=mmcqd/1 next_pid=116 next_prio=120
           <...>-116   [000] ...1   201.011386: block_rq_complete: 179,0 RA () 4072736 + 128 [0]
          <idle>-0     [001] ...2   201.011411: sched_switch: prev_comm=swapper/1 prev_pid=0 prev_prio=120 prev_state=R ==> next_comm=main next_pid=3574 next_prio=120
           <...>-116   [000] ...2   201.011422: sched_switch: prev_comm=mmcqd/1 prev_pid=116 prev_prio=120 prev_state=R+ ==> next_comm=kworker/0:1H next_pid=17 next_prio=100
    kworker/0:1H-17    [000] ...2   201.011435: sched_switch: prev_comm=kworker/0:1H prev_pid=17 prev_prio=100 prev_state=S ==> next_comm=mmcqd/1 next_pid=116 next_prio=120
           <...>-116   [000] ...2   201.011454: sched_switch: prev_comm=mmcqd/1 prev_pid=116 prev_prio=120 prev_state=S ==> next_comm=swapper/0 next_pid=0 next_prio=120
           <...>-3574  [001] d..2   201.011500: block_rq_insert: 179,0 R 0 () 4076944 + 16 [main]
           <...>-3574  [001] d..2   201.011503: block_rq_insert: 179,0 R 0 () 4076968 + 80 [main]
           <...>-3574  [001] d..2   201.011505: block_rq_insert: 179,0 R 0 () 4077080 + 32 [main]
           <...>-3574  [001] ...2   201.011516: sched_switch: prev_comm=main prev_pid=3574 prev_prio=120 prev_state=D|W ==> next_comm=swapper/1 next_pid=0 next_prio=120
          <idle>-0     [000] ...2   201.011523: sched_switch: prev_comm=swapper/0 prev_pid=0 prev_prio=120 prev_state=R ==> next_comm=mmcqd/1 next_pid=116 next_prio=120
           <...>-116   [000] ...2   201.011628: sched_switch: prev_comm=mmcqd/1 prev_pid=116 prev_prio=120 prev_state=S ==> next_comm=swapper/0 next_pid=0 next_prio=120
          <idle>-0     [000] ...2   201.011837: sched_switch: prev_comm=swapper/0 prev_pid=0 prev_prio=120 prev_state=R ==> next_comm=mmcqd/1 next_pid=116 next_prio=120
           <...>-116   [000] ...1   201.011879: block_rq_complete: 179,0 RA () 4076944 + 16 [0]
           <...>-116   [000] ...2   201.011924: sched_switch: prev_comm=mmcqd/1 prev_pid=116 prev_prio=120 prev_state=S ==> next_comm=swapper/0 next_pid=0 next_prio=120
          <idle>-0     [000] ...2   201.012463: sched_switch: prev_comm=swapper/0 prev_pid=0 prev_prio=120 prev_state=R ==> next_comm=mmcqd/1 next_pid=116 next_prio=120
           <...>-116   [000] ...1   201.012526: block_rq_complete: 179,0 RA () 4076968 + 80 [0]
          <idle>-0     [001] ...2   201.012546: sched_switch: prev_comm=swapper/1 prev_pid=0 prev_prio=120 prev_state=R ==> next_comm=main next_pid=3574 next_prio=120
           <...>-116   [000] ...2   201.012557: sched_switch: prev_comm=mmcqd/1 prev_pid=116 prev_prio=120 prev_state=S ==> next_comm=swapper/0 next_pid=0 next_prio=120
           <...>-3574  [001] ...2   201.012580: sched_switch: prev_comm=main prev_pid=3574 prev_prio=120 prev_state=D|W ==> next_comm=swapper/1 next_pid=0 next_prio=120
          <idle>-0     [000] ...2   201.012904: sched_switch: prev_comm=swapper/0 prev_pid=0 prev_prio=120 prev_state=R ==> next_comm=mmcqd/1 next_pid=116 next_prio=120
           <...>-116   [000] ...1   201.012929: block_rq_complete: 179,0 RA () 4077080 + 32 [0]
          <idle>-0     [001] ...2   201.012947: sched_switch: prev_comm=swapper/1 prev_pid=0 prev_prio=120 prev_state=R ==> next_comm=main next_pid=3574 next_prio=120
           <...>-116   [000] ...2   201.012957: sched_switch: prev_comm=mmcqd/1 prev_pid=116 prev_prio=120 prev_state=R+ ==> next_comm=kworker/0:1H next_pid=17 next_prio=100
    kworker/0:1H-17    [000] ...2   201.012969: sched_switch: prev_comm=kworker/0:1H prev_pid=17 prev_prio=100 prev_state=S ==> next_comm=mmcqd/1 next_pid=116 next_prio=120
           <...>-116   [000] ...2   201.012989: sched_switch: prev_comm=mmcqd/1 prev_pid=116 prev_prio=120 prev_state=S ==> next_comm=swapper/0 next_pid=0 next_prio=120
           <...>-3574  [001] d..2   201.013005: block_rq_insert: 179,0 R 0 () 4077120 + 16 [main]
           <...>-3574  [001] d..2   201.013007: block_rq_insert: 179,0 R 0 () 4077160 + 16 [main]
           <...>-3574  [001] d..2   201.013009: block_rq_insert: 179,0 R 0 () 4077184 + 48 [main]
           <...>-3574  [001] ...2   201.013021: sched_switch: prev_comm=main prev_pid=3574 prev_prio=120 prev_state=D|W ==> next_comm=swapper/1 next_pid=0 next_prio=120
          <idle>-0     [000] ...2   201.013027: sched_switch: prev_comm=swapper/0 prev_pid=0 prev_prio=120 prev_state=R ==> next_comm=mmcqd/1 next_pid=116 next_prio=120
           <...>-116   [000] ...2   201.013104: sched_switch: prev_comm=mmcqd/1 prev_pid=116 prev_prio=120 prev_state=S ==> next_comm=swapper/0 next_pid=0 next_prio=120
          <idle>-0     [000] ...2   201.013360: sched_switch: prev_comm=swapper/0 prev_pid=0 prev_prio=120 prev_state=R ==> next_comm=mmcqd/1 next_pid=116 next_prio=120
           <...>-116   [000] ...1   201.013401: block_rq_complete: 179,0 RA () 4077120 + 16 [0]
           <...>-116   [000] ...2   201.013452: sched_switch: prev_comm=mmcqd/1 prev_pid=116 prev_prio=120 prev_state=S ==> next_comm=swapper/0 next_pid=0 next_prio=120
          <idle>-0     [000] ...2   201.013680: sched_switch: prev_comm=swapper/0 prev_pid=0 prev_prio=120 prev_state=R ==> next_comm=mmcqd/1 next_pid=116 next_prio=120
           <...>-116   [000] ...1   201.013722: block_rq_complete: 179,0 RA () 4077160 + 16 [0]
          <idle>-0     [001] ...2   201.013739: sched_switch: prev_comm=swapper/1 prev_pid=0 prev_prio=120 prev_state=R ==> next_comm=main next_pid=3574 next_prio=120
           <...>-116   [000] ...2   201.013749: sched_switch: prev_comm=mmcqd/1 prev_pid=116 prev_prio=120 prev_state=S ==> next_comm=swapper/0 next_pid=0 next_prio=120
           <...>-3574  [001] d..2   201.013824: block_rq_insert: 179,0 R 0 () 4077376 + 8 [main]
           <...>-3574  [001] d..2   201.013827: block_rq_insert: 179,0 R 0 () 4077400 + 104 [main]
           <...>-3574  [001] ...2   201.013840: sched_switch: prev_comm=main prev_pid=3574 prev_prio=120 prev_state=D|W ==> next_comm=swapper/1 next_pid=0 next_prio=120
          <idle>-0     [000] ...2   201.013847: sched_switch: prev_comm=swapper/0 prev_pid=0 prev_prio=120 prev_state=R ==> next_comm=mmcqd/1 next_pid=116 next_prio=120
           <...>-116   [000] ...2   201.013872: sched_switch: prev_comm=mmcqd/1 prev_pid=116 prev_prio=120 prev_state=S ==> next_comm=swapper/0 next_pid=0 next_prio=120
          <idle>-0     [000] ...2   201.014149: sched_switch: prev_comm=swapper/0 prev_pid=0 prev_prio=120 prev_state=R ==> next_comm=mmcqd/1 next_pid=116 next_prio=120
           <...>-116   [000] ...1   201.014203: block_rq_complete: 179,0 RA () 4077184 + 48 [0]
           <...>-116   [000] ...2   201.014276: sched_switch: prev_comm=mmcqd/1 prev_pid=116 prev_prio=120 prev_state=S ==> next_comm=swapper/0 next_pid=0 next_prio=120
          <idle>-0     [000] ...2   201.014426: sched_switch: prev_comm=swapper/0 prev_pid=0 prev_prio=120 prev_state=R ==> next_comm=mmcqd/1 next_pid=116 next_prio=120
           <...>-116   [000] ...1   201.014464: block_rq_complete: 179,0 RA () 4077376 + 8 [0]
          <idle>-0     [001] ...2   201.014481: sched_switch: prev_comm=swapper/1 prev_pid=0 prev_prio=120 prev_state=R ==> next_comm=main next_pid=3574 next_prio=120
           <...>-116   [000] ...2   201.014490: sched_switch: prev_comm=mmcqd/1 prev_pid=116 prev_prio=120 prev_state=S ==> next_comm=swapper/0 next_pid=0 next_prio=120
           <...>-3574  [001] d..2   201.014540: block_rq_insert: 179,0 R 0 () 4077592 + 16 [main]
           <...>-3574  [001] d..2   201.014543: block_rq_insert: 179,0 R 0 () 4077696 + 8 [main]
           <...>-3574  [001] d..2   201.014544: block_rq_insert: 179,0 R 0 () 4077752 + 8 [main]
           <...>-3574  [001] d..2   201.014545: block_rq_insert: 179,0 R 0 () 4077800 + 24 [main]
           <...>-3574  [001] ...2   201.014559: sched_switch: prev_comm=main prev_pid=3574 prev_prio=120 prev_state=D|W ==> next_comm=swapper/1 next_pid=0 next_prio=120
          <idle>-0     [000] ...2   201.014565: sched_switch: prev_comm=swapper/0 prev_pid=0 prev_prio=120 prev_state=R ==> next_comm=mmcqd/1 next_pid=116 next_prio=120
           <...>-116   [000] ...2   201.014594: sched_switch: prev_comm=mmcqd/1 prev_pid=116 prev_prio=120 prev_state=S ==> next_comm=swapper/0 next_pid=0 next_prio=120
          <idle>-0     [000] ...2   201.015187: sched_switch: prev_comm=swapper/0 prev_pid=0 prev_prio=120 prev_state=R ==> next_comm=mmcqd/1 next_pid=116 next_prio=120
           <...>-116   [000] ...1   201.015261: block_rq_complete: 179,0 RA () 4077400 + 104 [0]
           <...>-116   [000] ...2   201.015296: sched_switch: prev_comm=mmcqd/1 prev_pid=116 prev_prio=120 prev_state=S ==> next_comm=swapper/0 next_pid=0 next_prio=120
          <idle>-0     [000] ...2   201.015548: sched_switch: prev_comm=swapper/0 prev_pid=0 prev_prio=120 prev_state=R ==> next_comm=mmcqd/1 next_pid=116 next_prio=120
           <...>-116   [000] ...1   201.015589: block_rq_complete: 179,0 RA () 4077592 + 16 [0]
           <...>-116   [000] ...2   201.015619: sched_switch: prev_comm=mmcqd/1 prev_pid=116 prev_prio=120 prev_state=S ==> next_comm=swapper/0 next_pid=0 next_prio=120
          <idle>-0     [000] ...2   201.015805: sched_switch: prev_comm=swapper/0 prev_pid=0 prev_prio=120 prev_state=R ==> next_comm=mmcqd/1 next_pid=116 next_prio=120
           <...>-116   [000] ...1   201.015843: block_rq_complete: 179,0 RA () 4077696 + 8 [0]
          <idle>-0     [001] ...2   201.015860: sched_switch: prev_comm=swapper/1 prev_pid=0 prev_prio=120 prev_state=R ==> next_comm=main next_pid=3574 next_prio=120
           <...>-116   [000] ...2   201.015887: sched_switch: prev_comm=mmcqd/1 prev_pid=116 prev_prio=120 prev_state=S ==> next_comm=swapper/0 next_pid=0 next_prio=120
           <...>-3574  [001] d..2   201.015927: block_rq_insert: 179,0 R 0 () 4079160 + 8 [main]
           <...>-3574  [001] d..2   201.015930: block_rq_insert: 179,0 R 0 () 4079192 + 80 [main]
           <...>-3574  [001] d..2   201.015931: block_rq_insert: 179,0 R 0 () 4079304 + 8 [main]
           <...>-3574  [001] ...2   201.015940: sched_switch: prev_comm=main prev_pid=3574 prev_prio=120 prev_state=D|W ==> next_comm=swapper/1 next_pid=0 next_prio=120
          <idle>-0     [000] ...2   201.016070: sched_switch: prev_comm=swapper/0 prev_pid=0 prev_prio=120 prev_state=R ==> next_comm=mmcqd/1 next_pid=116 next_prio=120
           <...>-116   [000] ...1   201.016108: block_rq_complete: 179,0 RA () 4077752 + 8 [0]
           <...>-116   [000] ...2   201.016138: sched_switch: prev_comm=mmcqd/1 prev_pid=116 prev_prio=120 prev_state=S ==> next_comm=swapper/0 next_pid=0 next_prio=120
          <idle>-0     [000] ...2   201.016411: sched_switch: prev_comm=swapper/0 prev_pid=0 prev_prio=120 prev_state=R ==> next_comm=mmcqd/1 next_pid=116 next_prio=120
           <...>-116   [000] ...1   201.016455: block_rq_complete: 179,0 RA () 4077800 + 24 [0]
           <...>-116   [000] ...2   201.016515: sched_switch: prev_comm=mmcqd/1 prev_pid=116 prev_prio=120 prev_state=S ==> next_comm=swapper/0 next_pid=0 next_prio=120
          <idle>-0     [000] ...2   201.016685: sched_switch: prev_comm=swapper/0 prev_pid=0 prev_prio=120 prev_state=R ==> next_comm=mmcqd/1 next_pid=116 next_prio=120
           <...>-116   [000] ...1   201.016724: block_rq_complete: 179,0 RA () 4079160 + 8 [0]
           <...>-116   [000] ...2   201.016753: sched_switch: prev_comm=mmcqd/1 prev_pid=116 prev_prio=120 prev_state=S ==> next_comm=swapper/0 next_pid=0 next_prio=120
          <idle>-0     [000] ...2   201.017341: sched_switch: prev_comm=swapper/0 prev_pid=0 prev_prio=120 prev_state=R ==> next_comm=mmcqd/1 next_pid=116 next_prio=120
           <...>-116   [000] ...1   201.017404: block_rq_complete: 179,0 RA () 4079192 + 80 [0]
          <idle>-0     [001] ...2   201.017422: sched_switch: prev_comm=swapper/1 prev_pid=0 prev_prio=120 prev_state=R ==> next_comm=main next_pid=3574 next_prio=120
           <...>-116   [000] ...2   201.017433: sched_switch: prev_comm=mmcqd/1 prev_pid=116 prev_prio=120 prev_state=S ==> next_comm=swapper/0 next_pid=0 next_prio=120
           <...>-3574  [001] d..2   201.017474: block_rq_insert: 179,0 R 0 () 4081752 + 8 [main]
           <...>-3574  [001] d..2   201.017476: block_rq_insert: 179,0 R 0 () 4081856 + 8 [main]
           <...>-3574  [001] d..2   201.017478: block_rq_insert: 179,0 R 0 () 4081960 + 8 [main]
           <...>-3574  [001] d..2   201.017479: block_rq_insert: 179,0 R 0 () 4081976 + 8 [main]
           <...>-3574  [001] ...2   201.017492: sched_switch: prev_comm=main prev_pid=3574 prev_prio=120 prev_state=D|W ==> next_comm=swapper/1 next_pid=0 next_prio=120
          <idle>-0     [000] ...2   201.017498: sched_switch: prev_comm=swapper/0 prev_pid=0 prev_prio=120 prev_state=R ==> next_comm=mmcqd/1 next_pid=116 next_prio=120
           <...>-116   [000] ...2   201.017523: sched_switch: prev_comm=mmcqd/1 prev_pid=116 prev_prio=120 prev_state=S ==> next_comm=swapper/0 next_pid=0 next_prio=120
          <idle>-0     [000] ...2   201.017643: sched_switch: prev_comm=swapper/0 prev_pid=0 prev_prio=120 prev_state=R ==> next_comm=mmcqd/1 next_pid=116 next_prio=120
           <...>-116   [000] ...1   201.017681: block_rq_complete: 179,0 RA () 4079304 + 8 [0]
           <...>-116   [000] ...2   201.017710: sched_switch: prev_comm=mmcqd/1 prev_pid=116 prev_prio=120 prev_state=S ==> next_comm=swapper/0 next_pid=0 next_prio=120
          <idle>-0     [000] ...2   201.017923: sched_switch: prev_comm=swapper/0 prev_pid=0 prev_prio=120 prev_state=R ==> next_comm=mmcqd/1 next_pid=116 next_prio=120
           <...>-116   [000] ...1   201.017962: block_rq_complete: 179,0 RA () 4081752 + 8 [0]
           <...>-116   [000] ...2   201.017991: sched_switch: prev_comm=mmcqd/1 prev_pid=116 prev_prio=120 prev_state=S ==> next_comm=swapper/0 next_pid=0 next_prio=120
          <idle>-0     [000] ...2   201.018201: sched_switch: prev_comm=swapper/0 prev_pid=0 prev_prio=120 prev_state=R ==> next_comm=mmcqd/1 next_pid=116 next_prio=120
           <...>-116   [000] ...1   201.018240: block_rq_complete: 179,0 RA () 4081856 + 8 [0]
          <idle>-0     [001] ...2   201.018257: sched_switch: prev_comm=swapper/1 prev_pid=0 prev_prio=120 prev_state=R ==> next_comm=main next_pid=3574 next_prio=120
           <...>-116   [000] ...2   201.018275: sched_switch: prev_comm=mmcqd/1 prev_pid=116 prev_prio=120 prev_state=S ==> next_comm=swapper/0 next_pid=0 next_prio=120
           <...>-3574  [001] d..2   201.018325: block_rq_insert: 179,0 R 0 () 4082016 + 8 [main]
           <...>-3574  [001] d..2   201.018327: block_rq_insert: 179,0 R 0 () 4082128 + 8 [main]
           <...>-3574  [001] d..2   201.018329: block_rq_insert: 179,0 R 0 () 4082152 + 8 [main]
           <...>-3574  [001] d..2   201.018330: block_rq_insert: 179,0 R 0 () 4082168 + 32 [main]
           <...>-3574  [001] d..2   201.018332: block_rq_insert: 179,0 R 0 () 4082240 + 8 [main]
           <...>-3574  [001] ...2   201.018340: sched_switch: prev_comm=main prev_pid=3574 prev_prio=120 prev_state=D|W ==> next_comm=swapper/1 next_pid=0 next_prio=120
          <idle>-0     [000] ...2   201.018475: sched_switch: prev_comm=swapper/0 prev_pid=0 prev_prio=120 prev_state=R ==> next_comm=mmcqd/1 next_pid=116 next_prio=120
           <...>-116   [000] ...1   201.018514: block_rq_complete: 179,0 RA () 4081960 + 8 [0]
           <...>-116   [000] ...2   201.018544: sched_switch: prev_comm=mmcqd/1 prev_pid=116 prev_prio=120 prev_state=S ==> next_comm=swapper/0 next_pid=0 next_prio=120
          <idle>-0     [000] ...2   201.018788: sched_switch: prev_comm=swapper/0 prev_pid=0 prev_prio=120 prev_state=R ==> next_comm=mmcqd/1 next_pid=116 next_prio=120
           <...>-116   [000] ...1   201.018825: block_rq_complete: 179,0 RA () 4081976 + 8 [0]
           <...>-116   [000] ...2   201.018854: sched_switch: prev_comm=mmcqd/1 prev_pid=116 prev_prio=120 prev_state=S ==> next_comm=swapper/0 next_pid=0 next_prio=120
          <idle>-0     [000] ...2   201.019071: sched_switch: prev_comm=swapper/0 prev_pid=0 prev_prio=120 prev_state=R ==> next_comm=mmcqd/1 next_pid=116 next_prio=120
           <...>-116   [000] ...1   201.019110: block_rq_complete: 179,0 RA () 4082016 + 8 [0]
           <...>-116   [000] ...2   201.019139: sched_switch: prev_comm=mmcqd/1 prev_pid=116 prev_prio=120 prev_state=S ==> next_comm=swapper/0 next_pid=0 next_prio=120
          <idle>-0     [000] ...2   201.019351: sched_switch: prev_comm=swapper/0 prev_pid=0 prev_prio=120 prev_state=R ==> next_comm=mmcqd/1 next_pid=116 next_prio=120
           <...>-116   [000] ...1   201.019389: block_rq_complete: 179,0 RA () 4082128 + 8 [0]
          <idle>-0     [001] ...2   201.019406: sched_switch: prev_comm=swapper/1 prev_pid=0 prev_prio=120 prev_state=R ==> next_comm=main next_pid=3574 next_prio=120
           <...>-3574  [001] ...2   201.019436: sched_switch: prev_comm=main prev_pid=3574 prev_prio=120 prev_state=D|W ==> next_comm=swapper/1 next_pid=0 next_prio=120
           <...>-116   [000] ...2   201.019437: sched_switch: prev_comm=mmcqd/1 prev_pid=116 prev_prio=120 prev_state=S ==> next_comm=swapper/0 next_pid=0 next_prio=120
          <idle>-0     [000] ...2   201.019631: sched_switch: prev_comm=swapper/0 prev_pid=0 prev_prio=120 prev_state=R ==> next_comm=mmcqd/1 next_pid=116 next_prio=120
           <...>-116   [000] ...1   201.019668: block_rq_complete: 179,0 RA () 4082152 + 8 [0]
          <idle>-0     [001] ...2   201.019684: sched_switch: prev_comm=swapper/1 prev_pid=0 prev_prio=120 prev_state=R ==> next_comm=main next_pid=3574 next_prio=120
           <...>-116   [000] ...2   201.019705: sched_switch: prev_comm=mmcqd/1 prev_pid=116 prev_prio=120 prev_state=S ==> next_comm=swapper/0 next_pid=0 next_prio=120
           <...>-3574  [001] ...2   201.019713: sched_switch: prev_comm=main prev_pid=3574 prev_prio=120 prev_state=D|W ==> next_comm=swapper/1 next_pid=0 next_prio=120
          <idle>-0     [000] ...2   201.020172: sched_switch: prev_comm=swapper/0 prev_pid=0 prev_prio=120 prev_state=R ==> next_comm=mmcqd/1 next_pid=116 next_prio=120
           <...>-116   [000] ...1   201.020220: block_rq_complete: 179,0 RA () 4082168 + 32 [0]
          <idle>-0     [001] ...2   201.020239: sched_switch: prev_comm=swapper/1 prev_pid=0 prev_prio=120 prev_state=R ==> next_comm=main next_pid=3574 next_prio=120
           <...>-116   [000] ...2   201.020247: sched_switch: prev_comm=mmcqd/1 prev_pid=116 prev_prio=120 prev_state=S ==> next_comm=swapper/0 next_pid=0 next_prio=120
           <...>-3574  [001] ...2   201.020286: sched_switch: prev_comm=main prev_pid=3574 prev_prio=120 prev_state=D|W ==> next_comm=swapper/1 next_pid=0 next_prio=120
          <idle>-0     [000] ...2   201.020452: sched_switch: prev_comm=swapper/0 prev_pid=0 prev_prio=120 prev_state=R ==> next_comm=mmcqd/1 next_pid=116 next_prio=120
           <...>-116   [000] ...1   201.020468: block_rq_complete: 179,0 RA () 4082240 + 8 [0]
          <idle>-0     [001] ...2   201.020485: sched_switch: prev_comm=swapper/1 prev_pid=0 prev_prio=120 prev_state=R ==> next_comm=main next_pid=3574 next_prio=120
           <...>-116   [000] ...2   201.020495: sched_switch: prev_comm=mmcqd/1 prev_pid=116 prev_prio=120 prev_state=R+ ==> next_comm=kworker/0:1H next_pid=17 next_prio=100
    kworker/0:1H-17    [000] ...2   201.020508: sched_switch: prev_comm=kworker/0:1H prev_pid=17 prev_prio=100 prev_state=S ==> next_comm=mmcqd/1 next_pid=116 next_prio=120
           <...>-116   [000] ...2   201.020523: sched_switch: prev_comm=mmcqd/1 prev_pid=116 prev_prio=120 prev_state=S ==> next_comm=swapper/0 next_pid=0 next_prio=120
           <...>-3574  [001] d..2   201.020547: block_rq_insert: 179,0 R 0 () 4082680 + 96 [main]
           <...>-3574  [001] ...2   201.020560: sched_switch: prev_comm=main prev_pid=3574 prev_prio=120 prev_state=D|W ==> next_comm=swapper/1 next_pid=0 next_prio=120
          <idle>-0     [000] ...2   201.020567: sched_switch: prev_comm=swapper/0 prev_pid=0 prev_prio=120 prev_state=R ==> next_comm=mmcqd/1 next_pid=116 next_prio=120
           <...>-116   [000] ...2   201.020661: sched_switch: prev_comm=mmcqd/1 prev_pid=116 prev_prio=120 prev_state=S ==> next_comm=swapper/0 next_pid=0 next_prio=120
          <idle>-0     [000] ...2   201.021435: sched_switch: prev_comm=swapper/0 prev_pid=0 prev_prio=120 prev_state=R ==> next_comm=mmcqd/1 next_pid=116 next_prio=120
           <...>-116   [000] ...1   201.021482: block_rq_complete: 179,0 RA () 4082680 + 96 [0]
          <idle>-0     [001] ...2   201.021500: sched_switch: prev_comm=swapper/1 prev_pid=0 prev_prio=120 prev_state=R ==> next_comm=main next_pid=3574 next_prio=120
           <...>-116   [000] ...2   201.021515: sched_switch: prev_comm=mmcqd/1 prev_pid=116 prev_prio=120 prev_state=R+ ==> next_comm=kworker/0:1H next_pid=17 next_prio=100
    kworker/0:1H-17    [000] ...2   201.021527: sched_switch: prev_comm=kworker/0:1H prev_pid=17 prev_prio=100 prev_state=S ==> next_comm=mmcqd/1 next_pid=116 next_prio=120
           <...>-116   [000] ...2   201.021542: sched_switch: prev_comm=mmcqd/1 prev_pid=116 prev_prio=120 prev_state=S ==> next_comm=swapper/0 next_pid=0 next_prio=120
           <...>-3574  [001] d..2   201.021637: block_rq_insert: 179,0 R 0 () 4072976 + 16 [main]
           <...>-3574  [001] d..2   201.021640: block_rq_insert: 179,0 R 0 () 4073024 + 8 [main]
           <...>-3574  [001] d..2   201.021641: block_rq_insert: 179,0 R 0 () 4073040 + 16 [main]
           <...>-3574  [001] d..2   201.021643: block_rq_insert: 179,0 R 0 () 4073064 + 24 [main]
           <...>-3574  [001] d..2   201.021645: block_rq_insert: 179,0 R 0 () 4073096 + 16 [main]
           <...>-3574  [001] d..2   201.021646: block_rq_insert: 179,0 R 0 () 4073120 + 72 [main]
           <...>-3574  [001] d..2   201.021648: block_rq_insert: 179,0 R 0 () 4073208 + 16 [main]
           <...>-3574  [001] ...2   201.021660: sched_switch: prev_comm=main prev_pid=3574 prev_prio=120 prev_state=D|W ==> next_comm=swapper/1 next_pid=0 next_prio=120
          <idle>-0     [000] ...2   201.021667: sched_switch: prev_comm=swapper/0 prev_pid=0 prev_prio=120 prev_state=R ==> next_comm=mmcqd/1 next_pid=116 next_prio=120
           <...>-116   [000] ...2   201.021763: sched_switch: prev_comm=mmcqd/1 prev_pid=116 prev_prio=120 prev_state=S ==> next_comm=swapper/0 next_pid=0 next_prio=120
          <idle>-0     [000] ...2   201.022139: sched_switch: prev_comm=swapper/0 prev_pid=0 prev_prio=120 prev_state=R ==> next_comm=mmcqd/1 next_pid=116 next_prio=120
           <...>-116   [000] ...1   201.022180: block_rq_complete: 179,0 RA () 4073208 + 16 [0]
           <...>-116   [000] ...2   201.022213: sched_switch: prev_comm=mmcqd/1 prev_pid=116 prev_prio=120 prev_state=S ==> next_comm=swapper/0 next_pid=0 next_prio=120
          <idle>-0     [000] ...2   201.022717: sched_switch: prev_comm=swapper/0 prev_pid=0 prev_prio=120 prev_state=R ==> next_comm=mmcqd/1 next_pid=116 next_prio=120
           <...>-116   [000] ...1   201.022777: block_rq_complete: 179,0 RA () 4073120 + 72 [0]
           <...>-116   [000] ...2   201.022816: sched_switch: prev_comm=mmcqd/1 prev_pid=116 prev_prio=120 prev_state=S ==> next_comm=swapper/0 next_pid=0 next_prio=120
          <idle>-0     [000] ...2   201.023007: sched_switch: prev_comm=swapper/0 prev_pid=0 prev_prio=120 prev_state=R ==> next_comm=mmcqd/1 next_pid=116 next_prio=120
           <...>-116   [000] ...1   201.023048: block_rq_complete: 179,0 RA () 4073096 + 16 [0]
          <idle>-0     [001] ...2   201.023065: sched_switch: prev_comm=swapper/1 prev_pid=0 prev_prio=120 prev_state=R ==> next_comm=main next_pid=3574 next_prio=120
           <...>-116   [000] ...2   201.023089: sched_switch: prev_comm=mmcqd/1 prev_pid=116 prev_prio=120 prev_state=S ==> next_comm=swapper/0 next_pid=0 next_prio=120
           <...>-3574  [001] d..2   201.023134: block_rq_insert: 179,0 R 0 () 4085240 + 72 [main]
           <...>-3574  [001] d..2   201.023136: block_rq_insert: 179,0 R 0 () 4085320 + 16 [main]
           <...>-3574  [001] d..2   201.023138: block_rq_insert: 179,0 R 0 () 4085344 + 24 [main]
           <...>-3574  [001] d..2   201.023139: block_rq_insert: 179,0 R 0 () 4085376 + 16 [main]
           <...>-3574  [001] d..2   201.023141: block_rq_insert: 179,0 R 0 () 4085408 + 8 [main]
           <...>-3574  [001] d..2   201.023142: block_rq_insert: 179,0 R 0 () 4085432 + 16 [main]
           <...>-3574  [001] ...2   201.023150: sched_switch: prev_comm=main prev_pid=3574 prev_prio=120 prev_state=D|W ==> next_comm=swapper/1 next_pid=0 next_prio=120
          <idle>-0     [000] ...2   201.023361: sched_switch: prev_comm=swapper/0 prev_pid=0 prev_prio=120 prev_state=R ==> next_comm=mmcqd/1 next_pid=116 next_prio=120
           <...>-116   [000] ...1   201.023406: block_rq_complete: 179,0 RA () 4073064 + 24 [0]
           <...>-116   [000] ...2   201.023437: sched_switch: prev_comm=mmcqd/1 prev_pid=116 prev_prio=120 prev_state=S ==> next_comm=swapper/0 next_pid=0 next_prio=120
          <idle>-0     [000] ...2   201.023676: sched_switch: prev_comm=swapper/0 prev_pid=0 prev_prio=120 prev_state=R ==> next_comm=mmcqd/1 next_pid=116 next_prio=120
           <...>-116   [000] ...1   201.023718: block_rq_complete: 179,0 RA () 4073040 + 16 [0]
           <...>-116   [000] ...2   201.023751: sched_switch: prev_comm=mmcqd/1 prev_pid=116 prev_prio=120 prev_state=S ==> next_comm=swapper/0 next_pid=0 next_prio=120
