           <...>-3574  [000] d..2   200.777734: block_rq_insert: 179,0 R 0 () 1200480 + 16 [app_process]
           <...>-3574  [000] d..2   200.777737: block_rq_insert: 179,0 R 0 () 1200504 + 56 [app_process]
           <...>-3574  [000] d..2   200.777740: block_rq_insert: 179,0 R 0 () 1200568 + 16 [app_process]
           <...>-3574  [000] ...2   200.777751: sched_switch: prev_comm=app_process prev_pid=3574 prev_prio=120 prev_state=R+ ==> next_comm=mmcqd/1 next_pid=116 next_prio=120
           <...>-116   [000] ...2   200.777799: sched_switch: prev_comm=mmcqd/1 prev_pid=116 prev_prio=120 prev_state=S ==> next_comm=app_process next_pid=3574 next_prio=120
           <...>-3574  [000] ...2   200.777806: sched_switch: prev_comm=app_process prev_pid=3574 prev_prio=120 prev_state=D|W ==> next_comm=swapper/0 next_pid=0 next_prio=120
          <idle>-0     [000] ...2   200.778105: sched_switch: prev_comm=swapper/0 prev_pid=0 prev_prio=120 prev_state=R ==> next_comm=mmcqd/1 next_pid=116 next_prio=120
           <...>-116   [000] ...1   200.778128: block_rq_complete: 179,0 RA () 1200464 + 8 [0]
           <...>-116   [000] ...2   200.778164: sched_switch: prev_comm=mmcqd/1 prev_pid=116 prev_prio=120 prev_state=S ==> next_comm=swapper/0 next_pid=0 next_prio=120
          <idle>-0     [000] ...2   200.778541: sched_switch: prev_comm=swapper/0 prev_pid=0 prev_prio=120 prev_state=R ==> next_comm=mmcqd/1 next_pid=116 next_prio=120
           <...>-116   [000] ...1   200.778570: block_rq_complete: 179,0 RA () 1200480 + 16 [0]
           <...>-116   [000] ...2   200.778592: sched_switch: prev_comm=mmcqd/1 prev_pid=116 prev_prio=120 prev_state=S ==> next_comm=swapper/0 next_pid=0 next_prio=120
          <idle>-0     [000] ...2   200.779461: sched_switch: prev_comm=swapper/0 prev_pid=0 prev_prio=120 prev_state=R ==> next_comm=mmcqd/1 next_pid=116 next_prio=120
           <...>-116   [000] ...1   200.779499: block_rq_complete: 179,0 RA () 1200504 + 56 [0]
           <...>-116   [000] ...2   200.779513: sched_switch: prev_comm=mmcqd/1 prev_pid=116 prev_prio=120 prev_state=S ==> next_comm=swapper/0 next_pid=0 next_prio=120
           <...>-3575  [001] ...2   200.779661: sched_switch: prev_comm=sh prev_pid=3575 prev_prio=120 prev_state=R+ ==> next_comm=kworker/1:1 next_pid=3567 next_prio=120
          <idle>-0     [000] ...2   200.779684: sched_switch: prev_comm=swapper/0 prev_pid=0 prev_prio=120 prev_state=R ==> next_comm=adbd next_pid=781 next_prio=120
           <...>-3567  [001] ...2   200.779687: sched_switch: prev_comm=kworker/1:1 prev_pid=3567 prev_prio=120 prev_state=S ==> next_comm=sh next_pid=3575 next_prio=120
           <...>-3575  [001] ...2   200.779706: sched_switch: prev_comm=sh prev_pid=3575 prev_prio=120 prev_state=R+ ==> next_comm=kworker/1:1 next_pid=3567 next_prio=120
            adbd-781   [000] ...2   200.779715: sched_switch: prev_comm=adbd prev_pid=781 prev_prio=120 prev_state=D ==> next_comm=swapper/0 next_pid=0 next_prio=120
           <...>-3567  [001] ...2   200.779728: sched_switch: prev_comm=kworker/1:1 prev_pid=3567 prev_prio=120 prev_state=S ==> next_comm=sh next_pid=3575 next_prio=120
          <idle>-0     [000] ...2   200.779729: sched_switch: prev_comm=swapper/0 prev_pid=0 prev_prio=120 prev_state=R ==> next_comm=adbd next_pid=781 next_prio=120
           <...>-3575  [001] ...2   200.779745: sched_switch: prev_comm=sh prev_pid=3575 prev_prio=120 prev_state=R+ ==> next_comm=kworker/1:1 next_pid=3567 next_prio=120
           <...>-3567  [001] ...2   200.779759: sched_switch: prev_comm=kworker/1:1 prev_pid=3567 prev_prio=120 prev_state=S ==> next_comm=sh next_pid=3575 next_prio=120
           <...>-3575  [001] ...2   200.779774: sched_switch: prev_comm=sh prev_pid=3575 prev_prio=120 prev_state=R+ ==> next_comm=kworker/1:1 next_pid=3567 next_prio=120
           <...>-3567  [001] ...2   200.779796: sched_switch: prev_comm=kworker/1:1 prev_pid=3567 prev_prio=120 prev_state=S ==> next_comm=sh next_pid=3575 next_prio=120
           <...>-3575  [001] ...2   200.779813: sched_switch: prev_comm=sh prev_pid=3575 prev_prio=120 prev_state=R+ ==> next_comm=kworker/1:1 next_pid=3567 next_prio=120
           <...>-3567  [001] ...2   200.779826: sched_switch: prev_comm=kworker/1:1 prev_pid=3567 prev_prio=120 prev_state=S ==> next_comm=sh next_pid=3575 next_prio=120
           <...>-3575  [001] ...2   200.779842: sched_switch: prev_comm=sh prev_pid=3575 prev_prio=120 prev_state=R+ ==> next_comm=kworker/1:1 next_pid=3567 next_prio=120
           <...>-3567  [001] ...2   200.779854: sched_switch: prev_comm=kworker/1:1 prev_pid=3567 prev_prio=120 prev_state=S ==> next_comm=sh next_pid=3575 next_prio=120
           <...>-3575  [001] ...2   200.779870: sched_switch: prev_comm=sh prev_pid=3575 prev_prio=120 prev_state=R+ ==> next_comm=kworker/1:1 next_pid=3567 next_prio=120
           <...>-3567  [001] ...2   200.779884: sched_switch: prev_comm=kworker/1:1 prev_pid=3567 prev_prio=120 prev_state=S ==> next_comm=sh next_pid=3575 next_prio=120
            adbd-781   [000] ...2   200.779885: sched_switch: prev_comm=adbd prev_pid=781 prev_prio=120 prev_state=S ==> next_comm=adbd next_pid=783 next_prio=120
           <...>-3575  [001] ...2   200.779900: sched_switch: prev_comm=sh prev_pid=3575 prev_prio=120 prev_state=R+ ==> next_comm=kworker/1:1 next_pid=3567 next_prio=120
           <...>-3567  [001] ...2   200.779912: sched_switch: prev_comm=kworker/1:1 prev_pid=3567 prev_prio=120 prev_state=S ==> next_comm=sh next_pid=3575 next_prio=120
           <...>-3575  [001] ...2   200.779929: sched_switch: prev_comm=sh prev_pid=3575 prev_prio=120 prev_state=R+ ==> next_comm=kworker/1:1 next_pid=3567 next_prio=120
            adbd-783   [000] ...2   200.779941: sched_switch: prev_comm=adbd prev_pid=783 prev_prio=120 prev_state=S ==> next_comm=mmcqd/1 next_pid=116 next_prio=120
           <...>-3567  [001] ...2   200.779942: sched_switch: prev_comm=kworker/1:1 prev_pid=3567 prev_prio=120 prev_state=S ==> next_comm=sh next_pid=3575 next_prio=120
           <...>-116   [000] ...1   200.779953: block_rq_complete: 179,0 RA () 1200568 + 16 [0]
           <...>-3575  [001] ...2   200.779958: sched_switch: prev_comm=sh prev_pid=3575 prev_prio=120 prev_state=R+ ==> next_comm=kworker/1:1 next_pid=3567 next_prio=120
           <...>-116   [000] ...2   200.779970: sched_switch: prev_comm=mmcqd/1 prev_pid=116 prev_prio=120 prev_state=R+ ==> next_comm=kworker/0:1H next_pid=17 next_prio=100
           <...>-3567  [001] ...2   200.779970: sched_switch: prev_comm=kworker/1:1 prev_pid=3567 prev_prio=120 prev_state=S ==> next_comm=sh next_pid=3575 next_prio=120
    kworker/0:1H-17    [000] ...2   200.779976: sched_switch: prev_comm=kworker/0:1H prev_pid=17 prev_prio=100 prev_state=S ==> next_comm=mmcqd/1 next_pid=116 next_prio=120
           <...>-116   [000] ...2   200.779985: sched_switch: prev_comm=mmcqd/1 prev_pid=116 prev_prio=120 prev_state=S ==> next_comm=app_process next_pid=3574 next_prio=120
           <...>-3575  [001] ...2   200.780014: sched_switch: prev_comm=sh prev_pid=3575 prev_prio=120 prev_state=R+ ==> next_comm=kworker/1:1 next_pid=3567 next_prio=120
           <...>-3567  [001] ...2   200.780029: sched_switch: prev_comm=kworker/1:1 prev_pid=3567 prev_prio=120 prev_state=S ==> next_comm=sh next_pid=3575 next_prio=120
           <...>-3575  [001] ...2   200.780044: sched_switch: prev_comm=sh prev_pid=3575 prev_prio=120 prev_state=R+ ==> next_comm=kworker/1:1 next_pid=3567 next_prio=120
           <...>-3567  [001] ...2   200.780056: sched_switch: prev_comm=kworker/1:1 prev_pid=3567 prev_prio=120 prev_state=S ==> next_comm=sh next_pid=3575 next_prio=120
           <...>-3575  [001] ...2   200.780073: sched_switch: prev_comm=sh prev_pid=3575 prev_prio=120 prev_state=R+ ==> next_comm=kworker/1:1 next_pid=3567 next_prio=120
           <...>-3567  [001] ...2   200.780085: sched_switch: prev_comm=kworker/1:1 prev_pid=3567 prev_prio=120 prev_state=S ==> next_comm=sh next_pid=3575 next_prio=120
           <...>-3575  [001] ...2   200.780100: sched_switch: prev_comm=sh prev_pid=3575 prev_prio=120 prev_state=R+ ==> next_comm=kworker/1:1 next_pid=3567 next_prio=120
           <...>-3567  [001] ...2   200.780113: sched_switch: prev_comm=kworker/1:1 prev_pid=3567 prev_prio=120 prev_state=S ==> next_comm=sh next_pid=3575 next_prio=120
           <...>-3574  [000] d..2   200.780118: block_rq_insert: 179,0 R 0 () 1201088 + 24 [app_process]
           <...>-3574  [000] d..2   200.780121: block_rq_insert: 179,0 R 0 () 1201160 + 32 [app_process]
           <...>-3575  [001] ...2   200.780128: sched_switch: prev_comm=sh prev_pid=3575 prev_prio=120 prev_state=R+ ==> next_comm=kworker/1:1 next_pid=3567 next_prio=120
           <...>-3574  [000] ...2   200.780129: sched_switch: prev_comm=app_process prev_pid=3574 prev_prio=120 prev_state=R+ ==> next_comm=mmcqd/1 next_pid=116 next_prio=120
           <...>-3567  [001] ...2   200.780141: sched_switch: prev_comm=kworker/1:1 prev_pid=3567 prev_prio=120 prev_state=S ==> next_comm=sh next_pid=3575 next_prio=120
           <...>-3575  [001] ...2   200.780157: sched_switch: prev_comm=sh prev_pid=3575 prev_prio=120 prev_state=R+ ==> next_comm=kworker/1:1 next_pid=3567 next_prio=120
           <...>-3567  [001] ...2   200.780169: sched_switch: prev_comm=kworker/1:1 prev_pid=3567 prev_prio=120 prev_state=S ==> next_comm=sh next_pid=3575 next_prio=120
           <...>-3575  [001] ...2   200.780184: sched_switch: prev_comm=sh prev_pid=3575 prev_prio=120 prev_state=R+ ==> next_comm=kworker/1:1 next_pid=3567 next_prio=120
           <...>-3567  [001] ...2   200.780199: sched_switch: prev_comm=kworker/1:1 prev_pid=3567 prev_prio=120 prev_state=S ==> next_comm=sh next_pid=3575 next_prio=120
           <...>-116   [000] ...2   200.780200: sched_switch: prev_comm=mmcqd/1 prev_pid=116 prev_prio=120 prev_state=S ==> next_comm=app_process next_pid=3574 next_prio=120
           <...>-3574  [000] ...2   200.780207: sched_switch: prev_comm=app_process prev_pid=3574 prev_prio=120 prev_state=D|W ==> next_comm=swapper/0 next_pid=0 next_prio=120
           <...>-3575  [001] ...2   200.780215: sched_switch: prev_comm=sh prev_pid=3575 prev_prio=120 prev_state=R+ ==> next_comm=kworker/1:1 next_pid=3567 next_prio=120
           <...>-3567  [001] ...2   200.780227: sched_switch: prev_comm=kworker/1:1 prev_pid=3567 prev_prio=120 prev_state=S ==> next_comm=sh next_pid=3575 next_prio=120
           <...>-3575  [001] ...2   200.780243: sched_switch: prev_comm=sh prev_pid=3575 prev_prio=120 prev_state=R+ ==> next_comm=kworker/1:1 next_pid=3567 next_prio=120
           <...>-3567  [001] ...2   200.780256: sched_switch: prev_comm=kworker/1:1 prev_pid=3567 prev_prio=120 prev_state=S ==> next_comm=sh next_pid=3575 next_prio=120
           <...>-3575  [001] ...2   200.780271: sched_switch: prev_comm=sh prev_pid=3575 prev_prio=120 prev_state=R+ ==> next_comm=kworker/1:1 next_pid=3567 next_prio=120
           <...>-3567  [001] ...2   200.780284: sched_switch: prev_comm=kworker/1:1 prev_pid=3567 prev_prio=120 prev_state=S ==> next_comm=sh next_pid=3575 next_prio=120
           <...>-3575  [001] ...2   200.780300: sched_switch: prev_comm=sh prev_pid=3575 prev_prio=120 prev_state=R+ ==> next_comm=kworker/1:1 next_pid=3567 next_prio=120
           <...>-3567  [001] ...2   200.780312: sched_switch: prev_comm=kworker/1:1 prev_pid=3567 prev_prio=120 prev_state=S ==> next_comm=sh next_pid=3575 next_prio=120
           <...>-3575  [001] ...2   200.780327: sched_switch: prev_comm=sh prev_pid=3575 prev_prio=120 prev_state=R+ ==> next_comm=kworker/1:1 next_pid=3567 next_prio=120
           <...>-3567  [001] ...2   200.780340: sched_switch: prev_comm=kworker/1:1 prev_pid=3567 prev_prio=120 prev_state=S ==> next_comm=sh next_pid=3575 next_prio=120
           <...>-3575  [001] ...2   200.780357: sched_switch: prev_comm=sh prev_pid=3575 prev_prio=120 prev_state=R+ ==> next_comm=kworker/1:1 next_pid=3567 next_prio=120
           <...>-3567  [001] ...2   200.780369: sched_switch: prev_comm=kworker/1:1 prev_pid=3567 prev_prio=120 prev_state=S ==> next_comm=sh next_pid=3575 next_prio=120
           <...>-3575  [001] ...2   200.780384: sched_switch: prev_comm=sh prev_pid=3575 prev_prio=120 prev_state=R+ ==> next_comm=kworker/1:1 next_pid=3567 next_prio=120
           <...>-3567  [001] ...2   200.780397: sched_switch: prev_comm=kworker/1:1 prev_pid=3567 prev_prio=120 prev_state=S ==> next_comm=sh next_pid=3575 next_prio=120
          <idle>-0     [000] ...2   200.780521: sched_switch: prev_comm=swapper/0 prev_pid=0 prev_prio=120 prev_state=R ==> next_comm=adbd next_pid=784 next_prio=120
            adbd-784   [000] ...2   200.780557: sched_switch: prev_comm=adbd prev_pid=784 prev_prio=120 prev_state=S ==> next_comm=adbd next_pid=781 next_prio=120
            adbd-781   [000] ...2   200.780826: sched_switch: prev_comm=adbd prev_pid=781 prev_prio=120 prev_state=S ==> next_comm=kworker/0:0 next_pid=4 next_prio=120
     kworker/0:0-4     [000] ...2   200.780837: sched_switch: prev_comm=kworker/0:0 prev_pid=4 prev_prio=120 prev_state=S ==> next_comm=adbd next_pid=783 next_prio=120
            adbd-783   [000] ...2   200.780902: sched_switch: prev_comm=adbd prev_pid=783 prev_prio=120 prev_state=S ==> next_comm=mmcqd/1 next_pid=116 next_prio=120
           <...>-116   [000] ...1   200.780935: block_rq_complete: 179,0 RA () 1201088 + 24 [0]
           <...>-116   [000] ...2   200.780946: sched_switch: prev_comm=mmcqd/1 prev_pid=116 prev_prio=120 prev_state=S ==> next_comm=swapper/0 next_pid=0 next_prio=120
           <...>-3575  [001] ...3   200.780962: sched_switch: prev_comm=sh prev_pid=3575 prev_prio=120 prev_state=x ==> next_comm=adbd next_pid=3576 next_prio=120
          <idle>-0     [000] ...2   200.781057: sched_switch: prev_comm=swapper/0 prev_pid=0 prev_prio=120 prev_state=R ==> next_comm=kworker/u:1 next_pid=21 next_prio=120
     kworker/u:1-21    [000] ...2   200.781071: sched_switch: prev_comm=kworker/u:1 prev_pid=21 prev_prio=120 prev_state=S ==> next_comm=mpdecision next_pid=1599 next_prio=113
           <...>-3576  [001] ...2   200.781072: sched_switch: prev_comm=adbd prev_pid=3576 prev_prio=120 prev_state=R+ ==> next_comm=adbd next_pid=781 next_prio=120
            adbd-781   [001] ...2   200.781248: sched_switch: prev_comm=adbd prev_pid=781 prev_prio=120 prev_state=S ==> next_comm=adbd next_pid=3576 next_prio=120
      mpdecision-1599  [000] ...2   200.781301: sched_switch: prev_comm=mpdecision prev_pid=1599 prev_prio=113 prev_state=S ==> next_comm=ksoftirqd/0 next_pid=3 next_prio=120
     ksoftirqd/0-3     [000] ...2   200.781316: sched_switch: prev_comm=ksoftirqd/0 prev_pid=3 prev_prio=120 prev_state=S ==> next_comm=swapper/0 next_pid=0 next_prio=120
          <idle>-0     [000] ...2   200.781327: sched_switch: prev_comm=swapper/0 prev_pid=0 prev_prio=120 prev_state=R ==> next_comm=ksoftirqd/0 next_pid=3 next_prio=120
     ksoftirqd/0-3     [000] ...2   200.781332: sched_switch: prev_comm=ksoftirqd/0 prev_pid=3 prev_prio=120 prev_state=S ==> next_comm=swapper/0 next_pid=0 next_prio=120
          <idle>-0     [000] ...2   200.781342: sched_switch: prev_comm=swapper/0 prev_pid=0 prev_prio=120 prev_state=R ==> next_comm=ksoftirqd/0 next_pid=3 next_prio=120
           <...>-3576  [001] ...3   200.781343: sched_switch: prev_comm=adbd prev_pid=3576 prev_prio=120 prev_state=x ==> next_comm=swapper/1 next_pid=0 next_prio=120
     ksoftirqd/0-3     [000] ...2   200.781347: sched_switch: prev_comm=ksoftirqd/0 prev_pid=3 prev_prio=120 prev_state=S ==> next_comm=swapper/0 next_pid=0 next_prio=120
          <idle>-0     [001] ...2   200.781371: sched_switch: prev_comm=swapper/1 prev_pid=0 prev_prio=120 prev_state=R ==> next_comm=ksoftirqd/1 next_pid=3564 next_prio=120
           <...>-3564  [001] ...2   200.781388: sched_switch: prev_comm=ksoftirqd/1 prev_pid=3564 prev_prio=120 prev_state=S ==> next_comm=swapper/1 next_pid=0 next_prio=120
          <idle>-0     [001] ...2   200.781411: sched_switch: prev_comm=swapper/1 prev_pid=0 prev_prio=120 prev_state=R ==> next_comm=ksoftirqd/1 next_pid=3564 next_prio=120
           <...>-3564  [001] ...2   200.781424: sched_switch: prev_comm=ksoftirqd/1 prev_pid=3564 prev_prio=120 prev_state=S ==> next_comm=swapper/1 next_pid=0 next_prio=120
          <idle>-0     [000] ...2   200.781441: sched_switch: prev_comm=swapper/0 prev_pid=0 prev_prio=120 prev_state=R ==> next_comm=adbd next_pid=784 next_prio=120
          <idle>-0     [001] ...2   200.781445: sched_switch: prev_comm=swapper/1 prev_pid=0 prev_prio=120 prev_state=R ==> next_comm=ksoftirqd/1 next_pid=3564 next_prio=120
            adbd-784   [000] ...2   200.781471: sched_switch: prev_comm=adbd prev_pid=784 prev_prio=120 prev_state=S ==> next_comm=adbd next_pid=781 next_prio=120
           <...>-3564  [001] ...2   200.781514: sched_switch: prev_comm=ksoftirqd/1 prev_pid=3564 prev_prio=120 prev_state=S ==> next_comm=mmcqd/1 next_pid=116 next_prio=120
           <...>-116   [001] ...1   200.781541: block_rq_complete: 179,0 RA () 1201160 + 32 [0]
           <...>-116   [001] ...2   200.781573: sched_switch: prev_comm=mmcqd/1 prev_pid=116 prev_prio=120 prev_state=R+ ==> next_comm=kworker/1:0H next_pid=3563 next_prio=100
           <...>-3563  [001] ...2   200.781586: sched_switch: prev_comm=kworker/1:0H prev_pid=3563 prev_prio=100 prev_state=S ==> next_comm=mmcqd/1 next_pid=116 next_prio=120
            adbd-781   [000] ...2   200.781601: sched_switch: prev_comm=adbd prev_pid=781 prev_prio=120 prev_state=S ==> next_comm=adbd next_pid=783 next_prio=120
           <...>-116   [001] ...2   200.781614: sched_switch: prev_comm=mmcqd/1 prev_pid=116 prev_prio=120 prev_state=S ==> next_comm=app_process next_pid=3574 next_prio=120
            adbd-783   [000] ...2   200.781623: sched_switch: prev_comm=adbd prev_pid=783 prev_prio=120 prev_state=S ==> next_comm=swapper/0 next_pid=0 next_prio=120
          <idle>-0     [000] ...2   200.781639: sched_switch: prev_comm=swapper/0 prev_pid=0 prev_prio=120 prev_state=R ==> next_comm=adbd next_pid=784 next_prio=120
            adbd-784   [000] ...2   200.781667: sched_switch: prev_comm=adbd prev_pid=784 prev_prio=120 prev_state=S ==> next_comm=adbd next_pid=781 next_prio=120
            adbd-781   [000] ...2   200.781768: sched_switch: prev_comm=adbd prev_pid=781 prev_prio=120 prev_state=S ==> next_comm=adbd next_pid=783 next_prio=120
            adbd-783   [000] ...2   200.781773: sched_switch: prev_comm=adbd prev_pid=783 prev_prio=120 prev_state=S ==> next_comm=swapper/0 next_pid=0 next_prio=120
           <...>-3574  [001] d..2   200.781852: block_rq_insert: 179,0 R 0 () 1203920 + 8 [app_process]
           <...>-3574  [001] d..2   200.781856: block_rq_insert: 179,0 R 0 () 1203968 + 88 [app_process]
           <...>-3574  [001] ...2   200.781872: sched_switch: prev_comm=app_process prev_pid=3574 prev_prio=120 prev_state=R+ ==> next_comm=mmcqd/1 next_pid=116 next_prio=120
           <...>-116   [001] ...2   200.781978: sched_switch: prev_comm=mmcqd/1 prev_pid=116 prev_prio=120 prev_state=S ==> next_comm=app_process next_pid=3574 next_prio=120
           <...>-3574  [001] ...2   200.781991: sched_switch: prev_comm=app_process prev_pid=3574 prev_prio=120 prev_state=D|W ==> next_comm=swapper/1 next_pid=0 next_prio=120
          <idle>-0     [001] ...2   200.782020: sched_switch: prev_comm=swapper/1 prev_pid=0 prev_prio=120 prev_state=R ==> next_comm=ksoftirqd/1 next_pid=3564 next_prio=120
           <...>-3564  [001] ...2   200.782038: sched_switch: prev_comm=ksoftirqd/1 prev_pid=3564 prev_prio=120 prev_state=S ==> next_comm=swapper/1 next_pid=0 next_prio=120
          <idle>-0     [001] ...2   200.782061: sched_switch: prev_comm=swapper/1 prev_pid=0 prev_prio=120 prev_state=R ==> next_comm=ksoftirqd/1 next_pid=3564 next_prio=120
           <...>-3564  [001] ...2   200.782081: sched_switch: prev_comm=ksoftirqd/1 prev_pid=3564 prev_prio=120 prev_state=S ==> next_comm=swapper/1 next_pid=0 next_prio=120
          <idle>-0     [001] ...2   200.782102: sched_switch: prev_comm=swapper/1 prev_pid=0 prev_prio=120 prev_state=R ==> next_comm=ksoftirqd/1 next_pid=3564 next_prio=120
           <...>-3564  [001] ...2   200.782112: sched_switch: prev_comm=ksoftirqd/1 prev_pid=3564 prev_prio=120 prev_state=S ==> next_comm=swapper/1 next_pid=0 next_prio=120
          <idle>-0     [000] ...2   200.782247: sched_switch: prev_comm=swapper/0 prev_pid=0 prev_prio=120 prev_state=R ==> next_comm=mmcqd/1 next_pid=116 next_prio=120
           <...>-116   [000] ...1   200.782277: block_rq_complete: 179,0 RA () 1203920 + 8 [0]
           <...>-116   [000] ...2   200.782290: sched_switch: prev_comm=mmcqd/1 prev_pid=116 prev_prio=120 prev_state=S ==> next_comm=swapper/0 next_pid=0 next_prio=120
          <idle>-0     [000] ...2   200.783468: sched_switch: prev_comm=swapper/0 prev_pid=0 prev_prio=120 prev_state=R ==> next_comm=mmcqd/1 next_pid=116 next_prio=120
           <...>-116   [000] ...1   200.783496: block_rq_complete: 179,0 RA () 1203968 + 88 [0]
          <idle>-0     [001] ...2   200.783512: sched_switch: prev_comm=swapper/1 prev_pid=0 prev_prio=120 prev_state=R ==> next_comm=app_process next_pid=3574 next_prio=120
           <...>-116   [000] ...2   200.783516: sched_switch: prev_comm=mmcqd/1 prev_pid=116 prev_prio=120 prev_state=R+ ==> next_comm=kworker/0:1H next_pid=17 next_prio=100
    kworker/0:1H-17    [000] ...2   200.783523: sched_switch: prev_comm=kworker/0:1H prev_pid=17 prev_prio=100 prev_state=S ==> next_comm=mmcqd/1 next_pid=116 next_prio=120
           <...>-116   [000] ...2   200.783534: sched_switch: prev_comm=mmcqd/1 prev_pid=116 prev_prio=120 prev_state=S ==> next_comm=swapper/0 next_pid=0 next_prio=120
           <...>-3574  [001] d..2   200.783763: block_rq_insert: 179,0 R 0 () 1206136 + 88 [app_process]
          <idle>-0     [000] ...2   200.783781: sched_switch: prev_comm=swapper/0 prev_pid=0 prev_prio=120 prev_state=R ==> next_comm=mmcqd/1 next_pid=116 next_prio=120
           <...>-3574  [001] ...2   200.783786: sched_switch: prev_comm=app_process prev_pid=3574 prev_prio=120 prev_state=D|W ==> next_comm=swapper/1 next_pid=0 next_prio=120
           <...>-116   [000] ...2   200.783841: sched_switch: prev_comm=mmcqd/1 prev_pid=116 prev_prio=120 prev_state=S ==> next_comm=swapper/0 next_pid=0 next_prio=120
          <idle>-0     [000] ...2   200.785045: sched_switch: prev_comm=swapper/0 prev_pid=0 prev_prio=120 prev_state=R ==> next_comm=mmcqd/1 next_pid=116 next_prio=120
           <...>-116   [000] ...1   200.785072: block_rq_complete: 179,0 RA () 1206136 + 88 [0]
          <idle>-0     [001] ...2   200.785087: sched_switch: prev_comm=swapper/1 prev_pid=0 prev_prio=120 prev_state=R ==> next_comm=app_process next_pid=3574 next_prio=120
           <...>-116   [000] ...2   200.785091: sched_switch: prev_comm=mmcqd/1 prev_pid=116 prev_prio=120 prev_state=R+ ==> next_comm=kworker/0:1H next_pid=17 next_prio=100
    kworker/0:1H-17    [000] ...2   200.785097: sched_switch: prev_comm=kworker/0:1H prev_pid=17 prev_prio=100 prev_state=S ==> next_comm=mmcqd/1 next_pid=116 next_prio=120
           <...>-116   [000] ...2   200.785109: sched_switch: prev_comm=mmcqd/1 prev_pid=116 prev_prio=120 prev_state=S ==> next_comm=swapper/0 next_pid=0 next_prio=120
           <...>-3574  [001] d..2   200.785315: block_rq_insert: 179,0 R 0 () 1206280 + 8 [app_process]
           <...>-3574  [001] d..2   200.785319: block_rq_insert: 179,0 R 0 () 1206296 + 40 [app_process]
          <idle>-0     [000] ...2   200.785335: sched_switch: prev_comm=swapper/0 prev_pid=0 prev_prio=120 prev_state=R ==> next_comm=mmcqd/1 next_pid=116 next_prio=120
           <...>-3574  [001] ...2   200.785339: sched_switch: prev_comm=app_process prev_pid=3574 prev_prio=120 prev_state=D|W ==> next_comm=swapper/1 next_pid=0 next_prio=120
           <...>-116   [000] ...2   200.785390: sched_switch: prev_comm=mmcqd/1 prev_pid=116 prev_prio=120 prev_state=S ==> next_comm=swapper/0 next_pid=0 next_prio=120
          <idle>-0     [000] ...2   200.785675: sched_switch: prev_comm=swapper/0 prev_pid=0 prev_prio=120 prev_state=R ==> next_comm=mmcqd/1 next_pid=116 next_prio=120
           <...>-116   [000] ...1   200.785700: block_rq_complete: 179,0 RA () 1206280 + 8 [0]
           <...>-116   [000] ...2   200.785719: sched_switch: prev_comm=mmcqd/1 prev_pid=116 prev_prio=120 prev_state=S ==> next_comm=swapper/0 next_pid=0 next_prio=120
          <idle>-0     [000] ...2   200.786383: sched_switch: prev_comm=swapper/0 prev_pid=0 prev_prio=120 prev_state=R ==> next_comm=mmcqd/1 next_pid=116 next_prio=120
           <...>-116   [000] ...1   200.786400: block_rq_complete: 179,0 RA () 1206296 + 40 [0]
          <idle>-0     [001] ...2   200.786415: sched_switch: prev_comm=swapper/1 prev_pid=0 prev_prio=120 prev_state=R ==> next_comm=app_process next_pid=3574 next_prio=120
           <...>-116   [000] ...2   200.786416: sched_switch: prev_comm=mmcqd/1 prev_pid=116 prev_prio=120 prev_state=R+ ==> next_comm=kworker/0:1H next_pid=17 next_prio=100
    kworker/0:1H-17    [000] ...2   200.786423: sched_switch: prev_comm=kworker/0:1H prev_pid=17 prev_prio=100 prev_state=S ==> next_comm=mmcqd/1 next_pid=116 next_prio=120
           <...>-116   [000] ...2   200.786433: sched_switch: prev_comm=mmcqd/1 prev_pid=116 prev_prio=120 prev_state=S ==> next_comm=swapper/0 next_pid=0 next_prio=120
           <...>-3574  [001] d..2   200.786605: block_rq_insert: 179,0 R 0 () 1206520 + 24 [app_process]
          <idle>-0     [000] ...2   200.786622: sched_switch: prev_comm=swapper/0 prev_pid=0 prev_prio=120 prev_state=R ==> next_comm=mmcqd/1 next_pid=116 next_prio=120
           <...>-3574  [001] ...2   200.786626: sched_switch: prev_comm=app_process prev_pid=3574 prev_prio=120 prev_state=D|W ==> next_comm=swapper/1 next_pid=0 next_prio=120
           <...>-116   [000] ...2   200.786665: sched_switch: prev_comm=mmcqd/1 prev_pid=116 prev_prio=120 prev_state=S ==> next_comm=swapper/0 next_pid=0 next_prio=120
          <idle>-0     [000] ...2   200.787247: sched_switch: prev_comm=swapper/0 prev_pid=0 prev_prio=120 prev_state=R ==> next_comm=mmcqd/1 next_pid=116 next_prio=120
           <...>-116   [000] ...1   200.787260: block_rq_complete: 179,0 RA () 1206520 + 24 [0]
          <idle>-0     [001] ...2   200.787276: sched_switch: prev_comm=swapper/1 prev_pid=0 prev_prio=120 prev_state=R ==> next_comm=app_process next_pid=3574 next_prio=120
           <...>-116   [000] ...2   200.787276: sched_switch: prev_comm=mmcqd/1 prev_pid=116 prev_prio=120 prev_state=R+ ==> next_comm=kworker/0:1H next_pid=17 next_prio=100
    kworker/0:1H-17    [000] ...2   200.787283: sched_switch: prev_comm=kworker/0:1H prev_pid=17 prev_prio=100 prev_state=S ==> next_comm=mmcqd/1 next_pid=116 next_prio=120
           <...>-116   [000] ...2   200.787293: sched_switch: prev_comm=mmcqd/1 prev_pid=116 prev_prio=120 prev_state=S ==> next_comm=swapper/0 next_pid=0 next_prio=120
           <...>-3574  [001] d..2   200.787490: block_rq_insert: 179,0 R 0 () 1206904 + 8 [app_process]
           <...>-3574  [001] d..2   200.787494: block_rq_insert: 179,0 R 0 () 1206960 + 8 [app_process]
           <...>-3574  [001] d..2   200.787497: block_rq_insert: 179,0 R 0 () 1206984 + 32 [app_process]
          <idle>-0     [000] ...2   200.787513: sched_switch: prev_comm=swapper/0 prev_pid=0 prev_prio=120 prev_state=R ==> next_comm=mmcqd/1 next_pid=116 next_prio=120
           <...>-3574  [001] ...2   200.787517: sched_switch: prev_comm=app_process prev_pid=3574 prev_prio=120 prev_state=D|W ==> next_comm=swapper/1 next_pid=0 next_prio=120
           <...>-116   [000] ...2   200.787559: sched_switch: prev_comm=mmcqd/1 prev_pid=116 prev_prio=120 prev_state=S ==> next_comm=swapper/0 next_pid=0 next_prio=120
          <idle>-0     [000] ...2   200.787869: sched_switch: prev_comm=swapper/0 prev_pid=0 prev_prio=120 prev_state=R ==> next_comm=mmcqd/1 next_pid=116 next_prio=120
           <...>-116   [000] ...1   200.787893: block_rq_complete: 179,0 RA () 1206904 + 8 [0]
           <...>-116   [000] ...2   200.787925: sched_switch: prev_comm=mmcqd/1 prev_pid=116 prev_prio=120 prev_state=S ==> next_comm=swapper/0 next_pid=0 next_prio=120
          <idle>-0     [000] ...2   200.788191: sched_switch: prev_comm=swapper/0 prev_pid=0 prev_prio=120 prev_state=R ==> next_comm=mmcqd/1 next_pid=116 next_prio=120
           <...>-116   [000] ...1   200.788215: block_rq_complete: 179,0 RA () 1206960 + 8 [0]
           <...>-116   [000] ...2   200.788233: sched_switch: prev_comm=mmcqd/1 prev_pid=116 prev_prio=120 prev_state=S ==> next_comm=swapper/0 next_pid=0 next_prio=120
          <idle>-0     [000] ...2   200.788798: sched_switch: prev_comm=swapper/0 prev_pid=0 prev_prio=120 prev_state=R ==> next_comm=mmcqd/1 next_pid=116 next_prio=120
           <...>-116   [000] ...1   200.788813: block_rq_complete: 179,0 RA () 1206984 + 32 [0]
          <idle>-0     [001] ...2   200.788829: sched_switch: prev_comm=swapper/1 prev_pid=0 prev_prio=120 prev_state=R ==> next_comm=app_process next_pid=3574 next_prio=120
           <...>-116   [000] ...2   200.788830: sched_switch: prev_comm=mmcqd/1 prev_pid=116 prev_prio=120 prev_state=R+ ==> next_comm=kworker/0:1H next_pid=17 next_prio=100
    kworker/0:1H-17    [000] ...2   200.788836: sched_switch: prev_comm=kworker/0:1H prev_pid=17 prev_prio=100 prev_state=S ==> next_comm=mmcqd/1 next_pid=116 next_prio=120
           <...>-116   [000] ...2   200.788846: sched_switch: prev_comm=mmcqd/1 prev_pid=116 prev_prio=120 prev_state=S ==> next_comm=swapper/0 next_pid=0 next_prio=120
           <...>-3574  [001] d..2   200.789048: block_rq_insert: 179,0 R 0 () 1209824 + 16 [app_process]
           <...>-3574  [001] d..2   200.789052: block_rq_insert: 179,0 R 0 () 1209864 + 32 [app_process]
           <...>-3574  [001] d..2   200.789056: block_rq_insert: 179,0 R 0 () 1209936 + 16 [app_process]
          <idle>-0     [000] ...2   200.789071: sched_switch: prev_comm=swapper/0 prev_pid=0 prev_prio=120 prev_state=R ==> next_comm=mmcqd/1 next_pid=116 next_prio=120
           <...>-3574  [001] ...2   200.789075: sched_switch: prev_comm=app_process prev_pid=3574 prev_prio=120 prev_state=D|W ==> next_comm=swapper/1 next_pid=0 next_prio=120
           <...>-116   [000] ...2   200.789126: sched_switch: prev_comm=mmcqd/1 prev_pid=116 prev_prio=120 prev_state=S ==> next_comm=swapper/0 next_pid=0 next_prio=120
          <idle>-0     [000] ...2   200.789501: sched_switch: prev_comm=swapper/0 prev_pid=0 prev_prio=120 prev_state=R ==> next_comm=mmcqd/1 next_pid=116 next_prio=120
           <...>-116   [000] ...1   200.789533: block_rq_complete: 179,0 RA () 1209824 + 16 [0]
           <...>-116   [000] ...2   200.789556: sched_switch: prev_comm=mmcqd/1 prev_pid=116 prev_prio=120 prev_state=S ==> next_comm=swapper/0 next_pid=0 next_prio=120
          <idle>-0     [000] ...2   200.790100: sched_switch: prev_comm=swapper/0 prev_pid=0 prev_prio=120 prev_state=R ==> next_comm=mmcqd/1 next_pid=116 next_prio=120
           <...>-116   [000] ...1   200.790135: block_rq_complete: 179,0 RA () 1209864 + 32 [0]
           <...>-116   [000] ...2   200.790149: sched_switch: prev_comm=mmcqd/1 prev_pid=116 prev_prio=120 prev_state=S ==> next_comm=swapper/0 next_pid=0 next_prio=120
          <idle>-0     [000] ...2   200.790531: sched_switch: prev_comm=swapper/0 prev_pid=0 prev_prio=120 prev_state=R ==> next_comm=mmcqd/1 next_pid=116 next_prio=120
           <...>-116   [000] ...1   200.790543: block_rq_complete: 179,0 RA () 1209936 + 16 [0]
          <idle>-0     [001] ...2   200.790559: sched_switch: prev_comm=swapper/1 prev_pid=0 prev_prio=120 prev_state=R ==> next_comm=app_process next_pid=3574 next_prio=120
           <...>-116   [000] ...2   200.790559: sched_switch: prev_comm=mmcqd/1 prev_pid=116 prev_prio=120 prev_state=R+ ==> next_comm=kworker/0:1H next_pid=17 next_prio=100
    kworker/0:1H-17    [000] ...2   200.790566: sched_switch: prev_comm=kworker/0:1H prev_pid=17 prev_prio=100 prev_state=S ==> next_comm=mmcqd/1 next_pid=116 next_prio=120
           <...>-116   [000] ...2   200.790574: sched_switch: prev_comm=mmcqd/1 prev_pid=116 prev_prio=120 prev_state=S ==> next_comm=swapper/0 next_pid=0 next_prio=120
           <...>-3574  [001] d..2   200.790775: block_rq_insert: 179,0 R 0 () 1211744 + 136 [app_process]
          <idle>-0     [000] ...2   200.790792: sched_switch: prev_comm=swapper/0 prev_pid=0 prev_prio=120 prev_state=R ==> next_comm=mmcqd/1 next_pid=116 next_prio=120
           <...>-3574  [001] ...2   200.790796: sched_switch: prev_comm=app_process prev_pid=3574 prev_prio=120 prev_state=D|W ==> next_comm=swapper/1 next_pid=0 next_prio=120
           <...>-116   [000] ...2   200.790859: sched_switch: prev_comm=mmcqd/1 prev_pid=116 prev_prio=120 prev_state=S ==> next_comm=swapper/0 next_pid=0 next_prio=120
          <idle>-0     [000] ...2   200.791049: sched_switch: prev_comm=swapper/0 prev_pid=0 prev_prio=120 prev_state=R ==> next_comm=kworker/0:0 next_pid=4 next_prio=120
          <idle>-0     [001] ...2   200.791065: sched_switch: prev_comm=swapper/1 prev_pid=0 prev_prio=120 prev_state=R ==> next_comm=kworker/1:0H next_pid=3563 next_prio=100
           <...>-3563  [001] ...2   200.791094: sched_switch: prev_comm=kworker/1:0H prev_pid=3563 prev_prio=100 prev_state=S ==> next_comm=ksoftirqd/1 next_pid=3564 next_prio=120
     kworker/0:0-4     [000] ...2   200.791095: sched_switch: prev_comm=kworker/0:0 prev_pid=4 prev_prio=120 prev_state=S ==> next_comm=ksoftirqd/0 next_pid=3 next_prio=120
     ksoftirqd/0-3     [000] ...2   200.791101: sched_switch: prev_comm=ksoftirqd/0 prev_pid=3 prev_prio=120 prev_state=S ==> next_comm=swapper/0 next_pid=0 next_prio=120
           <...>-3564  [001] ...2   200.791110: sched_switch: prev_comm=ksoftirqd/1 prev_pid=3564 prev_prio=120 prev_state=S ==> next_comm=swapper/1 next_pid=0 next_prio=120
          <idle>-0     [000] ...2   200.791117: sched_switch: prev_comm=swapper/0 prev_pid=0 prev_prio=120 prev_state=R ==> next_comm=ksoftirqd/0 next_pid=3 next_prio=120
     ksoftirqd/0-3     [000] ...2   200.791123: sched_switch: prev_comm=ksoftirqd/0 prev_pid=3 prev_prio=120 prev_state=S ==> next_comm=swapper/0 next_pid=0 next_prio=120
          <idle>-0     [000] ...2   200.791138: sched_switch: prev_comm=swapper/0 prev_pid=0 prev_prio=120 prev_state=R ==> next_comm=ksoftirqd/0 next_pid=3 next_prio=120
          <idle>-0     [001] ...2   200.791139: sched_switch: prev_comm=swapper/1 prev_pid=0 prev_prio=120 prev_state=R ==> next_comm=ksoftirqd/1 next_pid=3564 next_prio=120
     ksoftirqd/0-3     [000] ...2   200.791147: sched_switch: prev_comm=ksoftirqd/0 prev_pid=3 prev_prio=120 prev_state=S ==> next_comm=swapper/0 next_pid=0 next_prio=120
           <...>-3564  [001] ...2   200.791159: sched_switch: prev_comm=ksoftirqd/1 prev_pid=3564 prev_prio=120 prev_state=S ==> next_comm=swapper/1 next_pid=0 next_prio=120
          <idle>-0     [000] ...2   200.792605: sched_switch: prev_comm=swapper/0 prev_pid=0 prev_prio=120 prev_state=R ==> next_comm=mmcqd/1 next_pid=116 next_prio=120
           <...>-116   [000] ...1   200.792643: block_rq_complete: 179,0 RA () 1211744 + 136 [0]
          <idle>-0     [001] ...2   200.792662: sched_switch: prev_comm=swapper/1 prev_pid=0 prev_prio=120 prev_state=R ==> next_comm=app_process next_pid=3574 next_prio=120
           <...>-116   [000] ...2   200.792665: sched_switch: prev_comm=mmcqd/1 prev_pid=116 prev_prio=120 prev_state=R+ ==> next_comm=kworker/0:1H next_pid=17 next_prio=100
    kworker/0:1H-17    [000] ...2   200.792671: sched_switch: prev_comm=kworker/0:1H prev_pid=17 prev_prio=100 prev_state=S ==> next_comm=mmcqd/1 next_pid=116 next_prio=120
           <...>-116   [000] ...2   200.792681: sched_switch: prev_comm=mmcqd/1 prev_pid=116 prev_prio=120 prev_state=S ==> next_comm=swapper/0 next_pid=0 next_prio=120
           <...>-3574  [001] d..2   200.792858: block_rq_insert: 179,0 R 0 () 1213624 + 8 [app_process]
          <idle>-0     [000] ...2   200.792878: sched_switch: prev_comm=swapper/0 prev_pid=0 prev_prio=120 prev_state=R ==> next_comm=mmcqd/1 next_pid=116 next_prio=120
           <...>-3574  [001] ...2   200.792880: sched_switch: prev_comm=app_process prev_pid=3574 prev_prio=120 prev_state=D|W ==> next_comm=swapper/1 next_pid=0 next_prio=120
          <idle>-0     [001] ...2   200.792901: sched_switch: prev_comm=swapper/1 prev_pid=0 prev_prio=120 prev_state=R ==> next_comm=ksoftirqd/1 next_pid=3564 next_prio=120
           <...>-3564  [001] ...2   200.792916: sched_switch: prev_comm=ksoftirqd/1 prev_pid=3564 prev_prio=120 prev_state=S ==> next_comm=swapper/1 next_pid=0 next_prio=120
           <...>-116   [000] ...2   200.792918: sched_switch: prev_comm=mmcqd/1 prev_pid=116 prev_prio=120 prev_state=S ==> next_comm=swapper/0 next_pid=0 next_prio=120
          <idle>-0     [001] ...2   200.792938: sched_switch: prev_comm=swapper/1 prev_pid=0 prev_prio=120 prev_state=R ==> next_comm=ksoftirqd/1 next_pid=3564 next_prio=120
           <...>-3564  [001] ...2   200.792952: sched_switch: prev_comm=ksoftirqd/1 prev_pid=3564 prev_prio=120 prev_state=S ==> next_comm=swapper/1 next_pid=0 next_prio=120
          <idle>-0     [001] ...2   200.792972: sched_switch: prev_comm=swapper/1 prev_pid=0 prev_prio=120 prev_state=R ==> next_comm=ksoftirqd/1 next_pid=3564 next_prio=120
           <...>-3564  [001] ...2   200.792985: sched_switch: prev_comm=ksoftirqd/1 prev_pid=3564 prev_prio=120 prev_state=S ==> next_comm=swapper/1 next_pid=0 next_prio=120
          <idle>-0     [000] ...2   200.793212: sched_switch: prev_comm=swapper/0 prev_pid=0 prev_prio=120 prev_state=R ==> next_comm=mmcqd/1 next_pid=116 next_prio=120
           <...>-116   [000] ...1   200.793222: block_rq_complete: 179,0 RA () 1213624 + 8 [0]
           <...>-116   [000] ...2   200.793238: sched_switch: prev_comm=mmcqd/1 prev_pid=116 prev_prio=120 prev_state=R+ ==> next_comm=kworker/0:1H next_pid=17 next_prio=100
          <idle>-0     [001] ...2   200.793241: sched_switch: prev_comm=swapper/1 prev_pid=0 prev_prio=120 prev_state=R ==> next_comm=app_process next_pid=3574 next_prio=120
    kworker/0:1H-17    [000] ...2   200.793245: sched_switch: prev_comm=kworker/0:1H prev_pid=17 prev_prio=100 prev_state=S ==> next_comm=mmcqd/1 next_pid=116 next_prio=120
           <...>-116   [000] ...2   200.793255: sched_switch: prev_comm=mmcqd/1 prev_pid=116 prev_prio=120 prev_state=S ==> next_comm=swapper/0 next_pid=0 next_prio=120
           <...>-3574  [001] d..2   200.793425: block_rq_insert: 179,0 R 0 () 1213704 + 16 [app_process]
          <idle>-0     [000] ...2   200.793446: sched_switch: prev_comm=swapper/0 prev_pid=0 prev_prio=120 prev_state=R ==> next_comm=mmcqd/1 next_pid=116 next_prio=120
           <...>-3574  [001] ...2   200.793447: sched_switch: prev_comm=app_process prev_pid=3574 prev_prio=120 prev_state=D|W ==> next_comm=swapper/1 next_pid=0 next_prio=120
          <idle>-0     [001] ...2   200.793469: sched_switch: prev_comm=swapper/1 prev_pid=0 prev_prio=120 prev_state=R ==> next_comm=ksoftirqd/1 next_pid=3564 next_prio=120
           <...>-3564  [001] ...2   200.793483: sched_switch: prev_comm=ksoftirqd/1 prev_pid=3564 prev_prio=120 prev_state=S ==> next_comm=swapper/1 next_pid=0 next_prio=120
           <...>-116   [000] ...2   200.793486: sched_switch: prev_comm=mmcqd/1 prev_pid=116 prev_prio=120 prev_state=S ==> next_comm=swapper/0 next_pid=0 next_prio=120
          <idle>-0     [001] ...2   200.793504: sched_switch: prev_comm=swapper/1 prev_pid=0 prev_prio=120 prev_state=R ==> next_comm=ksoftirqd/1 next_pid=3564 next_prio=120
           <...>-3564  [001] ...2   200.793515: sched_switch: prev_comm=ksoftirqd/1 prev_pid=3564 prev_prio=120 prev_state=S ==> next_comm=swapper/1 next_pid=0 next_prio=120
          <idle>-0     [001] ...2   200.793537: sched_switch: prev_comm=swapper/1 prev_pid=0 prev_prio=120 prev_state=R ==> next_comm=ksoftirqd/1 next_pid=3564 next_prio=120
           <...>-3564  [001] ...2   200.793548: sched_switch: prev_comm=ksoftirqd/1 prev_pid=3564 prev_prio=120 prev_state=S ==> next_comm=swapper/1 next_pid=0 next_prio=120
          <idle>-0     [000] ...2   200.793880: sched_switch: prev_comm=swapper/0 prev_pid=0 prev_prio=120 prev_state=R ==> next_comm=mmcqd/1 next_pid=116 next_prio=120
           <...>-116   [000] ...1   200.793891: block_rq_complete: 179,0 RA () 1213704 + 16 [0]
           <...>-116   [000] ...2   200.793907: sched_switch: prev_comm=mmcqd/1 prev_pid=116 prev_prio=120 prev_state=R+ ==> next_comm=kworker/0:1H next_pid=17 next_prio=100
          <idle>-0     [001] ...2   200.793910: sched_switch: prev_comm=swapper/1 prev_pid=0 prev_prio=120 prev_state=R ==> next_comm=app_process next_pid=3574 next_prio=120
    kworker/0:1H-17    [000] ...2   200.793914: sched_switch: prev_comm=kworker/0:1H prev_pid=17 prev_prio=100 prev_state=S ==> next_comm=mmcqd/1 next_pid=116 next_prio=120
           <...>-116   [000] ...2   200.793924: sched_switch: prev_comm=mmcqd/1 prev_pid=116 prev_prio=120 prev_state=S ==> next_comm=swapper/0 next_pid=0 next_prio=120
           <...>-3574  [001] d..2   200.794100: block_rq_insert: 179,0 R 0 () 1214640 + 8 [app_process]
           <...>-3574  [001] ...2   200.794118: sched_switch: prev_comm=app_process prev_pid=3574 prev_prio=120 prev_state=D|W ==> next_comm=swapper/1 next_pid=0 next_prio=120
          <idle>-0     [000] ...2   200.794119: sched_switch: prev_comm=swapper/0 prev_pid=0 prev_prio=120 prev_state=R ==> next_comm=mmcqd/1 next_pid=116 next_prio=120
          <idle>-0     [001] ...2   200.794140: sched_switch: prev_comm=swapper/1 prev_pid=0 prev_prio=120 prev_state=R ==> next_comm=ksoftirqd/1 next_pid=3564 next_prio=120
           <...>-3564  [001] ...2   200.794152: sched_switch: prev_comm=ksoftirqd/1 prev_pid=3564 prev_prio=120 prev_state=S ==> next_comm=swapper/1 next_pid=0 next_prio=120
           <...>-116   [000] ...2   200.794157: sched_switch: prev_comm=mmcqd/1 prev_pid=116 prev_prio=120 prev_state=S ==> next_comm=swapper/0 next_pid=0 next_prio=120
          <idle>-0     [001] ...2   200.794174: sched_switch: prev_comm=swapper/1 prev_pid=0 prev_prio=120 prev_state=R ==> next_comm=ksoftirqd/1 next_pid=3564 next_prio=120
           <...>-3564  [001] ...2   200.794184: sched_switch: prev_comm=ksoftirqd/1 prev_pid=3564 prev_prio=120 prev_state=S ==> next_comm=swapper/1 next_pid=0 next_prio=120
          <idle>-0     [001] ...2   200.794206: sched_switch: prev_comm=swapper/1 prev_pid=0 prev_prio=120 prev_state=R ==> next_comm=ksoftirqd/1 next_pid=3564 next_prio=120
           <...>-3564  [001] ...2   200.794218: sched_switch: prev_comm=ksoftirqd/1 prev_pid=3564 prev_prio=120 prev_state=S ==> next_comm=swapper/1 next_pid=0 next_prio=120
          <idle>-0     [000] ...2   200.794469: sched_switch: prev_comm=swapper/0 prev_pid=0 prev_prio=120 prev_state=R ==> next_comm=mmcqd/1 next_pid=116 next_prio=120
           <...>-116   [000] ...1   200.794479: block_rq_complete: 179,0 RA () 1214640 + 8 [0]
           <...>-116   [000] ...2   200.794495: sched_switch: prev_comm=mmcqd/1 prev_pid=116 prev_prio=120 prev_state=R+ ==> next_comm=kworker/0:1H next_pid=17 next_prio=100
          <idle>-0     [001] ...2   200.794497: sched_switch: prev_comm=swapper/1 prev_pid=0 prev_prio=120 prev_state=R ==> next_comm=app_process next_pid=3574 next_prio=120
    kworker/0:1H-17    [000] ...2   200.794501: sched_switch: prev_comm=kworker/0:1H prev_pid=17 prev_prio=100 prev_state=S ==> next_comm=mmcqd/1 next_pid=116 next_prio=120
           <...>-116   [000] ...2   200.794511: sched_switch: prev_comm=mmcqd/1 prev_pid=116 prev_prio=120 prev_state=S ==> next_comm=swapper/0 next_pid=0 next_prio=120
           <...>-3574  [001] d..2   200.794714: block_rq_insert: 179,0 R 0 () 1214688 + 8 [app_process]
           <...>-3574  [001] ...2   200.794732: sched_switch: prev_comm=app_process prev_pid=3574 prev_prio=120 prev_state=D|W ==> next_comm=swapper/1 next_pid=0 next_prio=120
          <idle>-0     [000] ...2   200.794733: sched_switch: prev_comm=swapper/0 prev_pid=0 prev_prio=120 prev_state=R ==> next_comm=mmcqd/1 next_pid=116 next_prio=120
          <idle>-0     [001] ...2   200.794756: sched_switch: prev_comm=swapper/1 prev_pid=0 prev_prio=120 prev_state=R ==> next_comm=ksoftirqd/1 next_pid=3564 next_prio=120
           <...>-3564  [001] ...2   200.794768: sched_switch: prev_comm=ksoftirqd/1 prev_pid=3564 prev_prio=120 prev_state=S ==> next_comm=swapper/1 next_pid=0 next_prio=120
           <...>-116   [000] ...2   200.794771: sched_switch: prev_comm=mmcqd/1 prev_pid=116 prev_prio=120 prev_state=S ==> next_comm=swapper/0 next_pid=0 next_prio=120
          <idle>-0     [001] ...2   200.794789: sched_switch: prev_comm=swapper/1 prev_pid=0 prev_prio=120 prev_state=R ==> next_comm=ksoftirqd/1 next_pid=3564 next_prio=120
           <...>-3564  [001] ...2   200.794799: sched_switch: prev_comm=ksoftirqd/1 prev_pid=3564 prev_prio=120 prev_state=S ==> next_comm=swapper/1 next_pid=0 next_prio=120
          <idle>-0     [001] ...2   200.794821: sched_switch: prev_comm=swapper/1 prev_pid=0 prev_prio=120 prev_state=R ==> next_comm=ksoftirqd/1 next_pid=3564 next_prio=120
           <...>-3564  [001] ...2   200.794835: sched_switch: prev_comm=ksoftirqd/1 prev_pid=3564 prev_prio=120 prev_state=S ==> next_comm=swapper/1 next_pid=0 next_prio=120
          <idle>-0     [000] ...2   200.795075: sched_switch: prev_comm=swapper/0 prev_pid=0 prev_prio=120 prev_state=R ==> next_comm=mmcqd/1 next_pid=116 next_prio=120
           <...>-116   [000] ...1   200.795085: block_rq_complete: 179,0 RA () 1214688 + 8 [0]
           <...>-116   [000] ...2   200.795101: sched_switch: prev_comm=mmcqd/1 prev_pid=116 prev_prio=120 prev_state=R+ ==> next_comm=kworker/0:1H next_pid=17 next_prio=100
          <idle>-0     [001] ...2   200.795104: sched_switch: prev_comm=swapper/1 prev_pid=0 prev_prio=120 prev_state=R ==> next_comm=app_process next_pid=3574 next_prio=120
    kworker/0:1H-17    [000] ...2   200.795108: sched_switch: prev_comm=kworker/0:1H prev_pid=17 prev_prio=100 prev_state=S ==> next_comm=mmcqd/1 next_pid=116 next_prio=120
           <...>-116   [000] ...2   200.795118: sched_switch: prev_comm=mmcqd/1 prev_pid=116 prev_prio=120 prev_state=S ==> next_comm=swapper/0 next_pid=0 next_prio=120
           <...>-3574  [001] d..2   200.795448: block_rq_insert: 179,0 R 0 () 1214864 + 8 [app_process]
           <...>-3574  [001] ...2   200.795467: sched_switch: prev_comm=app_process prev_pid=3574 prev_prio=120 prev_state=D|W ==> next_comm=swapper/1 next_pid=0 next_prio=120
          <idle>-0     [000] ...2   200.795468: sched_switch: prev_comm=swapper/0 prev_pid=0 prev_prio=120 prev_state=R ==> next_comm=mmcqd/1 next_pid=116 next_prio=120
          <idle>-0     [001] ...2   200.795489: sched_switch: prev_comm=swapper/1 prev_pid=0 prev_prio=120 prev_state=R ==> next_comm=ksoftirqd/1 next_pid=3564 next_prio=120
           <...>-116   [000] ...2   200.795500: sched_switch: prev_comm=mmcqd/1 prev_pid=116 prev_prio=120 prev_state=S ==> next_comm=swapper/0 next_pid=0 next_prio=120
           <...>-3564  [001] ...2   200.795502: sched_switch: prev_comm=ksoftirqd/1 prev_pid=3564 prev_prio=120 prev_state=S ==> next_comm=swapper/1 next_pid=0 next_prio=120
          <idle>-0     [001] ...2   200.795523: sched_switch: prev_comm=swapper/1 prev_pid=0 prev_prio=120 prev_state=R ==> next_comm=ksoftirqd/1 next_pid=3564 next_prio=120
           <...>-3564  [001] ...2   200.795533: sched_switch: prev_comm=ksoftirqd/1 prev_pid=3564 prev_prio=120 prev_state=S ==> next_comm=swapper/1 next_pid=0 next_prio=120
          <idle>-0     [001] ...2   200.795556: sched_switch: prev_comm=swapper/1 prev_pid=0 prev_prio=120 prev_state=R ==> next_comm=ksoftirqd/1 next_pid=3564 next_prio=120
           <...>-3564  [001] ...2   200.795568: sched_switch: prev_comm=ksoftirqd/1 prev_pid=3564 prev_prio=120 prev_state=S ==> next_comm=swapper/1 next_pid=0 next_prio=120
          <idle>-0     [000] ...2   200.795796: sched_switch: prev_comm=swapper/0 prev_pid=0 prev_prio=120 prev_state=R ==> next_comm=mmcqd/1 next_pid=116 next_prio=120
           <...>-116   [000] ...1   200.795806: block_rq_complete: 179,0 RA () 1214864 + 8 [0]
           <...>-116   [000] ...2   200.795822: sched_switch: prev_comm=mmcqd/1 prev_pid=116 prev_prio=120 prev_state=R+ ==> next_comm=kworker/0:1H next_pid=17 next_prio=100
          <idle>-0     [001] ...2   200.795824: sched_switch: prev_comm=swapper/1 prev_pid=0 prev_prio=120 prev_state=R ==> next_comm=app_process next_pid=3574 next_prio=120
    kworker/0:1H-17    [000] ...2   200.795828: sched_switch: prev_comm=kworker/0:1H prev_pid=17 prev_prio=100 prev_state=S ==> next_comm=mmcqd/1 next_pid=116 next_prio=120
           <...>-116   [000] ...2   200.795837: sched_switch: prev_comm=mmcqd/1 prev_pid=116 prev_prio=120 prev_state=S ==> next_comm=swapper/0 next_pid=0 next_prio=120
           <...>-3574  [001] d..2   200.796088: block_rq_insert: 179,0 R 0 () 1234304 + 144 [app_process]
           <...>-3574  [001] ...2   200.796106: sched_switch: prev_comm=app_process prev_pid=3574 prev_prio=120 prev_state=D|W ==> next_comm=swapper/1 next_pid=0 next_prio=120
          <idle>-0     [000] ...2   200.796107: sched_switch: prev_comm=swapper/0 prev_pid=0 prev_prio=120 prev_state=R ==> next_comm=mmcqd/1 next_pid=116 next_prio=120
          <idle>-0     [001] ...2   200.796127: sched_switch: prev_comm=swapper/1 prev_pid=0 prev_prio=120 prev_state=R ==> next_comm=ksoftirqd/1 next_pid=3564 next_prio=120
           <...>-3564  [001] ...2   200.796141: sched_switch: prev_comm=ksoftirqd/1 prev_pid=3564 prev_prio=120 prev_state=S ==> next_comm=swapper/1 next_pid=0 next_prio=120
