          <idle>-0     [000] ...2   201.023994: sched_switch: prev_comm=swapper/0 prev_pid=0 prev_prio=120 prev_state=R ==> next_comm=mmcqd/1 next_pid=116 next_prio=120
           <...>-116   [000] ...1   201.024032: block_rq_complete: 179,0 RA () 4073024 + 8 [0]
           <...>-116   [000] ...2   201.024088: sched_switch: prev_comm=mmcqd/1 prev_pid=116 prev_prio=120 prev_state=S ==> next_comm=swapper/0 next_pid=0 next_prio=120
          <idle>-0     [000] ...2   201.024300: sched_switch: prev_comm=swapper/0 prev_pid=0 prev_prio=120 prev_state=R ==> next_comm=mmcqd/1 next_pid=116 next_prio=120
           <...>-116   [000] ...1   201.024341: block_rq_complete: 179,0 RA () 4072976 + 16 [0]
           <...>-116   [000] ...2   201.024374: sched_switch: prev_comm=mmcqd/1 prev_pid=116 prev_prio=120 prev_state=S ==> next_comm=swapper/0 next_pid=0 next_prio=120
          <idle>-0     [000] ...2   201.025000: sched_switch: prev_comm=swapper/0 prev_pid=0 prev_prio=120 prev_state=R ==> next_comm=mmcqd/1 next_pid=116 next_prio=120
           <...>-116   [000] ...1   201.025060: block_rq_complete: 179,0 RA () 4085240 + 72 [0]
           <...>-116   [000] ...2   201.025100: sched_switch: prev_comm=mmcqd/1 prev_pid=116 prev_prio=120 prev_state=S ==> next_comm=swapper/0 next_pid=0 next_prio=120
          <idle>-0     [000] ...2   201.025314: sched_switch: prev_comm=swapper/0 prev_pid=0 prev_prio=120 prev_state=R ==> next_comm=mmcqd/1 next_pid=116 next_prio=120
           <...>-116   [000] ...1   201.025355: block_rq_complete: 179,0 RA () 4085320 + 16 [0]
          <idle>-0     [001] ...2   201.025372: sched_switch: prev_comm=swapper/1 prev_pid=0 prev_prio=120 prev_state=R ==> next_comm=main next_pid=3574 next_prio=120
           <...>-116   [000] ...2   201.025395: sched_switch: prev_comm=mmcqd/1 prev_pid=116 prev_prio=120 prev_state=S ==> next_comm=swapper/0 next_pid=0 next_prio=120
           <...>-3574  [001] d..2   201.025666: block_rq_insert: 179,0 R 0 () 4083344 + 8 [main]
           <...>-3574  [001] d..2   201.025669: block_rq_insert: 179,0 R 0 () 4083392 + 24 [main]
           <...>-3574  [001] d..2   201.025670: block_rq_insert: 179,0 R 0 () 4083424 + 32 [main]
          <idle>-0     [000] ...2   201.025671: sched_switch: prev_comm=swapper/0 prev_pid=0 prev_prio=120 prev_state=R ==> next_comm=mmcqd/1 next_pid=116 next_prio=120
           <...>-3574  [001] d..2   201.025672: block_rq_insert: 179,0 R 0 () 4083496 + 8 [main]
           <...>-3574  [001] ...2   201.025680: sched_switch: prev_comm=main prev_pid=3574 prev_prio=120 prev_state=D|W ==> next_comm=swapper/1 next_pid=0 next_prio=120
           <...>-116   [000] ...1   201.025717: block_rq_complete: 179,0 RA () 4085344 + 24 [0]
           <...>-116   [000] ...2   201.025751: sched_switch: prev_comm=mmcqd/1 prev_pid=116 prev_prio=120 prev_state=S ==> next_comm=swapper/0 next_pid=0 next_prio=120
          <idle>-0     [000] ...2   201.025974: sched_switch: prev_comm=swapper/0 prev_pid=0 prev_prio=120 prev_state=R ==> next_comm=mmcqd/1 next_pid=116 next_prio=120
           <...>-116   [000] ...1   201.026016: block_rq_complete: 179,0 RA () 4085376 + 16 [0]
           <...>-116   [000] ...2   201.026049: sched_switch: prev_comm=mmcqd/1 prev_pid=116 prev_prio=120 prev_state=S ==> next_comm=swapper/0 next_pid=0 next_prio=120
          <idle>-0     [000] ...2   201.026243: sched_switch: prev_comm=swapper/0 prev_pid=0 prev_prio=120 prev_state=R ==> next_comm=mmcqd/1 next_pid=116 next_prio=120
           <...>-116   [000] ...1   201.026281: block_rq_complete: 179,0 RA () 4085408 + 8 [0]
           <...>-116   [000] ...2   201.026310: sched_switch: prev_comm=mmcqd/1 prev_pid=116 prev_prio=120 prev_state=S ==> next_comm=swapper/0 next_pid=0 next_prio=120
          <idle>-0     [000] ...2   201.026578: sched_switch: prev_comm=swapper/0 prev_pid=0 prev_prio=120 prev_state=R ==> next_comm=mmcqd/1 next_pid=116 next_prio=120
           <...>-116   [000] ...1   201.026619: block_rq_complete: 179,0 RA () 4085432 + 16 [0]
           <...>-116   [000] ...2   201.026661: sched_switch: prev_comm=mmcqd/1 prev_pid=116 prev_prio=120 prev_state=S ==> next_comm=swapper/0 next_pid=0 next_prio=120
          <idle>-0     [000] ...2   201.026851: sched_switch: prev_comm=swapper/0 prev_pid=0 prev_prio=120 prev_state=R ==> next_comm=mmcqd/1 next_pid=116 next_prio=120
           <...>-116   [000] ...1   201.026890: block_rq_complete: 179,0 RA () 4083496 + 8 [0]
           <...>-116   [000] ...2   201.026926: sched_switch: prev_comm=mmcqd/1 prev_pid=116 prev_prio=120 prev_state=S ==> next_comm=swapper/0 next_pid=0 next_prio=120
          <idle>-0     [000] ...2   201.027239: sched_switch: prev_comm=swapper/0 prev_pid=0 prev_prio=120 prev_state=R ==> next_comm=mmcqd/1 next_pid=116 next_prio=120
           <...>-116   [000] ...1   201.027287: block_rq_complete: 179,0 RA () 4083424 + 32 [0]
           <...>-116   [000] ...2   201.027317: sched_switch: prev_comm=mmcqd/1 prev_pid=116 prev_prio=120 prev_state=S ==> next_comm=swapper/0 next_pid=0 next_prio=120
          <idle>-0     [000] ...2   201.027587: sched_switch: prev_comm=swapper/0 prev_pid=0 prev_prio=120 prev_state=R ==> next_comm=mmcqd/1 next_pid=116 next_prio=120
           <...>-116   [000] ...1   201.027631: block_rq_complete: 179,0 RA () 4083392 + 24 [0]
          <idle>-0     [001] ...2   201.027649: sched_switch: prev_comm=swapper/1 prev_pid=0 prev_prio=120 prev_state=R ==> next_comm=main next_pid=3574 next_prio=120
           <...>-116   [000] ...2   201.027657: sched_switch: prev_comm=mmcqd/1 prev_pid=116 prev_prio=120 prev_state=S ==> next_comm=swapper/0 next_pid=0 next_prio=120
           <...>-3574  [001] d..2   201.027692: block_rq_insert: 179,0 R 0 () 4082888 + 24 [main]
           <...>-3574  [001] d..2   201.027695: block_rq_insert: 179,0 R 0 () 4083008 + 8 [main]
           <...>-3574  [001] ...2   201.027708: sched_switch: prev_comm=main prev_pid=3574 prev_prio=120 prev_state=D|W ==> next_comm=swapper/1 next_pid=0 next_prio=120
          <idle>-0     [000] ...2   201.027715: sched_switch: prev_comm=swapper/0 prev_pid=0 prev_prio=120 prev_state=R ==> next_comm=mmcqd/1 next_pid=116 next_prio=120
           <...>-116   [000] ...2   201.027742: sched_switch: prev_comm=mmcqd/1 prev_pid=116 prev_prio=120 prev_state=S ==> next_comm=swapper/0 next_pid=0 next_prio=120
          <idle>-0     [000] ...2   201.027843: sched_switch: prev_comm=swapper/0 prev_pid=0 prev_prio=120 prev_state=R ==> next_comm=mmcqd/1 next_pid=116 next_prio=120
           <...>-116   [000] ...1   201.027881: block_rq_complete: 179,0 RA () 4083344 + 8 [0]
           <...>-116   [000] ...2   201.027919: sched_switch: prev_comm=mmcqd/1 prev_pid=116 prev_prio=120 prev_state=S ==> next_comm=swapper/0 next_pid=0 next_prio=120
          <idle>-0     [000] ...2   201.028124: sched_switch: prev_comm=swapper/0 prev_pid=0 prev_prio=120 prev_state=R ==> next_comm=mmcqd/1 next_pid=116 next_prio=120
           <...>-116   [000] ...1   201.028163: block_rq_complete: 179,0 RA () 4083008 + 8 [0]
           <...>-116   [000] ...2   201.028181: sched_switch: prev_comm=mmcqd/1 prev_pid=116 prev_prio=120 prev_state=S ==> next_comm=swapper/0 next_pid=0 next_prio=120
          <idle>-0     [000] ...2   201.028473: sched_switch: prev_comm=swapper/0 prev_pid=0 prev_prio=120 prev_state=R ==> next_comm=mmcqd/1 next_pid=116 next_prio=120
           <...>-116   [000] ...1   201.028494: block_rq_complete: 179,0 RA () 4082888 + 24 [0]
          <idle>-0     [001] ...2   201.028511: sched_switch: prev_comm=swapper/1 prev_pid=0 prev_prio=120 prev_state=R ==> next_comm=main next_pid=3574 next_prio=120
           <...>-116   [000] ...2   201.028522: sched_switch: prev_comm=mmcqd/1 prev_pid=116 prev_prio=120 prev_state=R+ ==> next_comm=kworker/0:1H next_pid=17 next_prio=100
    kworker/0:1H-17    [000] ...2   201.028534: sched_switch: prev_comm=kworker/0:1H prev_pid=17 prev_prio=100 prev_state=S ==> next_comm=mmcqd/1 next_pid=116 next_prio=120
           <...>-116   [000] ...2   201.028549: sched_switch: prev_comm=mmcqd/1 prev_pid=116 prev_prio=120 prev_state=S ==> next_comm=swapper/0 next_pid=0 next_prio=120
           <...>-3574  [001] d..2   201.028643: block_rq_insert: 179,0 R 0 () 4085480 + 136 [main]
           <...>-3574  [001] ...2   201.028657: sched_switch: prev_comm=main prev_pid=3574 prev_prio=120 prev_state=D|W ==> next_comm=swapper/1 next_pid=0 next_prio=120
          <idle>-0     [000] ...2   201.028664: sched_switch: prev_comm=swapper/0 prev_pid=0 prev_prio=120 prev_state=R ==> next_comm=mmcqd/1 next_pid=116 next_prio=120
           <...>-116   [000] ...2   201.028776: sched_switch: prev_comm=mmcqd/1 prev_pid=116 prev_prio=120 prev_state=S ==> next_comm=swapper/0 next_pid=0 next_prio=120
          <idle>-0     [000] ...2   201.029694: sched_switch: prev_comm=swapper/0 prev_pid=0 prev_prio=120 prev_state=R ==> next_comm=mmcqd/1 next_pid=116 next_prio=120
           <...>-116   [000] ...1   201.029756: block_rq_complete: 179,0 RA () 4085480 + 136 [0]
          <idle>-0     [001] ...2   201.029779: sched_switch: prev_comm=swapper/1 prev_pid=0 prev_prio=120 prev_state=R ==> next_comm=main next_pid=3574 next_prio=120
           <...>-116   [000] ...2   201.029789: sched_switch: prev_comm=mmcqd/1 prev_pid=116 prev_prio=120 prev_state=R+ ==> next_comm=kworker/0:1H next_pid=17 next_prio=100
    kworker/0:1H-17    [000] ...2   201.029800: sched_switch: prev_comm=kworker/0:1H prev_pid=17 prev_prio=100 prev_state=S ==> next_comm=mmcqd/1 next_pid=116 next_prio=120
           <...>-116   [000] ...2   201.029814: sched_switch: prev_comm=mmcqd/1 prev_pid=116 prev_prio=120 prev_state=S ==> next_comm=swapper/0 next_pid=0 next_prio=120
           <...>-3574  [001] d..2   201.029927: block_rq_insert: 179,0 R 0 () 4083264 + 8 [main]
           <...>-3574  [001] ...2   201.029940: sched_switch: prev_comm=main prev_pid=3574 prev_prio=120 prev_state=D|W ==> next_comm=swapper/1 next_pid=0 next_prio=120
          <idle>-0     [000] ...2   201.029946: sched_switch: prev_comm=swapper/0 prev_pid=0 prev_prio=120 prev_state=R ==> next_comm=mmcqd/1 next_pid=116 next_prio=120
           <...>-116   [000] ...2   201.030002: sched_switch: prev_comm=mmcqd/1 prev_pid=116 prev_prio=120 prev_state=S ==> next_comm=swapper/0 next_pid=0 next_prio=120
          <idle>-0     [000] ...2   201.030242: sched_switch: prev_comm=swapper/0 prev_pid=0 prev_prio=120 prev_state=R ==> next_comm=mmcqd/1 next_pid=116 next_prio=120
           <...>-116   [000] ...1   201.030257: block_rq_complete: 179,0 RA () 4083264 + 8 [0]
          <idle>-0     [001] ...2   201.030275: sched_switch: prev_comm=swapper/1 prev_pid=0 prev_prio=120 prev_state=R ==> next_comm=main next_pid=3574 next_prio=120
           <...>-116   [000] ...2   201.030284: sched_switch: prev_comm=mmcqd/1 prev_pid=116 prev_prio=120 prev_state=R+ ==> next_comm=kworker/0:1H next_pid=17 next_prio=100
    kworker/0:1H-17    [000] ...2   201.030295: sched_switch: prev_comm=kworker/0:1H prev_pid=17 prev_prio=100 prev_state=S ==> next_comm=mmcqd/1 next_pid=116 next_prio=120
           <...>-116   [000] ...2   201.030308: sched_switch: prev_comm=mmcqd/1 prev_pid=116 prev_prio=120 prev_state=S ==> next_comm=swapper/0 next_pid=0 next_prio=120
           <...>-3574  [001] d..2   201.030974: block_rq_insert: 179,0 R 0 () 4085656 + 256 [main]
           <...>-3574  [001] ...2   201.030988: sched_switch: prev_comm=main prev_pid=3574 prev_prio=120 prev_state=D|W ==> next_comm=swapper/1 next_pid=0 next_prio=120
          <idle>-0     [000] ...2   201.030995: sched_switch: prev_comm=swapper/0 prev_pid=0 prev_prio=120 prev_state=R ==> next_comm=mmcqd/1 next_pid=116 next_prio=120
           <...>-116   [000] ...2   201.031067: sched_switch: prev_comm=mmcqd/1 prev_pid=116 prev_prio=120 prev_state=R+ ==> next_comm=kworker/u:1 next_pid=21 next_prio=120
     kworker/u:1-21    [000] ...2   201.031089: sched_switch: prev_comm=kworker/u:1 prev_pid=21 prev_prio=120 prev_state=S ==> next_comm=kworker/0:1H next_pid=17 next_prio=100
    kworker/0:1H-17    [000] ...2   201.031109: sched_switch: prev_comm=kworker/0:1H prev_pid=17 prev_prio=100 prev_state=S ==> next_comm=mpdecision next_pid=1599 next_prio=113
      mpdecision-1599  [000] ...2   201.031491: sched_switch: prev_comm=mpdecision prev_pid=1599 prev_prio=113 prev_state=S ==> next_comm=mmcqd/1 next_pid=116 next_prio=120
           <...>-116   [000] ...2   201.031638: sched_switch: prev_comm=mmcqd/1 prev_pid=116 prev_prio=120 prev_state=S ==> next_comm=swapper/0 next_pid=0 next_prio=120
          <idle>-0     [000] ...2   201.031657: sched_switch: prev_comm=swapper/0 prev_pid=0 prev_prio=120 prev_state=R ==> next_comm=ksoftirqd/0 next_pid=3 next_prio=120
     ksoftirqd/0-3     [000] ...2   201.031669: sched_switch: prev_comm=ksoftirqd/0 prev_pid=3 prev_prio=120 prev_state=S ==> next_comm=swapper/0 next_pid=0 next_prio=120
          <idle>-0     [000] ...2   201.031686: sched_switch: prev_comm=swapper/0 prev_pid=0 prev_prio=120 prev_state=R ==> next_comm=ksoftirqd/0 next_pid=3 next_prio=120
     ksoftirqd/0-3     [000] ...2   201.031697: sched_switch: prev_comm=ksoftirqd/0 prev_pid=3 prev_prio=120 prev_state=S ==> next_comm=swapper/0 next_pid=0 next_prio=120
          <idle>-0     [000] ...2   201.031711: sched_switch: prev_comm=swapper/0 prev_pid=0 prev_prio=120 prev_state=R ==> next_comm=ksoftirqd/0 next_pid=3 next_prio=120
     ksoftirqd/0-3     [000] ...2   201.031722: sched_switch: prev_comm=ksoftirqd/0 prev_pid=3 prev_prio=120 prev_state=S ==> next_comm=swapper/0 next_pid=0 next_prio=120
          <idle>-0     [000] ...2   201.033121: sched_switch: prev_comm=swapper/0 prev_pid=0 prev_prio=120 prev_state=R ==> next_comm=mmcqd/1 next_pid=116 next_prio=120
           <...>-116   [000] ...1   201.033226: block_rq_complete: 179,0 RA () 4085656 + 256 [0]
          <idle>-0     [001] ...2   201.033251: sched_switch: prev_comm=swapper/1 prev_pid=0 prev_prio=120 prev_state=R ==> next_comm=main next_pid=3574 next_prio=120
           <...>-116   [000] ...2   201.033268: sched_switch: prev_comm=mmcqd/1 prev_pid=116 prev_prio=120 prev_state=R+ ==> next_comm=kworker/0:1H next_pid=17 next_prio=100
    kworker/0:1H-17    [000] ...2   201.033279: sched_switch: prev_comm=kworker/0:1H prev_pid=17 prev_prio=100 prev_state=S ==> next_comm=mmcqd/1 next_pid=116 next_prio=120
           <...>-116   [000] ...2   201.033296: sched_switch: prev_comm=mmcqd/1 prev_pid=116 prev_prio=120 prev_state=S ==> next_comm=swapper/0 next_pid=0 next_prio=120
           <...>-3574  [001] d..2   201.034210: block_rq_insert: 179,0 R 0 () 4085912 + 256 [main]
          <idle>-0     [000] ...2   201.034229: sched_switch: prev_comm=swapper/0 prev_pid=0 prev_prio=120 prev_state=R ==> next_comm=mmcqd/1 next_pid=116 next_prio=120
           <...>-3574  [001] ...2   201.034289: sched_switch: prev_comm=main prev_pid=3574 prev_prio=120 prev_state=D|W ==> next_comm=swapper/1 next_pid=0 next_prio=120
           <...>-116   [000] ...2   201.034397: sched_switch: prev_comm=mmcqd/1 prev_pid=116 prev_prio=120 prev_state=S ==> next_comm=swapper/0 next_pid=0 next_prio=120
          <idle>-0     [000] ...2   201.035858: sched_switch: prev_comm=swapper/0 prev_pid=0 prev_prio=120 prev_state=R ==> next_comm=mmcqd/1 next_pid=116 next_prio=120
           <...>-116   [000] ...1   201.035962: block_rq_complete: 179,0 RA () 4085912 + 256 [0]
          <idle>-0     [001] ...2   201.035980: sched_switch: prev_comm=swapper/1 prev_pid=0 prev_prio=120 prev_state=R ==> next_comm=main next_pid=3574 next_prio=120
           <...>-116   [000] ...2   201.036002: sched_switch: prev_comm=mmcqd/1 prev_pid=116 prev_prio=120 prev_state=R+ ==> next_comm=kworker/0:1H next_pid=17 next_prio=100
    kworker/0:1H-17    [000] ...2   201.036014: sched_switch: prev_comm=kworker/0:1H prev_pid=17 prev_prio=100 prev_state=S ==> next_comm=mmcqd/1 next_pid=116 next_prio=120
           <...>-116   [000] ...2   201.036032: sched_switch: prev_comm=mmcqd/1 prev_pid=116 prev_prio=120 prev_state=S ==> next_comm=swapper/0 next_pid=0 next_prio=120
           <...>-3574  [001] d..2   201.036058: block_rq_insert: 179,0 R 0 () 4072864 + 64 [main]
           <...>-3574  [001] d..2   201.036061: block_rq_insert: 179,0 R 0 () 4072944 + 8 [main]
           <...>-3574  [001] ...2   201.036073: sched_switch: prev_comm=main prev_pid=3574 prev_prio=120 prev_state=D|W ==> next_comm=swapper/1 next_pid=0 next_prio=120
          <idle>-0     [000] ...2   201.036076: sched_switch: prev_comm=swapper/0 prev_pid=0 prev_prio=120 prev_state=R ==> next_comm=mmcqd/1 next_pid=116 next_prio=120
           <...>-116   [000] ...2   201.036169: sched_switch: prev_comm=mmcqd/1 prev_pid=116 prev_prio=120 prev_state=S ==> next_comm=swapper/0 next_pid=0 next_prio=120
          <idle>-0     [000] ...2   201.036363: sched_switch: prev_comm=swapper/0 prev_pid=0 prev_prio=120 prev_state=R ==> next_comm=mmcqd/1 next_pid=116 next_prio=120
           <...>-116   [000] ...1   201.036402: block_rq_complete: 179,0 RA () 4072944 + 8 [0]
           <...>-116   [000] ...2   201.036423: sched_switch: prev_comm=mmcqd/1 prev_pid=116 prev_prio=120 prev_state=S ==> next_comm=swapper/0 next_pid=0 next_prio=120
          <idle>-0     [000] ...2   201.036911: sched_switch: prev_comm=swapper/0 prev_pid=0 prev_prio=120 prev_state=R ==> next_comm=mmcqd/1 next_pid=116 next_prio=120
           <...>-116   [000] ...1   201.036946: block_rq_complete: 179,0 RA () 4072864 + 64 [0]
          <idle>-0     [001] ...2   201.036963: sched_switch: prev_comm=swapper/1 prev_pid=0 prev_prio=120 prev_state=R ==> next_comm=main next_pid=3574 next_prio=120
           <...>-116   [000] ...2   201.036976: sched_switch: prev_comm=mmcqd/1 prev_pid=116 prev_prio=120 prev_state=R+ ==> next_comm=kworker/0:1H next_pid=17 next_prio=100
    kworker/0:1H-17    [000] ...2   201.036987: sched_switch: prev_comm=kworker/0:1H prev_pid=17 prev_prio=100 prev_state=S ==> next_comm=mmcqd/1 next_pid=116 next_prio=120
           <...>-116   [000] ...2   201.037004: sched_switch: prev_comm=mmcqd/1 prev_pid=116 prev_prio=120 prev_state=S ==> next_comm=swapper/0 next_pid=0 next_prio=120
           <...>-3574  [001] d..2   201.037254: block_rq_insert: 179,0 R 0 () 4086168 + 184 [main]
           <...>-3574  [001] ...2   201.037269: sched_switch: prev_comm=main prev_pid=3574 prev_prio=120 prev_state=D|W ==> next_comm=swapper/1 next_pid=0 next_prio=120
          <idle>-0     [000] ...2   201.037272: sched_switch: prev_comm=swapper/0 prev_pid=0 prev_prio=120 prev_state=R ==> next_comm=mmcqd/1 next_pid=116 next_prio=120
           <...>-116   [000] ...2   201.037405: sched_switch: prev_comm=mmcqd/1 prev_pid=116 prev_prio=120 prev_state=S ==> next_comm=swapper/0 next_pid=0 next_prio=120
          <idle>-0     [000] ...2   201.038544: sched_switch: prev_comm=swapper/0 prev_pid=0 prev_prio=120 prev_state=R ==> next_comm=mmcqd/1 next_pid=116 next_prio=120
           <...>-116   [000] ...1   201.038624: block_rq_complete: 179,0 RA () 4086168 + 184 [0]
          <idle>-0     [001] ...2   201.038646: sched_switch: prev_comm=swapper/1 prev_pid=0 prev_prio=120 prev_state=R ==> next_comm=main next_pid=3574 next_prio=120
           <...>-116   [000] ...2   201.038660: sched_switch: prev_comm=mmcqd/1 prev_pid=116 prev_prio=120 prev_state=R+ ==> next_comm=kworker/0:1H next_pid=17 next_prio=100
    kworker/0:1H-17    [000] ...2   201.038674: sched_switch: prev_comm=kworker/0:1H prev_pid=17 prev_prio=100 prev_state=S ==> next_comm=mmcqd/1 next_pid=116 next_prio=120
           <...>-116   [000] ...2   201.038693: sched_switch: prev_comm=mmcqd/1 prev_pid=116 prev_prio=120 prev_state=S ==> next_comm=swapper/0 next_pid=0 next_prio=120
           <...>-3574  [001] d..2   201.038962: block_rq_insert: 179,0 R 0 () 1207472 + 8 [main]
           <...>-3574  [001] d..2   201.038965: block_rq_insert: 179,0 R 0 () 1207488 + 24 [main]
           <...>-3574  [001] d..2   201.038967: block_rq_insert: 179,0 R 0 () 1207584 + 24 [main]
           <...>-3574  [001] ...2   201.038981: sched_switch: prev_comm=main prev_pid=3574 prev_prio=120 prev_state=D|W ==> next_comm=swapper/1 next_pid=0 next_prio=120
          <idle>-0     [000] ...2   201.038984: sched_switch: prev_comm=swapper/0 prev_pid=0 prev_prio=120 prev_state=R ==> next_comm=mmcqd/1 next_pid=116 next_prio=120
          <idle>-0     [001] ...2   201.038994: sched_switch: prev_comm=swapper/1 prev_pid=0 prev_prio=120 prev_state=R ==> next_comm=ksoftirqd/1 next_pid=3564 next_prio=120
           <...>-3564  [001] ...2   201.039004: sched_switch: prev_comm=ksoftirqd/1 prev_pid=3564 prev_prio=120 prev_state=S ==> next_comm=swapper/1 next_pid=0 next_prio=120
          <idle>-0     [001] ...2   201.039018: sched_switch: prev_comm=swapper/1 prev_pid=0 prev_prio=120 prev_state=R ==> next_comm=ksoftirqd/1 next_pid=3564 next_prio=120
           <...>-3564  [001] ...2   201.039026: sched_switch: prev_comm=ksoftirqd/1 prev_pid=3564 prev_prio=120 prev_state=S ==> next_comm=swapper/1 next_pid=0 next_prio=120
          <idle>-0     [001] ...2   201.039039: sched_switch: prev_comm=swapper/1 prev_pid=0 prev_prio=120 prev_state=R ==> next_comm=ksoftirqd/1 next_pid=3564 next_prio=120
           <...>-3564  [001] ...2   201.039046: sched_switch: prev_comm=ksoftirqd/1 prev_pid=3564 prev_prio=120 prev_state=S ==> next_comm=swapper/1 next_pid=0 next_prio=120
           <...>-116   [000] ...2   201.039062: sched_switch: prev_comm=mmcqd/1 prev_pid=116 prev_prio=120 prev_state=S ==> next_comm=swapper/0 next_pid=0 next_prio=120
          <idle>-0     [000] ...2   201.039292: sched_switch: prev_comm=swapper/0 prev_pid=0 prev_prio=120 prev_state=R ==> next_comm=mmcqd/1 next_pid=116 next_prio=120
           <...>-116   [000] ...1   201.039331: block_rq_complete: 179,0 RA () 1207472 + 8 [0]
           <...>-116   [000] ...2   201.039372: sched_switch: prev_comm=mmcqd/1 prev_pid=116 prev_prio=120 prev_state=S ==> next_comm=swapper/0 next_pid=0 next_prio=120
          <idle>-0     [000] ...2   201.039650: sched_switch: prev_comm=swapper/0 prev_pid=0 prev_prio=120 prev_state=R ==> next_comm=mmcqd/1 next_pid=116 next_prio=120
           <...>-116   [000] ...1   201.039695: block_rq_complete: 179,0 RA () 1207488 + 24 [0]
           <...>-116   [000] ...2   201.039717: sched_switch: prev_comm=mmcqd/1 prev_pid=116 prev_prio=120 prev_state=S ==> next_comm=swapper/0 next_pid=0 next_prio=120
          <idle>-0     [000] ...2   201.040004: sched_switch: prev_comm=swapper/0 prev_pid=0 prev_prio=120 prev_state=R ==> next_comm=mmcqd/1 next_pid=116 next_prio=120
           <...>-116   [000] ...1   201.040025: block_rq_complete: 179,0 RA () 1207584 + 24 [0]
          <idle>-0     [001] ...2   201.040042: sched_switch: prev_comm=swapper/1 prev_pid=0 prev_prio=120 prev_state=R ==> next_comm=main next_pid=3574 next_prio=120
           <...>-116   [000] ...2   201.040053: sched_switch: prev_comm=mmcqd/1 prev_pid=116 prev_prio=120 prev_state=R+ ==> next_comm=kworker/0:1H next_pid=17 next_prio=100
    kworker/0:1H-17    [000] ...2   201.040066: sched_switch: prev_comm=kworker/0:1H prev_pid=17 prev_prio=100 prev_state=S ==> next_comm=mmcqd/1 next_pid=116 next_prio=120
           <...>-116   [000] ...2   201.040084: sched_switch: prev_comm=mmcqd/1 prev_pid=116 prev_prio=120 prev_state=S ==> next_comm=swapper/0 next_pid=0 next_prio=120
          <idle>-0     [000] ...2   201.041069: sched_switch: prev_comm=swapper/0 prev_pid=0 prev_prio=120 prev_state=R ==> next_comm=kworker/0:0 next_pid=4 next_prio=120
     kworker/0:0-4     [000] ...2   201.041127: sched_switch: prev_comm=kworker/0:0 prev_pid=4 prev_prio=120 prev_state=S ==> next_comm=kworker/0:1H next_pid=17 next_prio=100
    kworker/0:1H-17    [000] ...2   201.041147: sched_switch: prev_comm=kworker/0:1H prev_pid=17 prev_prio=100 prev_state=S ==> next_comm=swapper/0 next_pid=0 next_prio=120
           <...>-3574  [001] d..2   201.042024: block_rq_insert: 179,0 R 0 () 3996192 + 8 [main]
           <...>-3574  [001] d..2   201.042028: block_rq_insert: 179,0 R 0 () 3996264 + 8 [main]
           <...>-3574  [001] ...2   201.042044: sched_switch: prev_comm=main prev_pid=3574 prev_prio=120 prev_state=D|W ==> next_comm=swapper/1 next_pid=0 next_prio=120
          <idle>-0     [000] ...2   201.042051: sched_switch: prev_comm=swapper/0 prev_pid=0 prev_prio=120 prev_state=R ==> next_comm=mmcqd/1 next_pid=116 next_prio=120
          <idle>-0     [001] ...2   201.042061: sched_switch: prev_comm=swapper/1 prev_pid=0 prev_prio=120 prev_state=R ==> next_comm=ksoftirqd/1 next_pid=3564 next_prio=120
           <...>-3564  [001] ...2   201.042070: sched_switch: prev_comm=ksoftirqd/1 prev_pid=3564 prev_prio=120 prev_state=S ==> next_comm=swapper/1 next_pid=0 next_prio=120
           <...>-116   [000] ...2   201.042128: sched_switch: prev_comm=mmcqd/1 prev_pid=116 prev_prio=120 prev_state=S ==> next_comm=swapper/0 next_pid=0 next_prio=120
          <idle>-0     [000] ...2   201.042356: sched_switch: prev_comm=swapper/0 prev_pid=0 prev_prio=120 prev_state=R ==> next_comm=mmcqd/1 next_pid=116 next_prio=120
           <...>-116   [000] ...1   201.042396: block_rq_complete: 179,0 RA () 3996192 + 8 [0]
           <...>-116   [000] ...2   201.042419: sched_switch: prev_comm=mmcqd/1 prev_pid=116 prev_prio=120 prev_state=S ==> next_comm=swapper/0 next_pid=0 next_prio=120
          <idle>-0     [000] ...2   201.042641: sched_switch: prev_comm=swapper/0 prev_pid=0 prev_prio=120 prev_state=R ==> next_comm=mmcqd/1 next_pid=116 next_prio=120
           <...>-116   [000] ...1   201.042657: block_rq_complete: 179,0 RA () 3996264 + 8 [0]
          <idle>-0     [001] ...2   201.042674: sched_switch: prev_comm=swapper/1 prev_pid=0 prev_prio=120 prev_state=R ==> next_comm=main next_pid=3574 next_prio=120
           <...>-116   [000] ...2   201.042685: sched_switch: prev_comm=mmcqd/1 prev_pid=116 prev_prio=120 prev_state=R+ ==> next_comm=kworker/0:1H next_pid=17 next_prio=100
    kworker/0:1H-17    [000] ...2   201.042697: sched_switch: prev_comm=kworker/0:1H prev_pid=17 prev_prio=100 prev_state=S ==> next_comm=mmcqd/1 next_pid=116 next_prio=120
           <...>-116   [000] ...2   201.042714: sched_switch: prev_comm=mmcqd/1 prev_pid=116 prev_prio=120 prev_state=S ==> next_comm=swapper/0 next_pid=0 next_prio=120
           <...>-3574  [001] d..2   201.045229: block_rq_insert: 179,0 R 0 () 4082472 + 16 [main]
           <...>-3574  [001] d..2   201.045232: block_rq_insert: 179,0 R 0 () 4082496 + 8 [main]
           <...>-3574  [001] d..2   201.045234: block_rq_insert: 179,0 R 0 () 4082512 + 8 [main]
           <...>-3574  [001] d..2   201.045236: block_rq_insert: 179,0 R 0 () 4082536 + 8 [main]
           <...>-3574  [001] d..2   201.045237: block_rq_insert: 179,0 R 0 () 4082552 + 48 [main]
           <...>-3574  [001] ...2   201.045255: sched_switch: prev_comm=main prev_pid=3574 prev_prio=120 prev_state=D|W ==> next_comm=swapper/1 next_pid=0 next_prio=120
          <idle>-0     [000] ...2   201.045263: sched_switch: prev_comm=swapper/0 prev_pid=0 prev_prio=120 prev_state=R ==> next_comm=mmcqd/1 next_pid=116 next_prio=120
           <...>-116   [000] ...2   201.045345: sched_switch: prev_comm=mmcqd/1 prev_pid=116 prev_prio=120 prev_state=S ==> next_comm=swapper/0 next_pid=0 next_prio=120
          <idle>-0     [000] ...2   201.045599: sched_switch: prev_comm=swapper/0 prev_pid=0 prev_prio=120 prev_state=R ==> next_comm=mmcqd/1 next_pid=116 next_prio=120
           <...>-116   [000] ...1   201.045642: block_rq_complete: 179,0 RA () 4082472 + 16 [0]
          <idle>-0     [001] ...2   201.045659: sched_switch: prev_comm=swapper/1 prev_pid=0 prev_prio=120 prev_state=R ==> next_comm=main next_pid=3574 next_prio=120
           <...>-116   [000] ...2   201.045684: sched_switch: prev_comm=mmcqd/1 prev_pid=116 prev_prio=120 prev_state=S ==> next_comm=swapper/0 next_pid=0 next_prio=120
          <idle>-0     [000] ...2   201.045881: sched_switch: prev_comm=swapper/0 prev_pid=0 prev_prio=120 prev_state=R ==> next_comm=mmcqd/1 next_pid=116 next_prio=120
           <...>-116   [000] ...1   201.045920: block_rq_complete: 179,0 RA () 4082496 + 8 [0]
           <...>-116   [000] ...2   201.045953: sched_switch: prev_comm=mmcqd/1 prev_pid=116 prev_prio=120 prev_state=S ==> next_comm=swapper/0 next_pid=0 next_prio=120
          <idle>-0     [000] ...2   201.046199: sched_switch: prev_comm=swapper/0 prev_pid=0 prev_prio=120 prev_state=R ==> next_comm=mmcqd/1 next_pid=116 next_prio=120
           <...>-116   [000] ...1   201.046237: block_rq_complete: 179,0 RA () 4082512 + 8 [0]
           <...>-116   [000] ...2   201.046285: sched_switch: prev_comm=mmcqd/1 prev_pid=116 prev_prio=120 prev_state=S ==> next_comm=swapper/0 next_pid=0 next_prio=120
          <idle>-0     [000] ...2   201.046481: sched_switch: prev_comm=swapper/0 prev_pid=0 prev_prio=120 prev_state=R ==> next_comm=mmcqd/1 next_pid=116 next_prio=120
           <...>-116   [000] ...1   201.046519: block_rq_complete: 179,0 RA () 4082536 + 8 [0]
           <...>-116   [000] ...2   201.046541: sched_switch: prev_comm=mmcqd/1 prev_pid=116 prev_prio=120 prev_state=S ==> next_comm=swapper/0 next_pid=0 next_prio=120
          <idle>-0     [000] ...2   201.046984: sched_switch: prev_comm=swapper/0 prev_pid=0 prev_prio=120 prev_state=R ==> next_comm=mmcqd/1 next_pid=116 next_prio=120
           <...>-116   [000] ...1   201.047012: block_rq_complete: 179,0 RA () 4082552 + 48 [0]
           <...>-116   [000] ...2   201.047036: sched_switch: prev_comm=mmcqd/1 prev_pid=116 prev_prio=120 prev_state=R+ ==> next_comm=kworker/0:1H next_pid=17 next_prio=100
    kworker/0:1H-17    [000] ...2   201.047048: sched_switch: prev_comm=kworker/0:1H prev_pid=17 prev_prio=100 prev_state=S ==> next_comm=mmcqd/1 next_pid=116 next_prio=120
           <...>-116   [000] ...2   201.047065: sched_switch: prev_comm=mmcqd/1 prev_pid=116 prev_prio=120 prev_state=S ==> next_comm=swapper/0 next_pid=0 next_prio=120
           <...>-3574  [001] d..2   201.055935: block_rq_insert: 179,0 R 0 () 802944 + 32 [main]
           <...>-3574  [001] ...2   201.055954: sched_switch: prev_comm=main prev_pid=3574 prev_prio=120 prev_state=D|W ==> next_comm=swapper/1 next_pid=0 next_prio=120
          <idle>-0     [000] ...2   201.055959: sched_switch: prev_comm=swapper/0 prev_pid=0 prev_prio=120 prev_state=R ==> next_comm=mmcqd/1 next_pid=116 next_prio=120
          <idle>-0     [001] ...2   201.055969: sched_switch: prev_comm=swapper/1 prev_pid=0 prev_prio=120 prev_state=R ==> next_comm=ksoftirqd/1 next_pid=3564 next_prio=120
           <...>-3564  [001] ...2   201.055979: sched_switch: prev_comm=ksoftirqd/1 prev_pid=3564 prev_prio=120 prev_state=S ==> next_comm=swapper/1 next_pid=0 next_prio=120
          <idle>-0     [001] ...2   201.055995: sched_switch: prev_comm=swapper/1 prev_pid=0 prev_prio=120 prev_state=R ==> next_comm=ksoftirqd/1 next_pid=3564 next_prio=120
           <...>-3564  [001] ...2   201.056002: sched_switch: prev_comm=ksoftirqd/1 prev_pid=3564 prev_prio=120 prev_state=S ==> next_comm=swapper/1 next_pid=0 next_prio=120
          <idle>-0     [001] ...2   201.056015: sched_switch: prev_comm=swapper/1 prev_pid=0 prev_prio=120 prev_state=R ==> next_comm=ksoftirqd/1 next_pid=3564 next_prio=120
           <...>-3564  [001] ...2   201.056020: sched_switch: prev_comm=ksoftirqd/1 prev_pid=3564 prev_prio=120 prev_state=S ==> next_comm=swapper/1 next_pid=0 next_prio=120
           <...>-116   [000] ...2   201.056033: sched_switch: prev_comm=mmcqd/1 prev_pid=116 prev_prio=120 prev_state=S ==> next_comm=swapper/0 next_pid=0 next_prio=120
          <idle>-0     [000] ...2   201.056517: sched_switch: prev_comm=swapper/0 prev_pid=0 prev_prio=120 prev_state=R ==> next_comm=mmcqd/1 next_pid=116 next_prio=120
           <...>-116   [000] ...1   201.056542: block_rq_complete: 179,0 RA () 802944 + 32 [0]
          <idle>-0     [001] ...2   201.056561: sched_switch: prev_comm=swapper/1 prev_pid=0 prev_prio=120 prev_state=R ==> next_comm=main next_pid=3574 next_prio=120
           <...>-116   [000] ...2   201.056573: sched_switch: prev_comm=mmcqd/1 prev_pid=116 prev_prio=120 prev_state=R+ ==> next_comm=kworker/0:1H next_pid=17 next_prio=100
    kworker/0:1H-17    [000] ...2   201.056586: sched_switch: prev_comm=kworker/0:1H prev_pid=17 prev_prio=100 prev_state=S ==> next_comm=mmcqd/1 next_pid=116 next_prio=120
           <...>-3574  [001] d..2   201.056602: block_rq_insert: 179,0 R 0 () 802976 + 16 [main]
           <...>-116   [000] ...2   201.056603: sched_switch: prev_comm=mmcqd/1 prev_pid=116 prev_prio=120 prev_state=S ==> next_comm=swapper/0 next_pid=0 next_prio=120
          <idle>-0     [000] ...2   201.056614: sched_switch: prev_comm=swapper/0 prev_pid=0 prev_prio=120 prev_state=R ==> next_comm=mmcqd/1 next_pid=116 next_prio=120
           <...>-3574  [001] ...2   201.056637: sched_switch: prev_comm=main prev_pid=3574 prev_prio=120 prev_state=D|W ==> next_comm=swapper/1 next_pid=0 next_prio=120
           <...>-116   [000] ...2   201.056676: sched_switch: prev_comm=mmcqd/1 prev_pid=116 prev_prio=120 prev_state=S ==> next_comm=swapper/0 next_pid=0 next_prio=120
          <idle>-0     [000] ...2   201.056955: sched_switch: prev_comm=swapper/0 prev_pid=0 prev_prio=120 prev_state=R ==> next_comm=mmcqd/1 next_pid=116 next_prio=120
           <...>-116   [000] ...1   201.056973: block_rq_complete: 179,0 RA () 802976 + 16 [0]
          <idle>-0     [001] ...2   201.056990: sched_switch: prev_comm=swapper/1 prev_pid=0 prev_prio=120 prev_state=R ==> next_comm=main next_pid=3574 next_prio=120
           <...>-116   [000] ...2   201.057002: sched_switch: prev_comm=mmcqd/1 prev_pid=116 prev_prio=120 prev_state=R+ ==> next_comm=kworker/0:1H next_pid=17 next_prio=100
    kworker/0:1H-17    [000] ...2   201.057015: sched_switch: prev_comm=kworker/0:1H prev_pid=17 prev_prio=100 prev_state=S ==> next_comm=mmcqd/1 next_pid=116 next_prio=120
           <...>-116   [000] ...2   201.057031: sched_switch: prev_comm=mmcqd/1 prev_pid=116 prev_prio=120 prev_state=S ==> next_comm=swapper/0 next_pid=0 next_prio=120
           <...>-3574  [001] d..2   201.057277: block_rq_insert: 179,0 R 0 () 3984384 + 256 [main]
           <...>-3574  [001] ...2   201.057290: sched_switch: prev_comm=main prev_pid=3574 prev_prio=120 prev_state=D|W ==> next_comm=swapper/1 next_pid=0 next_prio=120
          <idle>-0     [000] ...2   201.057297: sched_switch: prev_comm=swapper/0 prev_pid=0 prev_prio=120 prev_state=R ==> next_comm=mmcqd/1 next_pid=116 next_prio=120
           <...>-116   [000] ...2   201.057463: sched_switch: prev_comm=mmcqd/1 prev_pid=116 prev_prio=120 prev_state=S ==> next_comm=swapper/0 next_pid=0 next_prio=120
          <idle>-0     [000] ...2   201.058873: sched_switch: prev_comm=swapper/0 prev_pid=0 prev_prio=120 prev_state=R ==> next_comm=mmcqd/1 next_pid=116 next_prio=120
           <...>-116   [000] ...1   201.058975: block_rq_complete: 179,0 RA () 3984384 + 256 [0]
          <idle>-0     [001] ...2   201.059003: sched_switch: prev_comm=swapper/1 prev_pid=0 prev_prio=120 prev_state=R ==> next_comm=main next_pid=3574 next_prio=120
           <...>-116   [000] ...2   201.059018: sched_switch: prev_comm=mmcqd/1 prev_pid=116 prev_prio=120 prev_state=R+ ==> next_comm=kworker/0:1H next_pid=17 next_prio=100
    kworker/0:1H-17    [000] ...2   201.059030: sched_switch: prev_comm=kworker/0:1H prev_pid=17 prev_prio=100 prev_state=S ==> next_comm=mmcqd/1 next_pid=116 next_prio=120
           <...>-116   [000] ...2   201.059047: sched_switch: prev_comm=mmcqd/1 prev_pid=116 prev_prio=120 prev_state=S ==> next_comm=swapper/0 next_pid=0 next_prio=120
           <...>-3574  [001] d..2   201.059215: block_rq_insert: 179,0 R 0 () 3984640 + 16 [main]
           <...>-3574  [001] ...2   201.059229: sched_switch: prev_comm=main prev_pid=3574 prev_prio=120 prev_state=D|W ==> next_comm=swapper/1 next_pid=0 next_prio=120
          <idle>-0     [000] ...2   201.059234: sched_switch: prev_comm=swapper/0 prev_pid=0 prev_prio=120 prev_state=R ==> next_comm=mmcqd/1 next_pid=116 next_prio=120
           <...>-116   [000] ...2   201.059298: sched_switch: prev_comm=mmcqd/1 prev_pid=116 prev_prio=120 prev_state=S ==> next_comm=swapper/0 next_pid=0 next_prio=120
          <idle>-0     [000] ...2   201.059551: sched_switch: prev_comm=swapper/0 prev_pid=0 prev_prio=120 prev_state=R ==> next_comm=mmcqd/1 next_pid=116 next_prio=120
           <...>-116   [000] ...1   201.059570: block_rq_complete: 179,0 RA () 3984640 + 16 [0]
          <idle>-0     [001] ...2   201.059586: sched_switch: prev_comm=swapper/1 prev_pid=0 prev_prio=120 prev_state=R ==> next_comm=main next_pid=3574 next_prio=120
           <...>-116   [000] ...2   201.059598: sched_switch: prev_comm=mmcqd/1 prev_pid=116 prev_prio=120 prev_state=R+ ==> next_comm=kworker/0:1H next_pid=17 next_prio=100
    kworker/0:1H-17    [000] ...2   201.059609: sched_switch: prev_comm=kworker/0:1H prev_pid=17 prev_prio=100 prev_state=S ==> next_comm=mmcqd/1 next_pid=116 next_prio=120
           <...>-116   [000] ...2   201.059626: sched_switch: prev_comm=mmcqd/1 prev_pid=116 prev_prio=120 prev_state=S ==> next_comm=swapper/0 next_pid=0 next_prio=120
          <idle>-0     [000] ...2   201.060209: sched_switch: prev_comm=swapper/0 prev_pid=0 prev_prio=120 prev_state=R ==> next_comm=main next_pid=3577 next_prio=120
           <...>-3577  [000] ...2   201.060225: sched_switch: prev_comm=main prev_pid=3577 prev_prio=120 prev_state=D ==> next_comm=swapper/0 next_pid=0 next_prio=120
          <idle>-0     [000] ...2   201.060243: sched_switch: prev_comm=swapper/0 prev_pid=0 prev_prio=120 prev_state=R ==> next_comm=main next_pid=3577 next_prio=120
           <...>-3574  [001] ...2   201.060252: sched_switch: prev_comm=main prev_pid=3574 prev_prio=120 prev_state=D ==> next_comm=swapper/1 next_pid=0 next_prio=120
          <idle>-0     [001] ...2   201.060294: sched_switch: prev_comm=swapper/1 prev_pid=0 prev_prio=120 prev_state=R ==> next_comm=main next_pid=3574 next_prio=120
           <...>-3574  [001] ...2   201.060345: sched_switch: prev_comm=main prev_pid=3574 prev_prio=120 prev_state=D ==> next_comm=main next_pid=3578 next_prio=120
           <...>-3578  [001] ...2   201.060355: sched_switch: prev_comm=main prev_pid=3578 prev_prio=120 prev_state=R+ ==> next_comm=main next_pid=3574 next_prio=120
           <...>-3577  [000] ...2   201.060366: sched_switch: prev_comm=main prev_pid=3577 prev_prio=120 prev_state=D ==> next_comm=swapper/0 next_pid=0 next_prio=120
           <...>-3574  [001] ...2   201.060393: sched_switch: prev_comm=main prev_pid=3574 prev_prio=120 prev_state=D ==> next_comm=main next_pid=3578 next_prio=120
           <...>-3578  [001] ...2   201.060407: sched_switch: prev_comm=main prev_pid=3578 prev_prio=120 prev_state=R+ ==> next_comm=main next_pid=3574 next_prio=120
          <idle>-0     [000] ...2   201.060414: sched_switch: prev_comm=swapper/0 prev_pid=0 prev_prio=120 prev_state=R ==> next_comm=main next_pid=3577 next_prio=120
           <...>-3574  [001] ...2   201.060452: sched_switch: prev_comm=main prev_pid=3574 prev_prio=120 prev_state=S ==> next_comm=main next_pid=3578 next_prio=120
           <...>-3578  [001] ...2   201.060569: sched_switch: prev_comm=main prev_pid=3578 prev_prio=120 prev_state=D ==> next_comm=main next_pid=3579 next_prio=120
           <...>-3579  [001] ...2   201.060580: sched_switch: prev_comm=main prev_pid=3579 prev_prio=120 prev_state=R+ ==> next_comm=main next_pid=3578 next_prio=120
           <...>-3577  [000] ...2   201.060593: sched_switch: prev_comm=main prev_pid=3577 prev_prio=120 prev_state=D ==> next_comm=swapper/0 next_pid=0 next_prio=120
           <...>-3578  [001] ...2   201.060595: sched_switch: prev_comm=main prev_pid=3578 prev_prio=120 prev_state=D ==> next_comm=main next_pid=3579 next_prio=120
           <...>-3579  [001] ...2   201.060608: sched_switch: prev_comm=main prev_pid=3579 prev_prio=120 prev_state=R+ ==> next_comm=main next_pid=3578 next_prio=120
           <...>-3578  [001] ...2   201.060617: sched_switch: prev_comm=main prev_pid=3578 prev_prio=120 prev_state=D ==> next_comm=main next_pid=3579 next_prio=120
          <idle>-0     [000] ...2   201.060625: sched_switch: prev_comm=swapper/0 prev_pid=0 prev_prio=120 prev_state=R ==> next_comm=ksoftirqd/0 next_pid=3 next_prio=120
           <...>-3579  [001] ...2   201.060629: sched_switch: prev_comm=main prev_pid=3579 prev_prio=120 prev_state=S ==> next_comm=swapper/1 next_pid=0 next_prio=120
     ksoftirqd/0-3     [000] ...2   201.060637: sched_switch: prev_comm=ksoftirqd/0 prev_pid=3 prev_prio=120 prev_state=S ==> next_comm=main next_pid=3577 next_prio=120
          <idle>-0     [001] ...2   201.060660: sched_switch: prev_comm=swapper/1 prev_pid=0 prev_prio=120 prev_state=R ==> next_comm=main next_pid=3578 next_prio=120
           <...>-3577  [000] ...2   201.060663: sched_switch: prev_comm=main prev_pid=3577 prev_prio=120 prev_state=D ==> next_comm=swapper/0 next_pid=0 next_prio=120
          <idle>-0     [000] ...2   201.060688: sched_switch: prev_comm=swapper/0 prev_pid=0 prev_prio=120 prev_state=R ==> next_comm=ksoftirqd/0 next_pid=3 next_prio=120
     ksoftirqd/0-3     [000] ...2   201.060698: sched_switch: prev_comm=ksoftirqd/0 prev_pid=3 prev_prio=120 prev_state=S ==> next_comm=main next_pid=3577 next_prio=120
           <...>-3578  [001] ...2   201.060723: sched_switch: prev_comm=main prev_pid=3578 prev_prio=120 prev_state=S ==> next_comm=main next_pid=3579 next_prio=120
           <...>-3579  [001] ...2   201.060736: sched_switch: prev_comm=main prev_pid=3579 prev_prio=120 prev_state=S ==> next_comm=swapper/1 next_pid=0 next_prio=120
          <idle>-0     [001] ...2   201.061057: sched_switch: prev_comm=swapper/1 prev_pid=0 prev_prio=120 prev_state=R ==> next_comm=ksoftirqd/1 next_pid=3564 next_prio=120
           <...>-3564  [001] ...2   201.061065: sched_switch: prev_comm=ksoftirqd/1 prev_pid=3564 prev_prio=120 prev_state=S ==> next_comm=swapper/1 next_pid=0 next_prio=120
          <idle>-0     [001] ...2   201.061078: sched_switch: prev_comm=swapper/1 prev_pid=0 prev_prio=120 prev_state=R ==> next_comm=ksoftirqd/1 next_pid=3564 next_prio=120
           <...>-3564  [001] ...2   201.061086: sched_switch: prev_comm=ksoftirqd/1 prev_pid=3564 prev_prio=120 prev_state=S ==> next_comm=swapper/1 next_pid=0 next_prio=120
          <idle>-0     [001] ...2   201.061099: sched_switch: prev_comm=swapper/1 prev_pid=0 prev_prio=120 prev_state=R ==> next_comm=ksoftirqd/1 next_pid=3564 next_prio=120
           <...>-3564  [001] ...2   201.061104: sched_switch: prev_comm=ksoftirqd/1 prev_pid=3564 prev_prio=120 prev_state=S ==> next_comm=swapper/1 next_pid=0 next_prio=120
          <idle>-0     [001] ...2   201.061454: sched_switch: prev_comm=swapper/1 prev_pid=0 prev_prio=120 prev_state=R ==> next_comm=main next_pid=3578 next_prio=120
           <...>-3578  [001] ...2   201.061471: sched_switch: prev_comm=main prev_pid=3578 prev_prio=120 prev_state=D ==> next_comm=swapper/1 next_pid=0 next_prio=120
          <idle>-0     [001] ...2   201.061478: sched_switch: prev_comm=swapper/1 prev_pid=0 prev_prio=120 prev_state=R ==> next_comm=main next_pid=3578 next_prio=120
           <...>-3577  [000] ...2   201.061483: sched_switch: prev_comm=Heap thread poo prev_pid=3577 prev_prio=120 prev_state=S ==> next_comm=swapper/0 next_pid=0 next_prio=120
          <idle>-0     [000] ...2   201.061506: sched_switch: prev_comm=swapper/0 prev_pid=0 prev_prio=120 prev_state=R ==> next_comm=ksoftirqd/0 next_pid=3 next_prio=120
     ksoftirqd/0-3     [000] ...2   201.061521: sched_switch: prev_comm=ksoftirqd/0 prev_pid=3 prev_prio=120 prev_state=S ==> next_comm=swapper/0 next_pid=0 next_prio=120
          <idle>-0     [000] ...2   201.061545: sched_switch: prev_comm=swapper/0 prev_pid=0 prev_prio=120 prev_state=R ==> next_comm=ksoftirqd/0 next_pid=3 next_prio=120
     ksoftirqd/0-3     [000] ...2   201.061555: sched_switch: prev_comm=ksoftirqd/0 prev_pid=3 prev_prio=120 prev_state=S ==> next_comm=swapper/0 next_pid=0 next_prio=120
           <...>-3578  [001] ...2   201.061840: sched_switch: prev_comm=Heap thread poo prev_pid=3578 prev_prio=120 prev_state=S ==> next_comm=main next_pid=3579 next_prio=120
           <...>-3579  [001] ...2   201.062236: sched_switch: prev_comm=Heap thread poo prev_pid=3579 prev_prio=120 prev_state=R+ ==> next_comm=main next_pid=3574 next_prio=120
          <idle>-0     [000] ...2   201.062262: sched_switch: prev_comm=swapper/0 prev_pid=0 prev_prio=120 prev_state=R ==> next_comm=Heap thread poo next_pid=3577 next_prio=120
           <...>-3577  [000] ...2   201.062287: sched_switch: prev_comm=Heap thread poo prev_pid=3577 prev_prio=120 prev_state=R+ ==> next_comm=Heap thread poo next_pid=3578 next_prio=120
           <...>-3574  [001] ...2   201.062306: sched_switch: prev_comm=main prev_pid=3574 prev_prio=120 prev_state=S ==> next_comm=Heap thread poo next_pid=3579 next_prio=120
           <...>-3578  [000] ...2   201.062314: sched_switch: prev_comm=Heap thread poo prev_pid=3578 prev_prio=120 prev_state=S ==> next_comm=Heap thread poo next_pid=3577 next_prio=120
           <...>-3579  [001] ...2   201.062319: sched_switch: prev_comm=Heap thread poo prev_pid=3579 prev_prio=120 prev_state=S ==> next_comm=main next_pid=3580 next_prio=120
           <...>-3580  [001] ...2   201.062326: sched_switch: prev_comm=main prev_pid=3580 prev_prio=120 prev_state=D ==> next_comm=swapper/1 next_pid=0 next_prio=120
          <idle>-0     [001] ...2   201.062333: sched_switch: prev_comm=swapper/1 prev_pid=0 prev_prio=120 prev_state=R ==> next_comm=main next_pid=3580 next_prio=120
           <...>-3577  [000] ...2   201.062339: sched_switch: prev_comm=Heap thread poo prev_pid=3577 prev_prio=120 prev_state=D ==> next_comm=swapper/0 next_pid=0 next_prio=120
          <idle>-0     [000] ...2   201.062345: sched_switch: prev_comm=swapper/0 prev_pid=0 prev_prio=120 prev_state=R ==> next_comm=Heap thread poo next_pid=3577 next_prio=120
           <...>-3577  [000] ...2   201.062360: sched_switch: prev_comm=Heap thread poo prev_pid=3577 prev_prio=120 prev_state=S ==> next_comm=swapper/0 next_pid=0 next_prio=120
           <...>-3580  [001] ...2   201.062799: sched_switch: prev_comm=Signal Catcher prev_pid=3580 prev_prio=120 prev_state=R+ ==> next_comm=main next_pid=3574 next_prio=120
          <idle>-0     [000] ...2   201.062872: sched_switch: prev_comm=swapper/0 prev_pid=0 prev_prio=120 prev_state=R ==> next_comm=main next_pid=3581 next_prio=120
           <...>-3574  [001] ...2   201.062877: sched_switch: prev_comm=main prev_pid=3574 prev_prio=120 prev_state=S ==> next_comm=Signal Catcher next_pid=3580 next_prio=120
           <...>-3580  [001] ...2   201.062886: sched_switch: prev_comm=Signal Catcher prev_pid=3580 prev_prio=120 prev_state=S ==> next_comm=swapper/1 next_pid=0 next_prio=120
          <idle>-0     [001] ...2   201.063628: sched_switch: prev_comm=swapper/1 prev_pid=0 prev_prio=120 prev_state=R ==> next_comm=main next_pid=3574 next_prio=120
           <...>-3581  [000] ...2   201.063713: sched_switch: prev_comm=JDWP prev_pid=3581 prev_prio=120 prev_state=R+ ==> next_comm=adbd next_pid=781 next_prio=120
           <...>-3574  [001] d..2   201.063786: block_rq_insert: 179,0 R 0 () 4067352 + 8 [main]
           <...>-3574  [001] d..2   201.063790: block_rq_insert: 179,0 R 0 () 4067368 + 8 [main]
           <...>-3574  [001] ...2   201.063802: sched_switch: prev_comm=main prev_pid=3574 prev_prio=120 prev_state=D|W ==> next_comm=mmcqd/1 next_pid=116 next_prio=120
           <...>-116   [001] ...2   201.063848: sched_switch: prev_comm=mmcqd/1 prev_pid=116 prev_prio=120 prev_state=S ==> next_comm=swapper/1 next_pid=0 next_prio=120
            adbd-781   [000] ...2   201.063960: sched_switch: prev_comm=adbd prev_pid=781 prev_prio=120 prev_state=S ==> next_comm=JDWP next_pid=3581 next_prio=120
           <...>-3581  [000] ...2   201.063989: sched_switch: prev_comm=JDWP prev_pid=3581 prev_prio=120 prev_state=R+ ==> next_comm=adbd next_pid=781 next_prio=120
          <idle>-0     [001] ...2   201.064076: sched_switch: prev_comm=swapper/1 prev_pid=0 prev_prio=120 prev_state=R ==> next_comm=mmcqd/1 next_pid=116 next_prio=120
           <...>-116   [001] ...1   201.064097: block_rq_complete: 179,0 RA () 4067352 + 8 [0]
           <...>-116   [001] ...2   201.064111: sched_switch: prev_comm=mmcqd/1 prev_pid=116 prev_prio=120 prev_state=S ==> next_comm=swapper/1 next_pid=0 next_prio=120
            adbd-781   [000] ...2   201.064282: sched_switch: prev_comm=adbd prev_pid=781 prev_prio=120 prev_state=S ==> next_comm=adbd next_pid=783 next_prio=120
          <idle>-0     [001] ...2   201.064352: sched_switch: prev_comm=swapper/1 prev_pid=0 prev_prio=120 prev_state=R ==> next_comm=mmcqd/1 next_pid=116 next_prio=120
           <...>-116   [001] ...1   201.064362: block_rq_complete: 179,0 RA () 4067368 + 8 [0]
           <...>-116   [001] ...2   201.064379: sched_switch: prev_comm=mmcqd/1 prev_pid=116 prev_prio=120 prev_state=R+ ==> next_comm=kworker/1:0H next_pid=3563 next_prio=100
           <...>-3563  [001] ...2   201.064387: sched_switch: prev_comm=kworker/1:0H prev_pid=3563 prev_prio=100 prev_state=S ==> next_comm=mmcqd/1 next_pid=116 next_prio=120
           <...>-116   [001] ...2   201.064397: sched_switch: prev_comm=mmcqd/1 prev_pid=116 prev_prio=120 prev_state=S ==> next_comm=main next_pid=3574 next_prio=120
            adbd-783   [000] ...2   201.064399: sched_switch: prev_comm=adbd prev_pid=783 prev_prio=120 prev_state=S ==> next_comm=JDWP next_pid=3581 next_prio=120
           <...>-3581  [000] ...2   201.064421: sched_switch: prev_comm=JDWP prev_pid=3581 prev_prio=120 prev_state=S ==> next_comm=swapper/0 next_pid=0 next_prio=120
