         mmcqd/1-116   [000] ...2   213.650097: sched_switch: prev_comm=mmcqd/1 prev_pid=116 prev_prio=120 prev_state=S ==> next_comm=swapper/0 next_pid=0 next_prio=120
          <idle>-0     [000] ...2   213.650346: sched_switch: prev_comm=swapper/0 prev_pid=0 prev_prio=120 prev_state=R ==> next_comm=mmcqd/1 next_pid=116 next_prio=120
         mmcqd/1-116   [000] ...1   213.650359: block_rq_complete: 179,0 RA () 4077504 + 24 [0]
         mmcqd/1-116   [000] ...2   213.650378: sched_switch: prev_comm=mmcqd/1 prev_pid=116 prev_prio=120 prev_state=R+ ==> next_comm=kworker/0:1H next_pid=17 next_prio=100
    kworker/0:1H-17    [000] ...2   213.650387: sched_switch: prev_comm=kworker/0:1H prev_pid=17 prev_prio=100 prev_state=S ==> next_comm=mmcqd/1 next_pid=116 next_prio=120
         mmcqd/1-116   [000] ...2   213.650397: sched_switch: prev_comm=mmcqd/1 prev_pid=116 prev_prio=120 prev_state=S ==> next_comm=main next_pid=3810 next_prio=120
           <...>-3810  [000] d..2   213.650638: block_rq_insert: 179,0 R 0 () 4079680 + 16 [main]
           <...>-3810  [000] d..2   213.650641: block_rq_insert: 179,0 R 0 () 4079712 + 8 [main]
           <...>-3810  [000] d..2   213.650643: block_rq_insert: 179,0 R 0 () 4079728 + 8 [main]
           <...>-3810  [000] ...2   213.650653: sched_switch: prev_comm=main prev_pid=3810 prev_prio=120 prev_state=R+ ==> next_comm=mmcqd/1 next_pid=116 next_prio=120
         mmcqd/1-116   [000] ...2   213.650701: sched_switch: prev_comm=mmcqd/1 prev_pid=116 prev_prio=120 prev_state=S ==> next_comm=main next_pid=3810 next_prio=120
           <...>-3810  [000] ...2   213.650964: sched_switch: prev_comm=main prev_pid=3810 prev_prio=120 prev_state=R+ ==> next_comm=mmcqd/1 next_pid=116 next_prio=120
         mmcqd/1-116   [000] ...1   213.650992: block_rq_complete: 179,0 RA () 4079680 + 16 [0]
         mmcqd/1-116   [000] ...2   213.651012: sched_switch: prev_comm=mmcqd/1 prev_pid=116 prev_prio=120 prev_state=S ==> next_comm=main next_pid=3810 next_prio=120
          <idle>-0     [001] ...2   213.651054: sched_switch: prev_comm=swapper/1 prev_pid=0 prev_prio=120 prev_state=R ==> next_comm=kworker/u:1 next_pid=21 next_prio=120
           <...>-3810  [000] ...2   213.651074: sched_switch: prev_comm=main prev_pid=3810 prev_prio=120 prev_state=R+ ==> next_comm=mpdecision next_pid=1599 next_prio=113
           <...>-21    [001] ...2   213.651089: sched_switch: prev_comm=kworker/u:1 prev_pid=21 prev_prio=120 prev_state=S ==> next_comm=swapper/1 next_pid=0 next_prio=120
      mpdecision-1599  [000] ...2   213.651341: sched_switch: prev_comm=mpdecision prev_pid=1599 prev_prio=113 prev_state=S ==> next_comm=mmcqd/1 next_pid=116 next_prio=120
         mmcqd/1-116   [000] ...1   213.651369: block_rq_complete: 179,0 RA () 4079712 + 8 [0]
         mmcqd/1-116   [000] ...2   213.651381: sched_switch: prev_comm=mmcqd/1 prev_pid=116 prev_prio=120 prev_state=S ==> next_comm=main next_pid=3810 next_prio=120
           <...>-3810  [000] d..2   213.651478: block_rq_insert: 179,0 R 0 () 4026240 + 32 [main]
           <...>-3810  [000] d..2   213.651481: block_rq_insert: 179,0 R 0 () 4026288 + 16 [main]
           <...>-3810  [000] d..2   213.651483: block_rq_insert: 179,0 R 0 () 4026360 + 16 [main]
           <...>-3810  [000] ...2   213.651493: sched_switch: prev_comm=main prev_pid=3810 prev_prio=120 prev_state=R+ ==> next_comm=mmcqd/1 next_pid=116 next_prio=120
         mmcqd/1-116   [000] ...2   213.651515: sched_switch: prev_comm=mmcqd/1 prev_pid=116 prev_prio=120 prev_state=S ==> next_comm=main next_pid=3810 next_prio=120
           <...>-3810  [000] ...2   213.651521: sched_switch: prev_comm=main prev_pid=3810 prev_prio=120 prev_state=D|W ==> next_comm=swapper/0 next_pid=0 next_prio=120
          <idle>-0     [000] ...2   213.651534: sched_switch: prev_comm=swapper/0 prev_pid=0 prev_prio=120 prev_state=R ==> next_comm=ksoftirqd/0 next_pid=3 next_prio=120
     ksoftirqd/0-3     [000] ...2   213.651541: sched_switch: prev_comm=ksoftirqd/0 prev_pid=3 prev_prio=120 prev_state=S ==> next_comm=swapper/0 next_pid=0 next_prio=120
          <idle>-0     [000] ...2   213.651554: sched_switch: prev_comm=swapper/0 prev_pid=0 prev_prio=120 prev_state=R ==> next_comm=ksoftirqd/0 next_pid=3 next_prio=120
     ksoftirqd/0-3     [000] ...2   213.651561: sched_switch: prev_comm=ksoftirqd/0 prev_pid=3 prev_prio=120 prev_state=S ==> next_comm=swapper/0 next_pid=0 next_prio=120
          <idle>-0     [000] ...2   213.651571: sched_switch: prev_comm=swapper/0 prev_pid=0 prev_prio=120 prev_state=R ==> next_comm=ksoftirqd/0 next_pid=3 next_prio=120
     ksoftirqd/0-3     [000] ...2   213.651580: sched_switch: prev_comm=ksoftirqd/0 prev_pid=3 prev_prio=120 prev_state=S ==> next_comm=swapper/0 next_pid=0 next_prio=120
          <idle>-0     [000] ...2   213.651651: sched_switch: prev_comm=swapper/0 prev_pid=0 prev_prio=120 prev_state=R ==> next_comm=mmcqd/1 next_pid=116 next_prio=120
         mmcqd/1-116   [000] ...1   213.651677: block_rq_complete: 179,0 RA () 4079728 + 8 [0]
         mmcqd/1-116   [000] ...2   213.651698: sched_switch: prev_comm=mmcqd/1 prev_pid=116 prev_prio=120 prev_state=S ==> next_comm=swapper/0 next_pid=0 next_prio=120
          <idle>-0     [000] ...2   213.651794: sched_switch: prev_comm=swapper/0 prev_pid=0 prev_prio=120 prev_state=R ==> next_comm=ActivityManager next_pid=768 next_prio=118
 ActivityManager-768   [000] ...2   213.651885: sched_switch: prev_comm=ActivityManager prev_pid=768 prev_prio=118 prev_state=S ==> next_comm=swapper/0 next_pid=0 next_prio=120
          <idle>-0     [000] ...2   213.652023: sched_switch: prev_comm=swapper/0 prev_pid=0 prev_prio=120 prev_state=R ==> next_comm=mmcqd/1 next_pid=116 next_prio=120
         mmcqd/1-116   [000] ...1   213.652054: block_rq_complete: 179,0 RA () 4026240 + 32 [0]
         mmcqd/1-116   [000] ...2   213.652077: sched_switch: prev_comm=mmcqd/1 prev_pid=116 prev_prio=120 prev_state=S ==> next_comm=swapper/0 next_pid=0 next_prio=120
          <idle>-0     [000] ...2   213.652305: sched_switch: prev_comm=swapper/0 prev_pid=0 prev_prio=120 prev_state=R ==> next_comm=mmcqd/1 next_pid=116 next_prio=120
         mmcqd/1-116   [000] ...1   213.652332: block_rq_complete: 179,0 RA () 4026288 + 16 [0]
         mmcqd/1-116   [000] ...2   213.652344: sched_switch: prev_comm=mmcqd/1 prev_pid=116 prev_prio=120 prev_state=S ==> next_comm=swapper/0 next_pid=0 next_prio=120
          <idle>-0     [000] ...2   213.652763: sched_switch: prev_comm=swapper/0 prev_pid=0 prev_prio=120 prev_state=R ==> next_comm=mmcqd/1 next_pid=116 next_prio=120
         mmcqd/1-116   [000] ...1   213.652774: block_rq_complete: 179,0 RA () 4026360 + 16 [0]
         mmcqd/1-116   [000] ...2   213.652792: sched_switch: prev_comm=mmcqd/1 prev_pid=116 prev_prio=120 prev_state=R+ ==> next_comm=kworker/0:1H next_pid=17 next_prio=100
    kworker/0:1H-17    [000] ...2   213.652799: sched_switch: prev_comm=kworker/0:1H prev_pid=17 prev_prio=100 prev_state=S ==> next_comm=mmcqd/1 next_pid=116 next_prio=120
         mmcqd/1-116   [000] ...2   213.652809: sched_switch: prev_comm=mmcqd/1 prev_pid=116 prev_prio=120 prev_state=S ==> next_comm=main next_pid=3810 next_prio=120
           <...>-3810  [000] d..2   213.653881: block_rq_insert: 179,0 R 0 () 4028944 + 256 [main]
           <...>-3810  [000] ...2   213.653892: sched_switch: prev_comm=main prev_pid=3810 prev_prio=120 prev_state=R+ ==> next_comm=mmcqd/1 next_pid=116 next_prio=120
         mmcqd/1-116   [000] ...2   213.653996: sched_switch: prev_comm=mmcqd/1 prev_pid=116 prev_prio=120 prev_state=S ==> next_comm=main next_pid=3810 next_prio=120
           <...>-3810  [000] d..2   213.654351: block_rq_insert: 179,0 R 0 () 4026808 + 8 [main]
           <...>-3810  [000] ...2   213.654363: sched_switch: prev_comm=main prev_pid=3810 prev_prio=120 prev_state=R+ ==> next_comm=mmcqd/1 next_pid=116 next_prio=120
         mmcqd/1-116   [000] ...2   213.654379: sched_switch: prev_comm=mmcqd/1 prev_pid=116 prev_prio=120 prev_state=S ==> next_comm=main next_pid=3810 next_prio=120
           <...>-3810  [000] ...2   213.654385: sched_switch: prev_comm=main prev_pid=3810 prev_prio=120 prev_state=D|W ==> next_comm=swapper/0 next_pid=0 next_prio=120
          <idle>-0     [000] ...2   213.655465: sched_switch: prev_comm=swapper/0 prev_pid=0 prev_prio=120 prev_state=R ==> next_comm=mmcqd/1 next_pid=116 next_prio=120
         mmcqd/1-116   [000] ...1   213.655545: block_rq_complete: 179,0 RA () 4028944 + 256 [0]
         mmcqd/1-116   [000] ...2   213.655570: sched_switch: prev_comm=mmcqd/1 prev_pid=116 prev_prio=120 prev_state=S ==> next_comm=swapper/0 next_pid=0 next_prio=120
          <idle>-0     [000] ...2   213.655714: sched_switch: prev_comm=swapper/0 prev_pid=0 prev_prio=120 prev_state=R ==> next_comm=mmcqd/1 next_pid=116 next_prio=120
         mmcqd/1-116   [000] ...1   213.655724: block_rq_complete: 179,0 RA () 4026808 + 8 [0]
         mmcqd/1-116   [000] ...2   213.655741: sched_switch: prev_comm=mmcqd/1 prev_pid=116 prev_prio=120 prev_state=R+ ==> next_comm=kworker/0:1H next_pid=17 next_prio=100
    kworker/0:1H-17    [000] ...2   213.655748: sched_switch: prev_comm=kworker/0:1H prev_pid=17 prev_prio=100 prev_state=S ==> next_comm=mmcqd/1 next_pid=116 next_prio=120
         mmcqd/1-116   [000] ...2   213.655758: sched_switch: prev_comm=mmcqd/1 prev_pid=116 prev_prio=120 prev_state=S ==> next_comm=main next_pid=3810 next_prio=120
           <...>-3810  [000] d..2   213.658350: block_rq_insert: 179,0 R 0 () 4008664 + 16 [main]
           <...>-3810  [000] d..2   213.658355: block_rq_insert: 179,0 R 0 () 4008712 + 8 [main]
           <...>-3810  [000] ...2   213.658368: sched_switch: prev_comm=main prev_pid=3810 prev_prio=120 prev_state=R+ ==> next_comm=mmcqd/1 next_pid=116 next_prio=120
         mmcqd/1-116   [000] ...2   213.658426: sched_switch: prev_comm=mmcqd/1 prev_pid=116 prev_prio=120 prev_state=S ==> next_comm=main next_pid=3810 next_prio=120
           <...>-3810  [000] ...2   213.658435: sched_switch: prev_comm=main prev_pid=3810 prev_prio=120 prev_state=D|W ==> next_comm=swapper/0 next_pid=0 next_prio=120
          <idle>-0     [000] ...2   213.658642: sched_switch: prev_comm=swapper/0 prev_pid=0 prev_prio=120 prev_state=R ==> next_comm=mmcqd/1 next_pid=116 next_prio=120
         mmcqd/1-116   [000] ...1   213.658669: block_rq_complete: 179,0 RA () 4008712 + 8 [0]
         mmcqd/1-116   [000] ...2   213.658685: sched_switch: prev_comm=mmcqd/1 prev_pid=116 prev_prio=120 prev_state=S ==> next_comm=swapper/0 next_pid=0 next_prio=120
          <idle>-0     [000] ...2   213.658979: sched_switch: prev_comm=swapper/0 prev_pid=0 prev_prio=120 prev_state=R ==> next_comm=mmcqd/1 next_pid=116 next_prio=120
         mmcqd/1-116   [000] ...1   213.658990: block_rq_complete: 179,0 RA () 4008664 + 16 [0]
         mmcqd/1-116   [000] ...2   213.659009: sched_switch: prev_comm=mmcqd/1 prev_pid=116 prev_prio=120 prev_state=R+ ==> next_comm=kworker/0:1H next_pid=17 next_prio=100
    kworker/0:1H-17    [000] ...2   213.659017: sched_switch: prev_comm=kworker/0:1H prev_pid=17 prev_prio=100 prev_state=S ==> next_comm=mmcqd/1 next_pid=116 next_prio=120
         mmcqd/1-116   [000] ...2   213.659027: sched_switch: prev_comm=mmcqd/1 prev_pid=116 prev_prio=120 prev_state=S ==> next_comm=main next_pid=3810 next_prio=120
          <idle>-0     [001] ...2   213.662285: sched_switch: prev_comm=swapper/1 prev_pid=0 prev_prio=120 prev_state=R ==> next_comm=main next_pid=3825 next_prio=120
           <...>-3810  [000] ...2   213.662289: sched_switch: prev_comm=main prev_pid=3810 prev_prio=120 prev_state=R+ ==> next_comm=logcat next_pid=797 next_prio=120
           <...>-797   [000] ...2   213.662405: sched_switch: prev_comm=logcat prev_pid=797 prev_prio=120 prev_state=S ==> next_comm=kworker/0:0 next_pid=4 next_prio=120
     kworker/0:0-4     [000] ...2   213.662424: sched_switch: prev_comm=kworker/0:0 prev_pid=4 prev_prio=120 prev_state=S ==> next_comm=main next_pid=3810 next_prio=120
           <...>-3825  [001] ...2   213.662424: sched_switch: prev_comm=main prev_pid=3825 prev_prio=120 prev_state=R+ ==> next_comm=adbd next_pid=781 next_prio=120
           <...>-3810  [000] d..2   213.662672: block_rq_insert: 179,0 R 0 () 4008840 + 8 [main]
            adbd-781   [001] ...2   213.662676: sched_switch: prev_comm=adbd prev_pid=781 prev_prio=120 prev_state=S ==> next_comm=adbd next_pid=783 next_prio=120
           <...>-3810  [000] d..2   213.662677: block_rq_insert: 179,0 R 0 () 4008920 + 48 [main]
           <...>-3810  [000] ...2   213.662687: sched_switch: prev_comm=main prev_pid=3810 prev_prio=120 prev_state=R+ ==> next_comm=mmcqd/1 next_pid=116 next_prio=120
            adbd-783   [001] ...2   213.662760: sched_switch: prev_comm=adbd prev_pid=783 prev_prio=120 prev_state=S ==> next_comm=main next_pid=3825 next_prio=120
         mmcqd/1-116   [000] ...2   213.662765: sched_switch: prev_comm=mmcqd/1 prev_pid=116 prev_prio=120 prev_state=S ==> next_comm=main next_pid=3810 next_prio=120
           <...>-3810  [000] ...2   213.662774: sched_switch: prev_comm=main prev_pid=3810 prev_prio=120 prev_state=D|W ==> next_comm=swapper/0 next_pid=0 next_prio=120
          <idle>-0     [000] ...2   213.662791: sched_switch: prev_comm=swapper/0 prev_pid=0 prev_prio=120 prev_state=R ==> next_comm=ksoftirqd/0 next_pid=3 next_prio=120
     ksoftirqd/0-3     [000] ...2   213.662801: sched_switch: prev_comm=ksoftirqd/0 prev_pid=3 prev_prio=120 prev_state=S ==> next_comm=swapper/0 next_pid=0 next_prio=120
          <idle>-0     [000] ...2   213.662815: sched_switch: prev_comm=swapper/0 prev_pid=0 prev_prio=120 prev_state=R ==> next_comm=ksoftirqd/0 next_pid=3 next_prio=120
     ksoftirqd/0-3     [000] ...2   213.662830: sched_switch: prev_comm=ksoftirqd/0 prev_pid=3 prev_prio=120 prev_state=S ==> next_comm=swapper/0 next_pid=0 next_prio=120
          <idle>-0     [000] ...2   213.662847: sched_switch: prev_comm=swapper/0 prev_pid=0 prev_prio=120 prev_state=R ==> next_comm=ksoftirqd/0 next_pid=3 next_prio=120
     ksoftirqd/0-3     [000] ...2   213.662854: sched_switch: prev_comm=ksoftirqd/0 prev_pid=3 prev_prio=120 prev_state=S ==> next_comm=swapper/0 next_pid=0 next_prio=120
          <idle>-0     [000] ...2   213.662980: sched_switch: prev_comm=swapper/0 prev_pid=0 prev_prio=120 prev_state=R ==> next_comm=mmcqd/1 next_pid=116 next_prio=120
         mmcqd/1-116   [000] ...1   213.663005: block_rq_complete: 179,0 RA () 4008840 + 8 [0]
         mmcqd/1-116   [000] ...2   213.663024: sched_switch: prev_comm=mmcqd/1 prev_pid=116 prev_prio=120 prev_state=S ==> next_comm=main next_pid=3810 next_prio=120
           <...>-3810  [000] ...2   213.663092: sched_switch: prev_comm=main prev_pid=3810 prev_prio=120 prev_state=R ==> next_comm=adbd next_pid=784 next_prio=120
           <...>-3825  [001] ...2   213.663115: sched_switch: prev_comm=Binder_1 prev_pid=3825 prev_prio=120 prev_state=R+ ==> next_comm=adbd next_pid=781 next_prio=120
            adbd-784   [000] ...2   213.663125: sched_switch: prev_comm=adbd prev_pid=784 prev_prio=120 prev_state=S ==> next_comm=main next_pid=3810 next_prio=120
           <...>-3810  [000] d..2   213.663262: block_rq_insert: 179,0 R 0 () 4123736 + 8 [main]
           <...>-3810  [000] d..2   213.663265: block_rq_insert: 179,0 R 0 () 4123816 + 32 [main]
           <...>-3810  [000] ...2   213.663274: sched_switch: prev_comm=main prev_pid=3810 prev_prio=120 prev_state=R+ ==> next_comm=mmcqd/1 next_pid=116 next_prio=120
         mmcqd/1-116   [000] ...2   213.663290: sched_switch: prev_comm=mmcqd/1 prev_pid=116 prev_prio=120 prev_state=S ==> next_comm=main next_pid=3810 next_prio=120
            adbd-781   [001] ...2   213.663292: sched_switch: prev_comm=adbd prev_pid=781 prev_prio=120 prev_state=S ==> next_comm=adbd next_pid=783 next_prio=120
           <...>-3810  [000] ...2   213.663295: sched_switch: prev_comm=main prev_pid=3810 prev_prio=120 prev_state=D|W ==> next_comm=swapper/0 next_pid=0 next_prio=120
            adbd-783   [001] ...2   213.663302: sched_switch: prev_comm=adbd prev_pid=783 prev_prio=120 prev_state=S ==> next_comm=Binder_1 next_pid=3825 next_prio=120
          <idle>-0     [000] ...2   213.663556: sched_switch: prev_comm=swapper/0 prev_pid=0 prev_prio=120 prev_state=R ==> next_comm=mmcqd/1 next_pid=116 next_prio=120
         mmcqd/1-116   [000] ...1   213.663588: block_rq_complete: 179,0 RA () 4008920 + 48 [0]
         mmcqd/1-116   [000] ...2   213.663612: sched_switch: prev_comm=mmcqd/1 prev_pid=116 prev_prio=120 prev_state=S ==> next_comm=swapper/0 next_pid=0 next_prio=120
          <idle>-0     [000] ...2   213.663821: sched_switch: prev_comm=swapper/0 prev_pid=0 prev_prio=120 prev_state=R ==> next_comm=mmcqd/1 next_pid=116 next_prio=120
         mmcqd/1-116   [000] ...1   213.663845: block_rq_complete: 179,0 RA () 4123736 + 8 [0]
         mmcqd/1-116   [000] ...2   213.663856: sched_switch: prev_comm=mmcqd/1 prev_pid=116 prev_prio=120 prev_state=S ==> next_comm=swapper/0 next_pid=0 next_prio=120
          <idle>-0     [000] ...2   213.663899: sched_switch: prev_comm=swapper/0 prev_pid=0 prev_prio=120 prev_state=R ==> next_comm=Binder_1 next_pid=3826 next_prio=120
           <...>-3825  [001] ...2   213.663924: sched_switch: prev_comm=Binder_1 prev_pid=3825 prev_prio=120 prev_state=S ==> next_comm=swapper/1 next_pid=0 next_prio=120
          <idle>-0     [001] ...2   213.663951: sched_switch: prev_comm=swapper/1 prev_pid=0 prev_prio=120 prev_state=R ==> next_comm=ksoftirqd/1 next_pid=3799 next_prio=120
           <...>-3799  [001] ...2   213.663966: sched_switch: prev_comm=ksoftirqd/1 prev_pid=3799 prev_prio=120 prev_state=S ==> next_comm=swapper/1 next_pid=0 next_prio=120
          <idle>-0     [001] ...2   213.663991: sched_switch: prev_comm=swapper/1 prev_pid=0 prev_prio=120 prev_state=R ==> next_comm=ksoftirqd/1 next_pid=3799 next_prio=120
           <...>-3799  [001] ...2   213.664004: sched_switch: prev_comm=ksoftirqd/1 prev_pid=3799 prev_prio=120 prev_state=S ==> next_comm=swapper/1 next_pid=0 next_prio=120
          <idle>-0     [001] ...2   213.664025: sched_switch: prev_comm=swapper/1 prev_pid=0 prev_prio=120 prev_state=R ==> next_comm=ksoftirqd/1 next_pid=3799 next_prio=120
           <...>-3799  [001] ...2   213.664037: sched_switch: prev_comm=ksoftirqd/1 prev_pid=3799 prev_prio=120 prev_state=S ==> next_comm=swapper/1 next_pid=0 next_prio=120
           <...>-3826  [000] ...2   213.664233: sched_switch: prev_comm=Binder_2 prev_pid=3826 prev_prio=120 prev_state=R+ ==> next_comm=mmcqd/1 next_pid=116 next_prio=120
         mmcqd/1-116   [000] ...1   213.664249: block_rq_complete: 179,0 RA () 4123816 + 32 [0]
         mmcqd/1-116   [000] ...2   213.664269: sched_switch: prev_comm=mmcqd/1 prev_pid=116 prev_prio=120 prev_state=R+ ==> next_comm=kworker/0:1H next_pid=17 next_prio=100
    kworker/0:1H-17    [000] ...2   213.664277: sched_switch: prev_comm=kworker/0:1H prev_pid=17 prev_prio=100 prev_state=S ==> next_comm=main next_pid=3810 next_prio=120
           <...>-3810  [000] d..2   213.664326: block_rq_insert: 179,0 R 0 () 4084528 + 24 [main]
           <...>-3810  [000] ...2   213.664335: sched_switch: prev_comm=main prev_pid=3810 prev_prio=120 prev_state=D|W ==> next_comm=mmcqd/1 next_pid=116 next_prio=120
         mmcqd/1-116   [000] ...2   213.664380: sched_switch: prev_comm=mmcqd/1 prev_pid=116 prev_prio=120 prev_state=S ==> next_comm=Binder_2 next_pid=3826 next_prio=120
           <...>-3826  [000] ...2   213.664557: sched_switch: prev_comm=Binder_2 prev_pid=3826 prev_prio=120 prev_state=S ==> next_comm=swapper/0 next_pid=0 next_prio=120
          <idle>-0     [000] ...2   213.664737: sched_switch: prev_comm=swapper/0 prev_pid=0 prev_prio=120 prev_state=R ==> next_comm=mmcqd/1 next_pid=116 next_prio=120
         mmcqd/1-116   [000] ...1   213.664751: block_rq_complete: 179,0 RA () 4084528 + 24 [0]
         mmcqd/1-116   [000] ...2   213.664768: sched_switch: prev_comm=mmcqd/1 prev_pid=116 prev_prio=120 prev_state=R+ ==> next_comm=kworker/0:1H next_pid=17 next_prio=100
    kworker/0:1H-17    [000] ...2   213.664776: sched_switch: prev_comm=kworker/0:1H prev_pid=17 prev_prio=100 prev_state=S ==> next_comm=main next_pid=3810 next_prio=120
           <...>-3810  [000] ...2   213.664838: sched_switch: prev_comm=main prev_pid=3810 prev_prio=120 prev_state=S ==> next_comm=servicemanager next_pid=170 next_prio=120
           <...>-170   [000] ...2   213.664870: sched_switch: prev_comm=servicemanager prev_pid=170 prev_prio=120 prev_state=S ==> next_comm=mmcqd/1 next_pid=116 next_prio=120
         mmcqd/1-116   [000] ...2   213.664880: sched_switch: prev_comm=mmcqd/1 prev_pid=116 prev_prio=120 prev_state=S ==> next_comm=main next_pid=3810 next_prio=120
           <...>-3810  [000] ...2   213.665043: sched_switch: prev_comm=main prev_pid=3810 prev_prio=120 prev_state=S ==> next_comm=servicemanager next_pid=170 next_prio=120
           <...>-170   [000] ...2   213.665158: sched_switch: prev_comm=servicemanager prev_pid=170 prev_prio=120 prev_state=S ==> next_comm=main next_pid=3810 next_prio=120
           <...>-3810  [000] d..2   213.665950: block_rq_insert: 179,0 R 0 () 4052264 + 8 [main]
           <...>-3810  [000] d..2   213.665953: block_rq_insert: 179,0 R 0 () 4052304 + 8 [main]
           <...>-3810  [000] d..2   213.665955: block_rq_insert: 179,0 R 0 () 4052400 + 32 [main]
           <...>-3810  [000] ...2   213.665968: sched_switch: prev_comm=main prev_pid=3810 prev_prio=120 prev_state=D|W ==> next_comm=kworker/0:0 next_pid=4 next_prio=120
     kworker/0:0-4     [000] ...2   213.665984: sched_switch: prev_comm=kworker/0:0 prev_pid=4 prev_prio=120 prev_state=S ==> next_comm=mmcqd/1 next_pid=116 next_prio=120
          <idle>-0     [001] ...2   213.665993: sched_switch: prev_comm=swapper/1 prev_pid=0 prev_prio=120 prev_state=R ==> next_comm=adbd next_pid=781 next_prio=120
         mmcqd/1-116   [000] ...2   213.666038: sched_switch: prev_comm=mmcqd/1 prev_pid=116 prev_prio=120 prev_state=S ==> next_comm=swapper/0 next_pid=0 next_prio=120
            adbd-781   [001] ...2   213.666215: sched_switch: prev_comm=adbd prev_pid=781 prev_prio=120 prev_state=S ==> next_comm=adbd next_pid=783 next_prio=120
            adbd-783   [001] ...2   213.666284: sched_switch: prev_comm=adbd prev_pid=783 prev_prio=120 prev_state=S ==> next_comm=swapper/1 next_pid=0 next_prio=120
          <idle>-0     [000] ...2   213.666403: sched_switch: prev_comm=swapper/0 prev_pid=0 prev_prio=120 prev_state=R ==> next_comm=mmcqd/1 next_pid=116 next_prio=120
         mmcqd/1-116   [000] ...1   213.666435: block_rq_complete: 179,0 RA () 4052400 + 32 [0]
         mmcqd/1-116   [000] ...2   213.666456: sched_switch: prev_comm=mmcqd/1 prev_pid=116 prev_prio=120 prev_state=S ==> next_comm=swapper/0 next_pid=0 next_prio=120
          <idle>-0     [000] ...2   213.666591: sched_switch: prev_comm=swapper/0 prev_pid=0 prev_prio=120 prev_state=R ==> next_comm=adbd next_pid=784 next_prio=120
            adbd-784   [000] ...2   213.666624: sched_switch: prev_comm=adbd prev_pid=784 prev_prio=120 prev_state=S ==> next_comm=adbd next_pid=781 next_prio=120
          <idle>-0     [001] ...2   213.666712: sched_switch: prev_comm=swapper/1 prev_pid=0 prev_prio=120 prev_state=R ==> next_comm=adbd next_pid=783 next_prio=120
            adbd-783   [001] ...2   213.666730: sched_switch: prev_comm=adbd prev_pid=783 prev_prio=120 prev_state=S ==> next_comm=swapper/1 next_pid=0 next_prio=120
            adbd-781   [000] ...2   213.666755: sched_switch: prev_comm=adbd prev_pid=781 prev_prio=120 prev_state=S ==> next_comm=mmcqd/1 next_pid=116 next_prio=120
         mmcqd/1-116   [000] ...1   213.666782: block_rq_complete: 179,0 RA () 4052304 + 8 [0]
         mmcqd/1-116   [000] ...2   213.666799: sched_switch: prev_comm=mmcqd/1 prev_pid=116 prev_prio=120 prev_state=S ==> next_comm=main next_pid=3810 next_prio=120
          <idle>-0     [001] ...2   213.667415: sched_switch: prev_comm=swapper/1 prev_pid=0 prev_prio=120 prev_state=R ==> next_comm=Binder_C next_pid=1768 next_prio=120
           <...>-3810  [000] ...2   213.667416: sched_switch: prev_comm=main prev_pid=3810 prev_prio=120 prev_state=S ==> next_comm=mmcqd/1 next_pid=116 next_prio=120
         mmcqd/1-116   [000] ...1   213.667426: block_rq_complete: 179,0 RA () 4052264 + 8 [0]
         mmcqd/1-116   [000] ...2   213.667440: sched_switch: prev_comm=mmcqd/1 prev_pid=116 prev_prio=120 prev_state=R+ ==> next_comm=kworker/0:1H next_pid=17 next_prio=100
    kworker/0:1H-17    [000] ...2   213.667457: sched_switch: prev_comm=kworker/0:1H prev_pid=17 prev_prio=100 prev_state=S ==> next_comm=mmcqd/1 next_pid=116 next_prio=120
         mmcqd/1-116   [000] ...2   213.667466: sched_switch: prev_comm=mmcqd/1 prev_pid=116 prev_prio=120 prev_state=S ==> next_comm=logcat next_pid=797 next_prio=120
           <...>-797   [000] ...2   213.667481: sched_switch: prev_comm=logcat prev_pid=797 prev_prio=120 prev_state=S ==> next_comm=swapper/0 next_pid=0 next_prio=120
          <idle>-0     [000] ...2   213.667704: sched_switch: prev_comm=swapper/0 prev_pid=0 prev_prio=120 prev_state=R ==> next_comm=logcat next_pid=797 next_prio=120
           <...>-797   [000] ...2   213.667809: sched_switch: prev_comm=logcat prev_pid=797 prev_prio=120 prev_state=S ==> next_comm=kworker/0:0 next_pid=4 next_prio=120
     kworker/0:0-4     [000] ...2   213.667824: sched_switch: prev_comm=kworker/0:0 prev_pid=4 prev_prio=120 prev_state=S ==> next_comm=adbd next_pid=781 next_prio=120
            adbd-781   [000] ...2   213.667957: sched_switch: prev_comm=adbd prev_pid=781 prev_prio=120 prev_state=S ==> next_comm=adbd next_pid=783 next_prio=120
            adbd-783   [000] ...2   213.668013: sched_switch: prev_comm=adbd prev_pid=783 prev_prio=120 prev_state=S ==> next_comm=swapper/0 next_pid=0 next_prio=120
          <idle>-0     [000] ...2   213.668216: sched_switch: prev_comm=swapper/0 prev_pid=0 prev_prio=120 prev_state=R ==> next_comm=Binder_3 next_pid=863 next_prio=120
           <...>-1768  [001] ...2   213.668229: sched_switch: prev_comm=Binder_C prev_pid=1768 prev_prio=120 prev_state=S ==> next_comm=swapper/1 next_pid=0 next_prio=120
          <idle>-0     [001] ...2   213.668290: sched_switch: prev_comm=swapper/1 prev_pid=0 prev_prio=120 prev_state=R ==> next_comm=Binder_C next_pid=1768 next_prio=120
           <...>-863   [000] ...2   213.668301: sched_switch: prev_comm=Binder_3 prev_pid=863 prev_prio=120 prev_state=D ==> next_comm=swapper/0 next_pid=0 next_prio=120
          <idle>-0     [000] ...2   213.668309: sched_switch: prev_comm=swapper/0 prev_pid=0 prev_prio=120 prev_state=R ==> next_comm=Binder_3 next_pid=863 next_prio=120
           <...>-863   [000] ...2   213.668328: sched_switch: prev_comm=Binder_3 prev_pid=863 prev_prio=120 prev_state=S ==> next_comm=swapper/0 next_pid=0 next_prio=120
          <idle>-0     [000] ...2   213.668351: sched_switch: prev_comm=swapper/0 prev_pid=0 prev_prio=120 prev_state=R ==> next_comm=adbd next_pid=784 next_prio=120
            adbd-784   [000] ...2   213.668385: sched_switch: prev_comm=adbd prev_pid=784 prev_prio=120 prev_state=S ==> next_comm=adbd next_pid=781 next_prio=120
            adbd-781   [000] ...2   213.668495: sched_switch: prev_comm=adbd prev_pid=781 prev_prio=120 prev_state=S ==> next_comm=adbd next_pid=783 next_prio=120
            adbd-783   [000] ...2   213.668501: sched_switch: prev_comm=adbd prev_pid=783 prev_prio=120 prev_state=S ==> next_comm=swapper/0 next_pid=0 next_prio=120
          <idle>-0     [000] ...2   213.668735: sched_switch: prev_comm=swapper/0 prev_pid=0 prev_prio=120 prev_state=R ==> next_comm=InputDispatcher next_pid=809 next_prio=112
           <...>-809   [000] ...2   213.668767: sched_switch: prev_comm=InputDispatcher prev_pid=809 prev_prio=112 prev_state=S ==> next_comm=swapper/0 next_pid=0 next_prio=120
           <...>-1768  [001] ...2   213.668874: sched_switch: prev_comm=Binder_C prev_pid=1768 prev_prio=120 prev_state=S ==> next_comm=Binder_4 next_pid=1443 next_prio=120
           <...>-1443  [001] ...2   213.669019: sched_switch: prev_comm=Binder_4 prev_pid=1443 prev_prio=120 prev_state=S ==> next_comm=Binder_C next_pid=1768 next_prio=120
          <idle>-0     [000] ...2   213.669100: sched_switch: prev_comm=swapper/0 prev_pid=0 prev_prio=120 prev_state=R ==> next_comm=android.display next_pid=773 next_prio=116
           <...>-773   [000] ...2   213.669186: sched_switch: prev_comm=android.display prev_pid=773 prev_prio=116 prev_state=S ==> next_comm=swapper/0 next_pid=0 next_prio=120
          <idle>-0     [000] ...2   213.669297: sched_switch: prev_comm=swapper/0 prev_pid=0 prev_prio=120 prev_state=R ==> next_comm=LazyTaskWriterT next_pid=838 next_prio=120
 LazyTaskWriterT-838   [000] ...2   213.669369: sched_switch: prev_comm=LazyTaskWriterT prev_pid=838 prev_prio=120 prev_state=S ==> next_comm=swapper/0 next_pid=0 next_prio=120
          <idle>-0     [000] ...2   213.669541: sched_switch: prev_comm=swapper/0 prev_pid=0 prev_prio=120 prev_state=R ==> next_comm=logcat next_pid=797 next_prio=120
           <...>-797   [000] ...2   213.669644: sched_switch: prev_comm=logcat prev_pid=797 prev_prio=120 prev_state=S ==> next_comm=kworker/0:0 next_pid=4 next_prio=120
     kworker/0:0-4     [000] ...2   213.669659: sched_switch: prev_comm=kworker/0:0 prev_pid=4 prev_prio=120 prev_state=S ==> next_comm=adbd next_pid=781 next_prio=120
            adbd-781   [000] ...2   213.669793: sched_switch: prev_comm=adbd prev_pid=781 prev_prio=120 prev_state=S ==> next_comm=ActivityManager next_pid=768 next_prio=118
 ActivityManager-768   [000] ...2   213.669827: sched_switch: prev_comm=ActivityManager prev_pid=768 prev_prio=118 prev_state=S ==> next_comm=adbd next_pid=783 next_prio=120
            adbd-783   [000] ...2   213.669882: sched_switch: prev_comm=adbd prev_pid=783 prev_prio=120 prev_state=S ==> next_comm=swapper/0 next_pid=0 next_prio=120
          <idle>-0     [000] ...2   213.670076: sched_switch: prev_comm=swapper/0 prev_pid=0 prev_prio=120 prev_state=R ==> next_comm=Binder_2 next_pid=1166 next_prio=120
           <...>-1166  [000] ...2   213.670330: sched_switch: prev_comm=Binder_2 prev_pid=1166 prev_prio=120 prev_state=S ==> next_comm=Binder_1 next_pid=1162 next_prio=120
        Binder_1-1162  [000] ...2   213.670336: sched_switch: prev_comm=Binder_1 prev_pid=1162 prev_prio=120 prev_state=S ==> next_comm=droid.launcher3 next_pid=1136 next_prio=120
           <...>-1768  [001] ...2   213.670401: sched_switch: prev_comm=Binder_C prev_pid=1768 prev_prio=120 prev_state=R ==> next_comm=Binder_5 next_pid=1581 next_prio=120
           <...>-1136  [000] ...2   213.670469: sched_switch: prev_comm=droid.launcher3 prev_pid=1136 prev_prio=120 prev_state=R ==> next_comm=EventThread next_pid=377 next_prio=111
           <...>-377   [000] ...2   213.670498: sched_switch: prev_comm=EventThread prev_pid=377 prev_prio=111 prev_state=D ==> next_comm=Binder_2 next_pid=239 next_prio=120
           <...>-239   [000] ...2   213.670505: sched_switch: prev_comm=Binder_2 prev_pid=239 prev_prio=120 prev_state=S ==> next_comm=EventThread next_pid=377 next_prio=111
           <...>-1581  [001] ...2   213.670539: sched_switch: prev_comm=Binder_5 prev_pid=1581 prev_prio=120 prev_state=S ==> next_comm=Binder_1 next_pid=237 next_prio=120
           <...>-377   [000] ...2   213.670547: sched_switch: prev_comm=EventThread prev_pid=377 prev_prio=111 prev_state=S ==> next_comm=Binder_7 next_pid=1135 next_prio=120
           <...>-237   [001] ...2   213.670549: sched_switch: prev_comm=Binder_1 prev_pid=237 prev_prio=120 prev_state=S ==> next_comm=Binder_3 next_pid=1560 next_prio=120
           <...>-1560  [001] ...2   213.670561: sched_switch: prev_comm=Binder_3 prev_pid=1560 prev_prio=120 prev_state=S ==> next_comm=Binder_5 next_pid=1581 next_prio=120
           <...>-1581  [001] ...2   213.670608: sched_switch: prev_comm=Binder_5 prev_pid=1581 prev_prio=120 prev_state=S ==> next_comm=Binder_C next_pid=1768 next_prio=120
           <...>-1135  [000] ...2   213.670616: sched_switch: prev_comm=Binder_7 prev_pid=1135 prev_prio=120 prev_state=S ==> next_comm=EventThread next_pid=377 next_prio=111
           <...>-377   [000] ...2   213.670635: sched_switch: prev_comm=EventThread prev_pid=377 prev_prio=111 prev_state=S ==> next_comm=ActivityManager next_pid=768 next_prio=118
 ActivityManager-768   [000] ...2   213.670673: sched_switch: prev_comm=ActivityManager prev_pid=768 prev_prio=118 prev_state=S ==> next_comm=adbd next_pid=784 next_prio=120
            adbd-784   [000] ...2   213.670710: sched_switch: prev_comm=adbd prev_pid=784 prev_prio=120 prev_state=S ==> next_comm=adbd next_pid=781 next_prio=120
            adbd-781   [000] ...2   213.670825: sched_switch: prev_comm=adbd prev_pid=781 prev_prio=120 prev_state=S ==> next_comm=adbd next_pid=783 next_prio=120
            adbd-783   [000] ...2   213.670831: sched_switch: prev_comm=adbd prev_pid=783 prev_prio=120 prev_state=S ==> next_comm=RenderThread next_pid=1370 next_prio=116
           <...>-1370  [000] ...2   213.670862: sched_switch: prev_comm=RenderThread prev_pid=1370 prev_prio=116 prev_state=S ==> next_comm=droid.launcher3 next_pid=1136 next_prio=120
           <...>-1136  [000] ...2   213.670895: sched_switch: prev_comm=droid.launcher3 prev_pid=1136 prev_prio=120 prev_state=R ==> next_comm=Binder_2 next_pid=2259 next_prio=120
           <...>-1768  [001] ...2   213.671062: sched_switch: prev_comm=Binder_C prev_pid=1768 prev_prio=120 prev_state=R+ ==> next_comm=kworker/1:0H next_pid=3798 next_prio=100
           <...>-3798  [001] ...2   213.671095: sched_switch: prev_comm=kworker/1:0H prev_pid=3798 prev_prio=100 prev_state=D ==> next_comm=kworker/1:2H next_pid=3805 next_prio=100
           <...>-3805  [001] ...2   213.671127: sched_switch: prev_comm=kworker/1:2H prev_pid=3805 prev_prio=100 prev_state=S ==> next_comm=kworker/1:0H next_pid=3798 next_prio=100
           <...>-3798  [001] ...2   213.671141: sched_switch: prev_comm=kworker/1:0H prev_pid=3798 prev_prio=100 prev_state=S ==> next_comm=Binder_C next_pid=1768 next_prio=120
           <...>-1768  [001] ...2   213.671264: sched_switch: prev_comm=Binder_C prev_pid=1768 prev_prio=120 prev_state=R ==> next_comm=ple.SqliteTrace next_pid=2242 next_prio=120
           <...>-2259  [000] ...2   213.671292: sched_switch: prev_comm=Binder_2 prev_pid=2259 prev_prio=120 prev_state=S ==> next_comm=LazyTaskWriterT next_pid=838 next_prio=120
 LazyTaskWriterT-838   [000] ...2   213.671322: sched_switch: prev_comm=LazyTaskWriterT prev_pid=838 prev_prio=120 prev_state=S ==> next_comm=droid.launcher3 next_pid=1136 next_prio=120
           <...>-1136  [000] ...2   213.671464: sched_switch: prev_comm=droid.launcher3 prev_pid=1136 prev_prio=120 prev_state=S ==> next_comm=RenderThread next_pid=1370 next_prio=116
           <...>-2242  [001] ...2   213.671622: sched_switch: prev_comm=ple.SqliteTrace prev_pid=2242 prev_prio=120 prev_state=S ==> next_comm=Binder_9 next_pid=1154 next_prio=120
           <...>-1154  [001] ...2   213.671742: sched_switch: prev_comm=Binder_9 prev_pid=1154 prev_prio=120 prev_state=S ==> next_comm=android.bg next_pid=767 next_prio=130
           <...>-767   [001] ...2   213.671861: sched_switch: prev_comm=android.bg prev_pid=767 prev_prio=130 prev_state=S ==> next_comm=Binder_C next_pid=1768 next_prio=120
           <...>-1370  [000] ...2   213.671863: sched_switch: prev_comm=RenderThread prev_pid=1370 prev_prio=116 prev_state=D ==> next_comm=swapper/0 next_pid=0 next_prio=120
          <idle>-0     [000] ...2   213.671883: sched_switch: prev_comm=swapper/0 prev_pid=0 prev_prio=120 prev_state=R ==> next_comm=ksoftirqd/0 next_pid=3 next_prio=120
     ksoftirqd/0-3     [000] ...2   213.671894: sched_switch: prev_comm=ksoftirqd/0 prev_pid=3 prev_prio=120 prev_state=S ==> next_comm=swapper/0 next_pid=0 next_prio=120
          <idle>-0     [000] ...2   213.671906: sched_switch: prev_comm=swapper/0 prev_pid=0 prev_prio=120 prev_state=R ==> next_comm=ksoftirqd/0 next_pid=3 next_prio=120
     ksoftirqd/0-3     [000] ...2   213.671912: sched_switch: prev_comm=ksoftirqd/0 prev_pid=3 prev_prio=120 prev_state=S ==> next_comm=swapper/0 next_pid=0 next_prio=120
          <idle>-0     [000] ...2   213.671923: sched_switch: prev_comm=swapper/0 prev_pid=0 prev_prio=120 prev_state=R ==> next_comm=ksoftirqd/0 next_pid=3 next_prio=120
     ksoftirqd/0-3     [000] ...2   213.671928: sched_switch: prev_comm=ksoftirqd/0 prev_pid=3 prev_prio=120 prev_state=S ==> next_comm=swapper/0 next_pid=0 next_prio=120
          <idle>-0     [000] ...2   213.672017: sched_switch: prev_comm=swapper/0 prev_pid=0 prev_prio=120 prev_state=R ==> next_comm=Binder_3 next_pid=863 next_prio=120
           <...>-1768  [001] ...2   213.672032: sched_switch: prev_comm=Binder_C prev_pid=1768 prev_prio=120 prev_state=S ==> next_comm=swapper/1 next_pid=0 next_prio=120
          <idle>-0     [001] ...2   213.672058: sched_switch: prev_comm=swapper/1 prev_pid=0 prev_prio=120 prev_state=R ==> next_comm=ksoftirqd/1 next_pid=3799 next_prio=120
           <...>-3799  [001] ...2   213.672081: sched_switch: prev_comm=ksoftirqd/1 prev_pid=3799 prev_prio=120 prev_state=S ==> next_comm=Binder_C next_pid=1768 next_prio=120
           <...>-863   [000] ...2   213.672096: sched_switch: prev_comm=Binder_3 prev_pid=863 prev_prio=120 prev_state=S ==> next_comm=swapper/0 next_pid=0 next_prio=120
          <idle>-0     [000] ...2   213.672446: sched_switch: prev_comm=swapper/0 prev_pid=0 prev_prio=120 prev_state=R ==> next_comm=kworker/u:0H next_pid=7 next_prio=100
    kworker/u:0H-7     [000] ...2   213.672468: sched_switch: prev_comm=kworker/u:0H prev_pid=7 prev_prio=100 prev_state=D ==> next_comm=RenderThread next_pid=1370 next_prio=116
           <...>-1370  [000] ...2   213.672567: sched_switch: prev_comm=RenderThread prev_pid=1370 prev_prio=116 prev_state=R+ ==> next_comm=InputDispatcher next_pid=809 next_prio=112
           <...>-809   [000] ...2   213.672594: sched_switch: prev_comm=InputDispatcher prev_pid=809 prev_prio=112 prev_state=S ==> next_comm=RenderThread next_pid=1370 next_prio=116
           <...>-1370  [000] ...2   213.672648: sched_switch: prev_comm=RenderThread prev_pid=1370 prev_prio=116 prev_state=D ==> next_comm=swapper/0 next_pid=0 next_prio=120
           <...>-1768  [001] ...2   213.672694: sched_switch: prev_comm=Binder_C prev_pid=1768 prev_prio=120 prev_state=R+ ==> next_comm=Binder_4 next_pid=1443 next_prio=120
           <...>-1443  [001] ...2   213.672706: sched_switch: prev_comm=Binder_4 prev_pid=1443 prev_prio=120 prev_state=D ==> next_comm=Binder_C next_pid=1768 next_prio=120
           <...>-1768  [001] ...2   213.672720: sched_switch: prev_comm=Binder_C prev_pid=1768 prev_prio=120 prev_state=R+ ==> next_comm=Binder_4 next_pid=1443 next_prio=120
          <idle>-0     [000] ...2   213.672740: sched_switch: prev_comm=swapper/0 prev_pid=0 prev_prio=120 prev_state=R ==> next_comm=kworker/u:0H next_pid=7 next_prio=100
    kworker/u:0H-7     [000] ...2   213.672760: sched_switch: prev_comm=kworker/u:0H prev_pid=7 prev_prio=100 prev_state=D ==> next_comm=RenderThread next_pid=1370 next_prio=116
           <...>-1370  [000] ...2   213.672815: sched_switch: prev_comm=RenderThread prev_pid=1370 prev_prio=116 prev_state=D ==> next_comm=swapper/0 next_pid=0 next_prio=120
           <...>-1443  [001] ...2   213.672864: sched_switch: prev_comm=Binder_4 prev_pid=1443 prev_prio=120 prev_state=S ==> next_comm=Binder_C next_pid=1768 next_prio=120
          <idle>-0     [000] ...2   213.672935: sched_switch: prev_comm=swapper/0 prev_pid=0 prev_prio=120 prev_state=R ==> next_comm=android.display next_pid=773 next_prio=116
           <...>-773   [000] ...2   213.672967: sched_switch: prev_comm=android.display prev_pid=773 prev_prio=116 prev_state=S ==> next_comm=swapper/0 next_pid=0 next_prio=120
          <idle>-0     [000] ...2   213.673072: sched_switch: prev_comm=swapper/0 prev_pid=0 prev_prio=120 prev_state=R ==> next_comm=kworker/u:0H next_pid=7 next_prio=100
    kworker/u:0H-7     [000] ...2   213.673092: sched_switch: prev_comm=kworker/u:0H prev_pid=7 prev_prio=100 prev_state=D ==> next_comm=RenderThread next_pid=1370 next_prio=116
           <...>-1370  [000] ...2   213.673148: sched_switch: prev_comm=RenderThread prev_pid=1370 prev_prio=116 prev_state=R+ ==> next_comm=Binder_2 next_pid=239 next_prio=120
           <...>-1768  [001] ...2   213.673174: sched_switch: prev_comm=Binder_C prev_pid=1768 prev_prio=120 prev_state=S ==> next_comm=swapper/1 next_pid=0 next_prio=120
          <idle>-0     [001] ...2   213.673206: sched_switch: prev_comm=swapper/1 prev_pid=0 prev_prio=120 prev_state=R ==> next_comm=ksoftirqd/1 next_pid=3799 next_prio=120
           <...>-239   [000] ...2   213.673212: sched_switch: prev_comm=Binder_2 prev_pid=239 prev_prio=120 prev_state=S ==> next_comm=RenderThread next_pid=1370 next_prio=116
           <...>-3799  [001] ...2   213.673218: sched_switch: prev_comm=ksoftirqd/1 prev_pid=3799 prev_prio=120 prev_state=S ==> next_comm=Binder_C next_pid=1768 next_prio=120
           <...>-1370  [000] ...2   213.673777: sched_switch: prev_comm=RenderThread prev_pid=1370 prev_prio=116 prev_state=R+ ==> next_comm=InputDispatcher next_pid=809 next_prio=112
           <...>-809   [000] ...2   213.673816: sched_switch: prev_comm=InputDispatcher prev_pid=809 prev_prio=112 prev_state=S ==> next_comm=RenderThread next_pid=1370 next_prio=116
           <...>-1370  [000] ...2   213.673936: sched_switch: prev_comm=RenderThread prev_pid=1370 prev_prio=116 prev_state=R+ ==> next_comm=kworker/u:1 next_pid=21 next_prio=120
           <...>-21    [000] ...2   213.673944: sched_switch: prev_comm=kworker/u:1 prev_pid=21 prev_prio=120 prev_state=D ==> next_comm=RenderThread next_pid=1370 next_prio=116
           <...>-1768  [001] ...2   213.673958: sched_switch: prev_comm=Binder_C prev_pid=1768 prev_prio=120 prev_state=R+ ==> next_comm=Binder_1 next_pid=237 next_prio=120
           <...>-237   [001] ...2   213.673976: sched_switch: prev_comm=Binder_1 prev_pid=237 prev_prio=120 prev_state=D ==> next_comm=Binder_C next_pid=1768 next_prio=120
           <...>-1768  [001] ...2   213.673990: sched_switch: prev_comm=Binder_C prev_pid=1768 prev_prio=120 prev_state=R+ ==> next_comm=Binder_1 next_pid=237 next_prio=120
           <...>-1370  [000] ...2   213.673994: sched_switch: prev_comm=RenderThread prev_pid=1370 prev_prio=116 prev_state=R+ ==> next_comm=kworker/u:0 next_pid=6 next_prio=120
     kworker/u:0-6     [000] ...2   213.674001: sched_switch: prev_comm=kworker/u:0 prev_pid=6 prev_prio=120 prev_state=S ==> next_comm=RenderThread next_pid=1370 next_prio=116
           <...>-1370  [000] ...2   213.674027: sched_switch: prev_comm=RenderThread prev_pid=1370 prev_prio=116 prev_state=R+ ==> next_comm=kworker/u:1 next_pid=21 next_prio=120
           <...>-21    [000] ...2   213.674075: sched_switch: prev_comm=kworker/u:1 prev_pid=21 prev_prio=120 prev_state=S ==> next_comm=kworker/u:0 next_pid=6 next_prio=120
     kworker/u:0-6     [000] ...2   213.674080: sched_switch: prev_comm=kworker/u:0 prev_pid=6 prev_prio=120 prev_state=S ==> next_comm=RenderThread next_pid=1370 next_prio=116
           <...>-1370  [000] ...2   213.674129: sched_switch: prev_comm=RenderThread prev_pid=1370 prev_prio=116 prev_state=S ==> next_comm=swapper/0 next_pid=0 next_prio=120
           <...>-237   [001] ...2   213.674156: sched_switch: prev_comm=Binder_1 prev_pid=237 prev_prio=120 prev_state=S ==> next_comm=Binder_C next_pid=1768 next_prio=120
          <idle>-0     [000] ...2   213.674588: sched_switch: prev_comm=swapper/0 prev_pid=0 prev_prio=120 prev_state=R ==> next_comm=Binder_1 next_pid=2258 next_prio=120
           <...>-2258  [000] ...2   213.674737: sched_switch: prev_comm=Binder_1 prev_pid=2258 prev_prio=120 prev_state=S ==> next_comm=logcat next_pid=797 next_prio=120
           <...>-797   [000] ...2   213.674757: sched_switch: prev_comm=logcat prev_pid=797 prev_prio=120 prev_state=S ==> next_comm=InputDispatcher next_pid=809 next_prio=112
           <...>-809   [000] ...2   213.674779: sched_switch: prev_comm=InputDispatcher prev_pid=809 prev_prio=112 prev_state=S ==> next_comm=swapper/0 next_pid=0 next_prio=120
          <idle>-0     [000] ...2   213.674817: sched_switch: prev_comm=swapper/0 prev_pid=0 prev_prio=120 prev_state=R ==> next_comm=ActivityManager next_pid=768 next_prio=118
           <...>-1768  [001] ...2   213.674859: sched_switch: prev_comm=Binder_C prev_pid=1768 prev_prio=120 prev_state=R ==> next_comm=Binder_9 next_pid=1154 next_prio=120
 ActivityManager-768   [000] ...2   213.674894: sched_switch: prev_comm=ActivityManager prev_pid=768 prev_prio=118 prev_state=S ==> next_comm=swapper/0 next_pid=0 next_prio=120
           <...>-1154  [001] ...2   213.674969: sched_switch: prev_comm=Binder_9 prev_pid=1154 prev_prio=120 prev_state=S ==> next_comm=ple.SqliteTrace next_pid=2242 next_prio=120
          <idle>-0     [000] ...2   213.676126: sched_switch: prev_comm=swapper/0 prev_pid=0 prev_prio=120 prev_state=R ==> next_comm=Binder_2 next_pid=719 next_prio=120
           <...>-719   [000] ...2   213.676222: sched_switch: prev_comm=Binder_2 prev_pid=719 prev_prio=120 prev_state=S ==> next_comm=android.bg next_pid=767 next_prio=130
           <...>-767   [000] ...2   213.676291: sched_switch: prev_comm=android.bg prev_pid=767 prev_prio=130 prev_state=S ==> next_comm=Binder_C next_pid=1768 next_prio=120
           <...>-1768  [000] ...2   213.676331: sched_switch: prev_comm=Binder_C prev_pid=1768 prev_prio=120 prev_state=S ==> next_comm=main next_pid=3810 next_prio=120
           <...>-2242  [001] d..2   213.676426: block_rq_insert: 179,0 R 0 () 851896 + 32 [ple.SqliteTrace]
           <...>-2242  [001] ...2   213.676457: sched_switch: prev_comm=ple.SqliteTrace prev_pid=2242 prev_prio=120 prev_state=D|W ==> next_comm=mmcqd/1 next_pid=116 next_prio=120
         mmcqd/1-116   [001] ...2   213.676553: sched_switch: prev_comm=mmcqd/1 prev_pid=116 prev_prio=120 prev_state=S ==> next_comm=logcat next_pid=797 next_prio=120
           <...>-3810  [000] d..2   213.676577: block_rq_insert: 179,0 R 0 () 1181984 + 8 [main]
           <...>-3810  [000] d..2   213.676580: block_rq_insert: 179,0 R 0 () 1182000 + 40 [main]
           <...>-3810  [000] d..2   213.676582: block_rq_insert: 179,0 R 0 () 1182048 + 24 [main]
           <...>-3810  [000] ...2   213.676595: sched_switch: prev_comm=main prev_pid=3810 prev_prio=120 prev_state=D|W ==> next_comm=kworker/u:0 next_pid=6 next_prio=120
     kworker/u:0-6     [000] ...2   213.676614: sched_switch: prev_comm=kworker/u:0 prev_pid=6 prev_prio=120 prev_state=S ==> next_comm=Binder_2 next_pid=3826 next_prio=120
           <...>-797   [001] ...2   213.676733: sched_switch: prev_comm=logcat prev_pid=797 prev_prio=120 prev_state=S ==> next_comm=kworker/1:1 next_pid=3800 next_prio=120
           <...>-3800  [001] ...2   213.676759: sched_switch: prev_comm=kworker/1:1 prev_pid=3800 prev_prio=120 prev_state=S ==> next_comm=mmcqd/1 next_pid=116 next_prio=120
         mmcqd/1-116   [001] ...2   213.676785: sched_switch: prev_comm=mmcqd/1 prev_pid=116 prev_prio=120 prev_state=S ==> next_comm=adbd next_pid=781 next_prio=120
           <...>-3826  [000] ...3   213.676786: sched_switch: prev_comm=Binder_2 prev_pid=3826 prev_prio=120 prev_state=x ==> next_comm=Binder_1 next_pid=3825 next_prio=120
           <...>-3825  [000] ...3   213.676951: sched_switch: prev_comm=Binder_1 prev_pid=3825 prev_prio=120 prev_state=x ==> next_comm=swapper/0 next_pid=0 next_prio=120
            adbd-781   [001] ...2   213.677044: sched_switch: prev_comm=adbd prev_pid=781 prev_prio=120 prev_state=S ==> next_comm=adbd next_pid=783 next_prio=120
          <idle>-0     [000] ...2   213.677049: sched_switch: prev_comm=swapper/0 prev_pid=0 prev_prio=120 prev_state=R ==> next_comm=mmcqd/1 next_pid=116 next_prio=120
         mmcqd/1-116   [000] ...1   213.677065: block_rq_complete: 179,0 RA () 851896 + 32 [0]
         mmcqd/1-116   [000] ...2   213.677101: sched_switch: prev_comm=mmcqd/1 prev_pid=116 prev_prio=120 prev_state=R+ ==> next_comm=kworker/0:1H next_pid=17 next_prio=100
    kworker/0:1H-17    [000] ...2   213.677109: sched_switch: prev_comm=kworker/0:1H prev_pid=17 prev_prio=100 prev_state=S ==> next_comm=mmcqd/1 next_pid=116 next_prio=120
            adbd-783   [001] ...2   213.677125: sched_switch: prev_comm=adbd prev_pid=783 prev_prio=120 prev_state=S ==> next_comm=ple.SqliteTrace next_pid=2242 next_prio=120
         mmcqd/1-116   [000] ...2   213.677167: sched_switch: prev_comm=mmcqd/1 prev_pid=116 prev_prio=120 prev_state=S ==> next_comm=swapper/0 next_pid=0 next_prio=120
          <idle>-0     [000] ...2   213.677381: sched_switch: prev_comm=swapper/0 prev_pid=0 prev_prio=120 prev_state=R ==> next_comm=mmcqd/1 next_pid=116 next_prio=120
         mmcqd/1-116   [000] ...1   213.677406: block_rq_complete: 179,0 RA () 1181984 + 8 [0]
         mmcqd/1-116   [000] ...2   213.677431: sched_switch: prev_comm=mmcqd/1 prev_pid=116 prev_prio=120 prev_state=S ==> next_comm=swapper/0 next_pid=0 next_prio=120
          <idle>-0     [000] ...2   213.677493: sched_switch: prev_comm=swapper/0 prev_pid=0 prev_prio=120 prev_state=R ==> next_comm=adbd next_pid=784 next_prio=120
            adbd-784   [000] ...2   213.677526: sched_switch: prev_comm=adbd prev_pid=784 prev_prio=120 prev_state=S ==> next_comm=adbd next_pid=781 next_prio=120
            adbd-781   [000] ...2   213.677631: sched_switch: prev_comm=adbd prev_pid=781 prev_prio=120 prev_state=S ==> next_comm=adbd next_pid=783 next_prio=120
            adbd-783   [000] ...2   213.677640: sched_switch: prev_comm=adbd prev_pid=783 prev_prio=120 prev_state=S ==> next_comm=swapper/0 next_pid=0 next_prio=120
