           <...>-3816  [000] ...2   213.568779: sched_switch: prev_comm=Heap thread poo prev_pid=3816 prev_prio=120 prev_state=D ==> next_comm=swapper/0 next_pid=0 next_prio=120
          <idle>-0     [000] ...2   213.568816: sched_switch: prev_comm=swapper/0 prev_pid=0 prev_prio=120 prev_state=R ==> next_comm=Heap thread poo next_pid=3816 next_prio=120
           <...>-3816  [000] ...2   213.568830: sched_switch: prev_comm=Heap thread poo prev_pid=3816 prev_prio=120 prev_state=S ==> next_comm=swapper/0 next_pid=0 next_prio=120
          <idle>-0     [000] ...2   213.569554: sched_switch: prev_comm=swapper/0 prev_pid=0 prev_prio=120 prev_state=R ==> next_comm=main next_pid=3810 next_prio=120
           <...>-3818  [001] ...2   213.569559: sched_switch: prev_comm=Signal Catcher prev_pid=3818 prev_prio=120 prev_state=S ==> next_comm=swapper/1 next_pid=0 next_prio=120
          <idle>-0     [001] ...2   213.569626: sched_switch: prev_comm=swapper/1 prev_pid=0 prev_prio=120 prev_state=R ==> next_comm=main next_pid=3819 next_prio=120
           <...>-3810  [000] ...2   213.569628: sched_switch: prev_comm=main prev_pid=3810 prev_prio=120 prev_state=S ==> next_comm=swapper/0 next_pid=0 next_prio=120
          <idle>-0     [000] ...2   213.570399: sched_switch: prev_comm=swapper/0 prev_pid=0 prev_prio=120 prev_state=R ==> next_comm=main next_pid=3810 next_prio=120
           <...>-3819  [001] ...2   213.570487: sched_switch: prev_comm=JDWP prev_pid=3819 prev_prio=120 prev_state=R+ ==> next_comm=adbd next_pid=781 next_prio=120
           <...>-3810  [000] d..2   213.570553: block_rq_insert: 179,0 R 0 () 4067352 + 8 [main]
           <...>-3810  [000] d..2   213.570556: block_rq_insert: 179,0 R 0 () 4067368 + 8 [main]
           <...>-3810  [000] ...2   213.570568: sched_switch: prev_comm=main prev_pid=3810 prev_prio=120 prev_state=D|W ==> next_comm=mmcqd/1 next_pid=116 next_prio=120
         mmcqd/1-116   [000] ...2   213.570618: sched_switch: prev_comm=mmcqd/1 prev_pid=116 prev_prio=120 prev_state=S ==> next_comm=swapper/0 next_pid=0 next_prio=120
            adbd-781   [001] ...2   213.570726: sched_switch: prev_comm=adbd prev_pid=781 prev_prio=120 prev_state=S ==> next_comm=JDWP next_pid=3819 next_prio=120
           <...>-3819  [001] ...2   213.570756: sched_switch: prev_comm=JDWP prev_pid=3819 prev_prio=120 prev_state=R+ ==> next_comm=adbd next_pid=781 next_prio=120
          <idle>-0     [000] ...2   213.570838: sched_switch: prev_comm=swapper/0 prev_pid=0 prev_prio=120 prev_state=R ==> next_comm=mmcqd/1 next_pid=116 next_prio=120
         mmcqd/1-116   [000] ...1   213.570864: block_rq_complete: 179,0 RA () 4067352 + 8 [0]
         mmcqd/1-116   [000] ...2   213.570876: sched_switch: prev_comm=mmcqd/1 prev_pid=116 prev_prio=120 prev_state=S ==> next_comm=swapper/0 next_pid=0 next_prio=120
          <idle>-0     [000] ...2   213.570942: sched_switch: prev_comm=swapper/0 prev_pid=0 prev_prio=120 prev_state=R ==> next_comm=adbd next_pid=783 next_prio=120
            adbd-783   [000] ...2   213.571004: sched_switch: prev_comm=adbd prev_pid=783 prev_prio=120 prev_state=S ==> next_comm=swapper/0 next_pid=0 next_prio=120
            adbd-781   [001] ...2   213.571016: sched_switch: prev_comm=adbd prev_pid=781 prev_prio=120 prev_state=S ==> next_comm=JDWP next_pid=3819 next_prio=120
          <idle>-0     [000] ...2   213.571060: sched_switch: prev_comm=swapper/0 prev_pid=0 prev_prio=120 prev_state=R ==> next_comm=ksoftirqd/0 next_pid=3 next_prio=120
           <...>-3819  [001] ...2   213.571061: sched_switch: prev_comm=JDWP prev_pid=3819 prev_prio=120 prev_state=R+ ==> next_comm=kworker/1:0H next_pid=3798 next_prio=100
     ksoftirqd/0-3     [000] ...2   213.571067: sched_switch: prev_comm=ksoftirqd/0 prev_pid=3 prev_prio=120 prev_state=S ==> next_comm=swapper/0 next_pid=0 next_prio=120
           <...>-3798  [001] ...2   213.571091: sched_switch: prev_comm=kworker/1:0H prev_pid=3798 prev_prio=100 prev_state=D ==> next_comm=kworker/1:2H next_pid=3805 next_prio=100
          <idle>-0     [000] ...2   213.571114: sched_switch: prev_comm=swapper/0 prev_pid=0 prev_prio=120 prev_state=R ==> next_comm=ksoftirqd/0 next_pid=3 next_prio=120
     ksoftirqd/0-3     [000] ...2   213.571120: sched_switch: prev_comm=ksoftirqd/0 prev_pid=3 prev_prio=120 prev_state=S ==> next_comm=mmcqd/1 next_pid=116 next_prio=120
           <...>-3805  [001] ...2   213.571123: sched_switch: prev_comm=kworker/1:2H prev_pid=3805 prev_prio=100 prev_state=S ==> next_comm=kworker/1:0H next_pid=3798 next_prio=100
         mmcqd/1-116   [000] ...1   213.571130: block_rq_complete: 179,0 RA () 4067368 + 8 [0]
           <...>-3798  [001] ...2   213.571137: sched_switch: prev_comm=kworker/1:0H prev_pid=3798 prev_prio=100 prev_state=S ==> next_comm=JDWP next_pid=3819 next_prio=120
         mmcqd/1-116   [000] ...2   213.571146: sched_switch: prev_comm=mmcqd/1 prev_pid=116 prev_prio=120 prev_state=R+ ==> next_comm=kworker/0:1H next_pid=17 next_prio=100
    kworker/0:1H-17    [000] ...2   213.571153: sched_switch: prev_comm=kworker/0:1H prev_pid=17 prev_prio=100 prev_state=S ==> next_comm=mmcqd/1 next_pid=116 next_prio=120
           <...>-3819  [001] ...2   213.571154: sched_switch: prev_comm=JDWP prev_pid=3819 prev_prio=120 prev_state=S ==> next_comm=swapper/1 next_pid=0 next_prio=120
         mmcqd/1-116   [000] ...2   213.571162: sched_switch: prev_comm=mmcqd/1 prev_pid=116 prev_prio=120 prev_state=S ==> next_comm=main next_pid=3810 next_prio=120
          <idle>-0     [001] ...2   213.571177: sched_switch: prev_comm=swapper/1 prev_pid=0 prev_prio=120 prev_state=R ==> next_comm=ksoftirqd/1 next_pid=3799 next_prio=120
           <...>-3799  [001] ...2   213.571195: sched_switch: prev_comm=ksoftirqd/1 prev_pid=3799 prev_prio=120 prev_state=S ==> next_comm=swapper/1 next_pid=0 next_prio=120
          <idle>-0     [001] ...2   213.571221: sched_switch: prev_comm=swapper/1 prev_pid=0 prev_prio=120 prev_state=R ==> next_comm=ksoftirqd/1 next_pid=3799 next_prio=120
           <...>-3799  [001] ...2   213.571232: sched_switch: prev_comm=ksoftirqd/1 prev_pid=3799 prev_prio=120 prev_state=S ==> next_comm=swapper/1 next_pid=0 next_prio=120
          <idle>-0     [001] ...2   213.571254: sched_switch: prev_comm=swapper/1 prev_pid=0 prev_prio=120 prev_state=R ==> next_comm=ksoftirqd/1 next_pid=3799 next_prio=120
           <...>-3799  [001] ...2   213.571264: sched_switch: prev_comm=ksoftirqd/1 prev_pid=3799 prev_prio=120 prev_state=S ==> next_comm=swapper/1 next_pid=0 next_prio=120
           <...>-3810  [000] d..2   213.571559: block_rq_insert: 179,0 R 0 () 3993912 + 8 [main]
           <...>-3810  [000] d..2   213.571562: block_rq_insert: 179,0 R 0 () 3993944 + 16 [main]
           <...>-3810  [000] d..2   213.571564: block_rq_insert: 179,0 R 0 () 3993968 + 72 [main]
           <...>-3810  [000] ...2   213.571575: sched_switch: prev_comm=main prev_pid=3810 prev_prio=120 prev_state=D|W ==> next_comm=adbd next_pid=784 next_prio=120
          <idle>-0     [001] ...2   213.571607: sched_switch: prev_comm=swapper/1 prev_pid=0 prev_prio=120 prev_state=R ==> next_comm=adbd next_pid=781 next_prio=120
            adbd-784   [000] ...2   213.571608: sched_switch: prev_comm=adbd prev_pid=784 prev_prio=120 prev_state=S ==> next_comm=mmcqd/1 next_pid=116 next_prio=120
         mmcqd/1-116   [000] ...2   213.571655: sched_switch: prev_comm=mmcqd/1 prev_pid=116 prev_prio=120 prev_state=S ==> next_comm=swapper/0 next_pid=0 next_prio=120
          <idle>-0     [000] ...2   213.571670: sched_switch: prev_comm=swapper/0 prev_pid=0 prev_prio=120 prev_state=R ==> next_comm=ksoftirqd/0 next_pid=3 next_prio=120
     ksoftirqd/0-3     [000] ...2   213.571679: sched_switch: prev_comm=ksoftirqd/0 prev_pid=3 prev_prio=120 prev_state=S ==> next_comm=swapper/0 next_pid=0 next_prio=120
            adbd-781   [001] ...2   213.571788: sched_switch: prev_comm=adbd prev_pid=781 prev_prio=120 prev_state=S ==> next_comm=adbd next_pid=783 next_prio=120
            adbd-783   [001] ...2   213.571798: sched_switch: prev_comm=adbd prev_pid=783 prev_prio=120 prev_state=S ==> next_comm=swapper/1 next_pid=0 next_prio=120
          <idle>-0     [000] ...2   213.571884: sched_switch: prev_comm=swapper/0 prev_pid=0 prev_prio=120 prev_state=R ==> next_comm=mmcqd/1 next_pid=116 next_prio=120
         mmcqd/1-116   [000] ...1   213.571910: block_rq_complete: 179,0 RA () 3993912 + 8 [0]
         mmcqd/1-116   [000] ...2   213.571950: sched_switch: prev_comm=mmcqd/1 prev_pid=116 prev_prio=120 prev_state=S ==> next_comm=main next_pid=3810 next_prio=120
           <...>-3810  [000] d..2   213.572093: block_rq_insert: 179,0 R 0 () 4026856 + 24 [main]
           <...>-3810  [000] d..2   213.572096: block_rq_insert: 179,0 R 0 () 4026944 + 8 [main]
           <...>-3810  [000] d..2   213.572097: block_rq_insert: 179,0 R 0 () 4026960 + 40 [main]
           <...>-3810  [000] d..2   213.572099: block_rq_insert: 179,0 R 0 () 4027008 + 24 [main]
           <...>-3810  [000] ...2   213.572106: sched_switch: prev_comm=main prev_pid=3810 prev_prio=120 prev_state=D|W ==> next_comm=swapper/0 next_pid=0 next_prio=120
          <idle>-0     [000] ...2   213.572252: sched_switch: prev_comm=swapper/0 prev_pid=0 prev_prio=120 prev_state=R ==> next_comm=mmcqd/1 next_pid=116 next_prio=120
         mmcqd/1-116   [000] ...1   213.572280: block_rq_complete: 179,0 RA () 3993944 + 16 [0]
         mmcqd/1-116   [000] ...2   213.572304: sched_switch: prev_comm=mmcqd/1 prev_pid=116 prev_prio=120 prev_state=S ==> next_comm=swapper/0 next_pid=0 next_prio=120
          <idle>-0     [000] ...2   213.572854: sched_switch: prev_comm=swapper/0 prev_pid=0 prev_prio=120 prev_state=R ==> next_comm=mmcqd/1 next_pid=116 next_prio=120
         mmcqd/1-116   [000] ...1   213.572894: block_rq_complete: 179,0 RA () 3993968 + 72 [0]
         mmcqd/1-116   [000] ...2   213.572914: sched_switch: prev_comm=mmcqd/1 prev_pid=116 prev_prio=120 prev_state=S ==> next_comm=swapper/0 next_pid=0 next_prio=120
          <idle>-0     [000] ...2   213.573178: sched_switch: prev_comm=swapper/0 prev_pid=0 prev_prio=120 prev_state=R ==> next_comm=mmcqd/1 next_pid=116 next_prio=120
         mmcqd/1-116   [000] ...1   213.573206: block_rq_complete: 179,0 RA () 4026856 + 24 [0]
         mmcqd/1-116   [000] ...2   213.573233: sched_switch: prev_comm=mmcqd/1 prev_pid=116 prev_prio=120 prev_state=S ==> next_comm=swapper/0 next_pid=0 next_prio=120
          <idle>-0     [000] ...2   213.573456: sched_switch: prev_comm=swapper/0 prev_pid=0 prev_prio=120 prev_state=R ==> next_comm=mmcqd/1 next_pid=116 next_prio=120
         mmcqd/1-116   [000] ...1   213.573481: block_rq_complete: 179,0 RA () 4026944 + 8 [0]
         mmcqd/1-116   [000] ...2   213.573507: sched_switch: prev_comm=mmcqd/1 prev_pid=116 prev_prio=120 prev_state=S ==> next_comm=main next_pid=3810 next_prio=120
           <...>-3810  [000] d..2   213.573555: block_rq_insert: 179,0 R 0 () 4028616 + 96 [main]
           <...>-3810  [000] d..2   213.573558: block_rq_insert: 179,0 R 0 () 4028736 + 56 [main]
           <...>-3810  [000] ...2   213.573565: sched_switch: prev_comm=main prev_pid=3810 prev_prio=120 prev_state=D|W ==> next_comm=swapper/0 next_pid=0 next_prio=120
          <idle>-0     [000] ...2   213.573914: sched_switch: prev_comm=swapper/0 prev_pid=0 prev_prio=120 prev_state=R ==> next_comm=mmcqd/1 next_pid=116 next_prio=120
         mmcqd/1-116   [000] ...1   213.573946: block_rq_complete: 179,0 RA () 4026960 + 40 [0]
         mmcqd/1-116   [000] ...2   213.573989: sched_switch: prev_comm=mmcqd/1 prev_pid=116 prev_prio=120 prev_state=S ==> next_comm=swapper/0 next_pid=0 next_prio=120
          <idle>-0     [000] ...2   213.574230: sched_switch: prev_comm=swapper/0 prev_pid=0 prev_prio=120 prev_state=R ==> next_comm=mmcqd/1 next_pid=116 next_prio=120
         mmcqd/1-116   [000] ...1   213.574261: block_rq_complete: 179,0 RA () 4027008 + 24 [0]
         mmcqd/1-116   [000] ...2   213.574291: sched_switch: prev_comm=mmcqd/1 prev_pid=116 prev_prio=120 prev_state=S ==> next_comm=swapper/0 next_pid=0 next_prio=120
          <idle>-0     [000] ...2   213.575026: sched_switch: prev_comm=swapper/0 prev_pid=0 prev_prio=120 prev_state=R ==> next_comm=mmcqd/1 next_pid=116 next_prio=120
         mmcqd/1-116   [000] ...1   213.575071: block_rq_complete: 179,0 RA () 4028616 + 96 [0]
         mmcqd/1-116   [000] ...2   213.575089: sched_switch: prev_comm=mmcqd/1 prev_pid=116 prev_prio=120 prev_state=S ==> next_comm=main next_pid=3810 next_prio=120
          <idle>-0     [001] ...2   213.575209: sched_switch: prev_comm=swapper/1 prev_pid=0 prev_prio=120 prev_state=R ==> next_comm=main next_pid=3820 next_prio=120
           <...>-3820  [001] ...2   213.575272: sched_switch: prev_comm=main prev_pid=3820 prev_prio=120 prev_state=D ==> next_comm=swapper/1 next_pid=0 next_prio=120
          <idle>-0     [001] ...2   213.575279: sched_switch: prev_comm=swapper/1 prev_pid=0 prev_prio=120 prev_state=R ==> next_comm=main next_pid=3820 next_prio=120
           <...>-3810  [000] d..2   213.575453: block_rq_insert: 179,0 R 0 () 3993624 + 48 [main]
           <...>-3810  [000] d..2   213.575456: block_rq_insert: 179,0 R 0 () 3993688 + 24 [main]
           <...>-3810  [000] d..2   213.575457: block_rq_insert: 179,0 R 0 () 3993752 + 8 [main]
           <...>-3810  [000] ...2   213.575469: sched_switch: prev_comm=main prev_pid=3810 prev_prio=120 prev_state=D|W ==> next_comm=mmcqd/1 next_pid=116 next_prio=120
         mmcqd/1-116   [000] ...2   213.575492: sched_switch: prev_comm=mmcqd/1 prev_pid=116 prev_prio=120 prev_state=S ==> next_comm=swapper/0 next_pid=0 next_prio=120
          <idle>-0     [000] ...2   213.575547: sched_switch: prev_comm=swapper/0 prev_pid=0 prev_prio=120 prev_state=R ==> next_comm=mmcqd/1 next_pid=116 next_prio=120
         mmcqd/1-116   [000] ...1   213.575580: block_rq_complete: 179,0 RA () 4028736 + 56 [0]
         mmcqd/1-116   [000] ...2   213.575602: sched_switch: prev_comm=mmcqd/1 prev_pid=116 prev_prio=120 prev_state=S ==> next_comm=swapper/0 next_pid=0 next_prio=120
           <...>-3820  [001] ...2   213.575981: sched_switch: prev_comm=ReferenceQueueD prev_pid=3820 prev_prio=120 prev_state=S ==> next_comm=swapper/1 next_pid=0 next_prio=120
          <idle>-0     [000] ...2   213.576039: sched_switch: prev_comm=swapper/0 prev_pid=0 prev_prio=120 prev_state=R ==> next_comm=mmcqd/1 next_pid=116 next_prio=120
         mmcqd/1-116   [000] ...1   213.576075: block_rq_complete: 179,0 RA () 3993624 + 48 [0]
         mmcqd/1-116   [000] ...2   213.576094: sched_switch: prev_comm=mmcqd/1 prev_pid=116 prev_prio=120 prev_state=S ==> next_comm=swapper/0 next_pid=0 next_prio=120
          <idle>-0     [000] ...2   213.576432: sched_switch: prev_comm=swapper/0 prev_pid=0 prev_prio=120 prev_state=R ==> next_comm=mmcqd/1 next_pid=116 next_prio=120
         mmcqd/1-116   [000] ...1   213.576461: block_rq_complete: 179,0 RA () 3993688 + 24 [0]
         mmcqd/1-116   [000] ...2   213.576473: sched_switch: prev_comm=mmcqd/1 prev_pid=116 prev_prio=120 prev_state=S ==> next_comm=swapper/0 next_pid=0 next_prio=120
          <idle>-0     [000] ...2   213.576689: sched_switch: prev_comm=swapper/0 prev_pid=0 prev_prio=120 prev_state=R ==> next_comm=mmcqd/1 next_pid=116 next_prio=120
         mmcqd/1-116   [000] ...1   213.576700: block_rq_complete: 179,0 RA () 3993752 + 8 [0]
         mmcqd/1-116   [000] ...2   213.576716: sched_switch: prev_comm=mmcqd/1 prev_pid=116 prev_prio=120 prev_state=R+ ==> next_comm=kworker/0:1H next_pid=17 next_prio=100
    kworker/0:1H-17    [000] ...2   213.576724: sched_switch: prev_comm=kworker/0:1H prev_pid=17 prev_prio=100 prev_state=S ==> next_comm=mmcqd/1 next_pid=116 next_prio=120
         mmcqd/1-116   [000] ...2   213.576733: sched_switch: prev_comm=mmcqd/1 prev_pid=116 prev_prio=120 prev_state=S ==> next_comm=main next_pid=3810 next_prio=120
           <...>-3810  [000] d..2   213.576818: block_rq_insert: 179,0 R 0 () 4019800 + 24 [main]
           <...>-3810  [000] d..2   213.576821: block_rq_insert: 179,0 R 0 () 4019896 + 8 [main]
           <...>-3810  [000] d..2   213.576822: block_rq_insert: 179,0 R 0 () 4019928 + 8 [main]
           <...>-3810  [000] ...2   213.576833: sched_switch: prev_comm=main prev_pid=3810 prev_prio=120 prev_state=D|W ==> next_comm=mmcqd/1 next_pid=116 next_prio=120
         mmcqd/1-116   [000] ...2   213.576880: sched_switch: prev_comm=mmcqd/1 prev_pid=116 prev_prio=120 prev_state=S ==> next_comm=swapper/0 next_pid=0 next_prio=120
          <idle>-0     [000] ...2   213.577065: sched_switch: prev_comm=swapper/0 prev_pid=0 prev_prio=120 prev_state=R ==> next_comm=adbd next_pid=784 next_prio=120
            adbd-784   [000] ...2   213.577077: sched_switch: prev_comm=adbd prev_pid=784 prev_prio=120 prev_state=S ==> next_comm=swapper/0 next_pid=0 next_prio=120
          <idle>-0     [000] ...2   213.577235: sched_switch: prev_comm=swapper/0 prev_pid=0 prev_prio=120 prev_state=R ==> next_comm=mmcqd/1 next_pid=116 next_prio=120
         mmcqd/1-116   [000] ...1   213.577264: block_rq_complete: 179,0 RA () 4019800 + 24 [0]
         mmcqd/1-116   [000] ...2   213.577300: sched_switch: prev_comm=mmcqd/1 prev_pid=116 prev_prio=120 prev_state=S ==> next_comm=adbd next_pid=784 next_prio=120
            adbd-784   [000] ...2   213.577330: sched_switch: prev_comm=adbd prev_pid=784 prev_prio=120 prev_state=S ==> next_comm=adbd next_pid=781 next_prio=120
          <idle>-0     [001] ...2   213.577531: sched_switch: prev_comm=swapper/1 prev_pid=0 prev_prio=120 prev_state=R ==> next_comm=JDWP next_pid=3819 next_prio=120
            adbd-781   [000] ...2   213.577568: sched_switch: prev_comm=adbd prev_pid=781 prev_prio=120 prev_state=S ==> next_comm=adbd next_pid=783 next_prio=120
           <...>-3819  [001] ...2   213.577573: sched_switch: prev_comm=JDWP prev_pid=3819 prev_prio=120 prev_state=S ==> next_comm=swapper/1 next_pid=0 next_prio=120
            adbd-783   [000] ...2   213.577615: sched_switch: prev_comm=adbd prev_pid=783 prev_prio=120 prev_state=S ==> next_comm=mmcqd/1 next_pid=116 next_prio=120
         mmcqd/1-116   [000] ...1   213.577641: block_rq_complete: 179,0 RA () 4019896 + 8 [0]
         mmcqd/1-116   [000] ...2   213.577652: sched_switch: prev_comm=mmcqd/1 prev_pid=116 prev_prio=120 prev_state=S ==> next_comm=swapper/0 next_pid=0 next_prio=120
          <idle>-0     [000] ...2   213.577869: sched_switch: prev_comm=swapper/0 prev_pid=0 prev_prio=120 prev_state=R ==> next_comm=mmcqd/1 next_pid=116 next_prio=120
         mmcqd/1-116   [000] ...1   213.577879: block_rq_complete: 179,0 RA () 4019928 + 8 [0]
         mmcqd/1-116   [000] ...2   213.577895: sched_switch: prev_comm=mmcqd/1 prev_pid=116 prev_prio=120 prev_state=R+ ==> next_comm=kworker/0:1H next_pid=17 next_prio=100
    kworker/0:1H-17    [000] ...2   213.577903: sched_switch: prev_comm=kworker/0:1H prev_pid=17 prev_prio=100 prev_state=S ==> next_comm=mmcqd/1 next_pid=116 next_prio=120
         mmcqd/1-116   [000] ...2   213.577912: sched_switch: prev_comm=mmcqd/1 prev_pid=116 prev_prio=120 prev_state=S ==> next_comm=main next_pid=3810 next_prio=120
           <...>-3810  [000] d..2   213.578000: block_rq_insert: 179,0 R 0 () 4028368 + 104 [main]
           <...>-3810  [000] d..2   213.578003: block_rq_insert: 179,0 R 0 () 4028480 + 32 [main]
           <...>-3810  [000] ...2   213.578014: sched_switch: prev_comm=main prev_pid=3810 prev_prio=120 prev_state=D|W ==> next_comm=mmcqd/1 next_pid=116 next_prio=120
         mmcqd/1-116   [000] ...2   213.578088: sched_switch: prev_comm=mmcqd/1 prev_pid=116 prev_prio=120 prev_state=S ==> next_comm=swapper/0 next_pid=0 next_prio=120
          <idle>-0     [000] ...2   213.578864: sched_switch: prev_comm=swapper/0 prev_pid=0 prev_prio=120 prev_state=R ==> next_comm=mmcqd/1 next_pid=116 next_prio=120
         mmcqd/1-116   [000] ...1   213.578911: block_rq_complete: 179,0 RA () 4028368 + 104 [0]
         mmcqd/1-116   [000] ...2   213.578926: sched_switch: prev_comm=mmcqd/1 prev_pid=116 prev_prio=120 prev_state=S ==> next_comm=swapper/0 next_pid=0 next_prio=120
          <idle>-0     [000] ...2   213.579228: sched_switch: prev_comm=swapper/0 prev_pid=0 prev_prio=120 prev_state=R ==> next_comm=mmcqd/1 next_pid=116 next_prio=120
         mmcqd/1-116   [000] ...1   213.579243: block_rq_complete: 179,0 RA () 4028480 + 32 [0]
         mmcqd/1-116   [000] ...2   213.579260: sched_switch: prev_comm=mmcqd/1 prev_pid=116 prev_prio=120 prev_state=R+ ==> next_comm=kworker/0:1H next_pid=17 next_prio=100
    kworker/0:1H-17    [000] ...2   213.579267: sched_switch: prev_comm=kworker/0:1H prev_pid=17 prev_prio=100 prev_state=S ==> next_comm=mmcqd/1 next_pid=116 next_prio=120
         mmcqd/1-116   [000] ...2   213.579276: sched_switch: prev_comm=mmcqd/1 prev_pid=116 prev_prio=120 prev_state=S ==> next_comm=main next_pid=3810 next_prio=120
          <idle>-0     [001] ...2   213.579367: sched_switch: prev_comm=swapper/1 prev_pid=0 prev_prio=120 prev_state=R ==> next_comm=main next_pid=3821 next_prio=120
           <...>-3810  [000] ...2   213.579563: sched_switch: prev_comm=main prev_pid=3810 prev_prio=120 prev_state=S ==> next_comm=swapper/0 next_pid=0 next_prio=120
          <idle>-0     [000] ...2   213.579995: sched_switch: prev_comm=swapper/0 prev_pid=0 prev_prio=120 prev_state=R ==> next_comm=main next_pid=3810 next_prio=120
           <...>-3821  [001] ...2   213.580073: sched_switch: prev_comm=FinalizerDaemon prev_pid=3821 prev_prio=120 prev_state=S ==> next_comm=main next_pid=3822 next_prio=120
           <...>-3810  [000] ...2   213.580284: sched_switch: prev_comm=main prev_pid=3810 prev_prio=120 prev_state=S ==> next_comm=swapper/0 next_pid=0 next_prio=120
          <idle>-0     [000] ...2   213.580703: sched_switch: prev_comm=swapper/0 prev_pid=0 prev_prio=120 prev_state=R ==> next_comm=main next_pid=3810 next_prio=120
           <...>-3822  [001] ...2   213.580763: sched_switch: prev_comm=FinalizerWatchd prev_pid=3822 prev_prio=120 prev_state=S ==> next_comm=main next_pid=3823 next_prio=120
           <...>-3810  [000] ...2   213.580966: sched_switch: prev_comm=main prev_pid=3810 prev_prio=120 prev_state=S ==> next_comm=swapper/0 next_pid=0 next_prio=120
          <idle>-0     [000] ...2   213.581417: sched_switch: prev_comm=swapper/0 prev_pid=0 prev_prio=120 prev_state=R ==> next_comm=main next_pid=3810 next_prio=120
           <...>-3810  [000] ...2   213.581434: sched_switch: prev_comm=main prev_pid=3810 prev_prio=120 prev_state=D ==> next_comm=swapper/0 next_pid=0 next_prio=120
          <idle>-0     [000] ...2   213.581441: sched_switch: prev_comm=swapper/0 prev_pid=0 prev_prio=120 prev_state=R ==> next_comm=main next_pid=3810 next_prio=120
           <...>-3810  [000] ...2   213.581454: sched_switch: prev_comm=main prev_pid=3810 prev_prio=120 prev_state=D ==> next_comm=swapper/0 next_pid=0 next_prio=120
          <idle>-0     [000] ...2   213.581473: sched_switch: prev_comm=swapper/0 prev_pid=0 prev_prio=120 prev_state=R ==> next_comm=main next_pid=3810 next_prio=120
           <...>-3823  [001] ...2   213.581475: sched_switch: prev_comm=HeapTrimmerDaem prev_pid=3823 prev_prio=120 prev_state=D ==> next_comm=swapper/1 next_pid=0 next_prio=120
          <idle>-0     [001] ...2   213.581505: sched_switch: prev_comm=swapper/1 prev_pid=0 prev_prio=120 prev_state=R ==> next_comm=ksoftirqd/1 next_pid=3799 next_prio=120
           <...>-3799  [001] ...2   213.581526: sched_switch: prev_comm=ksoftirqd/1 prev_pid=3799 prev_prio=120 prev_state=S ==> next_comm=HeapTrimmerDaem next_pid=3823 next_prio=120
           <...>-3823  [001] ...2   213.581552: sched_switch: prev_comm=HeapTrimmerDaem prev_pid=3823 prev_prio=120 prev_state=S ==> next_comm=main next_pid=3824 next_prio=120
           <...>-3810  [000] ...2   213.581563: sched_switch: prev_comm=main prev_pid=3810 prev_prio=120 prev_state=D ==> next_comm=swapper/0 next_pid=0 next_prio=120
          <idle>-0     [000] ...2   213.581582: sched_switch: prev_comm=swapper/0 prev_pid=0 prev_prio=120 prev_state=R ==> next_comm=main next_pid=3810 next_prio=120
           <...>-3810  [000] d..2   213.581729: block_rq_insert: 179,0 R 0 () 4008360 + 48 [main]
           <...>-3810  [000] d..2   213.581732: block_rq_insert: 179,0 R 0 () 4008432 + 16 [main]
           <...>-3810  [000] d..2   213.581734: block_rq_insert: 179,0 R 0 () 4008456 + 8 [main]
           <...>-3810  [000] d..2   213.581736: block_rq_insert: 179,0 R 0 () 4008536 + 16 [main]
           <...>-3810  [000] ...2   213.581746: sched_switch: prev_comm=main prev_pid=3810 prev_prio=120 prev_state=D|W ==> next_comm=mmcqd/1 next_pid=116 next_prio=120
         mmcqd/1-116   [000] ...2   213.581793: sched_switch: prev_comm=mmcqd/1 prev_pid=116 prev_prio=120 prev_state=S ==> next_comm=swapper/0 next_pid=0 next_prio=120
          <idle>-0     [000] ...2   213.582088: sched_switch: prev_comm=swapper/0 prev_pid=0 prev_prio=120 prev_state=R ==> next_comm=mmcqd/1 next_pid=116 next_prio=120
         mmcqd/1-116   [000] ...1   213.582114: block_rq_complete: 179,0 RA () 4008536 + 16 [0]
         mmcqd/1-116   [000] ...2   213.582134: sched_switch: prev_comm=mmcqd/1 prev_pid=116 prev_prio=120 prev_state=S ==> next_comm=swapper/0 next_pid=0 next_prio=120
           <...>-3824  [001] ...2   213.582239: sched_switch: prev_comm=GCDaemon prev_pid=3824 prev_prio=120 prev_state=S ==> next_comm=swapper/1 next_pid=0 next_prio=120
          <idle>-0     [001] ...2   213.582263: sched_switch: prev_comm=swapper/1 prev_pid=0 prev_prio=120 prev_state=R ==> next_comm=ksoftirqd/1 next_pid=3799 next_prio=120
          <idle>-0     [000] ...2   213.582264: sched_switch: prev_comm=swapper/0 prev_pid=0 prev_prio=120 prev_state=R ==> next_comm=adbd next_pid=784 next_prio=120
            adbd-784   [000] ...2   213.582275: sched_switch: prev_comm=adbd prev_pid=784 prev_prio=120 prev_state=S ==> next_comm=swapper/0 next_pid=0 next_prio=120
           <...>-3799  [001] ...2   213.582276: sched_switch: prev_comm=ksoftirqd/1 prev_pid=3799 prev_prio=120 prev_state=S ==> next_comm=swapper/1 next_pid=0 next_prio=120
          <idle>-0     [001] ...2   213.582301: sched_switch: prev_comm=swapper/1 prev_pid=0 prev_prio=120 prev_state=R ==> next_comm=ksoftirqd/1 next_pid=3799 next_prio=120
           <...>-3799  [001] ...2   213.582323: sched_switch: prev_comm=ksoftirqd/1 prev_pid=3799 prev_prio=120 prev_state=S ==> next_comm=swapper/1 next_pid=0 next_prio=120
          <idle>-0     [000] ...2   213.582344: sched_switch: prev_comm=swapper/0 prev_pid=0 prev_prio=120 prev_state=R ==> next_comm=mmcqd/1 next_pid=116 next_prio=120
         mmcqd/1-116   [000] ...1   213.582377: block_rq_complete: 179,0 RA () 4008456 + 8 [0]
         mmcqd/1-116   [000] ...2   213.582420: sched_switch: prev_comm=mmcqd/1 prev_pid=116 prev_prio=120 prev_state=S ==> next_comm=adbd next_pid=784 next_prio=120
            adbd-784   [000] ...2   213.582452: sched_switch: prev_comm=adbd prev_pid=784 prev_prio=120 prev_state=S ==> next_comm=adbd next_pid=781 next_prio=120
          <idle>-0     [001] ...2   213.582554: sched_switch: prev_comm=swapper/1 prev_pid=0 prev_prio=120 prev_state=R ==> next_comm=JDWP next_pid=3819 next_prio=120
           <...>-3819  [001] ...2   213.582645: sched_switch: prev_comm=JDWP prev_pid=3819 prev_prio=120 prev_state=S ==> next_comm=adbd next_pid=783 next_prio=120
            adbd-781   [000] ...2   213.582692: sched_switch: prev_comm=adbd prev_pid=781 prev_prio=120 prev_state=S ==> next_comm=mmcqd/1 next_pid=116 next_prio=120
         mmcqd/1-116   [000] ...1   213.582718: block_rq_complete: 179,0 RA () 4008432 + 16 [0]
         mmcqd/1-116   [000] ...2   213.582730: sched_switch: prev_comm=mmcqd/1 prev_pid=116 prev_prio=120 prev_state=S ==> next_comm=main next_pid=3810 next_prio=120
            adbd-783   [001] ...2   213.582748: sched_switch: prev_comm=adbd prev_pid=783 prev_prio=120 prev_state=S ==> next_comm=swapper/1 next_pid=0 next_prio=120
           <...>-3810  [000] ...2   213.583003: sched_switch: prev_comm=main prev_pid=3810 prev_prio=120 prev_state=R+ ==> next_comm=adbd next_pid=784 next_prio=120
            adbd-784   [000] ...2   213.583015: sched_switch: prev_comm=adbd prev_pid=784 prev_prio=120 prev_state=S ==> next_comm=main next_pid=3810 next_prio=120
           <...>-3810  [000] d..2   213.583062: block_rq_insert: 179,0 R 0 () 4079784 + 8 [main]
           <...>-3810  [000] d..2   213.583065: block_rq_insert: 179,0 R 0 () 4079880 + 40 [main]
           <...>-3810  [000] ...2   213.583077: sched_switch: prev_comm=main prev_pid=3810 prev_prio=120 prev_state=D|W ==> next_comm=mmcqd/1 next_pid=116 next_prio=120
         mmcqd/1-116   [000] ...2   213.583099: sched_switch: prev_comm=mmcqd/1 prev_pid=116 prev_prio=120 prev_state=S ==> next_comm=swapper/0 next_pid=0 next_prio=120
          <idle>-0     [000] ...2   213.583184: sched_switch: prev_comm=swapper/0 prev_pid=0 prev_prio=120 prev_state=R ==> next_comm=adbd next_pid=784 next_prio=120
            adbd-784   [000] ...2   213.583215: sched_switch: prev_comm=adbd prev_pid=784 prev_prio=120 prev_state=S ==> next_comm=adbd next_pid=781 next_prio=120
          <idle>-0     [001] ...2   213.583293: sched_switch: prev_comm=swapper/1 prev_pid=0 prev_prio=120 prev_state=R ==> next_comm=adbd next_pid=783 next_prio=120
            adbd-783   [001] ...2   213.583303: sched_switch: prev_comm=adbd prev_pid=783 prev_prio=120 prev_state=S ==> next_comm=JDWP next_pid=3819 next_prio=120
            adbd-781   [000] ...2   213.583367: sched_switch: prev_comm=adbd prev_pid=781 prev_prio=120 prev_state=S ==> next_comm=adbd next_pid=784 next_prio=120
            adbd-784   [000] ...2   213.583394: sched_switch: prev_comm=adbd prev_pid=784 prev_prio=120 prev_state=S ==> next_comm=adbd next_pid=781 next_prio=120
            adbd-781   [000] ...2   213.583493: sched_switch: prev_comm=adbd prev_pid=781 prev_prio=120 prev_state=S ==> next_comm=mmcqd/1 next_pid=116 next_prio=120
         mmcqd/1-116   [000] ...1   213.583528: block_rq_complete: 179,0 RA () 4008360 + 48 [0]
         mmcqd/1-116   [000] ...2   213.583555: sched_switch: prev_comm=mmcqd/1 prev_pid=116 prev_prio=120 prev_state=S ==> next_comm=swapper/0 next_pid=0 next_prio=120
          <idle>-0     [000] ...2   213.583581: sched_switch: prev_comm=swapper/0 prev_pid=0 prev_prio=120 prev_state=R ==> next_comm=adbd next_pid=781 next_prio=120
           <...>-3819  [001] ...2   213.583592: sched_switch: prev_comm=JDWP prev_pid=3819 prev_prio=120 prev_state=S ==> next_comm=adbd next_pid=783 next_prio=120
            adbd-783   [001] ...2   213.583700: sched_switch: prev_comm=adbd prev_pid=783 prev_prio=120 prev_state=S ==> next_comm=swapper/1 next_pid=0 next_prio=120
            adbd-781   [000] ...2   213.583706: sched_switch: prev_comm=adbd prev_pid=781 prev_prio=120 prev_state=S ==> next_comm=swapper/0 next_pid=0 next_prio=120
          <idle>-0     [000] ...2   213.583742: sched_switch: prev_comm=swapper/0 prev_pid=0 prev_prio=120 prev_state=R ==> next_comm=mmcqd/1 next_pid=116 next_prio=120
         mmcqd/1-116   [000] ...1   213.583768: block_rq_complete: 179,0 RA () 4079784 + 8 [0]
         mmcqd/1-116   [000] ...2   213.583780: sched_switch: prev_comm=mmcqd/1 prev_pid=116 prev_prio=120 prev_state=S ==> next_comm=swapper/0 next_pid=0 next_prio=120
          <idle>-0     [000] ...2   213.584046: sched_switch: prev_comm=swapper/0 prev_pid=0 prev_prio=120 prev_state=R ==> next_comm=adbd next_pid=784 next_prio=120
            adbd-784   [000] ...2   213.584075: sched_switch: prev_comm=adbd prev_pid=784 prev_prio=120 prev_state=S ==> next_comm=adbd next_pid=781 next_prio=120
            adbd-781   [000] ...2   213.584232: sched_switch: prev_comm=adbd prev_pid=781 prev_prio=120 prev_state=S ==> next_comm=adbd next_pid=784 next_prio=120
            adbd-784   [000] ...2   213.584242: sched_switch: prev_comm=adbd prev_pid=784 prev_prio=120 prev_state=S ==> next_comm=adbd next_pid=783 next_prio=120
            adbd-783   [000] ...2   213.584248: sched_switch: prev_comm=adbd prev_pid=783 prev_prio=120 prev_state=S ==> next_comm=mmcqd/1 next_pid=116 next_prio=120
         mmcqd/1-116   [000] ...1   213.584265: block_rq_complete: 179,0 RA () 4079880 + 40 [0]
         mmcqd/1-116   [000] ...2   213.584284: sched_switch: prev_comm=mmcqd/1 prev_pid=116 prev_prio=120 prev_state=R+ ==> next_comm=kworker/0:1H next_pid=17 next_prio=100
    kworker/0:1H-17    [000] ...2   213.584291: sched_switch: prev_comm=kworker/0:1H prev_pid=17 prev_prio=100 prev_state=S ==> next_comm=mmcqd/1 next_pid=116 next_prio=120
         mmcqd/1-116   [000] ...2   213.584301: sched_switch: prev_comm=mmcqd/1 prev_pid=116 prev_prio=120 prev_state=S ==> next_comm=main next_pid=3810 next_prio=120
           <...>-3810  [000] ...2   213.584360: sched_switch: prev_comm=main prev_pid=3810 prev_prio=120 prev_state=R+ ==> next_comm=adbd next_pid=784 next_prio=120
            adbd-784   [000] ...2   213.584389: sched_switch: prev_comm=adbd prev_pid=784 prev_prio=120 prev_state=S ==> next_comm=adbd next_pid=781 next_prio=120
          <idle>-0     [001] ...2   213.584474: sched_switch: prev_comm=swapper/1 prev_pid=0 prev_prio=120 prev_state=R ==> next_comm=JDWP next_pid=3819 next_prio=120
            adbd-781   [000] ...2   213.584515: sched_switch: prev_comm=adbd prev_pid=781 prev_prio=120 prev_state=S ==> next_comm=adbd next_pid=783 next_prio=120
            adbd-783   [000] ...2   213.584560: sched_switch: prev_comm=adbd prev_pid=783 prev_prio=120 prev_state=S ==> next_comm=main next_pid=3810 next_prio=120
           <...>-3819  [001] d..2   213.584783: block_rq_insert: 179,0 R 0 () 4086360 + 56 [JDWP]
           <...>-3819  [001] d..2   213.584800: block_rq_insert: 179,0 R 0 () 4086424 + 72 [JDWP]
           <...>-3810  [000] ...2   213.584813: sched_switch: prev_comm=main prev_pid=3810 prev_prio=120 prev_state=R ==> next_comm=adbd next_pid=784 next_prio=120
           <...>-3819  [001] ...2   213.584825: sched_switch: prev_comm=JDWP prev_pid=3819 prev_prio=120 prev_state=D|W ==> next_comm=mmcqd/1 next_pid=116 next_prio=120
            adbd-784   [000] ...2   213.584826: sched_switch: prev_comm=adbd prev_pid=784 prev_prio=120 prev_state=S ==> next_comm=main next_pid=3810 next_prio=120
         mmcqd/1-116   [001] ...2   213.584942: sched_switch: prev_comm=mmcqd/1 prev_pid=116 prev_prio=120 prev_state=S ==> next_comm=swapper/1 next_pid=0 next_prio=120
           <...>-3810  [000] ...2   213.585043: sched_switch: prev_comm=main prev_pid=3810 prev_prio=120 prev_state=R ==> next_comm=adbd next_pid=784 next_prio=120
            adbd-784   [000] ...2   213.585076: sched_switch: prev_comm=adbd prev_pid=784 prev_prio=120 prev_state=S ==> next_comm=adbd next_pid=781 next_prio=120
            adbd-781   [000] ...2   213.585217: sched_switch: prev_comm=adbd prev_pid=781 prev_prio=120 prev_state=S ==> next_comm=adbd next_pid=783 next_prio=120
            adbd-783   [000] ...2   213.585262: sched_switch: prev_comm=adbd prev_pid=783 prev_prio=120 prev_state=S ==> next_comm=main next_pid=3810 next_prio=120
          <idle>-0     [001] ...2   213.585413: sched_switch: prev_comm=swapper/1 prev_pid=0 prev_prio=120 prev_state=R ==> next_comm=mmcqd/1 next_pid=116 next_prio=120
         mmcqd/1-116   [001] ...1   213.585466: block_rq_complete: 179,0 RA () 4086360 + 56 [0]
         mmcqd/1-116   [001] ...2   213.585498: sched_switch: prev_comm=mmcqd/1 prev_pid=116 prev_prio=120 prev_state=S ==> next_comm=JDWP next_pid=3819 next_prio=120
           <...>-3819  [001] d..2   213.585700: block_rq_insert: 179,0 R 0 () 4078280 + 144 [JDWP]
           <...>-3819  [001] d..2   213.585705: block_rq_insert: 179,0 R 0 () 4078440 + 8 [JDWP]
           <...>-3819  [001] d..2   213.585709: block_rq_insert: 179,0 R 0 () 4078456 + 40 [JDWP]
           <...>-3819  [001] ...2   213.585728: sched_switch: prev_comm=JDWP prev_pid=3819 prev_prio=120 prev_state=D|W ==> next_comm=mmcqd/1 next_pid=116 next_prio=120
         mmcqd/1-116   [001] ...2   213.585770: sched_switch: prev_comm=mmcqd/1 prev_pid=116 prev_prio=120 prev_state=S ==> next_comm=swapper/1 next_pid=0 next_prio=120
          <idle>-0     [001] ...2   213.585989: sched_switch: prev_comm=swapper/1 prev_pid=0 prev_prio=120 prev_state=R ==> next_comm=mmcqd/1 next_pid=116 next_prio=120
         mmcqd/1-116   [001] ...1   213.586047: block_rq_complete: 179,0 RA () 4086424 + 72 [0]
         mmcqd/1-116   [001] ...2   213.586081: sched_switch: prev_comm=mmcqd/1 prev_pid=116 prev_prio=120 prev_state=S ==> next_comm=swapper/1 next_pid=0 next_prio=120
           <...>-3810  [000] d..2   213.586108: block_rq_insert: 179,0 R 0 () 4084016 + 8 [main]
           <...>-3810  [000] d..2   213.586112: block_rq_insert: 179,0 R 0 () 4084104 + 8 [main]
           <...>-3810  [000] d..2   213.586115: block_rq_insert: 179,0 R 0 () 4084128 + 8 [main]
           <...>-3810  [000] ...2   213.586123: sched_switch: prev_comm=main prev_pid=3810 prev_prio=120 prev_state=D|W ==> next_comm=swapper/0 next_pid=0 next_prio=120
          <idle>-0     [000] ...2   213.586460: sched_switch: prev_comm=swapper/0 prev_pid=0 prev_prio=120 prev_state=R ==> next_comm=mmcqd/1 next_pid=116 next_prio=120
         mmcqd/1-116   [000] ...1   213.586494: block_rq_complete: 179,0 RA () 4078456 + 40 [0]
         mmcqd/1-116   [000] ...2   213.586551: sched_switch: prev_comm=mmcqd/1 prev_pid=116 prev_prio=120 prev_state=S ==> next_comm=swapper/0 next_pid=0 next_prio=120
          <idle>-0     [000] ...2   213.586727: sched_switch: prev_comm=swapper/0 prev_pid=0 prev_prio=120 prev_state=R ==> next_comm=mmcqd/1 next_pid=116 next_prio=120
         mmcqd/1-116   [000] ...1   213.586753: block_rq_complete: 179,0 RA () 4078440 + 8 [0]
         mmcqd/1-116   [000] ...2   213.586774: sched_switch: prev_comm=mmcqd/1 prev_pid=116 prev_prio=120 prev_state=S ==> next_comm=swapper/0 next_pid=0 next_prio=120
          <idle>-0     [000] ...2   213.587730: sched_switch: prev_comm=swapper/0 prev_pid=0 prev_prio=120 prev_state=R ==> next_comm=mmcqd/1 next_pid=116 next_prio=120
         mmcqd/1-116   [000] ...1   213.587786: block_rq_complete: 179,0 RA () 4078280 + 144 [0]
          <idle>-0     [001] ...2   213.587803: sched_switch: prev_comm=swapper/1 prev_pid=0 prev_prio=120 prev_state=R ==> next_comm=JDWP next_pid=3819 next_prio=120
         mmcqd/1-116   [000] ...2   213.587812: sched_switch: prev_comm=mmcqd/1 prev_pid=116 prev_prio=120 prev_state=S ==> next_comm=swapper/0 next_pid=0 next_prio=120
           <...>-3819  [001] d..2   213.587918: block_rq_insert: 179,0 R 0 () 3992040 + 24 [JDWP]
           <...>-3819  [001] d..2   213.587923: block_rq_insert: 179,0 R 0 () 3992168 + 8 [JDWP]
           <...>-3819  [001] d..2   213.587927: block_rq_insert: 179,0 R 0 () 3992192 + 56 [JDWP]
           <...>-3819  [001] ...2   213.587942: sched_switch: prev_comm=JDWP prev_pid=3819 prev_prio=120 prev_state=D|W ==> next_comm=swapper/1 next_pid=0 next_prio=120
          <idle>-0     [000] ...2   213.587990: sched_switch: prev_comm=swapper/0 prev_pid=0 prev_prio=120 prev_state=R ==> next_comm=mmcqd/1 next_pid=116 next_prio=120
         mmcqd/1-116   [000] ...1   213.588015: block_rq_complete: 179,0 RA () 4084016 + 8 [0]
         mmcqd/1-116   [000] ...2   213.588034: sched_switch: prev_comm=mmcqd/1 prev_pid=116 prev_prio=120 prev_state=S ==> next_comm=swapper/0 next_pid=0 next_prio=120
          <idle>-0     [000] ...2   213.588246: sched_switch: prev_comm=swapper/0 prev_pid=0 prev_prio=120 prev_state=R ==> next_comm=mmcqd/1 next_pid=116 next_prio=120
         mmcqd/1-116   [000] ...1   213.588272: block_rq_complete: 179,0 RA () 4084104 + 8 [0]
         mmcqd/1-116   [000] ...2   213.588299: sched_switch: prev_comm=mmcqd/1 prev_pid=116 prev_prio=120 prev_state=S ==> next_comm=main next_pid=3810 next_prio=120
           <...>-3810  [000] ...2   213.588516: sched_switch: prev_comm=main prev_pid=3810 prev_prio=120 prev_state=R+ ==> next_comm=mmcqd/1 next_pid=116 next_prio=120
         mmcqd/1-116   [000] ...1   213.588542: block_rq_complete: 179,0 RA () 4084128 + 8 [0]
         mmcqd/1-116   [000] ...2   213.588560: sched_switch: prev_comm=mmcqd/1 prev_pid=116 prev_prio=120 prev_state=S ==> next_comm=main next_pid=3810 next_prio=120
           <...>-3810  [000] ...2   213.588874: sched_switch: prev_comm=main prev_pid=3810 prev_prio=120 prev_state=R ==> next_comm=mmcqd/1 next_pid=116 next_prio=120
         mmcqd/1-116   [000] ...1   213.588903: block_rq_complete: 179,0 RA () 3992040 + 24 [0]
         mmcqd/1-116   [000] ...2   213.588937: sched_switch: prev_comm=mmcqd/1 prev_pid=116 prev_prio=120 prev_state=S ==> next_comm=main next_pid=3810 next_prio=120
           <...>-3810  [000] ...2   213.589146: sched_switch: prev_comm=main prev_pid=3810 prev_prio=120 prev_state=R ==> next_comm=mmcqd/1 next_pid=116 next_prio=120
         mmcqd/1-116   [000] ...1   213.589172: block_rq_complete: 179,0 RA () 3992168 + 8 [0]
         mmcqd/1-116   [000] ...2   213.589189: sched_switch: prev_comm=mmcqd/1 prev_pid=116 prev_prio=120 prev_state=S ==> next_comm=main next_pid=3810 next_prio=120
          <idle>-0     [001] ...2   213.589189: sched_switch: prev_comm=swapper/1 prev_pid=0 prev_prio=120 prev_state=R ==> next_comm=JDWP next_pid=3819 next_prio=120
           <...>-3819  [001] d..2   213.589256: block_rq_insert: 179,0 R 0 () 3992296 + 8 [JDWP]
           <...>-3819  [001] d..2   213.589260: block_rq_insert: 179,0 R 0 () 3992368 + 16 [JDWP]
           <...>-3819  [001] d..2   213.589263: block_rq_insert: 179,0 R 0 () 3992400 + 8 [JDWP]
           <...>-3810  [000] ...2   213.589276: sched_switch: prev_comm=main prev_pid=3810 prev_prio=120 prev_state=R ==> next_comm=mmcqd/1 next_pid=116 next_prio=120
           <...>-3819  [001] ...2   213.589290: sched_switch: prev_comm=JDWP prev_pid=3819 prev_prio=120 prev_state=D|W ==> next_comm=swapper/1 next_pid=0 next_prio=120
         mmcqd/1-116   [000] ...2   213.589291: sched_switch: prev_comm=mmcqd/1 prev_pid=116 prev_prio=120 prev_state=S ==> next_comm=main next_pid=3810 next_prio=120
           <...>-3810  [000] ...2   213.589639: sched_switch: prev_comm=main prev_pid=3810 prev_prio=120 prev_state=R ==> next_comm=mmcqd/1 next_pid=116 next_prio=120
         mmcqd/1-116   [000] ...1   213.589676: block_rq_complete: 179,0 RA () 3992192 + 56 [0]
         mmcqd/1-116   [000] ...2   213.589699: sched_switch: prev_comm=mmcqd/1 prev_pid=116 prev_prio=120 prev_state=S ==> next_comm=main next_pid=3810 next_prio=120
           <...>-3810  [000] ...2   213.589906: sched_switch: prev_comm=main prev_pid=3810 prev_prio=120 prev_state=R+ ==> next_comm=mmcqd/1 next_pid=116 next_prio=120
         mmcqd/1-116   [000] ...1   213.589931: block_rq_complete: 179,0 RA () 3992296 + 8 [0]
         mmcqd/1-116   [000] ...2   213.589950: sched_switch: prev_comm=mmcqd/1 prev_pid=116 prev_prio=120 prev_state=S ==> next_comm=main next_pid=3810 next_prio=120
           <...>-3810  [000] d..2   213.590006: block_rq_insert: 179,0 R 0 () 4086528 + 168 [main]
           <...>-3810  [000] d..2   213.590009: block_rq_insert: 179,0 R 0 () 4086704 + 80 [main]
           <...>-3810  [000] ...2   213.590212: sched_switch: prev_comm=main prev_pid=3810 prev_prio=120 prev_state=R ==> next_comm=mmcqd/1 next_pid=116 next_prio=120
         mmcqd/1-116   [000] ...1   213.590240: block_rq_complete: 179,0 RA () 3992368 + 16 [0]
         mmcqd/1-116   [000] ...2   213.590257: sched_switch: prev_comm=mmcqd/1 prev_pid=116 prev_prio=120 prev_state=S ==> next_comm=main next_pid=3810 next_prio=120
          <idle>-0     [001] ...2   213.590257: sched_switch: prev_comm=swapper/1 prev_pid=0 prev_prio=120 prev_state=R ==> next_comm=JDWP next_pid=3819 next_prio=120
           <...>-3819  [001] d..2   213.590381: block_rq_insert: 179,0 R 0 () 4025256 + 24 [JDWP]
           <...>-3810  [000] ...2   213.590397: sched_switch: prev_comm=main prev_pid=3810 prev_prio=120 prev_state=R ==> next_comm=mmcqd/1 next_pid=116 next_prio=120
           <...>-3819  [001] ...2   213.590408: sched_switch: prev_comm=JDWP prev_pid=3819 prev_prio=120 prev_state=D|W ==> next_comm=swapper/1 next_pid=0 next_prio=120
         mmcqd/1-116   [000] ...2   213.590416: sched_switch: prev_comm=mmcqd/1 prev_pid=116 prev_prio=120 prev_state=S ==> next_comm=main next_pid=3810 next_prio=120
           <...>-3810  [000] ...2   213.590493: sched_switch: prev_comm=main prev_pid=3810 prev_prio=120 prev_state=R+ ==> next_comm=mmcqd/1 next_pid=116 next_prio=120
         mmcqd/1-116   [000] ...1   213.590519: block_rq_complete: 179,0 RA () 3992400 + 8 [0]
         mmcqd/1-116   [000] ...2   213.590532: sched_switch: prev_comm=mmcqd/1 prev_pid=116 prev_prio=120 prev_state=S ==> next_comm=main next_pid=3810 next_prio=120
           <...>-3810  [000] ...2   213.590837: sched_switch: prev_comm=main prev_pid=3810 prev_prio=120 prev_state=R ==> next_comm=mmcqd/1 next_pid=116 next_prio=120
         mmcqd/1-116   [000] ...1   213.590851: block_rq_complete: 179,0 RA () 4025256 + 24 [0]
          <idle>-0     [001] ...2   213.590868: sched_switch: prev_comm=swapper/1 prev_pid=0 prev_prio=120 prev_state=R ==> next_comm=JDWP next_pid=3819 next_prio=120
         mmcqd/1-116   [000] ...2   213.590869: sched_switch: prev_comm=mmcqd/1 prev_pid=116 prev_prio=120 prev_state=R+ ==> next_comm=kworker/0:1H next_pid=17 next_prio=100
    kworker/0:1H-17    [000] ...2   213.590877: sched_switch: prev_comm=kworker/0:1H prev_pid=17 prev_prio=100 prev_state=S ==> next_comm=mmcqd/1 next_pid=116 next_prio=120
         mmcqd/1-116   [000] ...2   213.590976: sched_switch: prev_comm=mmcqd/1 prev_pid=116 prev_prio=120 prev_state=S ==> next_comm=main next_pid=3810 next_prio=120
           <...>-3819  [001] d..2   213.591004: block_rq_insert: 179,0 R 0 () 4028792 + 152 [JDWP]
           <...>-3819  [001] ...2   213.591050: sched_switch: prev_comm=JDWP prev_pid=3819 prev_prio=120 prev_state=D|W ==> next_comm=swapper/1 next_pid=0 next_prio=120
          <idle>-0     [001] ...2   213.591056: sched_switch: prev_comm=swapper/1 prev_pid=0 prev_prio=120 prev_state=R ==> next_comm=kworker/1:0H next_pid=3798 next_prio=100
           <...>-3798  [001] ...2   213.591088: sched_switch: prev_comm=kworker/1:0H prev_pid=3798 prev_prio=100 prev_state=D ==> next_comm=kworker/1:2H next_pid=3805 next_prio=100
           <...>-3805  [001] ...2   213.591118: sched_switch: prev_comm=kworker/1:2H prev_pid=3805 prev_prio=100 prev_state=S ==> next_comm=kworker/1:0H next_pid=3798 next_prio=100
           <...>-3798  [001] ...2   213.591134: sched_switch: prev_comm=kworker/1:0H prev_pid=3798 prev_prio=100 prev_state=S ==> next_comm=swapper/1 next_pid=0 next_prio=120
          <idle>-0     [001] ...2   213.591167: sched_switch: prev_comm=swapper/1 prev_pid=0 prev_prio=120 prev_state=R ==> next_comm=ksoftirqd/1 next_pid=3799 next_prio=120
           <...>-3799  [001] ...2   213.591181: sched_switch: prev_comm=ksoftirqd/1 prev_pid=3799 prev_prio=120 prev_state=S ==> next_comm=swapper/1 next_pid=0 next_prio=120
          <idle>-0     [001] ...2   213.591203: sched_switch: prev_comm=swapper/1 prev_pid=0 prev_prio=120 prev_state=R ==> next_comm=ksoftirqd/1 next_pid=3799 next_prio=120
           <...>-3799  [001] ...2   213.591215: sched_switch: prev_comm=ksoftirqd/1 prev_pid=3799 prev_prio=120 prev_state=S ==> next_comm=swapper/1 next_pid=0 next_prio=120
          <idle>-0     [001] ...2   213.591235: sched_switch: prev_comm=swapper/1 prev_pid=0 prev_prio=120 prev_state=R ==> next_comm=ksoftirqd/1 next_pid=3799 next_prio=120
           <...>-3799  [001] ...2   213.591247: sched_switch: prev_comm=ksoftirqd/1 prev_pid=3799 prev_prio=120 prev_state=S ==> next_comm=swapper/1 next_pid=0 next_prio=120
           <...>-3810  [000] ...2   213.591705: sched_switch: prev_comm=main prev_pid=3810 prev_prio=120 prev_state=D|W ==> next_comm=swapper/0 next_pid=0 next_prio=120
          <idle>-0     [000] ...2   213.591936: sched_switch: prev_comm=swapper/0 prev_pid=0 prev_prio=120 prev_state=R ==> next_comm=mmcqd/1 next_pid=116 next_prio=120
         mmcqd/1-116   [000] ...1   213.591999: block_rq_complete: 179,0 RA () 4086528 + 168 [0]
         mmcqd/1-116   [000] ...2   213.592066: sched_switch: prev_comm=mmcqd/1 prev_pid=116 prev_prio=120 prev_state=S ==> next_comm=main next_pid=3810 next_prio=120
           <...>-3810  [000] ...2   213.592526: sched_switch: prev_comm=main prev_pid=3810 prev_prio=120 prev_state=R+ ==> next_comm=mmcqd/1 next_pid=116 next_prio=120
         mmcqd/1-116   [000] ...1   213.592570: block_rq_complete: 179,0 RA () 4086704 + 80 [0]
         mmcqd/1-116   [000] ...2   213.592585: sched_switch: prev_comm=mmcqd/1 prev_pid=116 prev_prio=120 prev_state=S ==> next_comm=main next_pid=3810 next_prio=120
           <...>-3810  [000] d..2   213.592722: block_rq_insert: 179,0 R 0 () 4078544 + 88 [main]
           <...>-3810  [000] dn.2   213.592732: block_rq_insert: 179,0 R 0 () 4078640 + 56 [main]
           <...>-3810  [000] ...2   213.592739: sched_switch: prev_comm=main prev_pid=3810 prev_prio=120 prev_state=R+ ==> next_comm=mmcqd/1 next_pid=116 next_prio=120
         mmcqd/1-116   [000] ...2   213.592776: sched_switch: prev_comm=mmcqd/1 prev_pid=116 prev_prio=120 prev_state=S ==> next_comm=main next_pid=3810 next_prio=120
           <...>-3810  [000] ...2   213.592782: sched_switch: prev_comm=main prev_pid=3810 prev_prio=120 prev_state=D|W ==> next_comm=swapper/0 next_pid=0 next_prio=120
          <idle>-0     [000] ...2   213.593567: sched_switch: prev_comm=swapper/0 prev_pid=0 prev_prio=120 prev_state=R ==> next_comm=mmcqd/1 next_pid=116 next_prio=120
         mmcqd/1-116   [000] ...1   213.593625: block_rq_complete: 179,0 RA () 4028792 + 152 [0]
