# tracer: nop
#
# entries-in-buffer/entries-written: 7637/7637   #P:1
#
#                              _-----=> irqs-off
#                             / _----=> need-resched
#                            | / _---=> hardirq/softirq
#                            || / _--=> preempt-depth
#                            ||| /     delay
#           TASK-PID   CPU#  ||||    TIMESTAMP  FUNCTION
#              | |       |   ||||       |         |
          <idle>-0     [001] ...2   213.283976: sched_switch: prev_comm=swapper/1 prev_pid=0 prev_prio=120 prev_state=R ==> next_comm=sh next_pid=3810 next_prio=120
              sh-3801  [000] ...2   213.284041: sched_switch: prev_comm=sh prev_pid=3801 prev_prio=120 prev_state=S ==> next_comm=mmcqd/1 next_pid=116 next_prio=120
         mmcqd/1-116   [000] ...1   213.284055: block_rq_complete: 179,0 RA () 1196504 + 8 [0]
         mmcqd/1-116   [000] ...2   213.284079: sched_switch: prev_comm=mmcqd/1 prev_pid=116 prev_prio=120 prev_state=R+ ==> next_comm=kworker/0:1H next_pid=17 next_prio=100
    kworker/0:1H-17    [000] ...2   213.284090: sched_switch: prev_comm=kworker/0:1H prev_pid=17 prev_prio=100 prev_state=S ==> next_comm=mmcqd/1 next_pid=116 next_prio=120
         mmcqd/1-116   [000] ...2   213.284103: sched_switch: prev_comm=mmcqd/1 prev_pid=116 prev_prio=120 prev_state=S ==> next_comm=grep next_pid=3809 next_prio=120
           <...>-3809  [000] d..2   213.284348: block_rq_insert: 179,0 R 0 () 1242728 + 8 [grep]
           <...>-3809  [000] ...2   213.284360: sched_switch: prev_comm=grep prev_pid=3809 prev_prio=120 prev_state=R+ ==> next_comm=mmcqd/1 next_pid=116 next_prio=120
         mmcqd/1-116   [000] ...2   213.284406: sched_switch: prev_comm=mmcqd/1 prev_pid=116 prev_prio=120 prev_state=S ==> next_comm=grep next_pid=3809 next_prio=120
           <...>-3809  [000] ...2   213.284412: sched_switch: prev_comm=grep prev_pid=3809 prev_prio=120 prev_state=D|W ==> next_comm=swapper/0 next_pid=0 next_prio=120
           <...>-3810  [001] ...2   213.284428: sched_switch: prev_comm=sh prev_pid=3810 prev_prio=120 prev_state=R+ ==> next_comm=migration/1 next_pid=3796 next_prio=0
          <idle>-0     [000] ...2   213.284431: sched_switch: prev_comm=swapper/0 prev_pid=0 prev_prio=120 prev_state=R ==> next_comm=ksoftirqd/0 next_pid=3 next_prio=120
     ksoftirqd/0-3     [000] ...2   213.284442: sched_switch: prev_comm=ksoftirqd/0 prev_pid=3 prev_prio=120 prev_state=S ==> next_comm=sh next_pid=3810 next_prio=120
           <...>-3796  [001] ...2   213.284453: sched_switch: prev_comm=migration/1 prev_pid=3796 prev_prio=0 prev_state=S ==> next_comm=swapper/1 next_pid=0 next_prio=120
          <idle>-0     [001] ...2   213.284478: sched_switch: prev_comm=swapper/1 prev_pid=0 prev_prio=120 prev_state=R ==> next_comm=ksoftirqd/1 next_pid=3799 next_prio=120
           <...>-3810  [000] d..2   213.284487: block_rq_insert: 179,0 R 0 () 722984 + 8 [sh]
           <...>-3810  [000] ...2   213.284500: sched_switch: prev_comm=sh prev_pid=3810 prev_prio=120 prev_state=R+ ==> next_comm=mmcqd/1 next_pid=116 next_prio=120
         mmcqd/1-116   [000] ...2   213.284516: sched_switch: prev_comm=mmcqd/1 prev_pid=116 prev_prio=120 prev_state=S ==> next_comm=sh next_pid=3810 next_prio=120
           <...>-3799  [001] ...2   213.284518: sched_switch: prev_comm=ksoftirqd/1 prev_pid=3799 prev_prio=120 prev_state=S ==> next_comm=swapper/1 next_pid=0 next_prio=120
           <...>-3810  [000] ...2   213.284521: sched_switch: prev_comm=sh prev_pid=3810 prev_prio=120 prev_state=D|W ==> next_comm=swapper/0 next_pid=0 next_prio=120
          <idle>-0     [001] ...2   213.284542: sched_switch: prev_comm=swapper/1 prev_pid=0 prev_prio=120 prev_state=R ==> next_comm=ksoftirqd/1 next_pid=3799 next_prio=120
           <...>-3799  [001] ...2   213.284556: sched_switch: prev_comm=ksoftirqd/1 prev_pid=3799 prev_prio=120 prev_state=S ==> next_comm=swapper/1 next_pid=0 next_prio=120
          <idle>-0     [001] ...2   213.284578: sched_switch: prev_comm=swapper/1 prev_pid=0 prev_prio=120 prev_state=R ==> next_comm=ksoftirqd/1 next_pid=3799 next_prio=120
           <...>-3799  [001] ...2   213.284594: sched_switch: prev_comm=ksoftirqd/1 prev_pid=3799 prev_prio=120 prev_state=S ==> next_comm=swapper/1 next_pid=0 next_prio=120
          <idle>-0     [001] ...2   213.284614: sched_switch: prev_comm=swapper/1 prev_pid=0 prev_prio=120 prev_state=R ==> next_comm=ksoftirqd/1 next_pid=3799 next_prio=120
           <...>-3799  [001] ...2   213.284628: sched_switch: prev_comm=ksoftirqd/1 prev_pid=3799 prev_prio=120 prev_state=S ==> next_comm=swapper/1 next_pid=0 next_prio=120
          <idle>-0     [000] ...2   213.284649: sched_switch: prev_comm=swapper/0 prev_pid=0 prev_prio=120 prev_state=R ==> next_comm=mmcqd/1 next_pid=116 next_prio=120
          <idle>-0     [001] ...2   213.284650: sched_switch: prev_comm=swapper/1 prev_pid=0 prev_prio=120 prev_state=R ==> next_comm=ksoftirqd/1 next_pid=3799 next_prio=120
           <...>-3799  [001] ...2   213.284662: sched_switch: prev_comm=ksoftirqd/1 prev_pid=3799 prev_prio=120 prev_state=S ==> next_comm=swapper/1 next_pid=0 next_prio=120
         mmcqd/1-116   [000] ...1   213.284674: block_rq_complete: 179,0 RA () 1242728 + 8 [0]
         mmcqd/1-116   [000] ...2   213.284690: sched_switch: prev_comm=mmcqd/1 prev_pid=116 prev_prio=120 prev_state=S ==> next_comm=grep next_pid=3809 next_prio=120
           <...>-3809  [000] ...2   213.284918: sched_switch: prev_comm=grep prev_pid=3809 prev_prio=120 prev_state=R+ ==> next_comm=mmcqd/1 next_pid=116 next_prio=120
         mmcqd/1-116   [000] ...1   213.284929: block_rq_complete: 179,0 RA () 722984 + 8 [0]
         mmcqd/1-116   [000] ...2   213.284946: sched_switch: prev_comm=mmcqd/1 prev_pid=116 prev_prio=120 prev_state=R+ ==> next_comm=kworker/0:1H next_pid=17 next_prio=100
    kworker/0:1H-17    [000] ...2   213.284953: sched_switch: prev_comm=kworker/0:1H prev_pid=17 prev_prio=100 prev_state=S ==> next_comm=mmcqd/1 next_pid=116 next_prio=120
         mmcqd/1-116   [000] ...2   213.284963: sched_switch: prev_comm=mmcqd/1 prev_pid=116 prev_prio=120 prev_state=S ==> next_comm=sh next_pid=3810 next_prio=120
           <...>-3810  [000] ...2   213.287872: sched_switch: prev_comm=am prev_pid=3810 prev_prio=120 prev_state=R+ ==> next_comm=migration/0 next_pid=8 next_prio=0
     migration/0-8     [000] ...2   213.287886: sched_switch: prev_comm=migration/0 prev_pid=8 prev_prio=0 prev_state=S ==> next_comm=grep next_pid=3809 next_prio=120
          <idle>-0     [001] ...2   213.287898: sched_switch: prev_comm=swapper/1 prev_pid=0 prev_prio=120 prev_state=R ==> next_comm=am next_pid=3810 next_prio=120
           <...>-3809  [000] d..2   213.287914: block_rq_insert: 179,0 R 0 () 1210368 + 8 [grep]
           <...>-3809  [000] ...2   213.287929: sched_switch: prev_comm=grep prev_pid=3809 prev_prio=120 prev_state=R+ ==> next_comm=mmcqd/1 next_pid=116 next_prio=120
         mmcqd/1-116   [000] ...2   213.287975: sched_switch: prev_comm=mmcqd/1 prev_pid=116 prev_prio=120 prev_state=S ==> next_comm=grep next_pid=3809 next_prio=120
           <...>-3809  [000] ...2   213.287981: sched_switch: prev_comm=grep prev_pid=3809 prev_prio=120 prev_state=D|W ==> next_comm=swapper/0 next_pid=0 next_prio=120
          <idle>-0     [000] ...2   213.288203: sched_switch: prev_comm=swapper/0 prev_pid=0 prev_prio=120 prev_state=R ==> next_comm=mmcqd/1 next_pid=116 next_prio=120
         mmcqd/1-116   [000] ...1   213.288212: block_rq_complete: 179,0 RA () 1210368 + 8 [0]
         mmcqd/1-116   [000] ...2   213.288233: sched_switch: prev_comm=mmcqd/1 prev_pid=116 prev_prio=120 prev_state=R+ ==> next_comm=kworker/0:1H next_pid=17 next_prio=100
    kworker/0:1H-17    [000] ...2   213.288241: sched_switch: prev_comm=kworker/0:1H prev_pid=17 prev_prio=100 prev_state=S ==> next_comm=mmcqd/1 next_pid=116 next_prio=120
         mmcqd/1-116   [000] ...2   213.288251: sched_switch: prev_comm=mmcqd/1 prev_pid=116 prev_prio=120 prev_state=S ==> next_comm=grep next_pid=3809 next_prio=120
           <...>-3809  [000] d..2   213.288376: block_rq_insert: 179,0 R 0 () 1225440 + 16 [grep]
           <...>-3809  [000] d..2   213.288379: block_rq_insert: 179,0 R 0 () 1225512 + 16 [grep]
           <...>-3809  [000] ...2   213.288387: sched_switch: prev_comm=grep prev_pid=3809 prev_prio=120 prev_state=R+ ==> next_comm=mmcqd/1 next_pid=116 next_prio=120
         mmcqd/1-116   [000] ...2   213.288432: sched_switch: prev_comm=mmcqd/1 prev_pid=116 prev_prio=120 prev_state=S ==> next_comm=grep next_pid=3809 next_prio=120
           <...>-3809  [000] ...2   213.288438: sched_switch: prev_comm=grep prev_pid=3809 prev_prio=120 prev_state=D|W ==> next_comm=swapper/0 next_pid=0 next_prio=120
          <idle>-0     [000] ...2   213.288687: sched_switch: prev_comm=swapper/0 prev_pid=0 prev_prio=120 prev_state=R ==> next_comm=mmcqd/1 next_pid=116 next_prio=120
         mmcqd/1-116   [000] ...1   213.288713: block_rq_complete: 179,0 RA () 1225440 + 16 [0]
         mmcqd/1-116   [000] ...2   213.288724: sched_switch: prev_comm=mmcqd/1 prev_pid=116 prev_prio=120 prev_state=S ==> next_comm=swapper/0 next_pid=0 next_prio=120
           <...>-3810  [001] d..2   213.288864: block_rq_insert: 179,0 R 0 () 1172184 + 112 [app_process]
          <idle>-0     [000] ...2   213.288886: sched_switch: prev_comm=swapper/0 prev_pid=0 prev_prio=120 prev_state=R ==> next_comm=mmcqd/1 next_pid=116 next_prio=120
           <...>-3810  [001] ...2   213.288893: sched_switch: prev_comm=app_process prev_pid=3810 prev_prio=120 prev_state=D|W ==> next_comm=swapper/1 next_pid=0 next_prio=120
         mmcqd/1-116   [000] ...2   213.288926: sched_switch: prev_comm=mmcqd/1 prev_pid=116 prev_prio=120 prev_state=S ==> next_comm=swapper/0 next_pid=0 next_prio=120
          <idle>-0     [000] ...2   213.288996: sched_switch: prev_comm=swapper/0 prev_pid=0 prev_prio=120 prev_state=R ==> next_comm=mmcqd/1 next_pid=116 next_prio=120
         mmcqd/1-116   [000] ...1   213.289024: block_rq_complete: 179,0 RA () 1225512 + 16 [0]
         mmcqd/1-116   [000] ...2   213.289039: sched_switch: prev_comm=mmcqd/1 prev_pid=116 prev_prio=120 prev_state=S ==> next_comm=grep next_pid=3809 next_prio=120
           <...>-3809  [000] d..2   213.289151: block_rq_insert: 179,0 R 0 () 1260424 + 8 [grep]
           <...>-3809  [000] ...2   213.289162: sched_switch: prev_comm=grep prev_pid=3809 prev_prio=120 prev_state=R+ ==> next_comm=mmcqd/1 next_pid=116 next_prio=120
         mmcqd/1-116   [000] ...2   213.289170: sched_switch: prev_comm=mmcqd/1 prev_pid=116 prev_prio=120 prev_state=S ==> next_comm=grep next_pid=3809 next_prio=120
           <...>-3809  [000] ...2   213.289176: sched_switch: prev_comm=grep prev_pid=3809 prev_prio=120 prev_state=D|W ==> next_comm=swapper/0 next_pid=0 next_prio=120
          <idle>-0     [000] ...2   213.289869: sched_switch: prev_comm=swapper/0 prev_pid=0 prev_prio=120 prev_state=R ==> next_comm=mmcqd/1 next_pid=116 next_prio=120
         mmcqd/1-116   [000] ...1   213.289902: block_rq_complete: 179,0 RA () 1172184 + 112 [0]
          <idle>-0     [001] ...2   213.289919: sched_switch: prev_comm=swapper/1 prev_pid=0 prev_prio=120 prev_state=R ==> next_comm=app_process next_pid=3810 next_prio=120
         mmcqd/1-116   [000] ...2   213.289922: sched_switch: prev_comm=mmcqd/1 prev_pid=116 prev_prio=120 prev_state=R+ ==> next_comm=kworker/0:1H next_pid=17 next_prio=100
    kworker/0:1H-17    [000] ...2   213.289930: sched_switch: prev_comm=kworker/0:1H prev_pid=17 prev_prio=100 prev_state=S ==> next_comm=mmcqd/1 next_pid=116 next_prio=120
         mmcqd/1-116   [000] ...2   213.289968: sched_switch: prev_comm=mmcqd/1 prev_pid=116 prev_prio=120 prev_state=S ==> next_comm=swapper/0 next_pid=0 next_prio=120
           <...>-3810  [001] d..2   213.290112: block_rq_insert: 179,0 R 0 () 1187608 + 64 [app_process]
          <idle>-0     [000] ...2   213.290131: sched_switch: prev_comm=swapper/0 prev_pid=0 prev_prio=120 prev_state=R ==> next_comm=mmcqd/1 next_pid=116 next_prio=120
           <...>-3810  [001] ...2   213.290137: sched_switch: prev_comm=app_process prev_pid=3810 prev_prio=120 prev_state=D|W ==> next_comm=swapper/1 next_pid=0 next_prio=120
         mmcqd/1-116   [000] ...2   213.290139: sched_switch: prev_comm=mmcqd/1 prev_pid=116 prev_prio=120 prev_state=S ==> next_comm=swapper/0 next_pid=0 next_prio=120
          <idle>-0     [000] ...2   213.290194: sched_switch: prev_comm=swapper/0 prev_pid=0 prev_prio=120 prev_state=R ==> next_comm=mmcqd/1 next_pid=116 next_prio=120
         mmcqd/1-116   [000] ...1   213.290204: block_rq_complete: 179,0 RA () 1260424 + 8 [0]
         mmcqd/1-116   [000] ...2   213.290219: sched_switch: prev_comm=mmcqd/1 prev_pid=116 prev_prio=120 prev_state=R+ ==> next_comm=kworker/0:1H next_pid=17 next_prio=100
    kworker/0:1H-17    [000] ...2   213.290226: sched_switch: prev_comm=kworker/0:1H prev_pid=17 prev_prio=100 prev_state=S ==> next_comm=mmcqd/1 next_pid=116 next_prio=120
         mmcqd/1-116   [000] ...2   213.290281: sched_switch: prev_comm=mmcqd/1 prev_pid=116 prev_prio=120 prev_state=S ==> next_comm=grep next_pid=3809 next_prio=120
           <...>-3809  [000] ...2   213.290804: sched_switch: prev_comm=grep prev_pid=3809 prev_prio=120 prev_state=R ==> next_comm=mmcqd/1 next_pid=116 next_prio=120
         mmcqd/1-116   [000] ...1   213.290827: block_rq_complete: 179,0 RA () 1187608 + 64 [0]
          <idle>-0     [001] ...2   213.290843: sched_switch: prev_comm=swapper/1 prev_pid=0 prev_prio=120 prev_state=R ==> next_comm=app_process next_pid=3810 next_prio=120
         mmcqd/1-116   [000] ...2   213.290846: sched_switch: prev_comm=mmcqd/1 prev_pid=116 prev_prio=120 prev_state=R+ ==> next_comm=kworker/0:1H next_pid=17 next_prio=100
    kworker/0:1H-17    [000] ...2   213.290854: sched_switch: prev_comm=kworker/0:1H prev_pid=17 prev_prio=100 prev_state=S ==> next_comm=mmcqd/1 next_pid=116 next_prio=120
         mmcqd/1-116   [000] ...2   213.290863: sched_switch: prev_comm=mmcqd/1 prev_pid=116 prev_prio=120 prev_state=S ==> next_comm=grep next_pid=3809 next_prio=120
           <...>-3810  [001] ...2   213.291057: sched_switch: prev_comm=app_process prev_pid=3810 prev_prio=120 prev_state=R+ ==> next_comm=kworker/u:1 next_pid=21 next_prio=120
           <...>-3809  [000] ...2   213.291076: sched_switch: prev_comm=grep prev_pid=3809 prev_prio=120 prev_state=R ==> next_comm=mpdecision next_pid=1599 next_prio=113
           <...>-21    [001] ...2   213.291082: sched_switch: prev_comm=kworker/u:1 prev_pid=21 prev_prio=120 prev_state=S ==> next_comm=kworker/1:0H next_pid=3798 next_prio=100
           <...>-3798  [001] ...2   213.291114: sched_switch: prev_comm=kworker/1:0H prev_pid=3798 prev_prio=100 prev_state=D ==> next_comm=kworker/1:2H next_pid=3805 next_prio=100
           <...>-3805  [001] ...2   213.291144: sched_switch: prev_comm=kworker/1:2H prev_pid=3805 prev_prio=100 prev_state=D ==> next_comm=app_process next_pid=3810 next_prio=120
           <...>-3810  [001] ...2   213.291153: sched_switch: prev_comm=app_process prev_pid=3810 prev_prio=120 prev_state=R+ ==> next_comm=kworker/1:2H next_pid=3805 next_prio=100
           <...>-3805  [001] ...2   213.291161: sched_switch: prev_comm=kworker/1:2H prev_pid=3805 prev_prio=100 prev_state=D ==> next_comm=app_process next_pid=3810 next_prio=120
           <...>-3810  [001] ...2   213.291167: sched_switch: prev_comm=app_process prev_pid=3810 prev_prio=120 prev_state=R+ ==> next_comm=kworker/1:2H next_pid=3805 next_prio=100
           <...>-3805  [001] ...2   213.291175: sched_switch: prev_comm=kworker/1:2H prev_pid=3805 prev_prio=100 prev_state=D ==> next_comm=app_process next_pid=3810 next_prio=120
           <...>-3810  [001] ...2   213.291181: sched_switch: prev_comm=app_process prev_pid=3810 prev_prio=120 prev_state=R+ ==> next_comm=kworker/1:2H next_pid=3805 next_prio=100
           <...>-3805  [001] ...2   213.291199: sched_switch: prev_comm=kworker/1:2H prev_pid=3805 prev_prio=100 prev_state=S ==> next_comm=kworker/1:0H next_pid=3798 next_prio=100
           <...>-3798  [001] ...2   213.291213: sched_switch: prev_comm=kworker/1:0H prev_pid=3798 prev_prio=100 prev_state=S ==> next_comm=app_process next_pid=3810 next_prio=120
      mpdecision-1599  [000] ...2   213.291338: sched_switch: prev_comm=mpdecision prev_pid=1599 prev_prio=113 prev_state=S ==> next_comm=grep next_pid=3809 next_prio=120
           <...>-3809  [000] d..2   213.291686: block_rq_insert: 179,0 R 0 () 1196112 + 24 [grep]
           <...>-3809  [000] d..2   213.291689: block_rq_insert: 179,0 R 0 () 1196144 + 16 [grep]
           <...>-3809  [000] d..2   213.291691: block_rq_insert: 179,0 R 0 () 1196168 + 40 [grep]
           <...>-3809  [000] d..2   213.291693: block_rq_insert: 179,0 R 0 () 1196216 + 8 [grep]
           <...>-3809  [000] d..2   213.291694: block_rq_insert: 179,0 R 0 () 1196240 + 32 [grep]
           <...>-3809  [000] ...2   213.291703: sched_switch: prev_comm=grep prev_pid=3809 prev_prio=120 prev_state=R+ ==> next_comm=mmcqd/1 next_pid=116 next_prio=120
         mmcqd/1-116   [000] ...2   213.291754: sched_switch: prev_comm=mmcqd/1 prev_pid=116 prev_prio=120 prev_state=S ==> next_comm=grep next_pid=3809 next_prio=120
           <...>-3809  [000] ...2   213.291760: sched_switch: prev_comm=grep prev_pid=3809 prev_prio=120 prev_state=D|W ==> next_comm=swapper/0 next_pid=0 next_prio=120
          <idle>-0     [000] ...2   213.291774: sched_switch: prev_comm=swapper/0 prev_pid=0 prev_prio=120 prev_state=R ==> next_comm=ksoftirqd/0 next_pid=3 next_prio=120
     ksoftirqd/0-3     [000] ...2   213.291781: sched_switch: prev_comm=ksoftirqd/0 prev_pid=3 prev_prio=120 prev_state=S ==> next_comm=swapper/0 next_pid=0 next_prio=120
          <idle>-0     [000] ...2   213.291791: sched_switch: prev_comm=swapper/0 prev_pid=0 prev_prio=120 prev_state=R ==> next_comm=ksoftirqd/0 next_pid=3 next_prio=120
     ksoftirqd/0-3     [000] ...2   213.291797: sched_switch: prev_comm=ksoftirqd/0 prev_pid=3 prev_prio=120 prev_state=S ==> next_comm=swapper/0 next_pid=0 next_prio=120
          <idle>-0     [000] ...2   213.291807: sched_switch: prev_comm=swapper/0 prev_pid=0 prev_prio=120 prev_state=R ==> next_comm=ksoftirqd/0 next_pid=3 next_prio=120
     ksoftirqd/0-3     [000] ...2   213.291812: sched_switch: prev_comm=ksoftirqd/0 prev_pid=3 prev_prio=120 prev_state=S ==> next_comm=swapper/0 next_pid=0 next_prio=120
           <...>-3810  [001] d..2   213.291939: block_rq_insert: 179,0 R 0 () 1261264 + 16 [app_process]
           <...>-3810  [001] ...2   213.291957: sched_switch: prev_comm=app_process prev_pid=3810 prev_prio=120 prev_state=D|W ==> next_comm=swapper/1 next_pid=0 next_prio=120
          <idle>-0     [001] ...2   213.291982: sched_switch: prev_comm=swapper/1 prev_pid=0 prev_prio=120 prev_state=R ==> next_comm=ksoftirqd/1 next_pid=3799 next_prio=120
           <...>-3799  [001] ...2   213.291999: sched_switch: prev_comm=ksoftirqd/1 prev_pid=3799 prev_prio=120 prev_state=S ==> next_comm=swapper/1 next_pid=0 next_prio=120
          <idle>-0     [001] ...2   213.292023: sched_switch: prev_comm=swapper/1 prev_pid=0 prev_prio=120 prev_state=R ==> next_comm=ksoftirqd/1 next_pid=3799 next_prio=120
           <...>-3799  [001] ...2   213.292036: sched_switch: prev_comm=ksoftirqd/1 prev_pid=3799 prev_prio=120 prev_state=S ==> next_comm=swapper/1 next_pid=0 next_prio=120
          <idle>-0     [000] ...2   213.292049: sched_switch: prev_comm=swapper/0 prev_pid=0 prev_prio=120 prev_state=R ==> next_comm=adbd next_pid=784 next_prio=120
          <idle>-0     [001] ...2   213.292057: sched_switch: prev_comm=swapper/1 prev_pid=0 prev_prio=120 prev_state=R ==> next_comm=ksoftirqd/1 next_pid=3799 next_prio=120
            adbd-784   [000] ...2   213.292066: sched_switch: prev_comm=adbd prev_pid=784 prev_prio=120 prev_state=S ==> next_comm=swapper/0 next_pid=0 next_prio=120
           <...>-3799  [001] ...2   213.292069: sched_switch: prev_comm=ksoftirqd/1 prev_pid=3799 prev_prio=120 prev_state=S ==> next_comm=swapper/1 next_pid=0 next_prio=120
          <idle>-0     [000] ...2   213.292105: sched_switch: prev_comm=swapper/0 prev_pid=0 prev_prio=120 prev_state=R ==> next_comm=mmcqd/1 next_pid=116 next_prio=120
         mmcqd/1-116   [000] ...1   213.292135: block_rq_complete: 179,0 RA () 1196112 + 24 [0]
         mmcqd/1-116   [000] ...2   213.292164: sched_switch: prev_comm=mmcqd/1 prev_pid=116 prev_prio=120 prev_state=S ==> next_comm=swapper/0 next_pid=0 next_prio=120
          <idle>-0     [000] ...2   213.292318: sched_switch: prev_comm=swapper/0 prev_pid=0 prev_prio=120 prev_state=R ==> next_comm=adbd next_pid=784 next_prio=120
            adbd-784   [000] ...2   213.292365: sched_switch: prev_comm=adbd prev_pid=784 prev_prio=120 prev_state=S ==> next_comm=adbd next_pid=781 next_prio=120
          <idle>-0     [001] ...2   213.292819: sched_switch: prev_comm=swapper/1 prev_pid=0 prev_prio=120 prev_state=R ==> next_comm=adbd next_pid=3811 next_prio=120
            adbd-781   [000] ...2   213.293086: sched_switch: prev_comm=adbd prev_pid=781 prev_prio=120 prev_state=D ==> next_comm=adbd next_pid=783 next_prio=120
            adbd-783   [000] ...2   213.293163: sched_switch: prev_comm=adbd prev_pid=783 prev_prio=120 prev_state=S ==> next_comm=kworker/0:0 next_pid=4 next_prio=120
     kworker/0:0-4     [000] ...2   213.293178: sched_switch: prev_comm=kworker/0:0 prev_pid=4 prev_prio=120 prev_state=S ==> next_comm=mmcqd/1 next_pid=116 next_prio=120
         mmcqd/1-116   [000] ...1   213.293209: block_rq_complete: 179,0 RA () 1196144 + 16 [0]
         mmcqd/1-116   [000] ...2   213.293232: sched_switch: prev_comm=mmcqd/1 prev_pid=116 prev_prio=120 prev_state=S ==> next_comm=adbd next_pid=781 next_prio=120
            adbd-781   [000] ...2   213.293241: sched_switch: prev_comm=adbd prev_pid=781 prev_prio=120 prev_state=S ==> next_comm=swapper/0 next_pid=0 next_prio=120
          <idle>-0     [000] ...2   213.293606: sched_switch: prev_comm=swapper/0 prev_pid=0 prev_prio=120 prev_state=R ==> next_comm=mmcqd/1 next_pid=116 next_prio=120
         mmcqd/1-116   [000] ...1   213.293640: block_rq_complete: 179,0 RA () 1196168 + 40 [0]
         mmcqd/1-116   [000] ...2   213.293665: sched_switch: prev_comm=mmcqd/1 prev_pid=116 prev_prio=120 prev_state=S ==> next_comm=swapper/0 next_pid=0 next_prio=120
          <idle>-0     [000] ...2   213.293868: sched_switch: prev_comm=swapper/0 prev_pid=0 prev_prio=120 prev_state=R ==> next_comm=mmcqd/1 next_pid=116 next_prio=120
         mmcqd/1-116   [000] ...1   213.293892: block_rq_complete: 179,0 RA () 1196216 + 8 [0]
         mmcqd/1-116   [000] ...2   213.293903: sched_switch: prev_comm=mmcqd/1 prev_pid=116 prev_prio=120 prev_state=S ==> next_comm=swapper/0 next_pid=0 next_prio=120
          <idle>-0     [000] ...2   213.294287: sched_switch: prev_comm=swapper/0 prev_pid=0 prev_prio=120 prev_state=R ==> next_comm=mmcqd/1 next_pid=116 next_prio=120
         mmcqd/1-116   [000] ...1   213.294301: block_rq_complete: 179,0 RA () 1196240 + 32 [0]
         mmcqd/1-116   [000] ...2   213.294318: sched_switch: prev_comm=mmcqd/1 prev_pid=116 prev_prio=120 prev_state=R+ ==> next_comm=kworker/0:1H next_pid=17 next_prio=100
    kworker/0:1H-17    [000] ...2   213.294325: sched_switch: prev_comm=kworker/0:1H prev_pid=17 prev_prio=100 prev_state=S ==> next_comm=mmcqd/1 next_pid=116 next_prio=120
         mmcqd/1-116   [000] ...2   213.294366: sched_switch: prev_comm=mmcqd/1 prev_pid=116 prev_prio=120 prev_state=S ==> next_comm=grep next_pid=3809 next_prio=120
           <...>-3809  [000] ...2   213.294635: sched_switch: prev_comm=grep prev_pid=3809 prev_prio=120 prev_state=R ==> next_comm=mmcqd/1 next_pid=116 next_prio=120
         mmcqd/1-116   [000] ...1   213.294646: block_rq_complete: 179,0 RA () 1261264 + 16 [0]
           <...>-3811  [001] ...2   213.294660: sched_switch: prev_comm=sh prev_pid=3811 prev_prio=120 prev_state=R ==> next_comm=app_process next_pid=3810 next_prio=120
         mmcqd/1-116   [000] ...2   213.294664: sched_switch: prev_comm=mmcqd/1 prev_pid=116 prev_prio=120 prev_state=R+ ==> next_comm=kworker/0:1H next_pid=17 next_prio=100
    kworker/0:1H-17    [000] ...2   213.294672: sched_switch: prev_comm=kworker/0:1H prev_pid=17 prev_prio=100 prev_state=S ==> next_comm=mmcqd/1 next_pid=116 next_prio=120
         mmcqd/1-116   [000] ...2   213.294681: sched_switch: prev_comm=mmcqd/1 prev_pid=116 prev_prio=120 prev_state=S ==> next_comm=grep next_pid=3809 next_prio=120
           <...>-3810  [001] d..2   213.294933: block_rq_insert: 179,0 R 0 () 875136 + 48 [app_process]
           <...>-3810  [001] d..2   213.294939: block_rq_insert: 179,0 R 0 () 875192 + 80 [app_process]
           <...>-3809  [000] ...2   213.294956: sched_switch: prev_comm=grep prev_pid=3809 prev_prio=120 prev_state=R+ ==> next_comm=mmcqd/1 next_pid=116 next_prio=120
           <...>-3810  [001] ...2   213.294962: sched_switch: prev_comm=app_process prev_pid=3810 prev_prio=120 prev_state=D|W ==> next_comm=adbd next_pid=3812 next_prio=120
           <...>-3812  [001] ...2   213.294990: sched_switch: prev_comm=adbd prev_pid=3812 prev_prio=120 prev_state=S ==> next_comm=sh next_pid=3811 next_prio=120
         mmcqd/1-116   [000] ...2   213.295024: sched_switch: prev_comm=mmcqd/1 prev_pid=116 prev_prio=120 prev_state=S ==> next_comm=grep next_pid=3809 next_prio=120
           <...>-3809  [000] ...2   213.295422: sched_switch: prev_comm=grep prev_pid=3809 prev_prio=120 prev_state=R ==> next_comm=mmcqd/1 next_pid=116 next_prio=120
         mmcqd/1-116   [000] ...1   213.295454: block_rq_complete: 179,0 RA () 875136 + 48 [0]
         mmcqd/1-116   [000] ...2   213.295469: sched_switch: prev_comm=mmcqd/1 prev_pid=116 prev_prio=120 prev_state=S ==> next_comm=grep next_pid=3809 next_prio=120
           <...>-3809  [000] ...2   213.296143: sched_switch: prev_comm=grep prev_pid=3809 prev_prio=120 prev_state=R ==> next_comm=mmcqd/1 next_pid=116 next_prio=120
         mmcqd/1-116   [000] ...1   213.296166: block_rq_complete: 179,0 RA () 875192 + 80 [0]
           <...>-3811  [001] ...2   213.296179: sched_switch: prev_comm=sh prev_pid=3811 prev_prio=120 prev_state=R+ ==> next_comm=app_process next_pid=3810 next_prio=120
         mmcqd/1-116   [000] ...2   213.296188: sched_switch: prev_comm=mmcqd/1 prev_pid=116 prev_prio=120 prev_state=R+ ==> next_comm=kworker/0:1H next_pid=17 next_prio=100
    kworker/0:1H-17    [000] ...2   213.296195: sched_switch: prev_comm=kworker/0:1H prev_pid=17 prev_prio=100 prev_state=S ==> next_comm=mmcqd/1 next_pid=116 next_prio=120
         mmcqd/1-116   [000] ...2   213.296205: sched_switch: prev_comm=mmcqd/1 prev_pid=116 prev_prio=120 prev_state=S ==> next_comm=grep next_pid=3809 next_prio=120
           <...>-3810  [001] d..2   213.296410: block_rq_insert: 179,0 R 0 () 875280 + 16 [app_process]
           <...>-3809  [000] ...2   213.296426: sched_switch: prev_comm=grep prev_pid=3809 prev_prio=120 prev_state=R ==> next_comm=mmcqd/1 next_pid=116 next_prio=120
           <...>-3810  [001] ...2   213.296432: sched_switch: prev_comm=app_process prev_pid=3810 prev_prio=120 prev_state=D|W ==> next_comm=sh next_pid=3811 next_prio=120
         mmcqd/1-116   [000] ...2   213.296464: sched_switch: prev_comm=mmcqd/1 prev_pid=116 prev_prio=120 prev_state=S ==> next_comm=grep next_pid=3809 next_prio=120
           <...>-3809  [000] ...2   213.296742: sched_switch: prev_comm=grep prev_pid=3809 prev_prio=120 prev_state=R ==> next_comm=mmcqd/1 next_pid=116 next_prio=120
         mmcqd/1-116   [000] ...1   213.296753: block_rq_complete: 179,0 RA () 875280 + 16 [0]
           <...>-3811  [001] ...2   213.296767: sched_switch: prev_comm=sh prev_pid=3811 prev_prio=120 prev_state=R+ ==> next_comm=app_process next_pid=3810 next_prio=120
         mmcqd/1-116   [000] ...2   213.296774: sched_switch: prev_comm=mmcqd/1 prev_pid=116 prev_prio=120 prev_state=R+ ==> next_comm=kworker/0:1H next_pid=17 next_prio=100
    kworker/0:1H-17    [000] ...2   213.296782: sched_switch: prev_comm=kworker/0:1H prev_pid=17 prev_prio=100 prev_state=S ==> next_comm=mmcqd/1 next_pid=116 next_prio=120
         mmcqd/1-116   [000] ...2   213.296791: sched_switch: prev_comm=mmcqd/1 prev_pid=116 prev_prio=120 prev_state=S ==> next_comm=grep next_pid=3809 next_prio=120
           <...>-3810  [001] d..2   213.296955: block_rq_insert: 179,0 R 0 () 876648 + 8 [app_process]
           <...>-3809  [000] ...2   213.296971: sched_switch: prev_comm=grep prev_pid=3809 prev_prio=120 prev_state=R+ ==> next_comm=mmcqd/1 next_pid=116 next_prio=120
           <...>-3810  [001] ...2   213.296976: sched_switch: prev_comm=app_process prev_pid=3810 prev_prio=120 prev_state=D|W ==> next_comm=sh next_pid=3811 next_prio=120
         mmcqd/1-116   [000] ...2   213.297006: sched_switch: prev_comm=mmcqd/1 prev_pid=116 prev_prio=120 prev_state=S ==> next_comm=grep next_pid=3809 next_prio=120
           <...>-3809  [000] ...2   213.297247: sched_switch: prev_comm=grep prev_pid=3809 prev_prio=120 prev_state=R+ ==> next_comm=mmcqd/1 next_pid=116 next_prio=120
         mmcqd/1-116   [000] ...1   213.297257: block_rq_complete: 179,0 RA () 876648 + 8 [0]
           <...>-3811  [001] ...2   213.297269: sched_switch: prev_comm=sh prev_pid=3811 prev_prio=120 prev_state=R+ ==> next_comm=app_process next_pid=3810 next_prio=120
         mmcqd/1-116   [000] ...2   213.297275: sched_switch: prev_comm=mmcqd/1 prev_pid=116 prev_prio=120 prev_state=R+ ==> next_comm=kworker/0:1H next_pid=17 next_prio=100
    kworker/0:1H-17    [000] ...2   213.297283: sched_switch: prev_comm=kworker/0:1H prev_pid=17 prev_prio=100 prev_state=S ==> next_comm=mmcqd/1 next_pid=116 next_prio=120
         mmcqd/1-116   [000] ...2   213.297292: sched_switch: prev_comm=mmcqd/1 prev_pid=116 prev_prio=120 prev_state=S ==> next_comm=grep next_pid=3809 next_prio=120
           <...>-3810  [001] d..2   213.297472: block_rq_insert: 179,0 R 0 () 876728 + 8 [app_process]
           <...>-3809  [000] ...2   213.297488: sched_switch: prev_comm=grep prev_pid=3809 prev_prio=120 prev_state=R+ ==> next_comm=mmcqd/1 next_pid=116 next_prio=120
           <...>-3810  [001] ...2   213.297494: sched_switch: prev_comm=app_process prev_pid=3810 prev_prio=120 prev_state=D|W ==> next_comm=sh next_pid=3811 next_prio=120
         mmcqd/1-116   [000] ...2   213.297524: sched_switch: prev_comm=mmcqd/1 prev_pid=116 prev_prio=120 prev_state=S ==> next_comm=grep next_pid=3809 next_prio=120
           <...>-3809  [000] ...2   213.297754: sched_switch: prev_comm=grep prev_pid=3809 prev_prio=120 prev_state=R+ ==> next_comm=mmcqd/1 next_pid=116 next_prio=120
         mmcqd/1-116   [000] ...1   213.297764: block_rq_complete: 179,0 RA () 876728 + 8 [0]
           <...>-3811  [001] ...2   213.297777: sched_switch: prev_comm=sh prev_pid=3811 prev_prio=120 prev_state=R+ ==> next_comm=app_process next_pid=3810 next_prio=120
         mmcqd/1-116   [000] ...2   213.297782: sched_switch: prev_comm=mmcqd/1 prev_pid=116 prev_prio=120 prev_state=R+ ==> next_comm=kworker/0:1H next_pid=17 next_prio=100
    kworker/0:1H-17    [000] ...2   213.297790: sched_switch: prev_comm=kworker/0:1H prev_pid=17 prev_prio=100 prev_state=S ==> next_comm=mmcqd/1 next_pid=116 next_prio=120
         mmcqd/1-116   [000] ...2   213.297799: sched_switch: prev_comm=mmcqd/1 prev_pid=116 prev_prio=120 prev_state=S ==> next_comm=grep next_pid=3809 next_prio=120
           <...>-3810  [001] d..2   213.298007: block_rq_insert: 179,0 R 0 () 1172824 + 16 [app_process]
           <...>-3809  [000] ...2   213.298024: sched_switch: prev_comm=grep prev_pid=3809 prev_prio=120 prev_state=R+ ==> next_comm=mmcqd/1 next_pid=116 next_prio=120
           <...>-3810  [001] ...2   213.298027: sched_switch: prev_comm=app_process prev_pid=3810 prev_prio=120 prev_state=D|W ==> next_comm=sh next_pid=3811 next_prio=120
         mmcqd/1-116   [000] ...2   213.298064: sched_switch: prev_comm=mmcqd/1 prev_pid=116 prev_prio=120 prev_state=S ==> next_comm=grep next_pid=3809 next_prio=120
           <...>-3809  [000] d..2   213.298090: block_rq_insert: 179,0 R 0 () 1189296 + 16 [grep]
           <...>-3809  [000] d..2   213.298094: block_rq_insert: 179,0 R 0 () 1189368 + 24 [grep]
           <...>-3809  [000] d..2   213.298096: block_rq_insert: 179,0 R 0 () 1189464 + 8 [grep]
           <...>-3809  [000] ...2   213.298105: sched_switch: prev_comm=grep prev_pid=3809 prev_prio=120 prev_state=R+ ==> next_comm=mmcqd/1 next_pid=116 next_prio=120
         mmcqd/1-116   [000] ...2   213.298112: sched_switch: prev_comm=mmcqd/1 prev_pid=116 prev_prio=120 prev_state=S ==> next_comm=grep next_pid=3809 next_prio=120
           <...>-3809  [000] ...2   213.298118: sched_switch: prev_comm=grep prev_pid=3809 prev_prio=120 prev_state=D|W ==> next_comm=swapper/0 next_pid=0 next_prio=120
          <idle>-0     [000] ...2   213.298394: sched_switch: prev_comm=swapper/0 prev_pid=0 prev_prio=120 prev_state=R ==> next_comm=mmcqd/1 next_pid=116 next_prio=120
         mmcqd/1-116   [000] ...1   213.298406: block_rq_complete: 179,0 RA () 1172824 + 16 [0]
           <...>-3811  [001] ...2   213.298419: sched_switch: prev_comm=sh prev_pid=3811 prev_prio=120 prev_state=R ==> next_comm=app_process next_pid=3810 next_prio=120
         mmcqd/1-116   [000] ...2   213.298424: sched_switch: prev_comm=mmcqd/1 prev_pid=116 prev_prio=120 prev_state=R+ ==> next_comm=kworker/0:1H next_pid=17 next_prio=100
    kworker/0:1H-17    [000] ...2   213.298431: sched_switch: prev_comm=kworker/0:1H prev_pid=17 prev_prio=100 prev_state=S ==> next_comm=mmcqd/1 next_pid=116 next_prio=120
         mmcqd/1-116   [000] ...2   213.298483: sched_switch: prev_comm=mmcqd/1 prev_pid=116 prev_prio=120 prev_state=S ==> next_comm=swapper/0 next_pid=0 next_prio=120
           <...>-3810  [001] d..2   213.298624: block_rq_insert: 179,0 R 0 () 1186368 + 24 [app_process]
           <...>-3810  [001] ...2   213.298638: sched_switch: prev_comm=app_process prev_pid=3810 prev_prio=120 prev_state=D|W ==> next_comm=sh next_pid=3811 next_prio=120
          <idle>-0     [000] ...2   213.298731: sched_switch: prev_comm=swapper/0 prev_pid=0 prev_prio=120 prev_state=R ==> next_comm=mmcqd/1 next_pid=116 next_prio=120
         mmcqd/1-116   [000] ...1   213.298759: block_rq_complete: 179,0 RA () 1189296 + 16 [0]
         mmcqd/1-116   [000] ...2   213.298778: sched_switch: prev_comm=mmcqd/1 prev_pid=116 prev_prio=120 prev_state=S ==> next_comm=swapper/0 next_pid=0 next_prio=120
          <idle>-0     [000] ...2   213.299227: sched_switch: prev_comm=swapper/0 prev_pid=0 prev_prio=120 prev_state=R ==> next_comm=mmcqd/1 next_pid=116 next_prio=120
         mmcqd/1-116   [000] ...1   213.299254: block_rq_complete: 179,0 RA () 1189368 + 24 [0]
         mmcqd/1-116   [000] ...2   213.299282: sched_switch: prev_comm=mmcqd/1 prev_pid=116 prev_prio=120 prev_state=S ==> next_comm=grep next_pid=3809 next_prio=120
           <...>-3811  [001] ...2   213.299472: sched_switch: prev_comm=sh prev_pid=3811 prev_prio=120 prev_state=R+ ==> next_comm=kworker/1:1 next_pid=3800 next_prio=120
           <...>-3800  [001] ...2   213.299499: sched_switch: prev_comm=kworker/1:1 prev_pid=3800 prev_prio=120 prev_state=S ==> next_comm=sh next_pid=3811 next_prio=120
           <...>-3809  [000] ...2   213.299503: sched_switch: prev_comm=grep prev_pid=3809 prev_prio=120 prev_state=R+ ==> next_comm=adbd next_pid=781 next_prio=120
           <...>-3811  [001] ...2   213.299520: sched_switch: prev_comm=sh prev_pid=3811 prev_prio=120 prev_state=R+ ==> next_comm=kworker/1:1 next_pid=3800 next_prio=120
           <...>-3800  [001] ...2   213.299535: sched_switch: prev_comm=kworker/1:1 prev_pid=3800 prev_prio=120 prev_state=S ==> next_comm=sh next_pid=3811 next_prio=120
            adbd-781   [000] ...2   213.299670: sched_switch: prev_comm=adbd prev_pid=781 prev_prio=120 prev_state=S ==> next_comm=adbd next_pid=783 next_prio=120
            adbd-783   [000] ...2   213.299732: sched_switch: prev_comm=adbd prev_pid=783 prev_prio=120 prev_state=S ==> next_comm=mmcqd/1 next_pid=116 next_prio=120
         mmcqd/1-116   [000] ...1   213.299759: block_rq_complete: 179,0 RA () 1189464 + 8 [0]
         mmcqd/1-116   [000] ...2   213.299771: sched_switch: prev_comm=mmcqd/1 prev_pid=116 prev_prio=120 prev_state=S ==> next_comm=grep next_pid=3809 next_prio=120
           <...>-3811  [001] ...2   213.299956: sched_switch: prev_comm=sh prev_pid=3811 prev_prio=120 prev_state=R+ ==> next_comm=sh next_pid=3806 next_prio=120
           <...>-3809  [000] ...2   213.299959: sched_switch: prev_comm=grep prev_pid=3809 prev_prio=120 prev_state=R+ ==> next_comm=kworker/0:0 next_pid=4 next_prio=120
     kworker/0:0-4     [000] ...2   213.299968: sched_switch: prev_comm=kworker/0:0 prev_pid=4 prev_prio=120 prev_state=S ==> next_comm=grep next_pid=3809 next_prio=120
           <...>-3809  [000] ...3   213.299973: sched_switch: prev_comm=grep prev_pid=3809 prev_prio=120 prev_state=x ==> next_comm=swapper/0 next_pid=0 next_prio=120
          <idle>-0     [000] ...2   213.300064: sched_switch: prev_comm=swapper/0 prev_pid=0 prev_prio=120 prev_state=R ==> next_comm=mmcqd/1 next_pid=116 next_prio=120
         mmcqd/1-116   [000] ...1   213.300077: block_rq_complete: 179,0 RA () 1186368 + 24 [0]
         mmcqd/1-116   [000] ...2   213.300096: sched_switch: prev_comm=mmcqd/1 prev_pid=116 prev_prio=120 prev_state=R+ ==> next_comm=kworker/0:1H next_pid=17 next_prio=100
    kworker/0:1H-17    [000] ...2   213.300103: sched_switch: prev_comm=kworker/0:1H prev_pid=17 prev_prio=100 prev_state=S ==> next_comm=app_process next_pid=3810 next_prio=120
           <...>-3810  [000] d..2   213.300264: block_rq_insert: 179,0 R 0 () 1190912 + 16 [app_process]
           <...>-3810  [000] d..2   213.300267: block_rq_insert: 179,0 R 0 () 1190960 + 88 [app_process]
           <...>-3810  [000] ...2   213.300275: sched_switch: prev_comm=app_process prev_pid=3810 prev_prio=120 prev_state=D|W ==> next_comm=adbd next_pid=784 next_prio=120
            adbd-784   [000] ...2   213.300315: sched_switch: prev_comm=adbd prev_pid=784 prev_prio=120 prev_state=S ==> next_comm=adbd next_pid=781 next_prio=120
            adbd-781   [000] ...2   213.300630: sched_switch: prev_comm=adbd prev_pid=781 prev_prio=120 prev_state=S ==> next_comm=adbd next_pid=783 next_prio=120
           <...>-3806  [001] ...3   213.300673: sched_switch: prev_comm=sh prev_pid=3806 prev_prio=120 prev_state=x ==> next_comm=adbd next_pid=3807 next_prio=120
            adbd-783   [000] ...2   213.300696: sched_switch: prev_comm=adbd prev_pid=783 prev_prio=120 prev_state=S ==> next_comm=kworker/0:0 next_pid=4 next_prio=120
     kworker/0:0-4     [000] ...2   213.300706: sched_switch: prev_comm=kworker/0:0 prev_pid=4 prev_prio=120 prev_state=S ==> next_comm=mmcqd/1 next_pid=116 next_prio=120
         mmcqd/1-116   [000] ...2   213.300774: sched_switch: prev_comm=mmcqd/1 prev_pid=116 prev_prio=120 prev_state=S ==> next_comm=adbd next_pid=781 next_prio=120
           <...>-3807  [001] ...3   213.300843: sched_switch: prev_comm=adbd prev_pid=3807 prev_prio=120 prev_state=x ==> next_comm=kworker/1:1 next_pid=3800 next_prio=120
           <...>-3800  [001] ...2   213.300857: sched_switch: prev_comm=kworker/1:1 prev_pid=3800 prev_prio=120 prev_state=S ==> next_comm=sh next_pid=3811 next_prio=120
            adbd-781   [000] ...2   213.300875: sched_switch: prev_comm=adbd prev_pid=781 prev_prio=120 prev_state=S ==> next_comm=swapper/0 next_pid=0 next_prio=120
           <...>-3811  [001] ...2   213.301050: sched_switch: prev_comm=sh prev_pid=3811 prev_prio=120 prev_state=R+ ==> next_comm=adbd next_pid=3812 next_prio=120
          <idle>-0     [000] ...2   213.301075: sched_switch: prev_comm=swapper/0 prev_pid=0 prev_prio=120 prev_state=R ==> next_comm=ksoftirqd/0 next_pid=3 next_prio=120
     ksoftirqd/0-3     [000] ...2   213.301087: sched_switch: prev_comm=ksoftirqd/0 prev_pid=3 prev_prio=120 prev_state=S ==> next_comm=kworker/0:0 next_pid=4 next_prio=120
     kworker/0:0-4     [000] ...2   213.301133: sched_switch: prev_comm=kworker/0:0 prev_pid=4 prev_prio=120 prev_state=S ==> next_comm=adbd next_pid=784 next_prio=120
            adbd-784   [000] ...2   213.301152: sched_switch: prev_comm=adbd prev_pid=784 prev_prio=120 prev_state=D ==> next_comm=mmcqd/1 next_pid=116 next_prio=120
         mmcqd/1-116   [000] ...1   213.301180: block_rq_complete: 179,0 RA () 1190912 + 16 [0]
           <...>-3812  [001] ...3   213.301190: sched_switch: prev_comm=adbd prev_pid=3812 prev_prio=120 prev_state=x ==> next_comm=adbd next_pid=781 next_prio=120
         mmcqd/1-116   [000] ...2   213.301194: sched_switch: prev_comm=mmcqd/1 prev_pid=116 prev_prio=120 prev_state=S ==> next_comm=adbd next_pid=784 next_prio=120
            adbd-784   [000] ...2   213.301206: sched_switch: prev_comm=adbd prev_pid=784 prev_prio=120 prev_state=S ==> next_comm=swapper/0 next_pid=0 next_prio=120
          <idle>-0     [000] ...2   213.301235: sched_switch: prev_comm=swapper/0 prev_pid=0 prev_prio=120 prev_state=R ==> next_comm=ksoftirqd/0 next_pid=3 next_prio=120
     ksoftirqd/0-3     [000] ...2   213.301249: sched_switch: prev_comm=ksoftirqd/0 prev_pid=3 prev_prio=120 prev_state=S ==> next_comm=swapper/0 next_pid=0 next_prio=120
          <idle>-0     [000] ...2   213.301251: sched_switch: prev_comm=swapper/0 prev_pid=0 prev_prio=120 prev_state=R ==> next_comm=adbd next_pid=784 next_prio=120
            adbd-784   [000] ...2   213.301273: sched_switch: prev_comm=adbd prev_pid=784 prev_prio=120 prev_state=S ==> next_comm=swapper/0 next_pid=0 next_prio=120
          <idle>-0     [000] ...2   213.301289: sched_switch: prev_comm=swapper/0 prev_pid=0 prev_prio=120 prev_state=R ==> next_comm=ksoftirqd/0 next_pid=3 next_prio=120
     ksoftirqd/0-3     [000] ...2   213.301294: sched_switch: prev_comm=ksoftirqd/0 prev_pid=3 prev_prio=120 prev_state=S ==> next_comm=swapper/0 next_pid=0 next_prio=120
          <idle>-0     [000] ...2   213.301309: sched_switch: prev_comm=swapper/0 prev_pid=0 prev_prio=120 prev_state=R ==> next_comm=adbd next_pid=783 next_prio=120
            adbd-783   [000] ...2   213.301314: sched_switch: prev_comm=adbd prev_pid=783 prev_prio=120 prev_state=S ==> next_comm=swapper/0 next_pid=0 next_prio=120
          <idle>-0     [000] ...2   213.301377: sched_switch: prev_comm=swapper/0 prev_pid=0 prev_prio=120 prev_state=R ==> next_comm=adbd next_pid=783 next_prio=120
            adbd-783   [000] ...2   213.301383: sched_switch: prev_comm=adbd prev_pid=783 prev_prio=120 prev_state=S ==> next_comm=swapper/0 next_pid=0 next_prio=120
            adbd-781   [001] ...2   213.301455: sched_switch: prev_comm=adbd prev_pid=781 prev_prio=120 prev_state=S ==> next_comm=sh next_pid=3811 next_prio=120
           <...>-3811  [001] ...3   213.301467: sched_switch: prev_comm=sh prev_pid=3811 prev_prio=120 prev_state=x ==> next_comm=swapper/1 next_pid=0 next_prio=120
          <idle>-0     [001] ...2   213.301494: sched_switch: prev_comm=swapper/1 prev_pid=0 prev_prio=120 prev_state=R ==> next_comm=ksoftirqd/1 next_pid=3799 next_prio=120
           <...>-3799  [001] ...2   213.301529: sched_switch: prev_comm=ksoftirqd/1 prev_pid=3799 prev_prio=120 prev_state=S ==> next_comm=swapper/1 next_pid=0 next_prio=120
          <idle>-0     [001] ...2   213.301554: sched_switch: prev_comm=swapper/1 prev_pid=0 prev_prio=120 prev_state=R ==> next_comm=ksoftirqd/1 next_pid=3799 next_prio=120
           <...>-3799  [001] ...2   213.301567: sched_switch: prev_comm=ksoftirqd/1 prev_pid=3799 prev_prio=120 prev_state=S ==> next_comm=swapper/1 next_pid=0 next_prio=120
          <idle>-0     [001] ...2   213.301589: sched_switch: prev_comm=swapper/1 prev_pid=0 prev_prio=120 prev_state=R ==> next_comm=ksoftirqd/1 next_pid=3799 next_prio=120
           <...>-3799  [001] ...2   213.301679: sched_switch: prev_comm=ksoftirqd/1 prev_pid=3799 prev_prio=120 prev_state=S ==> next_comm=swapper/1 next_pid=0 next_prio=120
          <idle>-0     [001] ...2   213.301702: sched_switch: prev_comm=swapper/1 prev_pid=0 prev_prio=120 prev_state=R ==> next_comm=ksoftirqd/1 next_pid=3799 next_prio=120
           <...>-3799  [001] ...2   213.301720: sched_switch: prev_comm=ksoftirqd/1 prev_pid=3799 prev_prio=120 prev_state=S ==> next_comm=swapper/1 next_pid=0 next_prio=120
          <idle>-0     [001] ...2   213.301741: sched_switch: prev_comm=swapper/1 prev_pid=0 prev_prio=120 prev_state=R ==> next_comm=ksoftirqd/1 next_pid=3799 next_prio=120
           <...>-3799  [001] ...2   213.301761: sched_switch: prev_comm=ksoftirqd/1 prev_pid=3799 prev_prio=120 prev_state=S ==> next_comm=swapper/1 next_pid=0 next_prio=120
          <idle>-0     [001] ...2   213.301780: sched_switch: prev_comm=swapper/1 prev_pid=0 prev_prio=120 prev_state=R ==> next_comm=ksoftirqd/1 next_pid=3799 next_prio=120
           <...>-3799  [001] ...2   213.301792: sched_switch: prev_comm=ksoftirqd/1 prev_pid=3799 prev_prio=120 prev_state=S ==> next_comm=swapper/1 next_pid=0 next_prio=120
          <idle>-0     [000] ...2   213.301815: sched_switch: prev_comm=swapper/0 prev_pid=0 prev_prio=120 prev_state=R ==> next_comm=mmcqd/1 next_pid=116 next_prio=120
         mmcqd/1-116   [000] ...1   213.301843: block_rq_complete: 179,0 RA () 1190960 + 88 [0]
         mmcqd/1-116   [000] ...2   213.301864: sched_switch: prev_comm=mmcqd/1 prev_pid=116 prev_prio=120 prev_state=R+ ==> next_comm=kworker/0:1H next_pid=17 next_prio=100
    kworker/0:1H-17    [000] ...2   213.301872: sched_switch: prev_comm=kworker/0:1H prev_pid=17 prev_prio=100 prev_state=S ==> next_comm=app_process next_pid=3810 next_prio=120
           <...>-3810  [000] d..2   213.301996: block_rq_insert: 179,0 R 0 () 1191096 + 8 [app_process]
           <...>-3810  [000] ...2   213.302004: sched_switch: prev_comm=app_process prev_pid=3810 prev_prio=120 prev_state=D|W ==> next_comm=mmcqd/1 next_pid=116 next_prio=120
         mmcqd/1-116   [000] ...2   213.302045: sched_switch: prev_comm=mmcqd/1 prev_pid=116 prev_prio=120 prev_state=S ==> next_comm=swapper/0 next_pid=0 next_prio=120
          <idle>-0     [000] ...2   213.302290: sched_switch: prev_comm=swapper/0 prev_pid=0 prev_prio=120 prev_state=R ==> next_comm=mmcqd/1 next_pid=116 next_prio=120
         mmcqd/1-116   [000] ...1   213.302300: block_rq_complete: 179,0 RA () 1191096 + 8 [0]
         mmcqd/1-116   [000] ...2   213.302317: sched_switch: prev_comm=mmcqd/1 prev_pid=116 prev_prio=120 prev_state=R+ ==> next_comm=kworker/0:1H next_pid=17 next_prio=100
    kworker/0:1H-17    [000] ...2   213.302324: sched_switch: prev_comm=kworker/0:1H prev_pid=17 prev_prio=100 prev_state=S ==> next_comm=mmcqd/1 next_pid=116 next_prio=120
         mmcqd/1-116   [000] ...2   213.302333: sched_switch: prev_comm=mmcqd/1 prev_pid=116 prev_prio=120 prev_state=S ==> next_comm=app_process next_pid=3810 next_prio=120
           <...>-3810  [000] d..2   213.302564: block_rq_insert: 179,0 R 0 () 1197384 + 8 [app_process]
           <...>-3810  [000] d..2   213.302567: block_rq_insert: 179,0 R 0 () 1197408 + 8 [app_process]
           <...>-3810  [000] d..2   213.302569: block_rq_insert: 179,0 R 0 () 1197440 + 8 [app_process]
           <...>-3810  [000] d..2   213.302570: block_rq_insert: 179,0 R 0 () 1197464 + 16 [app_process]
           <...>-3810  [000] ...2   213.302581: sched_switch: prev_comm=app_process prev_pid=3810 prev_prio=120 prev_state=D|W ==> next_comm=mmcqd/1 next_pid=116 next_prio=120
         mmcqd/1-116   [000] ...2   213.302624: sched_switch: prev_comm=mmcqd/1 prev_pid=116 prev_prio=120 prev_state=S ==> next_comm=swapper/0 next_pid=0 next_prio=120
          <idle>-0     [000] ...2   213.302853: sched_switch: prev_comm=swapper/0 prev_pid=0 prev_prio=120 prev_state=R ==> next_comm=mmcqd/1 next_pid=116 next_prio=120
         mmcqd/1-116   [000] ...1   213.302879: block_rq_complete: 179,0 RA () 1197384 + 8 [0]
         mmcqd/1-116   [000] ...2   213.302898: sched_switch: prev_comm=mmcqd/1 prev_pid=116 prev_prio=120 prev_state=S ==> next_comm=swapper/0 next_pid=0 next_prio=120
          <idle>-0     [000] ...2   213.303139: sched_switch: prev_comm=swapper/0 prev_pid=0 prev_prio=120 prev_state=R ==> next_comm=mmcqd/1 next_pid=116 next_prio=120
         mmcqd/1-116   [000] ...1   213.303164: block_rq_complete: 179,0 RA () 1197408 + 8 [0]
         mmcqd/1-116   [000] ...2   213.303185: sched_switch: prev_comm=mmcqd/1 prev_pid=116 prev_prio=120 prev_state=S ==> next_comm=swapper/0 next_pid=0 next_prio=120
          <idle>-0     [000] ...2   213.303408: sched_switch: prev_comm=swapper/0 prev_pid=0 prev_prio=120 prev_state=R ==> next_comm=mmcqd/1 next_pid=116 next_prio=120
         mmcqd/1-116   [000] ...1   213.303433: block_rq_complete: 179,0 RA () 1197440 + 8 [0]
         mmcqd/1-116   [000] ...2   213.303444: sched_switch: prev_comm=mmcqd/1 prev_pid=116 prev_prio=120 prev_state=S ==> next_comm=swapper/0 next_pid=0 next_prio=120
          <idle>-0     [000] ...2   213.303731: sched_switch: prev_comm=swapper/0 prev_pid=0 prev_prio=120 prev_state=R ==> next_comm=mmcqd/1 next_pid=116 next_prio=120
         mmcqd/1-116   [000] ...1   213.303742: block_rq_complete: 179,0 RA () 1197464 + 16 [0]
         mmcqd/1-116   [000] ...2   213.303759: sched_switch: prev_comm=mmcqd/1 prev_pid=116 prev_prio=120 prev_state=R+ ==> next_comm=kworker/0:1H next_pid=17 next_prio=100
    kworker/0:1H-17    [000] ...2   213.303766: sched_switch: prev_comm=kworker/0:1H prev_pid=17 prev_prio=100 prev_state=S ==> next_comm=mmcqd/1 next_pid=116 next_prio=120
         mmcqd/1-116   [000] ...2   213.303775: sched_switch: prev_comm=mmcqd/1 prev_pid=116 prev_prio=120 prev_state=S ==> next_comm=app_process next_pid=3810 next_prio=120
           <...>-3810  [000] d..2   213.303899: block_rq_insert: 179,0 R 0 () 1199856 + 104 [app_process]
