# tracer: nop
#
# entries-in-buffer/entries-written: 7689/7689   #P:1
#
#                              _-----=> irqs-off
#                             / _----=> need-resched
#                            | / _---=> hardirq/softirq
#                            || / _--=> preempt-depth
#                            ||| /     delay
#           TASK-PID   CPU#  ||||    TIMESTAMP  FUNCTION
#              | |       |   ||||       |         |
          <idle>-0     [001] ...2   225.842794: sched_switch: prev_comm=swapper/1 prev_pid=0 prev_prio=120 prev_state=R ==> next_comm=sh next_pid=4072 next_prio=120
           <...>-4060  [000] ...2   225.842871: sched_switch: prev_comm=sh prev_pid=4060 prev_prio=120 prev_state=S ==> next_comm=swapper/0 next_pid=0 next_prio=120
          <idle>-0     [000] ...2   225.842894: sched_switch: prev_comm=swapper/0 prev_pid=0 prev_prio=120 prev_state=R ==> next_comm=ksoftirqd/0 next_pid=3 next_prio=120
     ksoftirqd/0-3     [000] ...2   225.842906: sched_switch: prev_comm=ksoftirqd/0 prev_pid=3 prev_prio=120 prev_state=S ==> next_comm=swapper/0 next_pid=0 next_prio=120
          <idle>-0     [000] ...2   225.842922: sched_switch: prev_comm=swapper/0 prev_pid=0 prev_prio=120 prev_state=R ==> next_comm=ksoftirqd/0 next_pid=3 next_prio=120
     ksoftirqd/0-3     [000] ...2   225.842930: sched_switch: prev_comm=ksoftirqd/0 prev_pid=3 prev_prio=120 prev_state=S ==> next_comm=swapper/0 next_pid=0 next_prio=120
           <...>-4072  [001] ...2   225.843074: sched_switch: prev_comm=sh prev_pid=4072 prev_prio=120 prev_state=R+ ==> next_comm=migration/1 next_pid=4056 next_prio=0
           <...>-4056  [001] ...2   225.843088: sched_switch: prev_comm=migration/1 prev_pid=4056 prev_prio=0 prev_state=S ==> next_comm=swapper/1 next_pid=0 next_prio=120
          <idle>-0     [000] ...2   225.843093: sched_switch: prev_comm=swapper/0 prev_pid=0 prev_prio=120 prev_state=R ==> next_comm=sh next_pid=4072 next_prio=120
           <...>-4072  [000] d..2   225.843162: block_rq_insert: 179,0 R 0 () 722984 + 8 [sh]
           <...>-4072  [000] ...2   225.843179: sched_switch: prev_comm=sh prev_pid=4072 prev_prio=120 prev_state=R+ ==> next_comm=mmcqd/1 next_pid=116 next_prio=120
         mmcqd/1-116   [000] ...2   225.843245: sched_switch: prev_comm=mmcqd/1 prev_pid=116 prev_prio=120 prev_state=S ==> next_comm=sh next_pid=4072 next_prio=120
           <...>-4072  [000] ...2   225.843252: sched_switch: prev_comm=sh prev_pid=4072 prev_prio=120 prev_state=D|W ==> next_comm=swapper/0 next_pid=0 next_prio=120
          <idle>-0     [000] ...2   225.843613: sched_switch: prev_comm=swapper/0 prev_pid=0 prev_prio=120 prev_state=R ==> next_comm=mmcqd/1 next_pid=116 next_prio=120
         mmcqd/1-116   [000] ...1   225.843625: block_rq_complete: 179,0 RA () 722984 + 8 [0]
         mmcqd/1-116   [000] ...2   225.843651: sched_switch: prev_comm=mmcqd/1 prev_pid=116 prev_prio=120 prev_state=R+ ==> next_comm=kworker/0:1H next_pid=17 next_prio=100
    kworker/0:1H-17    [000] ...2   225.843661: sched_switch: prev_comm=kworker/0:1H prev_pid=17 prev_prio=100 prev_state=S ==> next_comm=mmcqd/1 next_pid=116 next_prio=120
         mmcqd/1-116   [000] ...2   225.843672: sched_switch: prev_comm=mmcqd/1 prev_pid=116 prev_prio=120 prev_state=S ==> next_comm=sh next_pid=4072 next_prio=120
           <...>-4072  [000] ...2   225.846525: sched_switch: prev_comm=am prev_pid=4072 prev_prio=120 prev_state=R+ ==> next_comm=migration/0 next_pid=8 next_prio=0
           <...>-8     [000] ...2   225.846542: sched_switch: prev_comm=migration/0 prev_pid=8 prev_prio=0 prev_state=S ==> next_comm=swapper/0 next_pid=0 next_prio=120
          <idle>-0     [001] ...2   225.846546: sched_switch: prev_comm=swapper/1 prev_pid=0 prev_prio=120 prev_state=R ==> next_comm=am next_pid=4072 next_prio=120
           <...>-4072  [001] d..2   225.847087: block_rq_insert: 179,0 R 0 () 1172184 + 112 [app_process]
          <idle>-0     [000] ...2   225.847102: sched_switch: prev_comm=swapper/0 prev_pid=0 prev_prio=120 prev_state=R ==> next_comm=mmcqd/1 next_pid=116 next_prio=120
           <...>-4072  [001] ...2   225.847102: sched_switch: prev_comm=app_process prev_pid=4072 prev_prio=120 prev_state=D|W ==> next_comm=swapper/1 next_pid=0 next_prio=120
          <idle>-0     [001] ...2   225.847120: sched_switch: prev_comm=swapper/1 prev_pid=0 prev_prio=120 prev_state=R ==> next_comm=ksoftirqd/1 next_pid=4059 next_prio=120
           <...>-4059  [001] ...2   225.847131: sched_switch: prev_comm=ksoftirqd/1 prev_pid=4059 prev_prio=120 prev_state=S ==> next_comm=swapper/1 next_pid=0 next_prio=120
          <idle>-0     [001] ...2   225.847146: sched_switch: prev_comm=swapper/1 prev_pid=0 prev_prio=120 prev_state=R ==> next_comm=ksoftirqd/1 next_pid=4059 next_prio=120
           <...>-4059  [001] ...2   225.847153: sched_switch: prev_comm=ksoftirqd/1 prev_pid=4059 prev_prio=120 prev_state=S ==> next_comm=swapper/1 next_pid=0 next_prio=120
          <idle>-0     [001] ...2   225.847165: sched_switch: prev_comm=swapper/1 prev_pid=0 prev_prio=120 prev_state=R ==> next_comm=ksoftirqd/1 next_pid=4059 next_prio=120
         mmcqd/1-116   [000] ...2   225.847168: sched_switch: prev_comm=mmcqd/1 prev_pid=116 prev_prio=120 prev_state=S ==> next_comm=swapper/0 next_pid=0 next_prio=120
           <...>-4059  [001] ...2   225.847172: sched_switch: prev_comm=ksoftirqd/1 prev_pid=4059 prev_prio=120 prev_state=S ==> next_comm=swapper/1 next_pid=0 next_prio=120
          <idle>-0     [000] ...2   225.847995: sched_switch: prev_comm=swapper/0 prev_pid=0 prev_prio=120 prev_state=R ==> next_comm=mmcqd/1 next_pid=116 next_prio=120
         mmcqd/1-116   [000] ...1   225.848026: block_rq_complete: 179,0 RA () 1172184 + 112 [0]
          <idle>-0     [001] ...2   225.848041: sched_switch: prev_comm=swapper/1 prev_pid=0 prev_prio=120 prev_state=R ==> next_comm=app_process next_pid=4072 next_prio=120
         mmcqd/1-116   [000] ...2   225.848049: sched_switch: prev_comm=mmcqd/1 prev_pid=116 prev_prio=120 prev_state=R+ ==> next_comm=kworker/0:1H next_pid=17 next_prio=100
    kworker/0:1H-17    [000] ...2   225.848056: sched_switch: prev_comm=kworker/0:1H prev_pid=17 prev_prio=100 prev_state=S ==> next_comm=mmcqd/1 next_pid=116 next_prio=120
         mmcqd/1-116   [000] ...2   225.848067: sched_switch: prev_comm=mmcqd/1 prev_pid=116 prev_prio=120 prev_state=S ==> next_comm=swapper/0 next_pid=0 next_prio=120
           <...>-4072  [001] d..2   225.848152: block_rq_insert: 179,0 R 0 () 1187608 + 64 [app_process]
           <...>-4072  [001] ...2   225.848165: sched_switch: prev_comm=app_process prev_pid=4072 prev_prio=120 prev_state=D|W ==> next_comm=swapper/1 next_pid=0 next_prio=120
          <idle>-0     [000] ...2   225.848165: sched_switch: prev_comm=swapper/0 prev_pid=0 prev_prio=120 prev_state=R ==> next_comm=mmcqd/1 next_pid=116 next_prio=120
         mmcqd/1-116   [000] ...2   225.848214: sched_switch: prev_comm=mmcqd/1 prev_pid=116 prev_prio=120 prev_state=S ==> next_comm=swapper/0 next_pid=0 next_prio=120
          <idle>-0     [000] ...2   225.848737: sched_switch: prev_comm=swapper/0 prev_pid=0 prev_prio=120 prev_state=R ==> next_comm=mmcqd/1 next_pid=116 next_prio=120
         mmcqd/1-116   [000] ...1   225.848758: block_rq_complete: 179,0 RA () 1187608 + 64 [0]
          <idle>-0     [001] ...2   225.848770: sched_switch: prev_comm=swapper/1 prev_pid=0 prev_prio=120 prev_state=R ==> next_comm=app_process next_pid=4072 next_prio=120
         mmcqd/1-116   [000] ...2   225.848778: sched_switch: prev_comm=mmcqd/1 prev_pid=116 prev_prio=120 prev_state=R+ ==> next_comm=kworker/0:1H next_pid=17 next_prio=100
    kworker/0:1H-17    [000] ...2   225.848785: sched_switch: prev_comm=kworker/0:1H prev_pid=17 prev_prio=100 prev_state=S ==> next_comm=mmcqd/1 next_pid=116 next_prio=120
         mmcqd/1-116   [000] ...2   225.848795: sched_switch: prev_comm=mmcqd/1 prev_pid=116 prev_prio=120 prev_state=S ==> next_comm=swapper/0 next_pid=0 next_prio=120
           <...>-4072  [001] d..2   225.848955: block_rq_insert: 179,0 R 0 () 1196504 + 8 [app_process]
           <...>-4072  [001] ...2   225.848968: sched_switch: prev_comm=app_process prev_pid=4072 prev_prio=120 prev_state=D|W ==> next_comm=swapper/1 next_pid=0 next_prio=120
          <idle>-0     [000] ...2   225.848968: sched_switch: prev_comm=swapper/0 prev_pid=0 prev_prio=120 prev_state=R ==> next_comm=mmcqd/1 next_pid=116 next_prio=120
         mmcqd/1-116   [000] ...2   225.849002: sched_switch: prev_comm=mmcqd/1 prev_pid=116 prev_prio=120 prev_state=S ==> next_comm=swapper/0 next_pid=0 next_prio=120
          <idle>-0     [000] ...2   225.849240: sched_switch: prev_comm=swapper/0 prev_pid=0 prev_prio=120 prev_state=R ==> next_comm=mmcqd/1 next_pid=116 next_prio=120
         mmcqd/1-116   [000] ...1   225.849249: block_rq_complete: 179,0 RA () 1196504 + 8 [0]
          <idle>-0     [001] ...2   225.849261: sched_switch: prev_comm=swapper/1 prev_pid=0 prev_prio=120 prev_state=R ==> next_comm=app_process next_pid=4072 next_prio=120
         mmcqd/1-116   [000] ...2   225.849265: sched_switch: prev_comm=mmcqd/1 prev_pid=116 prev_prio=120 prev_state=R+ ==> next_comm=kworker/0:1H next_pid=17 next_prio=100
    kworker/0:1H-17    [000] ...2   225.849272: sched_switch: prev_comm=kworker/0:1H prev_pid=17 prev_prio=100 prev_state=S ==> next_comm=mmcqd/1 next_pid=116 next_prio=120
         mmcqd/1-116   [000] ...2   225.849281: sched_switch: prev_comm=mmcqd/1 prev_pid=116 prev_prio=120 prev_state=S ==> next_comm=swapper/0 next_pid=0 next_prio=120
           <...>-4072  [001] d..2   225.849361: block_rq_insert: 179,0 R 0 () 1210368 + 8 [app_process]
           <...>-4072  [001] ...2   225.849373: sched_switch: prev_comm=app_process prev_pid=4072 prev_prio=120 prev_state=D|W ==> next_comm=swapper/1 next_pid=0 next_prio=120
          <idle>-0     [000] ...2   225.849374: sched_switch: prev_comm=swapper/0 prev_pid=0 prev_prio=120 prev_state=R ==> next_comm=mmcqd/1 next_pid=116 next_prio=120
         mmcqd/1-116   [000] ...2   225.849407: sched_switch: prev_comm=mmcqd/1 prev_pid=116 prev_prio=120 prev_state=S ==> next_comm=swapper/0 next_pid=0 next_prio=120
          <idle>-0     [000] ...2   225.849635: sched_switch: prev_comm=swapper/0 prev_pid=0 prev_prio=120 prev_state=R ==> next_comm=mmcqd/1 next_pid=116 next_prio=120
         mmcqd/1-116   [000] ...1   225.849644: block_rq_complete: 179,0 RA () 1210368 + 8 [0]
          <idle>-0     [001] ...2   225.849656: sched_switch: prev_comm=swapper/1 prev_pid=0 prev_prio=120 prev_state=R ==> next_comm=app_process next_pid=4072 next_prio=120
         mmcqd/1-116   [000] ...2   225.849660: sched_switch: prev_comm=mmcqd/1 prev_pid=116 prev_prio=120 prev_state=R+ ==> next_comm=kworker/0:1H next_pid=17 next_prio=100
    kworker/0:1H-17    [000] ...2   225.849667: sched_switch: prev_comm=kworker/0:1H prev_pid=17 prev_prio=100 prev_state=S ==> next_comm=mmcqd/1 next_pid=116 next_prio=120
         mmcqd/1-116   [000] ...2   225.849675: sched_switch: prev_comm=mmcqd/1 prev_pid=116 prev_prio=120 prev_state=S ==> next_comm=swapper/0 next_pid=0 next_prio=120
           <...>-4072  [001] d..2   225.849908: block_rq_insert: 179,0 R 0 () 1261264 + 16 [app_process]
          <idle>-0     [000] ...2   225.849921: sched_switch: prev_comm=swapper/0 prev_pid=0 prev_prio=120 prev_state=R ==> next_comm=mmcqd/1 next_pid=116 next_prio=120
           <...>-4072  [001] ...2   225.849921: sched_switch: prev_comm=app_process prev_pid=4072 prev_prio=120 prev_state=D|W ==> next_comm=swapper/1 next_pid=0 next_prio=120
         mmcqd/1-116   [000] ...2   225.849956: sched_switch: prev_comm=mmcqd/1 prev_pid=116 prev_prio=120 prev_state=S ==> next_comm=swapper/0 next_pid=0 next_prio=120
          <idle>-0     [000] ...2   225.850229: sched_switch: prev_comm=swapper/0 prev_pid=0 prev_prio=120 prev_state=R ==> next_comm=mmcqd/1 next_pid=116 next_prio=120
         mmcqd/1-116   [000] ...1   225.850239: block_rq_complete: 179,0 RA () 1261264 + 16 [0]
          <idle>-0     [001] ...2   225.850251: sched_switch: prev_comm=swapper/1 prev_pid=0 prev_prio=120 prev_state=R ==> next_comm=app_process next_pid=4072 next_prio=120
         mmcqd/1-116   [000] ...2   225.850255: sched_switch: prev_comm=mmcqd/1 prev_pid=116 prev_prio=120 prev_state=R+ ==> next_comm=kworker/0:1H next_pid=17 next_prio=100
    kworker/0:1H-17    [000] ...2   225.850262: sched_switch: prev_comm=kworker/0:1H prev_pid=17 prev_prio=100 prev_state=S ==> next_comm=mmcqd/1 next_pid=116 next_prio=120
         mmcqd/1-116   [000] ...2   225.850271: sched_switch: prev_comm=mmcqd/1 prev_pid=116 prev_prio=120 prev_state=S ==> next_comm=swapper/0 next_pid=0 next_prio=120
           <...>-4072  [001] d..2   225.850381: block_rq_insert: 179,0 R 0 () 875136 + 48 [app_process]
           <...>-4072  [001] d..2   225.850384: block_rq_insert: 179,0 R 0 () 875192 + 80 [app_process]
           <...>-4072  [001] ...2   225.850396: sched_switch: prev_comm=app_process prev_pid=4072 prev_prio=120 prev_state=D|W ==> next_comm=swapper/1 next_pid=0 next_prio=120
          <idle>-0     [000] ...2   225.850397: sched_switch: prev_comm=swapper/0 prev_pid=0 prev_prio=120 prev_state=R ==> next_comm=mmcqd/1 next_pid=116 next_prio=120
         mmcqd/1-116   [000] ...2   225.850463: sched_switch: prev_comm=mmcqd/1 prev_pid=116 prev_prio=120 prev_state=S ==> next_comm=swapper/0 next_pid=0 next_prio=120
          <idle>-0     [000] ...2   225.850864: sched_switch: prev_comm=swapper/0 prev_pid=0 prev_prio=120 prev_state=R ==> next_comm=mmcqd/1 next_pid=116 next_prio=120
         mmcqd/1-116   [000] ...1   225.850897: block_rq_complete: 179,0 RA () 875136 + 48 [0]
         mmcqd/1-116   [000] ...2   225.850910: sched_switch: prev_comm=mmcqd/1 prev_pid=116 prev_prio=120 prev_state=S ==> next_comm=swapper/0 next_pid=0 next_prio=120
          <idle>-0     [001] ...2   225.851055: sched_switch: prev_comm=swapper/1 prev_pid=0 prev_prio=120 prev_state=R ==> next_comm=ksoftirqd/1 next_pid=4059 next_prio=120
          <idle>-0     [000] ...2   225.851062: sched_switch: prev_comm=swapper/0 prev_pid=0 prev_prio=120 prev_state=R ==> next_comm=ksoftirqd/0 next_pid=3 next_prio=120
     ksoftirqd/0-3     [000] ...2   225.851068: sched_switch: prev_comm=ksoftirqd/0 prev_pid=3 prev_prio=120 prev_state=S ==> next_comm=swapper/0 next_pid=0 next_prio=120
           <...>-4059  [001] ...2   225.851069: sched_switch: prev_comm=ksoftirqd/1 prev_pid=4059 prev_prio=120 prev_state=S ==> next_comm=swapper/1 next_pid=0 next_prio=120
          <idle>-0     [001] ...2   225.851084: sched_switch: prev_comm=swapper/1 prev_pid=0 prev_prio=120 prev_state=R ==> next_comm=ksoftirqd/1 next_pid=4059 next_prio=120
          <idle>-0     [000] ...2   225.851085: sched_switch: prev_comm=swapper/0 prev_pid=0 prev_prio=120 prev_state=R ==> next_comm=ksoftirqd/0 next_pid=3 next_prio=120
           <...>-4059  [001] ...2   225.851094: sched_switch: prev_comm=ksoftirqd/1 prev_pid=4059 prev_prio=120 prev_state=S ==> next_comm=swapper/1 next_pid=0 next_prio=120
     ksoftirqd/0-3     [000] ...2   225.851099: sched_switch: prev_comm=ksoftirqd/0 prev_pid=3 prev_prio=120 prev_state=S ==> next_comm=swapper/0 next_pid=0 next_prio=120
          <idle>-0     [000] ...2   225.851114: sched_switch: prev_comm=swapper/0 prev_pid=0 prev_prio=120 prev_state=R ==> next_comm=ksoftirqd/0 next_pid=3 next_prio=120
     ksoftirqd/0-3     [000] ...2   225.851120: sched_switch: prev_comm=ksoftirqd/0 prev_pid=3 prev_prio=120 prev_state=S ==> next_comm=swapper/0 next_pid=0 next_prio=120
          <idle>-0     [000] ...2   225.851134: sched_switch: prev_comm=swapper/0 prev_pid=0 prev_prio=120 prev_state=R ==> next_comm=ksoftirqd/0 next_pid=3 next_prio=120
     ksoftirqd/0-3     [000] ...2   225.851143: sched_switch: prev_comm=ksoftirqd/0 prev_pid=3 prev_prio=120 prev_state=S ==> next_comm=swapper/0 next_pid=0 next_prio=120
          <idle>-0     [000] ...2   225.851157: sched_switch: prev_comm=swapper/0 prev_pid=0 prev_prio=120 prev_state=R ==> next_comm=ksoftirqd/0 next_pid=3 next_prio=120
     ksoftirqd/0-3     [000] ...2   225.851164: sched_switch: prev_comm=ksoftirqd/0 prev_pid=3 prev_prio=120 prev_state=S ==> next_comm=swapper/0 next_pid=0 next_prio=120
          <idle>-0     [000] ...2   225.851177: sched_switch: prev_comm=swapper/0 prev_pid=0 prev_prio=120 prev_state=R ==> next_comm=ksoftirqd/0 next_pid=3 next_prio=120
     ksoftirqd/0-3     [000] ...2   225.851183: sched_switch: prev_comm=ksoftirqd/0 prev_pid=3 prev_prio=120 prev_state=S ==> next_comm=swapper/0 next_pid=0 next_prio=120
          <idle>-0     [000] ...2   225.851598: sched_switch: prev_comm=swapper/0 prev_pid=0 prev_prio=120 prev_state=R ==> next_comm=adbd next_pid=784 next_prio=120
            adbd-784   [000] ...2   225.851617: sched_switch: prev_comm=adbd prev_pid=784 prev_prio=120 prev_state=S ==> next_comm=mmcqd/1 next_pid=116 next_prio=120
         mmcqd/1-116   [000] ...1   225.851642: block_rq_complete: 179,0 RA () 875192 + 80 [0]
          <idle>-0     [001] ...2   225.851656: sched_switch: prev_comm=swapper/1 prev_pid=0 prev_prio=120 prev_state=R ==> next_comm=app_process next_pid=4072 next_prio=120
         mmcqd/1-116   [000] ...2   225.851662: sched_switch: prev_comm=mmcqd/1 prev_pid=116 prev_prio=120 prev_state=R+ ==> next_comm=kworker/0:1H next_pid=17 next_prio=100
    kworker/0:1H-17    [000] ...2   225.851669: sched_switch: prev_comm=kworker/0:1H prev_pid=17 prev_prio=100 prev_state=S ==> next_comm=mmcqd/1 next_pid=116 next_prio=120
         mmcqd/1-116   [000] ...2   225.851677: sched_switch: prev_comm=mmcqd/1 prev_pid=116 prev_prio=120 prev_state=S ==> next_comm=swapper/0 next_pid=0 next_prio=120
          <idle>-0     [000] ...2   225.851739: sched_switch: prev_comm=swapper/0 prev_pid=0 prev_prio=120 prev_state=R ==> next_comm=adbd next_pid=784 next_prio=120
           <...>-4072  [001] d..2   225.851785: block_rq_insert: 179,0 R 0 () 875280 + 16 [app_process]
            adbd-784   [000] ...2   225.851785: sched_switch: prev_comm=adbd prev_pid=784 prev_prio=120 prev_state=S ==> next_comm=adbd next_pid=781 next_prio=120
           <...>-4072  [001] ...2   225.851802: sched_switch: prev_comm=app_process prev_pid=4072 prev_prio=120 prev_state=D|W ==> next_comm=swapper/1 next_pid=0 next_prio=120
          <idle>-0     [001] ...2   225.851816: sched_switch: prev_comm=swapper/1 prev_pid=0 prev_prio=120 prev_state=R ==> next_comm=ksoftirqd/1 next_pid=4059 next_prio=120
           <...>-4059  [001] ...2   225.851823: sched_switch: prev_comm=ksoftirqd/1 prev_pid=4059 prev_prio=120 prev_state=S ==> next_comm=swapper/1 next_pid=0 next_prio=120
          <idle>-0     [001] ...2   225.851836: sched_switch: prev_comm=swapper/1 prev_pid=0 prev_prio=120 prev_state=R ==> next_comm=ksoftirqd/1 next_pid=4059 next_prio=120
           <...>-4059  [001] ...2   225.851842: sched_switch: prev_comm=ksoftirqd/1 prev_pid=4059 prev_prio=120 prev_state=S ==> next_comm=swapper/1 next_pid=0 next_prio=120
          <idle>-0     [001] ...2   225.851854: sched_switch: prev_comm=swapper/1 prev_pid=0 prev_prio=120 prev_state=R ==> next_comm=ksoftirqd/1 next_pid=4059 next_prio=120
           <...>-4059  [001] ...2   225.851859: sched_switch: prev_comm=ksoftirqd/1 prev_pid=4059 prev_prio=120 prev_state=S ==> next_comm=swapper/1 next_pid=0 next_prio=120
          <idle>-0     [001] ...2   225.851897: sched_switch: prev_comm=swapper/1 prev_pid=0 prev_prio=120 prev_state=R ==> next_comm=adbd next_pid=783 next_prio=120
            adbd-783   [001] ...2   225.851904: sched_switch: prev_comm=adbd prev_pid=783 prev_prio=120 prev_state=S ==> next_comm=swapper/1 next_pid=0 next_prio=120
          <idle>-0     [001] ...2   225.852167: sched_switch: prev_comm=swapper/1 prev_pid=0 prev_prio=120 prev_state=R ==> next_comm=adbd next_pid=4073 next_prio=120
           <...>-4073  [001] ...2   225.852390: sched_switch: prev_comm=adbd prev_pid=4073 prev_prio=120 prev_state=R+ ==> next_comm=adbd next_pid=783 next_prio=120
            adbd-781   [000] ...2   225.852421: sched_switch: prev_comm=adbd prev_pid=781 prev_prio=120 prev_state=D ==> next_comm=kworker/0:0 next_pid=4 next_prio=120
     kworker/0:0-4     [000] ...2   225.852445: sched_switch: prev_comm=kworker/0:0 prev_pid=4 prev_prio=120 prev_state=S ==> next_comm=adbd next_pid=781 next_prio=120
            adbd-783   [001] ...2   225.852450: sched_switch: prev_comm=adbd prev_pid=783 prev_prio=120 prev_state=S ==> next_comm=adbd next_pid=4074 next_prio=120
           <...>-4074  [001] ...2   225.852466: sched_switch: prev_comm=adbd prev_pid=4074 prev_prio=120 prev_state=S ==> next_comm=adbd next_pid=4073 next_prio=120
            adbd-781   [000] ...2   225.852468: sched_switch: prev_comm=adbd prev_pid=781 prev_prio=120 prev_state=S ==> next_comm=mmcqd/1 next_pid=116 next_prio=120
         mmcqd/1-116   [000] ...2   225.852510: sched_switch: prev_comm=mmcqd/1 prev_pid=116 prev_prio=120 prev_state=S ==> next_comm=swapper/0 next_pid=0 next_prio=120
          <idle>-0     [000] ...2   225.852793: sched_switch: prev_comm=swapper/0 prev_pid=0 prev_prio=120 prev_state=R ==> next_comm=mmcqd/1 next_pid=116 next_prio=120
         mmcqd/1-116   [000] ...1   225.852805: block_rq_complete: 179,0 RA () 875280 + 16 [0]
           <...>-4073  [001] ...2   225.852815: sched_switch: prev_comm=sh prev_pid=4073 prev_prio=120 prev_state=R+ ==> next_comm=app_process next_pid=4072 next_prio=120
         mmcqd/1-116   [000] ...2   225.852825: sched_switch: prev_comm=mmcqd/1 prev_pid=116 prev_prio=120 prev_state=R+ ==> next_comm=kworker/0:1H next_pid=17 next_prio=100
    kworker/0:1H-17    [000] ...2   225.852833: sched_switch: prev_comm=kworker/0:1H prev_pid=17 prev_prio=100 prev_state=S ==> next_comm=mmcqd/1 next_pid=116 next_prio=120
         mmcqd/1-116   [000] ...2   225.852842: sched_switch: prev_comm=mmcqd/1 prev_pid=116 prev_prio=120 prev_state=S ==> next_comm=swapper/0 next_pid=0 next_prio=120
           <...>-4072  [001] d..2   225.852923: block_rq_insert: 179,0 R 0 () 876648 + 8 [app_process]
           <...>-4072  [001] ...2   225.852936: sched_switch: prev_comm=app_process prev_pid=4072 prev_prio=120 prev_state=D|W ==> next_comm=sh next_pid=4073 next_prio=120
          <idle>-0     [000] ...2   225.852938: sched_switch: prev_comm=swapper/0 prev_pid=0 prev_prio=120 prev_state=R ==> next_comm=mmcqd/1 next_pid=116 next_prio=120
         mmcqd/1-116   [000] ...2   225.852974: sched_switch: prev_comm=mmcqd/1 prev_pid=116 prev_prio=120 prev_state=S ==> next_comm=swapper/0 next_pid=0 next_prio=120
          <idle>-0     [000] ...2   225.853217: sched_switch: prev_comm=swapper/0 prev_pid=0 prev_prio=120 prev_state=R ==> next_comm=mmcqd/1 next_pid=116 next_prio=120
         mmcqd/1-116   [000] ...1   225.853226: block_rq_complete: 179,0 RA () 876648 + 8 [0]
           <...>-4073  [001] ...2   225.853235: sched_switch: prev_comm=sh prev_pid=4073 prev_prio=120 prev_state=R ==> next_comm=app_process next_pid=4072 next_prio=120
         mmcqd/1-116   [000] ...2   225.853243: sched_switch: prev_comm=mmcqd/1 prev_pid=116 prev_prio=120 prev_state=R+ ==> next_comm=kworker/0:1H next_pid=17 next_prio=100
    kworker/0:1H-17    [000] ...2   225.853249: sched_switch: prev_comm=kworker/0:1H prev_pid=17 prev_prio=100 prev_state=S ==> next_comm=mmcqd/1 next_pid=116 next_prio=120
         mmcqd/1-116   [000] ...2   225.853258: sched_switch: prev_comm=mmcqd/1 prev_pid=116 prev_prio=120 prev_state=S ==> next_comm=swapper/0 next_pid=0 next_prio=120
           <...>-4072  [001] d..2   225.853341: block_rq_insert: 179,0 R 0 () 876728 + 8 [app_process]
           <...>-4072  [001] ...2   225.853353: sched_switch: prev_comm=app_process prev_pid=4072 prev_prio=120 prev_state=D|W ==> next_comm=sh next_pid=4073 next_prio=120
          <idle>-0     [000] ...2   225.853354: sched_switch: prev_comm=swapper/0 prev_pid=0 prev_prio=120 prev_state=R ==> next_comm=mmcqd/1 next_pid=116 next_prio=120
         mmcqd/1-116   [000] ...2   225.853388: sched_switch: prev_comm=mmcqd/1 prev_pid=116 prev_prio=120 prev_state=S ==> next_comm=swapper/0 next_pid=0 next_prio=120
          <idle>-0     [000] ...2   225.853621: sched_switch: prev_comm=swapper/0 prev_pid=0 prev_prio=120 prev_state=R ==> next_comm=mmcqd/1 next_pid=116 next_prio=120
         mmcqd/1-116   [000] ...1   225.853631: block_rq_complete: 179,0 RA () 876728 + 8 [0]
           <...>-4073  [001] ...2   225.853640: sched_switch: prev_comm=sh prev_pid=4073 prev_prio=120 prev_state=R ==> next_comm=app_process next_pid=4072 next_prio=120
         mmcqd/1-116   [000] ...2   225.853647: sched_switch: prev_comm=mmcqd/1 prev_pid=116 prev_prio=120 prev_state=R+ ==> next_comm=kworker/0:1H next_pid=17 next_prio=100
    kworker/0:1H-17    [000] ...2   225.853654: sched_switch: prev_comm=kworker/0:1H prev_pid=17 prev_prio=100 prev_state=S ==> next_comm=mmcqd/1 next_pid=116 next_prio=120
         mmcqd/1-116   [000] ...2   225.853661: sched_switch: prev_comm=mmcqd/1 prev_pid=116 prev_prio=120 prev_state=S ==> next_comm=swapper/0 next_pid=0 next_prio=120
           <...>-4072  [001] d..2   225.853762: block_rq_insert: 179,0 R 0 () 1172824 + 16 [app_process]
           <...>-4072  [001] ...2   225.853774: sched_switch: prev_comm=app_process prev_pid=4072 prev_prio=120 prev_state=D|W ==> next_comm=sh next_pid=4073 next_prio=120
          <idle>-0     [000] ...2   225.853775: sched_switch: prev_comm=swapper/0 prev_pid=0 prev_prio=120 prev_state=R ==> next_comm=mmcqd/1 next_pid=116 next_prio=120
         mmcqd/1-116   [000] ...2   225.853810: sched_switch: prev_comm=mmcqd/1 prev_pid=116 prev_prio=120 prev_state=S ==> next_comm=swapper/0 next_pid=0 next_prio=120
          <idle>-0     [000] ...2   225.854139: sched_switch: prev_comm=swapper/0 prev_pid=0 prev_prio=120 prev_state=R ==> next_comm=mmcqd/1 next_pid=116 next_prio=120
         mmcqd/1-116   [000] ...1   225.854150: block_rq_complete: 179,0 RA () 1172824 + 16 [0]
           <...>-4073  [001] ...2   225.854160: sched_switch: prev_comm=sh prev_pid=4073 prev_prio=120 prev_state=R+ ==> next_comm=app_process next_pid=4072 next_prio=120
         mmcqd/1-116   [000] ...2   225.854167: sched_switch: prev_comm=mmcqd/1 prev_pid=116 prev_prio=120 prev_state=R+ ==> next_comm=kworker/0:1H next_pid=17 next_prio=100
    kworker/0:1H-17    [000] ...2   225.854174: sched_switch: prev_comm=kworker/0:1H prev_pid=17 prev_prio=100 prev_state=S ==> next_comm=mmcqd/1 next_pid=116 next_prio=120
         mmcqd/1-116   [000] ...2   225.854182: sched_switch: prev_comm=mmcqd/1 prev_pid=116 prev_prio=120 prev_state=S ==> next_comm=swapper/0 next_pid=0 next_prio=120
           <...>-4072  [001] d..2   225.854269: block_rq_insert: 179,0 R 0 () 1186368 + 24 [app_process]
           <...>-4072  [001] ...2   225.854281: sched_switch: prev_comm=app_process prev_pid=4072 prev_prio=120 prev_state=D|W ==> next_comm=sh next_pid=4073 next_prio=120
          <idle>-0     [000] ...2   225.854282: sched_switch: prev_comm=swapper/0 prev_pid=0 prev_prio=120 prev_state=R ==> next_comm=mmcqd/1 next_pid=116 next_prio=120
         mmcqd/1-116   [000] ...2   225.854320: sched_switch: prev_comm=mmcqd/1 prev_pid=116 prev_prio=120 prev_state=S ==> next_comm=swapper/0 next_pid=0 next_prio=120
          <idle>-0     [000] ...2   225.854628: sched_switch: prev_comm=swapper/0 prev_pid=0 prev_prio=120 prev_state=R ==> next_comm=mmcqd/1 next_pid=116 next_prio=120
         mmcqd/1-116   [000] ...1   225.854640: block_rq_complete: 179,0 RA () 1186368 + 24 [0]
           <...>-4073  [001] ...2   225.854651: sched_switch: prev_comm=sh prev_pid=4073 prev_prio=120 prev_state=R+ ==> next_comm=app_process next_pid=4072 next_prio=120
         mmcqd/1-116   [000] ...2   225.854660: sched_switch: prev_comm=mmcqd/1 prev_pid=116 prev_prio=120 prev_state=R+ ==> next_comm=kworker/0:1H next_pid=17 next_prio=100
    kworker/0:1H-17    [000] ...2   225.854666: sched_switch: prev_comm=kworker/0:1H prev_pid=17 prev_prio=100 prev_state=S ==> next_comm=mmcqd/1 next_pid=116 next_prio=120
         mmcqd/1-116   [000] ...2   225.854676: sched_switch: prev_comm=mmcqd/1 prev_pid=116 prev_prio=120 prev_state=S ==> next_comm=swapper/0 next_pid=0 next_prio=120
           <...>-4072  [001] d..2   225.854780: block_rq_insert: 179,0 R 0 () 1190912 + 16 [app_process]
           <...>-4072  [001] d..2   225.854784: block_rq_insert: 179,0 R 0 () 1190960 + 88 [app_process]
           <...>-4072  [001] ...2   225.854795: sched_switch: prev_comm=app_process prev_pid=4072 prev_prio=120 prev_state=D|W ==> next_comm=sh next_pid=4073 next_prio=120
          <idle>-0     [000] ...2   225.854796: sched_switch: prev_comm=swapper/0 prev_pid=0 prev_prio=120 prev_state=R ==> next_comm=mmcqd/1 next_pid=116 next_prio=120
         mmcqd/1-116   [000] ...2   225.854858: sched_switch: prev_comm=mmcqd/1 prev_pid=116 prev_prio=120 prev_state=S ==> next_comm=swapper/0 next_pid=0 next_prio=120
          <idle>-0     [000] ...2   225.855096: sched_switch: prev_comm=swapper/0 prev_pid=0 prev_prio=120 prev_state=R ==> next_comm=mmcqd/1 next_pid=116 next_prio=120
         mmcqd/1-116   [000] ...1   225.855123: block_rq_complete: 179,0 RA () 1190912 + 16 [0]
         mmcqd/1-116   [000] ...2   225.855137: sched_switch: prev_comm=mmcqd/1 prev_pid=116 prev_prio=120 prev_state=S ==> next_comm=swapper/0 next_pid=0 next_prio=120
           <...>-4073  [001] ...2   225.855768: sched_switch: prev_comm=sh prev_pid=4073 prev_prio=120 prev_state=R+ ==> next_comm=kworker/1:1 next_pid=4071 next_prio=120
           <...>-4071  [001] ...2   225.855784: sched_switch: prev_comm=kworker/1:1 prev_pid=4071 prev_prio=120 prev_state=S ==> next_comm=sh next_pid=4073 next_prio=120
          <idle>-0     [000] ...2   225.855787: sched_switch: prev_comm=swapper/0 prev_pid=0 prev_prio=120 prev_state=R ==> next_comm=adbd next_pid=781 next_prio=120
           <...>-4073  [001] ...2   225.855795: sched_switch: prev_comm=sh prev_pid=4073 prev_prio=120 prev_state=R+ ==> next_comm=kworker/1:1 next_pid=4071 next_prio=120
           <...>-4071  [001] ...2   225.855804: sched_switch: prev_comm=kworker/1:1 prev_pid=4071 prev_prio=120 prev_state=S ==> next_comm=sh next_pid=4073 next_prio=120
           <...>-4073  [001] ...2   225.855813: sched_switch: prev_comm=sh prev_pid=4073 prev_prio=120 prev_state=R+ ==> next_comm=kworker/1:1 next_pid=4071 next_prio=120
           <...>-4071  [001] ...2   225.855821: sched_switch: prev_comm=kworker/1:1 prev_pid=4071 prev_prio=120 prev_state=S ==> next_comm=sh next_pid=4073 next_prio=120
           <...>-4073  [001] ...2   225.855831: sched_switch: prev_comm=sh prev_pid=4073 prev_prio=120 prev_state=R+ ==> next_comm=kworker/1:1 next_pid=4071 next_prio=120
           <...>-4071  [001] ...2   225.855838: sched_switch: prev_comm=kworker/1:1 prev_pid=4071 prev_prio=120 prev_state=S ==> next_comm=sh next_pid=4073 next_prio=120
           <...>-4073  [001] ...2   225.855848: sched_switch: prev_comm=sh prev_pid=4073 prev_prio=120 prev_state=R+ ==> next_comm=kworker/1:1 next_pid=4071 next_prio=120
            adbd-781   [000] ...2   225.855857: sched_switch: prev_comm=adbd prev_pid=781 prev_prio=120 prev_state=D ==> next_comm=mmcqd/1 next_pid=116 next_prio=120
           <...>-4071  [001] ...2   225.855863: sched_switch: prev_comm=kworker/1:1 prev_pid=4071 prev_prio=120 prev_state=S ==> next_comm=sh next_pid=4073 next_prio=120
           <...>-4073  [001] ...2   225.855873: sched_switch: prev_comm=sh prev_pid=4073 prev_prio=120 prev_state=R+ ==> next_comm=kworker/1:1 next_pid=4071 next_prio=120
         mmcqd/1-116   [000] ...1   225.855882: block_rq_complete: 179,0 RA () 1190960 + 88 [0]
           <...>-4071  [001] ...2   225.855882: sched_switch: prev_comm=kworker/1:1 prev_pid=4071 prev_prio=120 prev_state=S ==> next_comm=sh next_pid=4073 next_prio=120
           <...>-4073  [001] ...2   225.855893: sched_switch: prev_comm=sh prev_pid=4073 prev_prio=120 prev_state=R+ ==> next_comm=app_process next_pid=4072 next_prio=120
         mmcqd/1-116   [000] ...2   225.855903: sched_switch: prev_comm=mmcqd/1 prev_pid=116 prev_prio=120 prev_state=R+ ==> next_comm=kworker/0:1H next_pid=17 next_prio=100
    kworker/0:1H-17    [000] ...2   225.855910: sched_switch: prev_comm=kworker/0:1H prev_pid=17 prev_prio=100 prev_state=S ==> next_comm=adbd next_pid=781 next_prio=120
            adbd-781   [000] ...2   225.855925: sched_switch: prev_comm=adbd prev_pid=781 prev_prio=120 prev_state=D ==> next_comm=mmcqd/1 next_pid=116 next_prio=120
         mmcqd/1-116   [000] ...2   225.855934: sched_switch: prev_comm=mmcqd/1 prev_pid=116 prev_prio=120 prev_state=S ==> next_comm=swapper/0 next_pid=0 next_prio=120
           <...>-4072  [001] d..2   225.856016: block_rq_insert: 179,0 R 0 () 1191096 + 8 [app_process]
           <...>-4072  [001] ...2   225.856028: sched_switch: prev_comm=app_process prev_pid=4072 prev_prio=120 prev_state=D|W ==> next_comm=kworker/1:1 next_pid=4071 next_prio=120
          <idle>-0     [000] ...2   225.856029: sched_switch: prev_comm=swapper/0 prev_pid=0 prev_prio=120 prev_state=R ==> next_comm=mmcqd/1 next_pid=116 next_prio=120
           <...>-4071  [001] ...2   225.856041: sched_switch: prev_comm=kworker/1:1 prev_pid=4071 prev_prio=120 prev_state=S ==> next_comm=sh next_pid=4073 next_prio=120
           <...>-4073  [001] ...2   225.856051: sched_switch: prev_comm=sh prev_pid=4073 prev_prio=120 prev_state=R+ ==> next_comm=kworker/1:1 next_pid=4071 next_prio=120
           <...>-4071  [001] ...2   225.856059: sched_switch: prev_comm=kworker/1:1 prev_pid=4071 prev_prio=120 prev_state=S ==> next_comm=sh next_pid=4073 next_prio=120
         mmcqd/1-116   [000] ...2   225.856065: sched_switch: prev_comm=mmcqd/1 prev_pid=116 prev_prio=120 prev_state=S ==> next_comm=adbd next_pid=781 next_prio=120
           <...>-4073  [001] ...2   225.856068: sched_switch: prev_comm=sh prev_pid=4073 prev_prio=120 prev_state=R+ ==> next_comm=kworker/1:1 next_pid=4071 next_prio=120
           <...>-4071  [001] ...2   225.856075: sched_switch: prev_comm=kworker/1:1 prev_pid=4071 prev_prio=120 prev_state=S ==> next_comm=sh next_pid=4073 next_prio=120
           <...>-4073  [001] ...2   225.856084: sched_switch: prev_comm=sh prev_pid=4073 prev_prio=120 prev_state=R+ ==> next_comm=kworker/1:1 next_pid=4071 next_prio=120
            adbd-781   [000] ...2   225.856088: sched_switch: prev_comm=adbd prev_pid=781 prev_prio=120 prev_state=D ==> next_comm=swapper/0 next_pid=0 next_prio=120
           <...>-4071  [001] ...2   225.856095: sched_switch: prev_comm=kworker/1:1 prev_pid=4071 prev_prio=120 prev_state=S ==> next_comm=sh next_pid=4073 next_prio=120
          <idle>-0     [000] ...2   225.856096: sched_switch: prev_comm=swapper/0 prev_pid=0 prev_prio=120 prev_state=R ==> next_comm=adbd next_pid=781 next_prio=120
           <...>-4073  [001] ...2   225.856116: sched_switch: prev_comm=sh prev_pid=4073 prev_prio=120 prev_state=R+ ==> next_comm=kworker/1:1 next_pid=4071 next_prio=120
           <...>-4071  [001] ...2   225.856124: sched_switch: prev_comm=kworker/1:1 prev_pid=4071 prev_prio=120 prev_state=S ==> next_comm=sh next_pid=4073 next_prio=120
           <...>-4073  [001] ...2   225.856133: sched_switch: prev_comm=sh prev_pid=4073 prev_prio=120 prev_state=R+ ==> next_comm=kworker/1:1 next_pid=4071 next_prio=120
           <...>-4071  [001] ...2   225.856140: sched_switch: prev_comm=kworker/1:1 prev_pid=4071 prev_prio=120 prev_state=S ==> next_comm=sh next_pid=4073 next_prio=120
           <...>-4073  [001] ...2   225.856148: sched_switch: prev_comm=sh prev_pid=4073 prev_prio=120 prev_state=R+ ==> next_comm=kworker/1:1 next_pid=4071 next_prio=120
           <...>-4071  [001] ...2   225.856156: sched_switch: prev_comm=kworker/1:1 prev_pid=4071 prev_prio=120 prev_state=S ==> next_comm=sh next_pid=4073 next_prio=120
           <...>-4073  [001] ...2   225.856164: sched_switch: prev_comm=sh prev_pid=4073 prev_prio=120 prev_state=R+ ==> next_comm=kworker/1:1 next_pid=4071 next_prio=120
            adbd-781   [000] ...2   225.856168: sched_switch: prev_comm=adbd prev_pid=781 prev_prio=120 prev_state=S ==> next_comm=adbd next_pid=783 next_prio=120
           <...>-4071  [001] ...2   225.856171: sched_switch: prev_comm=kworker/1:1 prev_pid=4071 prev_prio=120 prev_state=S ==> next_comm=sh next_pid=4073 next_prio=120
           <...>-4073  [001] ...2   225.856180: sched_switch: prev_comm=sh prev_pid=4073 prev_prio=120 prev_state=R+ ==> next_comm=kworker/1:1 next_pid=4071 next_prio=120
           <...>-4071  [001] ...2   225.856187: sched_switch: prev_comm=kworker/1:1 prev_pid=4071 prev_prio=120 prev_state=S ==> next_comm=sh next_pid=4073 next_prio=120
           <...>-4073  [001] ...2   225.856195: sched_switch: prev_comm=sh prev_pid=4073 prev_prio=120 prev_state=R+ ==> next_comm=kworker/1:1 next_pid=4071 next_prio=120
           <...>-4071  [001] ...2   225.856202: sched_switch: prev_comm=kworker/1:1 prev_pid=4071 prev_prio=120 prev_state=S ==> next_comm=sh next_pid=4073 next_prio=120
           <...>-4073  [001] ...2   225.856211: sched_switch: prev_comm=sh prev_pid=4073 prev_prio=120 prev_state=R+ ==> next_comm=kworker/1:1 next_pid=4071 next_prio=120
           <...>-4071  [001] ...2   225.856219: sched_switch: prev_comm=kworker/1:1 prev_pid=4071 prev_prio=120 prev_state=S ==> next_comm=sh next_pid=4073 next_prio=120
            adbd-783   [000] ...2   225.856220: sched_switch: prev_comm=adbd prev_pid=783 prev_prio=120 prev_state=S ==> next_comm=swapper/0 next_pid=0 next_prio=120
           <...>-4073  [001] ...2   225.856227: sched_switch: prev_comm=sh prev_pid=4073 prev_prio=120 prev_state=R+ ==> next_comm=kworker/1:1 next_pid=4071 next_prio=120
           <...>-4071  [001] ...2   225.856235: sched_switch: prev_comm=kworker/1:1 prev_pid=4071 prev_prio=120 prev_state=S ==> next_comm=sh next_pid=4073 next_prio=120
           <...>-4073  [001] ...2   225.856244: sched_switch: prev_comm=sh prev_pid=4073 prev_prio=120 prev_state=R+ ==> next_comm=kworker/1:1 next_pid=4071 next_prio=120
           <...>-4071  [001] ...2   225.856251: sched_switch: prev_comm=kworker/1:1 prev_pid=4071 prev_prio=120 prev_state=S ==> next_comm=sh next_pid=4073 next_prio=120
           <...>-4073  [001] ...2   225.856260: sched_switch: prev_comm=sh prev_pid=4073 prev_prio=120 prev_state=R+ ==> next_comm=kworker/1:1 next_pid=4071 next_prio=120
           <...>-4071  [001] ...2   225.856267: sched_switch: prev_comm=kworker/1:1 prev_pid=4071 prev_prio=120 prev_state=S ==> next_comm=sh next_pid=4073 next_prio=120
           <...>-4073  [001] ...2   225.856276: sched_switch: prev_comm=sh prev_pid=4073 prev_prio=120 prev_state=R+ ==> next_comm=kworker/1:1 next_pid=4071 next_prio=120
           <...>-4071  [001] ...2   225.856284: sched_switch: prev_comm=kworker/1:1 prev_pid=4071 prev_prio=120 prev_state=S ==> next_comm=sh next_pid=4073 next_prio=120
           <...>-4073  [001] ...2   225.856292: sched_switch: prev_comm=sh prev_pid=4073 prev_prio=120 prev_state=R+ ==> next_comm=kworker/1:1 next_pid=4071 next_prio=120
           <...>-4071  [001] ...2   225.856300: sched_switch: prev_comm=kworker/1:1 prev_pid=4071 prev_prio=120 prev_state=S ==> next_comm=sh next_pid=4073 next_prio=120
           <...>-4073  [001] ...2   225.856310: sched_switch: prev_comm=sh prev_pid=4073 prev_prio=120 prev_state=R+ ==> next_comm=kworker/1:1 next_pid=4071 next_prio=120
           <...>-4071  [001] ...2   225.856317: sched_switch: prev_comm=kworker/1:1 prev_pid=4071 prev_prio=120 prev_state=S ==> next_comm=sh next_pid=4073 next_prio=120
           <...>-4073  [001] ...2   225.856325: sched_switch: prev_comm=sh prev_pid=4073 prev_prio=120 prev_state=R+ ==> next_comm=kworker/1:1 next_pid=4071 next_prio=120
          <idle>-0     [000] ...2   225.856325: sched_switch: prev_comm=swapper/0 prev_pid=0 prev_prio=120 prev_state=R ==> next_comm=mmcqd/1 next_pid=116 next_prio=120
           <...>-4071  [001] ...2   225.856332: sched_switch: prev_comm=kworker/1:1 prev_pid=4071 prev_prio=120 prev_state=S ==> next_comm=sh next_pid=4073 next_prio=120
         mmcqd/1-116   [000] ...1   225.856335: block_rq_complete: 179,0 RA () 1191096 + 8 [0]
           <...>-4073  [001] ...2   225.856344: sched_switch: prev_comm=sh prev_pid=4073 prev_prio=120 prev_state=R+ ==> next_comm=app_process next_pid=4072 next_prio=120
         mmcqd/1-116   [000] ...2   225.856352: sched_switch: prev_comm=mmcqd/1 prev_pid=116 prev_prio=120 prev_state=R+ ==> next_comm=kworker/0:1H next_pid=17 next_prio=100
    kworker/0:1H-17    [000] ...2   225.856358: sched_switch: prev_comm=kworker/0:1H prev_pid=17 prev_prio=100 prev_state=S ==> next_comm=mmcqd/1 next_pid=116 next_prio=120
         mmcqd/1-116   [000] ...2   225.856368: sched_switch: prev_comm=mmcqd/1 prev_pid=116 prev_prio=120 prev_state=S ==> next_comm=swapper/0 next_pid=0 next_prio=120
           <...>-4072  [001] d..2   225.856474: block_rq_insert: 179,0 R 0 () 1196272 + 144 [app_process]
           <...>-4072  [001] ...2   225.856486: sched_switch: prev_comm=app_process prev_pid=4072 prev_prio=120 prev_state=D|W ==> next_comm=sh next_pid=4073 next_prio=120
          <idle>-0     [000] ...2   225.856487: sched_switch: prev_comm=swapper/0 prev_pid=0 prev_prio=120 prev_state=R ==> next_comm=mmcqd/1 next_pid=116 next_prio=120
         mmcqd/1-116   [000] ...2   225.856569: sched_switch: prev_comm=mmcqd/1 prev_pid=116 prev_prio=120 prev_state=S ==> next_comm=adbd next_pid=784 next_prio=120
            adbd-784   [000] ...2   225.856604: sched_switch: prev_comm=adbd prev_pid=784 prev_prio=120 prev_state=S ==> next_comm=adbd next_pid=781 next_prio=120
           <...>-4073  [001] ...2   225.856796: sched_switch: prev_comm=sh prev_pid=4073 prev_prio=120 prev_state=R+ ==> next_comm=adbd next_pid=4074 next_prio=120
           <...>-4074  [001] ...3   225.856883: sched_switch: prev_comm=adbd prev_pid=4074 prev_prio=120 prev_state=x ==> next_comm=sh next_pid=4073 next_prio=120
           <...>-4073  [001] ...3   225.856888: sched_switch: prev_comm=sh prev_pid=4073 prev_prio=120 prev_state=x ==> next_comm=swapper/1 next_pid=0 next_prio=120
            adbd-781   [000] ...2   225.856934: sched_switch: prev_comm=adbd prev_pid=781 prev_prio=120 prev_state=S ==> next_comm=kworker/0:0 next_pid=4 next_prio=120
     kworker/0:0-4     [000] ...2   225.856944: sched_switch: prev_comm=kworker/0:0 prev_pid=4 prev_prio=120 prev_state=S ==> next_comm=adbd next_pid=783 next_prio=120
            adbd-783   [000] ...2   225.857009: sched_switch: prev_comm=adbd prev_pid=783 prev_prio=120 prev_state=S ==> next_comm=swapper/0 next_pid=0 next_prio=120
          <idle>-0     [000] ...2   225.857523: sched_switch: prev_comm=swapper/0 prev_pid=0 prev_prio=120 prev_state=R ==> next_comm=mmcqd/1 next_pid=116 next_prio=120
         mmcqd/1-116   [000] ...1   225.857577: block_rq_complete: 179,0 RA () 1196272 + 144 [0]
          <idle>-0     [001] ...2   225.857591: sched_switch: prev_comm=swapper/1 prev_pid=0 prev_prio=120 prev_state=R ==> next_comm=app_process next_pid=4072 next_prio=120
         mmcqd/1-116   [000] ...2   225.857601: sched_switch: prev_comm=mmcqd/1 prev_pid=116 prev_prio=120 prev_state=R+ ==> next_comm=kworker/0:1H next_pid=17 next_prio=100
    kworker/0:1H-17    [000] ...2   225.857608: sched_switch: prev_comm=kworker/0:1H prev_pid=17 prev_prio=100 prev_state=S ==> next_comm=adbd next_pid=784 next_prio=120
            adbd-784   [000] ...2   225.857637: sched_switch: prev_comm=adbd prev_pid=784 prev_prio=120 prev_state=S ==> next_comm=adbd next_pid=781 next_prio=120
           <...>-4072  [001] d..2   225.857733: block_rq_insert: 179,0 R 0 () 1197384 + 8 [app_process]
           <...>-4072  [001] d..2   225.857736: block_rq_insert: 179,0 R 0 () 1197408 + 8 [app_process]
           <...>-4072  [001] d..2   225.857738: block_rq_insert: 179,0 R 0 () 1197440 + 8 [app_process]
           <...>-4072  [001] d..2   225.857740: block_rq_insert: 179,0 R 0 () 1197464 + 16 [app_process]
           <...>-4072  [001] ...2   225.857747: sched_switch: prev_comm=app_process prev_pid=4072 prev_prio=120 prev_state=D|W ==> next_comm=swapper/1 next_pid=0 next_prio=120
            adbd-781   [000] ...2   225.857751: sched_switch: prev_comm=adbd prev_pid=781 prev_prio=120 prev_state=S ==> next_comm=adbd next_pid=783 next_prio=120
            adbd-783   [000] ...2   225.857757: sched_switch: prev_comm=adbd prev_pid=783 prev_prio=120 prev_state=S ==> next_comm=adbd next_pid=784 next_prio=120
            adbd-784   [000] ...2   225.857782: sched_switch: prev_comm=adbd prev_pid=784 prev_prio=120 prev_state=S ==> next_comm=adbd next_pid=781 next_prio=120
            adbd-781   [000] ...2   225.857885: sched_switch: prev_comm=adbd prev_pid=781 prev_prio=120 prev_state=S ==> next_comm=adbd next_pid=783 next_prio=120
            adbd-783   [000] ...2   225.857890: sched_switch: prev_comm=adbd prev_pid=783 prev_prio=120 prev_state=S ==> next_comm=mmcqd/1 next_pid=116 next_prio=120
         mmcqd/1-116   [000] ...2   225.857937: sched_switch: prev_comm=mmcqd/1 prev_pid=116 prev_prio=120 prev_state=S ==> next_comm=swapper/0 next_pid=0 next_prio=120
          <idle>-0     [000] ...2   225.858169: sched_switch: prev_comm=swapper/0 prev_pid=0 prev_prio=120 prev_state=R ==> next_comm=mmcqd/1 next_pid=116 next_prio=120
         mmcqd/1-116   [000] ...1   225.858193: block_rq_complete: 179,0 RA () 1197384 + 8 [0]
         mmcqd/1-116   [000] ...2   225.858211: sched_switch: prev_comm=mmcqd/1 prev_pid=116 prev_prio=120 prev_state=S ==> next_comm=swapper/0 next_pid=0 next_prio=120
          <idle>-0     [000] ...2   225.858457: sched_switch: prev_comm=swapper/0 prev_pid=0 prev_prio=120 prev_state=R ==> next_comm=mmcqd/1 next_pid=116 next_prio=120
         mmcqd/1-116   [000] ...1   225.858481: block_rq_complete: 179,0 RA () 1197408 + 8 [0]
         mmcqd/1-116   [000] ...2   225.858500: sched_switch: prev_comm=mmcqd/1 prev_pid=116 prev_prio=120 prev_state=S ==> next_comm=swapper/0 next_pid=0 next_prio=120
          <idle>-0     [000] ...2   225.858729: sched_switch: prev_comm=swapper/0 prev_pid=0 prev_prio=120 prev_state=R ==> next_comm=mmcqd/1 next_pid=116 next_prio=120
         mmcqd/1-116   [000] ...1   225.858753: block_rq_complete: 179,0 RA () 1197440 + 8 [0]
         mmcqd/1-116   [000] ...2   225.858763: sched_switch: prev_comm=mmcqd/1 prev_pid=116 prev_prio=120 prev_state=S ==> next_comm=swapper/0 next_pid=0 next_prio=120
          <idle>-0     [000] ...2   225.859057: sched_switch: prev_comm=swapper/0 prev_pid=0 prev_prio=120 prev_state=R ==> next_comm=mmcqd/1 next_pid=116 next_prio=120
         mmcqd/1-116   [000] ...1   225.859068: block_rq_complete: 179,0 RA () 1197464 + 16 [0]
          <idle>-0     [001] ...2   225.859080: sched_switch: prev_comm=swapper/1 prev_pid=0 prev_prio=120 prev_state=R ==> next_comm=app_process next_pid=4072 next_prio=120
         mmcqd/1-116   [000] ...2   225.859085: sched_switch: prev_comm=mmcqd/1 prev_pid=116 prev_prio=120 prev_state=R+ ==> next_comm=kworker/0:1H next_pid=17 next_prio=100
    kworker/0:1H-17    [000] ...2   225.859092: sched_switch: prev_comm=kworker/0:1H prev_pid=17 prev_prio=100 prev_state=S ==> next_comm=mmcqd/1 next_pid=116 next_prio=120
         mmcqd/1-116   [000] ...2   225.859100: sched_switch: prev_comm=mmcqd/1 prev_pid=116 prev_prio=120 prev_state=S ==> next_comm=swapper/0 next_pid=0 next_prio=120
           <...>-4072  [001] d..2   225.859201: block_rq_insert: 179,0 R 0 () 1199856 + 104 [app_process]
          <idle>-0     [000] ...2   225.859215: sched_switch: prev_comm=swapper/0 prev_pid=0 prev_prio=120 prev_state=R ==> next_comm=mmcqd/1 next_pid=116 next_prio=120
           <...>-4072  [001] ...2   225.859216: sched_switch: prev_comm=app_process prev_pid=4072 prev_prio=120 prev_state=D|W ==> next_comm=swapper/1 next_pid=0 next_prio=120
         mmcqd/1-116   [000] ...2   225.859272: sched_switch: prev_comm=mmcqd/1 prev_pid=116 prev_prio=120 prev_state=S ==> next_comm=swapper/0 next_pid=0 next_prio=120
          <idle>-0     [000] ...2   225.860048: sched_switch: prev_comm=swapper/0 prev_pid=0 prev_prio=120 prev_state=R ==> next_comm=mmcqd/1 next_pid=116 next_prio=120
         mmcqd/1-116   [000] ...1   225.860076: block_rq_complete: 179,0 RA () 1199856 + 104 [0]
          <idle>-0     [001] ...2   225.860088: sched_switch: prev_comm=swapper/1 prev_pid=0 prev_prio=120 prev_state=R ==> next_comm=app_process next_pid=4072 next_prio=120
         mmcqd/1-116   [000] ...2   225.860096: sched_switch: prev_comm=mmcqd/1 prev_pid=116 prev_prio=120 prev_state=R+ ==> next_comm=kworker/0:1H next_pid=17 next_prio=100
    kworker/0:1H-17    [000] ...2   225.860103: sched_switch: prev_comm=kworker/0:1H prev_pid=17 prev_prio=100 prev_state=S ==> next_comm=mmcqd/1 next_pid=116 next_prio=120
         mmcqd/1-116   [000] ...2   225.860112: sched_switch: prev_comm=mmcqd/1 prev_pid=116 prev_prio=120 prev_state=S ==> next_comm=swapper/0 next_pid=0 next_prio=120
           <...>-4072  [001] d..2   225.860198: block_rq_insert: 179,0 R 0 () 1199968 + 8 [app_process]
          <idle>-0     [000] ...2   225.860211: sched_switch: prev_comm=swapper/0 prev_pid=0 prev_prio=120 prev_state=R ==> next_comm=mmcqd/1 next_pid=116 next_prio=120
           <...>-4072  [001] ...2   225.860211: sched_switch: prev_comm=app_process prev_pid=4072 prev_prio=120 prev_state=D|W ==> next_comm=swapper/1 next_pid=0 next_prio=120
         mmcqd/1-116   [000] ...2   225.860244: sched_switch: prev_comm=mmcqd/1 prev_pid=116 prev_prio=120 prev_state=S ==> next_comm=swapper/0 next_pid=0 next_prio=120
          <idle>-0     [000] ...2   225.860487: sched_switch: prev_comm=swapper/0 prev_pid=0 prev_prio=120 prev_state=R ==> next_comm=mmcqd/1 next_pid=116 next_prio=120
         mmcqd/1-116   [000] ...1   225.860496: block_rq_complete: 179,0 RA () 1199968 + 8 [0]
