          <idle>-0     [001] ...2   226.121340: sched_switch: prev_comm=swapper/1 prev_pid=0 prev_prio=120 prev_state=R ==> next_comm=ksoftirqd/1 next_pid=4059 next_prio=120
           <...>-4059  [001] ...2   226.121348: sched_switch: prev_comm=ksoftirqd/1 prev_pid=4059 prev_prio=120 prev_state=S ==> next_comm=swapper/1 next_pid=0 next_prio=120
          <idle>-0     [001] ...2   226.121361: sched_switch: prev_comm=swapper/1 prev_pid=0 prev_prio=120 prev_state=R ==> next_comm=ksoftirqd/1 next_pid=4059 next_prio=120
           <...>-4059  [001] ...2   226.121366: sched_switch: prev_comm=ksoftirqd/1 prev_pid=4059 prev_prio=120 prev_state=S ==> next_comm=swapper/1 next_pid=0 next_prio=120
          <idle>-0     [001] ...2   226.121379: sched_switch: prev_comm=swapper/1 prev_pid=0 prev_prio=120 prev_state=R ==> next_comm=ksoftirqd/1 next_pid=4059 next_prio=120
           <...>-4059  [001] ...2   226.121384: sched_switch: prev_comm=ksoftirqd/1 prev_pid=4059 prev_prio=120 prev_state=S ==> next_comm=swapper/1 next_pid=0 next_prio=120
      mpdecision-1599  [000] ...2   226.121475: sched_switch: prev_comm=mpdecision prev_pid=1599 prev_prio=113 prev_state=S ==> next_comm=swapper/0 next_pid=0 next_prio=120
          <idle>-0     [000] ...2   226.121501: sched_switch: prev_comm=swapper/0 prev_pid=0 prev_prio=120 prev_state=R ==> next_comm=ksoftirqd/0 next_pid=3 next_prio=120
     ksoftirqd/0-3     [000] ...2   226.121515: sched_switch: prev_comm=ksoftirqd/0 prev_pid=3 prev_prio=120 prev_state=S ==> next_comm=swapper/0 next_pid=0 next_prio=120
          <idle>-0     [000] ...2   226.121538: sched_switch: prev_comm=swapper/0 prev_pid=0 prev_prio=120 prev_state=R ==> next_comm=ksoftirqd/0 next_pid=3 next_prio=120
     ksoftirqd/0-3     [000] ...2   226.121551: sched_switch: prev_comm=ksoftirqd/0 prev_pid=3 prev_prio=120 prev_state=S ==> next_comm=swapper/0 next_pid=0 next_prio=120
          <idle>-0     [000] ...2   226.121574: sched_switch: prev_comm=swapper/0 prev_pid=0 prev_prio=120 prev_state=R ==> next_comm=ksoftirqd/0 next_pid=3 next_prio=120
     ksoftirqd/0-3     [000] ...2   226.121586: sched_switch: prev_comm=ksoftirqd/0 prev_pid=3 prev_prio=120 prev_state=S ==> next_comm=swapper/0 next_pid=0 next_prio=120
          <idle>-0     [000] ...2   226.122754: sched_switch: prev_comm=swapper/0 prev_pid=0 prev_prio=120 prev_state=R ==> next_comm=mmcqd/1 next_pid=116 next_prio=120
         mmcqd/1-116   [000] ...1   226.122857: block_rq_complete: 179,0 RA () 3984384 + 256 [0]
          <idle>-0     [001] ...2   226.122887: sched_switch: prev_comm=swapper/1 prev_pid=0 prev_prio=120 prev_state=R ==> next_comm=main next_pid=4072 next_prio=120
         mmcqd/1-116   [000] ...2   226.122898: sched_switch: prev_comm=mmcqd/1 prev_pid=116 prev_prio=120 prev_state=R+ ==> next_comm=kworker/0:1H next_pid=17 next_prio=100
    kworker/0:1H-17    [000] ...2   226.122909: sched_switch: prev_comm=kworker/0:1H prev_pid=17 prev_prio=100 prev_state=S ==> next_comm=mmcqd/1 next_pid=116 next_prio=120
         mmcqd/1-116   [000] ...2   226.122926: sched_switch: prev_comm=mmcqd/1 prev_pid=116 prev_prio=120 prev_state=S ==> next_comm=swapper/0 next_pid=0 next_prio=120
           <...>-4072  [001] d..2   226.123101: block_rq_insert: 179,0 R 0 () 3984640 + 16 [main]
           <...>-4072  [001] ...2   226.123116: sched_switch: prev_comm=main prev_pid=4072 prev_prio=120 prev_state=D|W ==> next_comm=swapper/1 next_pid=0 next_prio=120
          <idle>-0     [000] ...2   226.123121: sched_switch: prev_comm=swapper/0 prev_pid=0 prev_prio=120 prev_state=R ==> next_comm=mmcqd/1 next_pid=116 next_prio=120
         mmcqd/1-116   [000] ...2   226.123185: sched_switch: prev_comm=mmcqd/1 prev_pid=116 prev_prio=120 prev_state=S ==> next_comm=swapper/0 next_pid=0 next_prio=120
          <idle>-0     [000] ...2   226.123437: sched_switch: prev_comm=swapper/0 prev_pid=0 prev_prio=120 prev_state=R ==> next_comm=mmcqd/1 next_pid=116 next_prio=120
         mmcqd/1-116   [000] ...1   226.123456: block_rq_complete: 179,0 RA () 3984640 + 16 [0]
          <idle>-0     [001] ...2   226.123472: sched_switch: prev_comm=swapper/1 prev_pid=0 prev_prio=120 prev_state=R ==> next_comm=main next_pid=4072 next_prio=120
         mmcqd/1-116   [000] ...2   226.123484: sched_switch: prev_comm=mmcqd/1 prev_pid=116 prev_prio=120 prev_state=R+ ==> next_comm=kworker/0:1H next_pid=17 next_prio=100
    kworker/0:1H-17    [000] ...2   226.123495: sched_switch: prev_comm=kworker/0:1H prev_pid=17 prev_prio=100 prev_state=S ==> next_comm=mmcqd/1 next_pid=116 next_prio=120
         mmcqd/1-116   [000] ...2   226.123512: sched_switch: prev_comm=mmcqd/1 prev_pid=116 prev_prio=120 prev_state=S ==> next_comm=swapper/0 next_pid=0 next_prio=120
          <idle>-0     [000] ...2   226.124078: sched_switch: prev_comm=swapper/0 prev_pid=0 prev_prio=120 prev_state=R ==> next_comm=main next_pid=4075 next_prio=120
           <...>-4072  [001] ...2   226.124092: sched_switch: prev_comm=main prev_pid=4072 prev_prio=120 prev_state=D ==> next_comm=swapper/1 next_pid=0 next_prio=120
          <idle>-0     [001] ...2   226.124101: sched_switch: prev_comm=swapper/1 prev_pid=0 prev_prio=120 prev_state=R ==> next_comm=main next_pid=4072 next_prio=120
           <...>-4072  [001] ...2   226.124188: sched_switch: prev_comm=main prev_pid=4072 prev_prio=120 prev_state=D ==> next_comm=main next_pid=4076 next_prio=120
           <...>-4076  [001] ...2   226.124197: sched_switch: prev_comm=main prev_pid=4076 prev_prio=120 prev_state=R+ ==> next_comm=main next_pid=4072 next_prio=120
           <...>-4075  [000] ...2   226.124217: sched_switch: prev_comm=main prev_pid=4075 prev_prio=120 prev_state=D ==> next_comm=swapper/0 next_pid=0 next_prio=120
           <...>-4072  [001] ...2   226.124232: sched_switch: prev_comm=main prev_pid=4072 prev_prio=120 prev_state=D ==> next_comm=main next_pid=4076 next_prio=120
          <idle>-0     [000] ...2   226.124253: sched_switch: prev_comm=swapper/0 prev_pid=0 prev_prio=120 prev_state=R ==> next_comm=main next_pid=4075 next_prio=120
           <...>-4076  [001] ...2   226.124272: sched_switch: prev_comm=main prev_pid=4076 prev_prio=120 prev_state=R ==> next_comm=main next_pid=4072 next_prio=120
           <...>-4072  [001] ...2   226.124307: sched_switch: prev_comm=main prev_pid=4072 prev_prio=120 prev_state=D ==> next_comm=main next_pid=4076 next_prio=120
           <...>-4076  [001] ...2   226.124314: sched_switch: prev_comm=main prev_pid=4076 prev_prio=120 prev_state=R ==> next_comm=main next_pid=4072 next_prio=120
           <...>-4075  [000] ...2   226.124320: sched_switch: prev_comm=main prev_pid=4075 prev_prio=120 prev_state=D ==> next_comm=main next_pid=4077 next_prio=120
           <...>-4077  [000] ...2   226.124328: sched_switch: prev_comm=main prev_pid=4077 prev_prio=120 prev_state=R+ ==> next_comm=main next_pid=4075 next_prio=120
           <...>-4072  [001] ...2   226.124330: sched_switch: prev_comm=main prev_pid=4072 prev_prio=120 prev_state=D ==> next_comm=main next_pid=4076 next_prio=120
           <...>-4076  [001] ...2   226.124349: sched_switch: prev_comm=main prev_pid=4076 prev_prio=120 prev_state=R ==> next_comm=main next_pid=4072 next_prio=120
           <...>-4075  [000] ...2   226.124356: sched_switch: prev_comm=main prev_pid=4075 prev_prio=120 prev_state=D ==> next_comm=main next_pid=4077 next_prio=120
           <...>-4072  [001] ...2   226.124359: sched_switch: prev_comm=main prev_pid=4072 prev_prio=120 prev_state=S ==> next_comm=main next_pid=4076 next_prio=120
           <...>-4077  [000] ...2   226.124374: sched_switch: prev_comm=main prev_pid=4077 prev_prio=120 prev_state=D ==> next_comm=main next_pid=4075 next_prio=120
           <...>-4075  [000] ...2   226.124392: sched_switch: prev_comm=main prev_pid=4075 prev_prio=120 prev_state=D ==> next_comm=main next_pid=4077 next_prio=120
           <...>-4077  [000] ...2   226.124409: sched_switch: prev_comm=main prev_pid=4077 prev_prio=120 prev_state=R+ ==> next_comm=main next_pid=4075 next_prio=120
           <...>-4076  [001] ...2   226.124417: sched_switch: prev_comm=main prev_pid=4076 prev_prio=120 prev_state=D ==> next_comm=swapper/1 next_pid=0 next_prio=120
          <idle>-0     [001] ...2   226.124432: sched_switch: prev_comm=swapper/1 prev_pid=0 prev_prio=120 prev_state=R ==> next_comm=main next_pid=4076 next_prio=120
           <...>-4075  [000] ...2   226.124432: sched_switch: prev_comm=main prev_pid=4075 prev_prio=120 prev_state=D ==> next_comm=main next_pid=4077 next_prio=120
           <...>-4077  [000] ...2   226.124447: sched_switch: prev_comm=main prev_pid=4077 prev_prio=120 prev_state=R+ ==> next_comm=main next_pid=4075 next_prio=120
           <...>-4076  [001] ...2   226.124455: sched_switch: prev_comm=main prev_pid=4076 prev_prio=120 prev_state=D ==> next_comm=swapper/1 next_pid=0 next_prio=120
          <idle>-0     [001] ...2   226.124469: sched_switch: prev_comm=swapper/1 prev_pid=0 prev_prio=120 prev_state=R ==> next_comm=main next_pid=4076 next_prio=120
           <...>-4075  [000] ...2   226.124472: sched_switch: prev_comm=main prev_pid=4075 prev_prio=120 prev_state=D ==> next_comm=main next_pid=4077 next_prio=120
           <...>-4077  [000] ...2   226.124487: sched_switch: prev_comm=main prev_pid=4077 prev_prio=120 prev_state=S ==> next_comm=main next_pid=4075 next_prio=120
           <...>-4076  [001] ...2   226.124491: sched_switch: prev_comm=main prev_pid=4076 prev_prio=120 prev_state=D ==> next_comm=swapper/1 next_pid=0 next_prio=120
          <idle>-0     [001] ...2   226.124514: sched_switch: prev_comm=swapper/1 prev_pid=0 prev_prio=120 prev_state=R ==> next_comm=main next_pid=4076 next_prio=120
           <...>-4075  [000] ...2   226.124515: sched_switch: prev_comm=main prev_pid=4075 prev_prio=120 prev_state=D ==> next_comm=swapper/0 next_pid=0 next_prio=120
          <idle>-0     [000] ...2   226.124540: sched_switch: prev_comm=swapper/0 prev_pid=0 prev_prio=120 prev_state=R ==> next_comm=ksoftirqd/0 next_pid=3 next_prio=120
     ksoftirqd/0-3     [000] ...2   226.124552: sched_switch: prev_comm=ksoftirqd/0 prev_pid=3 prev_prio=120 prev_state=S ==> next_comm=main next_pid=4075 next_prio=120
           <...>-4076  [001] ...2   226.124578: sched_switch: prev_comm=main prev_pid=4076 prev_prio=120 prev_state=S ==> next_comm=swapper/1 next_pid=0 next_prio=120
          <idle>-0     [001] ...2   226.125279: sched_switch: prev_comm=swapper/1 prev_pid=0 prev_prio=120 prev_state=R ==> next_comm=main next_pid=4076 next_prio=120
           <...>-4075  [000] ...2   226.125309: sched_switch: prev_comm=Heap thread poo prev_pid=4075 prev_prio=120 prev_state=S ==> next_comm=main next_pid=4077 next_prio=120
           <...>-4077  [000] ...2   226.125329: sched_switch: prev_comm=main prev_pid=4077 prev_prio=120 prev_state=S ==> next_comm=swapper/0 next_pid=0 next_prio=120
          <idle>-0     [000] ...2   226.125353: sched_switch: prev_comm=swapper/0 prev_pid=0 prev_prio=120 prev_state=R ==> next_comm=ksoftirqd/0 next_pid=3 next_prio=120
     ksoftirqd/0-3     [000] ...2   226.125363: sched_switch: prev_comm=ksoftirqd/0 prev_pid=3 prev_prio=120 prev_state=S ==> next_comm=swapper/0 next_pid=0 next_prio=120
          <idle>-0     [000] ...2   226.125385: sched_switch: prev_comm=swapper/0 prev_pid=0 prev_prio=120 prev_state=R ==> next_comm=ksoftirqd/0 next_pid=3 next_prio=120
     ksoftirqd/0-3     [000] ...2   226.125395: sched_switch: prev_comm=ksoftirqd/0 prev_pid=3 prev_prio=120 prev_state=S ==> next_comm=swapper/0 next_pid=0 next_prio=120
          <idle>-0     [000] ...2   226.125647: sched_switch: prev_comm=swapper/0 prev_pid=0 prev_prio=120 prev_state=R ==> next_comm=main next_pid=4077 next_prio=120
           <...>-4076  [001] ...2   226.125651: sched_switch: prev_comm=Heap thread poo prev_pid=4076 prev_prio=120 prev_state=S ==> next_comm=swapper/1 next_pid=0 next_prio=120
          <idle>-0     [001] ...2   226.126299: sched_switch: prev_comm=swapper/1 prev_pid=0 prev_prio=120 prev_state=R ==> next_comm=main next_pid=4072 next_prio=120
           <...>-4077  [000] ...2   226.126317: sched_switch: prev_comm=Heap thread poo prev_pid=4077 prev_prio=120 prev_state=R+ ==> next_comm=Heap thread poo next_pid=4075 next_prio=120
           <...>-4075  [000] ...2   226.126331: sched_switch: prev_comm=Heap thread poo prev_pid=4075 prev_prio=120 prev_state=D ==> next_comm=Heap thread poo next_pid=4077 next_prio=120
           <...>-4072  [001] ...2   226.126338: sched_switch: prev_comm=main prev_pid=4072 prev_prio=120 prev_state=D ==> next_comm=swapper/1 next_pid=0 next_prio=120
           <...>-4077  [000] ...2   226.126338: sched_switch: prev_comm=Heap thread poo prev_pid=4077 prev_prio=120 prev_state=R+ ==> next_comm=Heap thread poo next_pid=4075 next_prio=120
          <idle>-0     [001] ...2   226.126358: sched_switch: prev_comm=swapper/1 prev_pid=0 prev_prio=120 prev_state=R ==> next_comm=main next_pid=4072 next_prio=120
           <...>-4075  [000] ...2   226.126367: sched_switch: prev_comm=Heap thread poo prev_pid=4075 prev_prio=120 prev_state=D ==> next_comm=Heap thread poo next_pid=4077 next_prio=120
           <...>-4077  [000] ...2   226.126374: sched_switch: prev_comm=Heap thread poo prev_pid=4077 prev_prio=120 prev_state=R+ ==> next_comm=Heap thread poo next_pid=4075 next_prio=120
           <...>-4075  [000] ...2   226.126397: sched_switch: prev_comm=Heap thread poo prev_pid=4075 prev_prio=120 prev_state=S ==> next_comm=Heap thread poo next_pid=4077 next_prio=120
           <...>-4077  [000] ...2   226.126406: sched_switch: prev_comm=Heap thread poo prev_pid=4077 prev_prio=120 prev_state=S ==> next_comm=swapper/0 next_pid=0 next_prio=120
           <...>-4072  [001] ...2   226.126409: sched_switch: prev_comm=main prev_pid=4072 prev_prio=120 prev_state=S ==> next_comm=Heap thread poo next_pid=4076 next_prio=120
           <...>-4076  [001] ...2   226.126425: sched_switch: prev_comm=Heap thread poo prev_pid=4076 prev_prio=120 prev_state=S ==> next_comm=main next_pid=4078 next_prio=120
           <...>-4078  [001] ...2   226.126910: sched_switch: prev_comm=Signal Catcher prev_pid=4078 prev_prio=120 prev_state=R+ ==> next_comm=main next_pid=4072 next_prio=120
          <idle>-0     [000] ...2   226.126989: sched_switch: prev_comm=swapper/0 prev_pid=0 prev_prio=120 prev_state=R ==> next_comm=main next_pid=4079 next_prio=120
           <...>-4072  [001] ...2   226.126992: sched_switch: prev_comm=main prev_pid=4072 prev_prio=120 prev_state=S ==> next_comm=Signal Catcher next_pid=4078 next_prio=120
           <...>-4078  [001] ...2   226.127002: sched_switch: prev_comm=Signal Catcher prev_pid=4078 prev_prio=120 prev_state=S ==> next_comm=swapper/1 next_pid=0 next_prio=120
          <idle>-0     [001] ...2   226.127755: sched_switch: prev_comm=swapper/1 prev_pid=0 prev_prio=120 prev_state=R ==> next_comm=main next_pid=4072 next_prio=120
           <...>-4079  [000] ...2   226.127841: sched_switch: prev_comm=JDWP prev_pid=4079 prev_prio=120 prev_state=R+ ==> next_comm=adbd next_pid=781 next_prio=120
           <...>-4072  [001] d..2   226.127911: block_rq_insert: 179,0 R 0 () 4067352 + 8 [main]
           <...>-4072  [001] d..2   226.127914: block_rq_insert: 179,0 R 0 () 4067368 + 8 [main]
           <...>-4072  [001] ...2   226.127927: sched_switch: prev_comm=main prev_pid=4072 prev_prio=120 prev_state=D|W ==> next_comm=mmcqd/1 next_pid=116 next_prio=120
         mmcqd/1-116   [001] ...2   226.127973: sched_switch: prev_comm=mmcqd/1 prev_pid=116 prev_prio=120 prev_state=S ==> next_comm=swapper/1 next_pid=0 next_prio=120
            adbd-781   [000] ...2   226.128088: sched_switch: prev_comm=adbd prev_pid=781 prev_prio=120 prev_state=S ==> next_comm=JDWP next_pid=4079 next_prio=120
           <...>-4079  [000] ...2   226.128118: sched_switch: prev_comm=JDWP prev_pid=4079 prev_prio=120 prev_state=R+ ==> next_comm=adbd next_pid=781 next_prio=120
          <idle>-0     [001] ...2   226.128211: sched_switch: prev_comm=swapper/1 prev_pid=0 prev_prio=120 prev_state=R ==> next_comm=mmcqd/1 next_pid=116 next_prio=120
         mmcqd/1-116   [001] ...1   226.128232: block_rq_complete: 179,0 RA () 4067352 + 8 [0]
         mmcqd/1-116   [001] ...2   226.128246: sched_switch: prev_comm=mmcqd/1 prev_pid=116 prev_prio=120 prev_state=S ==> next_comm=swapper/1 next_pid=0 next_prio=120
            adbd-781   [000] ...2   226.128414: sched_switch: prev_comm=adbd prev_pid=781 prev_prio=120 prev_state=S ==> next_comm=adbd next_pid=783 next_prio=120
          <idle>-0     [001] ...2   226.128487: sched_switch: prev_comm=swapper/1 prev_pid=0 prev_prio=120 prev_state=R ==> next_comm=mmcqd/1 next_pid=116 next_prio=120
         mmcqd/1-116   [001] ...1   226.128497: block_rq_complete: 179,0 RA () 4067368 + 8 [0]
         mmcqd/1-116   [001] ...2   226.128514: sched_switch: prev_comm=mmcqd/1 prev_pid=116 prev_prio=120 prev_state=R+ ==> next_comm=kworker/1:0H next_pid=4058 next_prio=100
           <...>-4058  [001] ...2   226.128522: sched_switch: prev_comm=kworker/1:0H prev_pid=4058 prev_prio=100 prev_state=S ==> next_comm=mmcqd/1 next_pid=116 next_prio=120
         mmcqd/1-116   [001] ...2   226.128532: sched_switch: prev_comm=mmcqd/1 prev_pid=116 prev_prio=120 prev_state=S ==> next_comm=main next_pid=4072 next_prio=120
            adbd-783   [000] ...2   226.128534: sched_switch: prev_comm=adbd prev_pid=783 prev_prio=120 prev_state=S ==> next_comm=JDWP next_pid=4079 next_prio=120
           <...>-4079  [000] ...2   226.128568: sched_switch: prev_comm=JDWP prev_pid=4079 prev_prio=120 prev_state=S ==> next_comm=swapper/0 next_pid=0 next_prio=120
          <idle>-0     [000] ...2   226.128842: sched_switch: prev_comm=swapper/0 prev_pid=0 prev_prio=120 prev_state=R ==> next_comm=adbd next_pid=784 next_prio=120
            adbd-784   [000] ...2   226.128892: sched_switch: prev_comm=adbd prev_pid=784 prev_prio=120 prev_state=S ==> next_comm=adbd next_pid=781 next_prio=120
           <...>-4072  [001] d..2   226.128906: block_rq_insert: 179,0 R 0 () 3993912 + 8 [main]
           <...>-4072  [001] d..2   226.128909: block_rq_insert: 179,0 R 0 () 3993944 + 16 [main]
           <...>-4072  [001] d..2   226.128910: block_rq_insert: 179,0 R 0 () 3993968 + 72 [main]
           <...>-4072  [001] ...2   226.128922: sched_switch: prev_comm=main prev_pid=4072 prev_prio=120 prev_state=D|W ==> next_comm=mmcqd/1 next_pid=116 next_prio=120
         mmcqd/1-116   [001] ...2   226.128964: sched_switch: prev_comm=mmcqd/1 prev_pid=116 prev_prio=120 prev_state=S ==> next_comm=swapper/1 next_pid=0 next_prio=120
            adbd-781   [000] ...2   226.129076: sched_switch: prev_comm=adbd prev_pid=781 prev_prio=120 prev_state=S ==> next_comm=adbd next_pid=783 next_prio=120
            adbd-783   [000] ...2   226.129089: sched_switch: prev_comm=adbd prev_pid=783 prev_prio=120 prev_state=S ==> next_comm=swapper/0 next_pid=0 next_prio=120
          <idle>-0     [000] ...2   226.129209: sched_switch: prev_comm=swapper/0 prev_pid=0 prev_prio=120 prev_state=R ==> next_comm=mmcqd/1 next_pid=116 next_prio=120
         mmcqd/1-116   [000] ...1   226.129250: block_rq_complete: 179,0 RA () 3993912 + 8 [0]
          <idle>-0     [001] ...2   226.129266: sched_switch: prev_comm=swapper/1 prev_pid=0 prev_prio=120 prev_state=R ==> next_comm=main next_pid=4072 next_prio=120
         mmcqd/1-116   [000] ...2   226.129318: sched_switch: prev_comm=mmcqd/1 prev_pid=116 prev_prio=120 prev_state=S ==> next_comm=swapper/0 next_pid=0 next_prio=120
           <...>-4072  [001] d..2   226.129403: block_rq_insert: 179,0 R 0 () 4026856 + 24 [main]
           <...>-4072  [001] d..2   226.129406: block_rq_insert: 179,0 R 0 () 4026944 + 8 [main]
           <...>-4072  [001] d..2   226.129407: block_rq_insert: 179,0 R 0 () 4026960 + 40 [main]
           <...>-4072  [001] d..2   226.129409: block_rq_insert: 179,0 R 0 () 4027008 + 24 [main]
           <...>-4072  [001] ...2   226.129416: sched_switch: prev_comm=main prev_pid=4072 prev_prio=120 prev_state=D|W ==> next_comm=swapper/1 next_pid=0 next_prio=120
          <idle>-0     [000] ...2   226.129589: sched_switch: prev_comm=swapper/0 prev_pid=0 prev_prio=120 prev_state=R ==> next_comm=mmcqd/1 next_pid=116 next_prio=120
         mmcqd/1-116   [000] ...1   226.129632: block_rq_complete: 179,0 RA () 3993944 + 16 [0]
         mmcqd/1-116   [000] ...2   226.129674: sched_switch: prev_comm=mmcqd/1 prev_pid=116 prev_prio=120 prev_state=S ==> next_comm=swapper/0 next_pid=0 next_prio=120
          <idle>-0     [000] ...2   226.130215: sched_switch: prev_comm=swapper/0 prev_pid=0 prev_prio=120 prev_state=R ==> next_comm=mmcqd/1 next_pid=116 next_prio=120
         mmcqd/1-116   [000] ...1   226.130277: block_rq_complete: 179,0 RA () 3993968 + 72 [0]
         mmcqd/1-116   [000] ...2   226.130314: sched_switch: prev_comm=mmcqd/1 prev_pid=116 prev_prio=120 prev_state=S ==> next_comm=swapper/0 next_pid=0 next_prio=120
          <idle>-0     [000] ...2   226.130563: sched_switch: prev_comm=swapper/0 prev_pid=0 prev_prio=120 prev_state=R ==> next_comm=mmcqd/1 next_pid=116 next_prio=120
         mmcqd/1-116   [000] ...1   226.130607: block_rq_complete: 179,0 RA () 4026856 + 24 [0]
         mmcqd/1-116   [000] ...2   226.130654: sched_switch: prev_comm=mmcqd/1 prev_pid=116 prev_prio=120 prev_state=S ==> next_comm=swapper/0 next_pid=0 next_prio=120
          <idle>-0     [000] ...2   226.130846: sched_switch: prev_comm=swapper/0 prev_pid=0 prev_prio=120 prev_state=R ==> next_comm=mmcqd/1 next_pid=116 next_prio=120
         mmcqd/1-116   [000] ...1   226.130884: block_rq_complete: 179,0 RA () 4026944 + 8 [0]
          <idle>-0     [001] ...2   226.130899: sched_switch: prev_comm=swapper/1 prev_pid=0 prev_prio=120 prev_state=R ==> next_comm=main next_pid=4072 next_prio=120
         mmcqd/1-116   [000] ...2   226.130930: sched_switch: prev_comm=mmcqd/1 prev_pid=116 prev_prio=120 prev_state=S ==> next_comm=swapper/0 next_pid=0 next_prio=120
           <...>-4072  [001] d..2   226.130950: block_rq_insert: 179,0 R 0 () 4028616 + 96 [main]
           <...>-4072  [001] d..2   226.130952: block_rq_insert: 179,0 R 0 () 4028736 + 56 [main]
           <...>-4072  [001] ...2   226.130961: sched_switch: prev_comm=main prev_pid=4072 prev_prio=120 prev_state=D|W ==> next_comm=swapper/1 next_pid=0 next_prio=120
          <idle>-0     [001] ...2   226.131061: sched_switch: prev_comm=swapper/1 prev_pid=0 prev_prio=120 prev_state=R ==> next_comm=ksoftirqd/1 next_pid=4059 next_prio=120
          <idle>-0     [000] ...2   226.131069: sched_switch: prev_comm=swapper/0 prev_pid=0 prev_prio=120 prev_state=R ==> next_comm=ksoftirqd/0 next_pid=3 next_prio=120
           <...>-4059  [001] ...2   226.131070: sched_switch: prev_comm=ksoftirqd/1 prev_pid=4059 prev_prio=120 prev_state=S ==> next_comm=swapper/1 next_pid=0 next_prio=120
          <idle>-0     [001] ...2   226.131084: sched_switch: prev_comm=swapper/1 prev_pid=0 prev_prio=120 prev_state=R ==> next_comm=ksoftirqd/1 next_pid=4059 next_prio=120
     ksoftirqd/0-3     [000] ...2   226.131087: sched_switch: prev_comm=ksoftirqd/0 prev_pid=3 prev_prio=120 prev_state=S ==> next_comm=swapper/0 next_pid=0 next_prio=120
           <...>-4059  [001] ...2   226.131100: sched_switch: prev_comm=ksoftirqd/1 prev_pid=4059 prev_prio=120 prev_state=S ==> next_comm=swapper/1 next_pid=0 next_prio=120
          <idle>-0     [000] ...2   226.131109: sched_switch: prev_comm=swapper/0 prev_pid=0 prev_prio=120 prev_state=R ==> next_comm=ksoftirqd/0 next_pid=3 next_prio=120
     ksoftirqd/0-3     [000] ...2   226.131124: sched_switch: prev_comm=ksoftirqd/0 prev_pid=3 prev_prio=120 prev_state=S ==> next_comm=swapper/0 next_pid=0 next_prio=120
          <idle>-0     [000] ...2   226.131146: sched_switch: prev_comm=swapper/0 prev_pid=0 prev_prio=120 prev_state=R ==> next_comm=ksoftirqd/0 next_pid=3 next_prio=120
     ksoftirqd/0-3     [000] ...2   226.131157: sched_switch: prev_comm=ksoftirqd/0 prev_pid=3 prev_prio=120 prev_state=S ==> next_comm=swapper/0 next_pid=0 next_prio=120
          <idle>-0     [000] ...2   226.131177: sched_switch: prev_comm=swapper/0 prev_pid=0 prev_prio=120 prev_state=R ==> next_comm=ksoftirqd/0 next_pid=3 next_prio=120
     ksoftirqd/0-3     [000] ...2   226.131192: sched_switch: prev_comm=ksoftirqd/0 prev_pid=3 prev_prio=120 prev_state=S ==> next_comm=swapper/0 next_pid=0 next_prio=120
          <idle>-0     [000] ...2   226.131318: sched_switch: prev_comm=swapper/0 prev_pid=0 prev_prio=120 prev_state=R ==> next_comm=mmcqd/1 next_pid=116 next_prio=120
         mmcqd/1-116   [000] ...1   226.131369: block_rq_complete: 179,0 RA () 4026960 + 40 [0]
         mmcqd/1-116   [000] ...2   226.131436: sched_switch: prev_comm=mmcqd/1 prev_pid=116 prev_prio=120 prev_state=S ==> next_comm=swapper/0 next_pid=0 next_prio=120
          <idle>-0     [000] ...2   226.131655: sched_switch: prev_comm=swapper/0 prev_pid=0 prev_prio=120 prev_state=R ==> next_comm=mmcqd/1 next_pid=116 next_prio=120
         mmcqd/1-116   [000] ...1   226.131700: block_rq_complete: 179,0 RA () 4027008 + 24 [0]
         mmcqd/1-116   [000] ...2   226.131749: sched_switch: prev_comm=mmcqd/1 prev_pid=116 prev_prio=120 prev_state=S ==> next_comm=swapper/0 next_pid=0 next_prio=120
          <idle>-0     [000] ...2   226.132468: sched_switch: prev_comm=swapper/0 prev_pid=0 prev_prio=120 prev_state=R ==> next_comm=mmcqd/1 next_pid=116 next_prio=120
         mmcqd/1-116   [000] ...1   226.132538: block_rq_complete: 179,0 RA () 4028616 + 96 [0]
          <idle>-0     [001] ...2   226.132557: sched_switch: prev_comm=swapper/1 prev_pid=0 prev_prio=120 prev_state=R ==> next_comm=main next_pid=4072 next_prio=120
         mmcqd/1-116   [000] ...2   226.132569: sched_switch: prev_comm=mmcqd/1 prev_pid=116 prev_prio=120 prev_state=S ==> next_comm=swapper/0 next_pid=0 next_prio=120
          <idle>-0     [000] ...2   226.132675: sched_switch: prev_comm=swapper/0 prev_pid=0 prev_prio=120 prev_state=R ==> next_comm=main next_pid=4080 next_prio=120
           <...>-4072  [001] ...2   226.132722: sched_switch: prev_comm=main prev_pid=4072 prev_prio=120 prev_state=D ==> next_comm=swapper/1 next_pid=0 next_prio=120
          <idle>-0     [001] ...2   226.132744: sched_switch: prev_comm=swapper/1 prev_pid=0 prev_prio=120 prev_state=R ==> next_comm=main next_pid=4072 next_prio=120
           <...>-4080  [000] ...2   226.132754: sched_switch: prev_comm=main prev_pid=4080 prev_prio=120 prev_state=D ==> next_comm=swapper/0 next_pid=0 next_prio=120
          <idle>-0     [000] ...2   226.132761: sched_switch: prev_comm=swapper/0 prev_pid=0 prev_prio=120 prev_state=R ==> next_comm=main next_pid=4080 next_prio=120
           <...>-4072  [001] d..2   226.132937: block_rq_insert: 179,0 R 0 () 3993624 + 48 [main]
           <...>-4072  [001] d..2   226.132940: block_rq_insert: 179,0 R 0 () 3993688 + 24 [main]
           <...>-4072  [001] d..2   226.132942: block_rq_insert: 179,0 R 0 () 3993752 + 8 [main]
           <...>-4080  [000] ...2   226.132953: sched_switch: prev_comm=main prev_pid=4080 prev_prio=120 prev_state=R+ ==> next_comm=mmcqd/1 next_pid=116 next_prio=120
           <...>-4072  [001] ...2   226.132957: sched_switch: prev_comm=main prev_pid=4072 prev_prio=120 prev_state=D|W ==> next_comm=swapper/1 next_pid=0 next_prio=120
         mmcqd/1-116   [000] ...1   226.133083: block_rq_complete: 179,0 RA () 4028736 + 56 [0]
         mmcqd/1-116   [000] ...2   226.133124: sched_switch: prev_comm=mmcqd/1 prev_pid=116 prev_prio=120 prev_state=S ==> next_comm=main next_pid=4080 next_prio=120
           <...>-4080  [000] ...2   226.133535: sched_switch: prev_comm=main prev_pid=4080 prev_prio=120 prev_state=R+ ==> next_comm=mmcqd/1 next_pid=116 next_prio=120
         mmcqd/1-116   [000] ...1   226.133588: block_rq_complete: 179,0 RA () 3993624 + 48 [0]
         mmcqd/1-116   [000] ...2   226.133621: sched_switch: prev_comm=mmcqd/1 prev_pid=116 prev_prio=120 prev_state=S ==> next_comm=main next_pid=4080 next_prio=120
           <...>-4080  [000] ...2   226.133766: sched_switch: prev_comm=ReferenceQueueD prev_pid=4080 prev_prio=120 prev_state=S ==> next_comm=swapper/0 next_pid=0 next_prio=120
          <idle>-0     [000] ...2   226.133791: sched_switch: prev_comm=swapper/0 prev_pid=0 prev_prio=120 prev_state=R ==> next_comm=ksoftirqd/0 next_pid=3 next_prio=120
     ksoftirqd/0-3     [000] ...2   226.133803: sched_switch: prev_comm=ksoftirqd/0 prev_pid=3 prev_prio=120 prev_state=S ==> next_comm=swapper/0 next_pid=0 next_prio=120
          <idle>-0     [000] ...2   226.133825: sched_switch: prev_comm=swapper/0 prev_pid=0 prev_prio=120 prev_state=R ==> next_comm=ksoftirqd/0 next_pid=3 next_prio=120
     ksoftirqd/0-3     [000] ...2   226.133836: sched_switch: prev_comm=ksoftirqd/0 prev_pid=3 prev_prio=120 prev_state=S ==> next_comm=swapper/0 next_pid=0 next_prio=120
          <idle>-0     [000] ...2   226.133856: sched_switch: prev_comm=swapper/0 prev_pid=0 prev_prio=120 prev_state=R ==> next_comm=ksoftirqd/0 next_pid=3 next_prio=120
     ksoftirqd/0-3     [000] ...2   226.133872: sched_switch: prev_comm=ksoftirqd/0 prev_pid=3 prev_prio=120 prev_state=S ==> next_comm=swapper/0 next_pid=0 next_prio=120
          <idle>-0     [000] ...2   226.133953: sched_switch: prev_comm=swapper/0 prev_pid=0 prev_prio=120 prev_state=R ==> next_comm=mmcqd/1 next_pid=116 next_prio=120
         mmcqd/1-116   [000] ...1   226.133998: block_rq_complete: 179,0 RA () 3993688 + 24 [0]
         mmcqd/1-116   [000] ...2   226.134017: sched_switch: prev_comm=mmcqd/1 prev_pid=116 prev_prio=120 prev_state=S ==> next_comm=swapper/0 next_pid=0 next_prio=120
          <idle>-0     [000] ...2   226.134232: sched_switch: prev_comm=swapper/0 prev_pid=0 prev_prio=120 prev_state=R ==> next_comm=mmcqd/1 next_pid=116 next_prio=120
         mmcqd/1-116   [000] ...1   226.134248: block_rq_complete: 179,0 RA () 3993752 + 8 [0]
          <idle>-0     [001] ...2   226.134265: sched_switch: prev_comm=swapper/1 prev_pid=0 prev_prio=120 prev_state=R ==> next_comm=main next_pid=4072 next_prio=120
         mmcqd/1-116   [000] ...2   226.134276: sched_switch: prev_comm=mmcqd/1 prev_pid=116 prev_prio=120 prev_state=R+ ==> next_comm=kworker/0:1H next_pid=17 next_prio=100
    kworker/0:1H-17    [000] ...2   226.134288: sched_switch: prev_comm=kworker/0:1H prev_pid=17 prev_prio=100 prev_state=S ==> next_comm=mmcqd/1 next_pid=116 next_prio=120
         mmcqd/1-116   [000] ...2   226.134304: sched_switch: prev_comm=mmcqd/1 prev_pid=116 prev_prio=120 prev_state=S ==> next_comm=swapper/0 next_pid=0 next_prio=120
           <...>-4072  [001] d..2   226.134344: block_rq_insert: 179,0 R 0 () 4019800 + 24 [main]
           <...>-4072  [001] d..2   226.134346: block_rq_insert: 179,0 R 0 () 4019896 + 8 [main]
           <...>-4072  [001] d..2   226.134348: block_rq_insert: 179,0 R 0 () 4019928 + 8 [main]
           <...>-4072  [001] ...2   226.134360: sched_switch: prev_comm=main prev_pid=4072 prev_prio=120 prev_state=D|W ==> next_comm=swapper/1 next_pid=0 next_prio=120
          <idle>-0     [000] ...2   226.134367: sched_switch: prev_comm=swapper/0 prev_pid=0 prev_prio=120 prev_state=R ==> next_comm=mmcqd/1 next_pid=116 next_prio=120
         mmcqd/1-116   [000] ...2   226.134439: sched_switch: prev_comm=mmcqd/1 prev_pid=116 prev_prio=120 prev_state=S ==> next_comm=swapper/0 next_pid=0 next_prio=120
          <idle>-0     [000] ...2   226.134566: sched_switch: prev_comm=swapper/0 prev_pid=0 prev_prio=120 prev_state=R ==> next_comm=adbd next_pid=784 next_prio=120
            adbd-784   [000] ...2   226.134585: sched_switch: prev_comm=adbd prev_pid=784 prev_prio=120 prev_state=S ==> next_comm=swapper/0 next_pid=0 next_prio=120
          <idle>-0     [000] ...2   226.134817: sched_switch: prev_comm=swapper/0 prev_pid=0 prev_prio=120 prev_state=R ==> next_comm=adbd next_pid=784 next_prio=120
            adbd-784   [000] ...2   226.134867: sched_switch: prev_comm=adbd prev_pid=784 prev_prio=120 prev_state=S ==> next_comm=adbd next_pid=781 next_prio=120
            adbd-781   [000] ...2   226.135222: sched_switch: prev_comm=adbd prev_pid=781 prev_prio=120 prev_state=S ==> next_comm=adbd next_pid=783 next_prio=120
            adbd-783   [000] ...2   226.135294: sched_switch: prev_comm=adbd prev_pid=783 prev_prio=120 prev_state=S ==> next_comm=JDWP next_pid=4079 next_prio=120
           <...>-4079  [000] ...2   226.135327: sched_switch: prev_comm=JDWP prev_pid=4079 prev_prio=120 prev_state=S ==> next_comm=mmcqd/1 next_pid=116 next_prio=120
         mmcqd/1-116   [000] ...1   226.135374: block_rq_complete: 179,0 RA () 4019800 + 24 [0]
         mmcqd/1-116   [000] ...2   226.135406: sched_switch: prev_comm=mmcqd/1 prev_pid=116 prev_prio=120 prev_state=S ==> next_comm=swapper/0 next_pid=0 next_prio=120
          <idle>-0     [000] ...2   226.135601: sched_switch: prev_comm=swapper/0 prev_pid=0 prev_prio=120 prev_state=R ==> next_comm=mmcqd/1 next_pid=116 next_prio=120
         mmcqd/1-116   [000] ...1   226.135640: block_rq_complete: 179,0 RA () 4019896 + 8 [0]
         mmcqd/1-116   [000] ...2   226.135659: sched_switch: prev_comm=mmcqd/1 prev_pid=116 prev_prio=120 prev_state=S ==> next_comm=swapper/0 next_pid=0 next_prio=120
          <idle>-0     [000] ...2   226.135880: sched_switch: prev_comm=swapper/0 prev_pid=0 prev_prio=120 prev_state=R ==> next_comm=mmcqd/1 next_pid=116 next_prio=120
         mmcqd/1-116   [000] ...1   226.135896: block_rq_complete: 179,0 RA () 4019928 + 8 [0]
          <idle>-0     [001] ...2   226.135913: sched_switch: prev_comm=swapper/1 prev_pid=0 prev_prio=120 prev_state=R ==> next_comm=main next_pid=4072 next_prio=120
         mmcqd/1-116   [000] ...2   226.135923: sched_switch: prev_comm=mmcqd/1 prev_pid=116 prev_prio=120 prev_state=R+ ==> next_comm=kworker/0:1H next_pid=17 next_prio=100
    kworker/0:1H-17    [000] ...2   226.135934: sched_switch: prev_comm=kworker/0:1H prev_pid=17 prev_prio=100 prev_state=S ==> next_comm=mmcqd/1 next_pid=116 next_prio=120
         mmcqd/1-116   [000] ...2   226.135949: sched_switch: prev_comm=mmcqd/1 prev_pid=116 prev_prio=120 prev_state=S ==> next_comm=swapper/0 next_pid=0 next_prio=120
           <...>-4072  [001] d..2   226.135993: block_rq_insert: 179,0 R 0 () 4028368 + 104 [main]
           <...>-4072  [001] d..2   226.135996: block_rq_insert: 179,0 R 0 () 4028480 + 32 [main]
           <...>-4072  [001] ...2   226.136008: sched_switch: prev_comm=main prev_pid=4072 prev_prio=120 prev_state=D|W ==> next_comm=swapper/1 next_pid=0 next_prio=120
          <idle>-0     [000] ...2   226.136014: sched_switch: prev_comm=swapper/0 prev_pid=0 prev_prio=120 prev_state=R ==> next_comm=mmcqd/1 next_pid=116 next_prio=120
         mmcqd/1-116   [000] ...2   226.136129: sched_switch: prev_comm=mmcqd/1 prev_pid=116 prev_prio=120 prev_state=S ==> next_comm=swapper/0 next_pid=0 next_prio=120
          <idle>-0     [000] ...2   226.136930: sched_switch: prev_comm=swapper/0 prev_pid=0 prev_prio=120 prev_state=R ==> next_comm=mmcqd/1 next_pid=116 next_prio=120
         mmcqd/1-116   [000] ...1   226.137001: block_rq_complete: 179,0 RA () 4028368 + 104 [0]
         mmcqd/1-116   [000] ...2   226.137025: sched_switch: prev_comm=mmcqd/1 prev_pid=116 prev_prio=120 prev_state=S ==> next_comm=swapper/0 next_pid=0 next_prio=120
          <idle>-0     [000] ...2   226.137322: sched_switch: prev_comm=swapper/0 prev_pid=0 prev_prio=120 prev_state=R ==> next_comm=mmcqd/1 next_pid=116 next_prio=120
         mmcqd/1-116   [000] ...1   226.137346: block_rq_complete: 179,0 RA () 4028480 + 32 [0]
          <idle>-0     [001] ...2   226.137363: sched_switch: prev_comm=swapper/1 prev_pid=0 prev_prio=120 prev_state=R ==> next_comm=main next_pid=4072 next_prio=120
         mmcqd/1-116   [000] ...2   226.137374: sched_switch: prev_comm=mmcqd/1 prev_pid=116 prev_prio=120 prev_state=R+ ==> next_comm=kworker/0:1H next_pid=17 next_prio=100
    kworker/0:1H-17    [000] ...2   226.137386: sched_switch: prev_comm=kworker/0:1H prev_pid=17 prev_prio=100 prev_state=S ==> next_comm=mmcqd/1 next_pid=116 next_prio=120
         mmcqd/1-116   [000] ...2   226.137401: sched_switch: prev_comm=mmcqd/1 prev_pid=116 prev_prio=120 prev_state=S ==> next_comm=swapper/0 next_pid=0 next_prio=120
          <idle>-0     [000] ...2   226.137458: sched_switch: prev_comm=swapper/0 prev_pid=0 prev_prio=120 prev_state=R ==> next_comm=main next_pid=4081 next_prio=120
           <...>-4072  [001] ...2   226.137495: sched_switch: prev_comm=main prev_pid=4072 prev_prio=120 prev_state=D ==> next_comm=swapper/1 next_pid=0 next_prio=120
          <idle>-0     [001] ...2   226.137525: sched_switch: prev_comm=swapper/1 prev_pid=0 prev_prio=120 prev_state=R ==> next_comm=main next_pid=4072 next_prio=120
           <...>-4081  [000] ...2   226.137535: sched_switch: prev_comm=main prev_pid=4081 prev_prio=120 prev_state=D ==> next_comm=swapper/0 next_pid=0 next_prio=120
          <idle>-0     [000] ...2   226.137542: sched_switch: prev_comm=swapper/0 prev_pid=0 prev_prio=120 prev_state=R ==> next_comm=main next_pid=4081 next_prio=120
           <...>-4072  [001] ...2   226.137695: sched_switch: prev_comm=main prev_pid=4072 prev_prio=120 prev_state=S ==> next_comm=swapper/1 next_pid=0 next_prio=120
          <idle>-0     [001] ...2   226.138150: sched_switch: prev_comm=swapper/1 prev_pid=0 prev_prio=120 prev_state=R ==> next_comm=main next_pid=4072 next_prio=120
           <...>-4072  [001] ...2   226.138180: sched_switch: prev_comm=main prev_pid=4072 prev_prio=120 prev_state=D ==> next_comm=swapper/1 next_pid=0 next_prio=120
          <idle>-0     [001] ...2   226.138191: sched_switch: prev_comm=swapper/1 prev_pid=0 prev_prio=120 prev_state=R ==> next_comm=main next_pid=4072 next_prio=120
           <...>-4081  [000] ...2   226.138218: sched_switch: prev_comm=FinalizerDaemon prev_pid=4081 prev_prio=120 prev_state=S ==> next_comm=swapper/0 next_pid=0 next_prio=120
          <idle>-0     [000] ...2   226.138226: sched_switch: prev_comm=swapper/0 prev_pid=0 prev_prio=120 prev_state=R ==> next_comm=main next_pid=4082 next_prio=120
           <...>-4072  [001] ...2   226.138238: sched_switch: prev_comm=main prev_pid=4072 prev_prio=120 prev_state=D ==> next_comm=swapper/1 next_pid=0 next_prio=120
          <idle>-0     [001] ...2   226.138290: sched_switch: prev_comm=swapper/1 prev_pid=0 prev_prio=120 prev_state=R ==> next_comm=main next_pid=4072 next_prio=120
           <...>-4082  [000] ...2   226.138297: sched_switch: prev_comm=main prev_pid=4082 prev_prio=120 prev_state=D ==> next_comm=swapper/0 next_pid=0 next_prio=120
          <idle>-0     [000] ...2   226.138305: sched_switch: prev_comm=swapper/0 prev_pid=0 prev_prio=120 prev_state=R ==> next_comm=main next_pid=4082 next_prio=120
           <...>-4072  [001] ...2   226.138533: sched_switch: prev_comm=main prev_pid=4072 prev_prio=120 prev_state=S ==> next_comm=swapper/1 next_pid=0 next_prio=120
          <idle>-0     [001] ...2   226.138917: sched_switch: prev_comm=swapper/1 prev_pid=0 prev_prio=120 prev_state=R ==> next_comm=main next_pid=4072 next_prio=120
           <...>-4082  [000] ...2   226.138965: sched_switch: prev_comm=FinalizerWatchd prev_pid=4082 prev_prio=120 prev_state=S ==> next_comm=swapper/0 next_pid=0 next_prio=120
          <idle>-0     [000] ...2   226.138972: sched_switch: prev_comm=swapper/0 prev_pid=0 prev_prio=120 prev_state=R ==> next_comm=main next_pid=4083 next_prio=120
           <...>-4072  [001] ...2   226.138985: sched_switch: prev_comm=main prev_pid=4072 prev_prio=120 prev_state=D ==> next_comm=swapper/1 next_pid=0 next_prio=120
          <idle>-0     [001] ...2   226.139035: sched_switch: prev_comm=swapper/1 prev_pid=0 prev_prio=120 prev_state=R ==> next_comm=main next_pid=4072 next_prio=120
           <...>-4083  [000] ...2   226.139044: sched_switch: prev_comm=main prev_pid=4083 prev_prio=120 prev_state=D ==> next_comm=swapper/0 next_pid=0 next_prio=120
          <idle>-0     [000] ...2   226.139051: sched_switch: prev_comm=swapper/0 prev_pid=0 prev_prio=120 prev_state=R ==> next_comm=main next_pid=4083 next_prio=120
           <...>-4072  [001] ...2   226.139253: sched_switch: prev_comm=main prev_pid=4072 prev_prio=120 prev_state=S ==> next_comm=swapper/1 next_pid=0 next_prio=120
          <idle>-0     [001] ...2   226.139644: sched_switch: prev_comm=swapper/1 prev_pid=0 prev_prio=120 prev_state=R ==> next_comm=main next_pid=4072 next_prio=120
           <...>-4083  [000] ...2   226.139702: sched_switch: prev_comm=HeapTrimmerDaem prev_pid=4083 prev_prio=120 prev_state=S ==> next_comm=swapper/0 next_pid=0 next_prio=120
          <idle>-0     [000] ...2   226.139710: sched_switch: prev_comm=swapper/0 prev_pid=0 prev_prio=120 prev_state=R ==> next_comm=main next_pid=4084 next_prio=120
           <...>-4072  [001] ...2   226.139730: sched_switch: prev_comm=main prev_pid=4072 prev_prio=120 prev_state=D ==> next_comm=swapper/1 next_pid=0 next_prio=120
           <...>-4084  [000] ...2   226.139757: sched_switch: prev_comm=main prev_pid=4084 prev_prio=120 prev_state=R+ ==> next_comm=adbd next_pid=784 next_prio=120
            adbd-784   [000] ...2   226.139776: sched_switch: prev_comm=adbd prev_pid=784 prev_prio=120 prev_state=S ==> next_comm=main next_pid=4084 next_prio=120
          <idle>-0     [001] ...2   226.139828: sched_switch: prev_comm=swapper/1 prev_pid=0 prev_prio=120 prev_state=R ==> next_comm=main next_pid=4072 next_prio=120
           <...>-4084  [000] ...2   226.139836: sched_switch: prev_comm=main prev_pid=4084 prev_prio=120 prev_state=D ==> next_comm=swapper/0 next_pid=0 next_prio=120
          <idle>-0     [000] ...2   226.139843: sched_switch: prev_comm=swapper/0 prev_pid=0 prev_prio=120 prev_state=R ==> next_comm=main next_pid=4084 next_prio=120
           <...>-4072  [001] ...2   226.139847: sched_switch: prev_comm=main prev_pid=4072 prev_prio=120 prev_state=D ==> next_comm=swapper/1 next_pid=0 next_prio=120
          <idle>-0     [001] ...2   226.139857: sched_switch: prev_comm=swapper/1 prev_pid=0 prev_prio=120 prev_state=R ==> next_comm=main next_pid=4072 next_prio=120
           <...>-4084  [000] ...2   226.139995: sched_switch: prev_comm=main prev_pid=4084 prev_prio=120 prev_state=R+ ==> next_comm=adbd next_pid=784 next_prio=120
           <...>-4072  [001] d..2   226.140029: block_rq_insert: 179,0 R 0 () 4008360 + 48 [main]
           <...>-4072  [001] d..2   226.140032: block_rq_insert: 179,0 R 0 () 4008432 + 16 [main]
           <...>-4072  [001] d..2   226.140036: block_rq_insert: 179,0 R 0 () 4008456 + 8 [main]
           <...>-4072  [001] d..2   226.140037: block_rq_insert: 179,0 R 0 () 4008536 + 16 [main]
            adbd-784   [000] ...2   226.140046: sched_switch: prev_comm=adbd prev_pid=784 prev_prio=120 prev_state=S ==> next_comm=adbd next_pid=781 next_prio=120
           <...>-4072  [001] ...2   226.140047: sched_switch: prev_comm=main prev_pid=4072 prev_prio=120 prev_state=R+ ==> next_comm=mmcqd/1 next_pid=116 next_prio=120
         mmcqd/1-116   [001] ...2   226.140090: sched_switch: prev_comm=mmcqd/1 prev_pid=116 prev_prio=120 prev_state=S ==> next_comm=main next_pid=4072 next_prio=120
           <...>-4072  [001] ...2   226.140095: sched_switch: prev_comm=main prev_pid=4072 prev_prio=120 prev_state=D|W ==> next_comm=swapper/1 next_pid=0 next_prio=120
            adbd-781   [000] ...2   226.140273: sched_switch: prev_comm=adbd prev_pid=781 prev_prio=120 prev_state=S ==> next_comm=adbd next_pid=783 next_prio=120
            adbd-783   [000] ...2   226.140342: sched_switch: prev_comm=adbd prev_pid=783 prev_prio=120 prev_state=S ==> next_comm=JDWP next_pid=4079 next_prio=120
          <idle>-0     [001] ...2   226.140400: sched_switch: prev_comm=swapper/1 prev_pid=0 prev_prio=120 prev_state=R ==> next_comm=mmcqd/1 next_pid=116 next_prio=120
         mmcqd/1-116   [001] ...1   226.140424: block_rq_complete: 179,0 RA () 4008536 + 16 [0]
         mmcqd/1-116   [001] ...2   226.140445: sched_switch: prev_comm=mmcqd/1 prev_pid=116 prev_prio=120 prev_state=S ==> next_comm=swapper/1 next_pid=0 next_prio=120
           <...>-4079  [000] ...2   226.140472: sched_switch: prev_comm=JDWP prev_pid=4079 prev_prio=120 prev_state=S ==> next_comm=adbd next_pid=781 next_prio=120
          <idle>-0     [001] ...2   226.140657: sched_switch: prev_comm=swapper/1 prev_pid=0 prev_prio=120 prev_state=R ==> next_comm=mmcqd/1 next_pid=116 next_prio=120
         mmcqd/1-116   [001] ...1   226.140679: block_rq_complete: 179,0 RA () 4008456 + 8 [0]
         mmcqd/1-116   [001] ...2   226.140711: sched_switch: prev_comm=mmcqd/1 prev_pid=116 prev_prio=120 prev_state=S ==> next_comm=main next_pid=4072 next_prio=120
           <...>-4072  [001] ...2   226.140726: sched_switch: prev_comm=main prev_pid=4072 prev_prio=120 prev_state=D|W ==> next_comm=swapper/1 next_pid=0 next_prio=120
            adbd-781   [000] ...2   226.140732: sched_switch: prev_comm=adbd prev_pid=781 prev_prio=120 prev_state=S ==> next_comm=adbd next_pid=784 next_prio=120
            adbd-784   [000] ...2   226.140754: sched_switch: prev_comm=adbd prev_pid=784 prev_prio=120 prev_state=S ==> next_comm=adbd next_pid=783 next_prio=120
            adbd-783   [000] ...2   226.140834: sched_switch: prev_comm=adbd prev_pid=783 prev_prio=120 prev_state=S ==> next_comm=adbd next_pid=784 next_prio=120
            adbd-784   [000] ...2   226.140879: sched_switch: prev_comm=adbd prev_pid=784 prev_prio=120 prev_state=S ==> next_comm=adbd next_pid=781 next_prio=120
          <idle>-0     [001] ...2   226.140989: sched_switch: prev_comm=swapper/1 prev_pid=0 prev_prio=120 prev_state=R ==> next_comm=mmcqd/1 next_pid=116 next_prio=120
         mmcqd/1-116   [001] ...1   226.141011: block_rq_complete: 179,0 RA () 4008432 + 16 [0]
         mmcqd/1-116   [001] ...2   226.141047: sched_switch: prev_comm=mmcqd/1 prev_pid=116 prev_prio=120 prev_state=R+ ==> next_comm=kworker/1:0H next_pid=4058 next_prio=100
           <...>-4058  [001] ...2   226.141063: sched_switch: prev_comm=kworker/1:0H prev_pid=4058 prev_prio=100 prev_state=S ==> next_comm=mmcqd/1 next_pid=116 next_prio=120
         mmcqd/1-116   [001] ...2   226.141069: sched_switch: prev_comm=mmcqd/1 prev_pid=116 prev_prio=120 prev_state=S ==> next_comm=main next_pid=4072 next_prio=120
            adbd-781   [000] ...2   226.141074: sched_switch: prev_comm=adbd prev_pid=781 prev_prio=120 prev_state=R+ ==> next_comm=kworker/0:1H next_pid=17 next_prio=100
    kworker/0:1H-17    [000] ...2   226.141103: sched_switch: prev_comm=kworker/0:1H prev_pid=17 prev_prio=100 prev_state=D ==> next_comm=kworker/0:0 next_pid=4 next_prio=120
     kworker/0:0-4     [000] ...2   226.141122: sched_switch: prev_comm=kworker/0:0 prev_pid=4 prev_prio=120 prev_state=S ==> next_comm=kworker/0:2H next_pid=166 next_prio=100
    kworker/0:2H-166   [000] ...2   226.141156: sched_switch: prev_comm=kworker/0:2H prev_pid=166 prev_prio=100 prev_state=S ==> next_comm=kworker/0:1H next_pid=17 next_prio=100
    kworker/0:1H-17    [000] ...2   226.141183: sched_switch: prev_comm=kworker/0:1H prev_pid=17 prev_prio=100 prev_state=S ==> next_comm=adbd next_pid=783 next_prio=120
            adbd-783   [000] ...2   226.141206: sched_switch: prev_comm=adbd prev_pid=783 prev_prio=120 prev_state=S ==> next_comm=adbd next_pid=784 next_prio=120
            adbd-784   [000] ...2   226.141246: sched_switch: prev_comm=adbd prev_pid=784 prev_prio=120 prev_state=S ==> next_comm=adbd next_pid=781 next_prio=120
           <...>-4072  [001] d..2   226.141322: block_rq_insert: 179,0 R 0 () 4079784 + 8 [main]
           <...>-4072  [001] d..2   226.141324: block_rq_insert: 179,0 R 0 () 4079880 + 40 [main]
           <...>-4072  [001] ...2   226.141334: sched_switch: prev_comm=main prev_pid=4072 prev_prio=120 prev_state=R+ ==> next_comm=mmcqd/1 next_pid=116 next_prio=120
         mmcqd/1-116   [001] ...2   226.141349: sched_switch: prev_comm=mmcqd/1 prev_pid=116 prev_prio=120 prev_state=S ==> next_comm=main next_pid=4072 next_prio=120
           <...>-4072  [001] ...2   226.141355: sched_switch: prev_comm=main prev_pid=4072 prev_prio=120 prev_state=D|W ==> next_comm=swapper/1 next_pid=0 next_prio=120
            adbd-781   [000] ...2   226.141432: sched_switch: prev_comm=adbd prev_pid=781 prev_prio=120 prev_state=S ==> next_comm=JDWP next_pid=4079 next_prio=120
          <idle>-0     [001] ...2   226.141494: sched_switch: prev_comm=swapper/1 prev_pid=0 prev_prio=120 prev_state=R ==> next_comm=mmcqd/1 next_pid=116 next_prio=120
         mmcqd/1-116   [001] ...1   226.141524: block_rq_complete: 179,0 RA () 4008360 + 48 [0]
         mmcqd/1-116   [001] ...2   226.141552: sched_switch: prev_comm=mmcqd/1 prev_pid=116 prev_prio=120 prev_state=S ==> next_comm=swapper/1 next_pid=0 next_prio=120
          <idle>-0     [001] ...2   226.141764: sched_switch: prev_comm=swapper/1 prev_pid=0 prev_prio=120 prev_state=R ==> next_comm=mmcqd/1 next_pid=116 next_prio=120
         mmcqd/1-116   [001] ...1   226.141784: block_rq_complete: 179,0 RA () 4079784 + 8 [0]
         mmcqd/1-116   [001] ...2   226.141795: sched_switch: prev_comm=mmcqd/1 prev_pid=116 prev_prio=120 prev_state=S ==> next_comm=swapper/1 next_pid=0 next_prio=120
           <...>-4079  [000] ...2   226.141808: sched_switch: prev_comm=JDWP prev_pid=4079 prev_prio=120 prev_state=S ==> next_comm=adbd next_pid=783 next_prio=120
            adbd-783   [000] ...2   226.141879: sched_switch: prev_comm=adbd prev_pid=783 prev_prio=120 prev_state=S ==> next_comm=adbd next_pid=781 next_prio=120
            adbd-781   [000] ...2   226.142084: sched_switch: prev_comm=adbd prev_pid=781 prev_prio=120 prev_state=S ==> next_comm=adbd next_pid=783 next_prio=120
