    kworker/0:1H-17    [000] ...2   238.653654: sched_switch: prev_comm=kworker/0:1H prev_pid=17 prev_prio=100 prev_state=S ==> next_comm=mmcqd/1 next_pid=116 next_prio=120
         mmcqd/1-116   [000] ...2   238.653663: sched_switch: prev_comm=mmcqd/1 prev_pid=116 prev_prio=120 prev_state=S ==> next_comm=swapper/0 next_pid=0 next_prio=120
          <idle>-0     [000] ...2   238.653752: sched_switch: prev_comm=swapper/0 prev_pid=0 prev_prio=120 prev_state=R ==> next_comm=JDWP next_pid=4317 next_prio=120
           <...>-4310  [001] ...2   238.653874: sched_switch: prev_comm=main prev_pid=4310 prev_prio=120 prev_state=S ==> next_comm=swapper/1 next_pid=0 next_prio=120
           <...>-4317  [000] d..2   238.653886: block_rq_insert: 179,0 R 0 () 4009736 + 8 [JDWP]
           <...>-4317  [000] d..2   238.653895: block_rq_insert: 179,0 R 0 () 4009824 + 8 [JDWP]
           <...>-4317  [000] d..2   238.653897: block_rq_insert: 179,0 R 0 () 4009864 + 8 [JDWP]
           <...>-4317  [000] ...2   238.653904: sched_switch: prev_comm=JDWP prev_pid=4317 prev_prio=120 prev_state=D|W ==> next_comm=mmcqd/1 next_pid=116 next_prio=120
         mmcqd/1-116   [000] ...2   238.653948: sched_switch: prev_comm=mmcqd/1 prev_pid=116 prev_prio=120 prev_state=S ==> next_comm=swapper/0 next_pid=0 next_prio=120
          <idle>-0     [000] ...2   238.654162: sched_switch: prev_comm=swapper/0 prev_pid=0 prev_prio=120 prev_state=R ==> next_comm=mmcqd/1 next_pid=116 next_prio=120
         mmcqd/1-116   [000] ...1   238.654186: block_rq_complete: 179,0 RA () 4009736 + 8 [0]
         mmcqd/1-116   [000] ...2   238.654204: sched_switch: prev_comm=mmcqd/1 prev_pid=116 prev_prio=120 prev_state=S ==> next_comm=swapper/0 next_pid=0 next_prio=120
          <idle>-0     [000] ...2   238.654460: sched_switch: prev_comm=swapper/0 prev_pid=0 prev_prio=120 prev_state=R ==> next_comm=mmcqd/1 next_pid=116 next_prio=120
         mmcqd/1-116   [000] ...1   238.654484: block_rq_complete: 179,0 RA () 4009824 + 8 [0]
         mmcqd/1-116   [000] ...2   238.654499: sched_switch: prev_comm=mmcqd/1 prev_pid=116 prev_prio=120 prev_state=S ==> next_comm=JDWP next_pid=4317 next_prio=120
          <idle>-0     [001] ...2   238.654554: sched_switch: prev_comm=swapper/1 prev_pid=0 prev_prio=120 prev_state=R ==> next_comm=main next_pid=4310 next_prio=120
           <...>-4317  [000] ...2   238.654573: sched_switch: prev_comm=JDWP prev_pid=4317 prev_prio=120 prev_state=S ==> next_comm=swapper/0 next_pid=0 next_prio=120
          <idle>-0     [000] ...2   238.654594: sched_switch: prev_comm=swapper/0 prev_pid=0 prev_prio=120 prev_state=R ==> next_comm=JDWP next_pid=4317 next_prio=120
           <...>-4310  [001] ...2   238.654637: sched_switch: prev_comm=main prev_pid=4310 prev_prio=120 prev_state=S ==> next_comm=swapper/1 next_pid=0 next_prio=120
           <...>-4317  [000] d..2   238.654677: block_rq_insert: 179,0 R 0 () 4010144 + 96 [JDWP]
           <...>-4317  [000] d..2   238.654679: block_rq_insert: 179,0 R 0 () 4010264 + 48 [JDWP]
           <...>-4317  [000] d..2   238.654681: block_rq_insert: 179,0 R 0 () 4010336 + 24 [JDWP]
           <...>-4317  [000] ...2   238.654691: sched_switch: prev_comm=JDWP prev_pid=4317 prev_prio=120 prev_state=D|W ==> next_comm=mmcqd/1 next_pid=116 next_prio=120
         mmcqd/1-116   [000] ...1   238.654758: block_rq_complete: 179,0 RA () 4009864 + 8 [0]
         mmcqd/1-116   [000] ...2   238.654784: sched_switch: prev_comm=mmcqd/1 prev_pid=116 prev_prio=120 prev_state=S ==> next_comm=swapper/0 next_pid=0 next_prio=120
          <idle>-0     [000] ...2   238.655406: sched_switch: prev_comm=swapper/0 prev_pid=0 prev_prio=120 prev_state=R ==> next_comm=mmcqd/1 next_pid=116 next_prio=120
         mmcqd/1-116   [000] ...1   238.655448: block_rq_complete: 179,0 RA () 4010144 + 96 [0]
         mmcqd/1-116   [000] ...2   238.655471: sched_switch: prev_comm=mmcqd/1 prev_pid=116 prev_prio=120 prev_state=S ==> next_comm=swapper/0 next_pid=0 next_prio=120
          <idle>-0     [000] ...2   238.655891: sched_switch: prev_comm=swapper/0 prev_pid=0 prev_prio=120 prev_state=R ==> next_comm=mmcqd/1 next_pid=116 next_prio=120
         mmcqd/1-116   [000] ...1   238.655923: block_rq_complete: 179,0 RA () 4010264 + 48 [0]
         mmcqd/1-116   [000] ...2   238.655938: sched_switch: prev_comm=mmcqd/1 prev_pid=116 prev_prio=120 prev_state=S ==> next_comm=JDWP next_pid=4317 next_prio=120
           <...>-4317  [000] ...2   238.655949: sched_switch: prev_comm=JDWP prev_pid=4317 prev_prio=120 prev_state=D|W ==> next_comm=swapper/0 next_pid=0 next_prio=120
          <idle>-0     [000] ...2   238.656237: sched_switch: prev_comm=swapper/0 prev_pid=0 prev_prio=120 prev_state=R ==> next_comm=mmcqd/1 next_pid=116 next_prio=120
         mmcqd/1-116   [000] ...1   238.656249: block_rq_complete: 179,0 RA () 4010336 + 24 [0]
         mmcqd/1-116   [000] ...2   238.656265: sched_switch: prev_comm=mmcqd/1 prev_pid=116 prev_prio=120 prev_state=R+ ==> next_comm=kworker/0:1H next_pid=17 next_prio=100
    kworker/0:1H-17    [000] ...2   238.656271: sched_switch: prev_comm=kworker/0:1H prev_pid=17 prev_prio=100 prev_state=S ==> next_comm=JDWP next_pid=4317 next_prio=120
           <...>-4317  [000] d..2   238.656318: block_rq_insert: 179,0 R 0 () 4020448 + 16 [JDWP]
           <...>-4317  [000] d..2   238.656320: block_rq_insert: 179,0 R 0 () 4020472 + 40 [JDWP]
           <...>-4317  [000] d..2   238.656322: block_rq_insert: 179,0 R 0 () 4020544 + 8 [JDWP]
           <...>-4317  [000] d..2   238.656323: block_rq_insert: 179,0 R 0 () 4020560 + 24 [JDWP]
           <...>-4317  [000] ...2   238.656330: sched_switch: prev_comm=JDWP prev_pid=4317 prev_prio=120 prev_state=D|W ==> next_comm=mmcqd/1 next_pid=116 next_prio=120
         mmcqd/1-116   [000] ...2   238.656382: sched_switch: prev_comm=mmcqd/1 prev_pid=116 prev_prio=120 prev_state=S ==> next_comm=swapper/0 next_pid=0 next_prio=120
          <idle>-0     [000] ...2   238.656649: sched_switch: prev_comm=swapper/0 prev_pid=0 prev_prio=120 prev_state=R ==> next_comm=mmcqd/1 next_pid=116 next_prio=120
         mmcqd/1-116   [000] ...1   238.656675: block_rq_complete: 179,0 RA () 4020448 + 16 [0]
         mmcqd/1-116   [000] ...2   238.656693: sched_switch: prev_comm=mmcqd/1 prev_pid=116 prev_prio=120 prev_state=S ==> next_comm=swapper/0 next_pid=0 next_prio=120
          <idle>-0     [000] ...2   238.657222: sched_switch: prev_comm=swapper/0 prev_pid=0 prev_prio=120 prev_state=R ==> next_comm=mmcqd/1 next_pid=116 next_prio=120
         mmcqd/1-116   [000] ...1   238.657251: block_rq_complete: 179,0 RA () 4020472 + 40 [0]
         mmcqd/1-116   [000] ...2   238.657272: sched_switch: prev_comm=mmcqd/1 prev_pid=116 prev_prio=120 prev_state=S ==> next_comm=swapper/0 next_pid=0 next_prio=120
          <idle>-0     [000] ...2   238.657501: sched_switch: prev_comm=swapper/0 prev_pid=0 prev_prio=120 prev_state=R ==> next_comm=mmcqd/1 next_pid=116 next_prio=120
         mmcqd/1-116   [000] ...1   238.657525: block_rq_complete: 179,0 RA () 4020544 + 8 [0]
         mmcqd/1-116   [000] ...2   238.657535: sched_switch: prev_comm=mmcqd/1 prev_pid=116 prev_prio=120 prev_state=S ==> next_comm=swapper/0 next_pid=0 next_prio=120
          <idle>-0     [000] ...2   238.657898: sched_switch: prev_comm=swapper/0 prev_pid=0 prev_prio=120 prev_state=R ==> next_comm=mmcqd/1 next_pid=116 next_prio=120
         mmcqd/1-116   [000] ...1   238.657910: block_rq_complete: 179,0 RA () 4020560 + 24 [0]
         mmcqd/1-116   [000] ...2   238.657925: sched_switch: prev_comm=mmcqd/1 prev_pid=116 prev_prio=120 prev_state=R+ ==> next_comm=kworker/0:1H next_pid=17 next_prio=100
    kworker/0:1H-17    [000] ...2   238.657932: sched_switch: prev_comm=kworker/0:1H prev_pid=17 prev_prio=100 prev_state=S ==> next_comm=JDWP next_pid=4317 next_prio=120
          <idle>-0     [001] ...2   238.657988: sched_switch: prev_comm=swapper/1 prev_pid=0 prev_prio=120 prev_state=R ==> next_comm=main next_pid=4310 next_prio=120
           <...>-4317  [000] ...2   238.658005: sched_switch: prev_comm=JDWP prev_pid=4317 prev_prio=120 prev_state=S ==> next_comm=mmcqd/1 next_pid=116 next_prio=120
         mmcqd/1-116   [000] ...2   238.658014: sched_switch: prev_comm=mmcqd/1 prev_pid=116 prev_prio=120 prev_state=S ==> next_comm=swapper/0 next_pid=0 next_prio=120
          <idle>-0     [000] ...2   238.658024: sched_switch: prev_comm=swapper/0 prev_pid=0 prev_prio=120 prev_state=R ==> next_comm=JDWP next_pid=4317 next_prio=120
           <...>-4310  [001] ...2   238.658049: sched_switch: prev_comm=main prev_pid=4310 prev_prio=120 prev_state=S ==> next_comm=swapper/1 next_pid=0 next_prio=120
           <...>-4317  [000] d..2   238.658127: block_rq_insert: 179,0 R 0 () 4079416 + 48 [JDWP]
           <...>-4317  [000] d..2   238.658130: block_rq_insert: 179,0 R 0 () 4079480 + 24 [JDWP]
           <...>-4317  [000] d..2   238.658132: block_rq_insert: 179,0 R 0 () 4079512 + 72 [JDWP]
           <...>-4317  [000] d..2   238.658133: block_rq_insert: 179,0 R 0 () 4079600 + 16 [JDWP]
           <...>-4317  [000] d..2   238.658135: block_rq_insert: 179,0 R 0 () 4079632 + 16 [JDWP]
           <...>-4317  [000] d..2   238.658136: block_rq_insert: 179,0 R 0 () 4079656 + 16 [JDWP]
           <...>-4317  [000] ...2   238.658147: sched_switch: prev_comm=JDWP prev_pid=4317 prev_prio=120 prev_state=D|W ==> next_comm=mmcqd/1 next_pid=116 next_prio=120
         mmcqd/1-116   [000] ...2   238.658203: sched_switch: prev_comm=mmcqd/1 prev_pid=116 prev_prio=120 prev_state=S ==> next_comm=swapper/0 next_pid=0 next_prio=120
          <idle>-0     [000] ...2   238.658656: sched_switch: prev_comm=swapper/0 prev_pid=0 prev_prio=120 prev_state=R ==> next_comm=mmcqd/1 next_pid=116 next_prio=120
         mmcqd/1-116   [000] ...1   238.658689: block_rq_complete: 179,0 RA () 4079416 + 48 [0]
         mmcqd/1-116   [000] ...2   238.658722: sched_switch: prev_comm=mmcqd/1 prev_pid=116 prev_prio=120 prev_state=S ==> next_comm=swapper/0 next_pid=0 next_prio=120
          <idle>-0     [000] ...2   238.659047: sched_switch: prev_comm=swapper/0 prev_pid=0 prev_prio=120 prev_state=R ==> next_comm=mmcqd/1 next_pid=116 next_prio=120
         mmcqd/1-116   [000] ...1   238.659074: block_rq_complete: 179,0 RA () 4079480 + 24 [0]
         mmcqd/1-116   [000] ...2   238.659093: sched_switch: prev_comm=mmcqd/1 prev_pid=116 prev_prio=120 prev_state=S ==> next_comm=swapper/0 next_pid=0 next_prio=120
          <idle>-0     [000] ...2   238.659616: sched_switch: prev_comm=swapper/0 prev_pid=0 prev_prio=120 prev_state=R ==> next_comm=mmcqd/1 next_pid=116 next_prio=120
         mmcqd/1-116   [000] ...1   238.659653: block_rq_complete: 179,0 RA () 4079512 + 72 [0]
         mmcqd/1-116   [000] ...2   238.659678: sched_switch: prev_comm=mmcqd/1 prev_pid=116 prev_prio=120 prev_state=S ==> next_comm=JDWP next_pid=4317 next_prio=120
          <idle>-0     [001] ...2   238.659706: sched_switch: prev_comm=swapper/1 prev_pid=0 prev_prio=120 prev_state=R ==> next_comm=main next_pid=4310 next_prio=120
           <...>-4317  [000] ...2   238.659721: sched_switch: prev_comm=JDWP prev_pid=4317 prev_prio=120 prev_state=S ==> next_comm=swapper/0 next_pid=0 next_prio=120
          <idle>-0     [000] ...2   238.659743: sched_switch: prev_comm=swapper/0 prev_pid=0 prev_prio=120 prev_state=R ==> next_comm=JDWP next_pid=4317 next_prio=120
           <...>-4317  [000] ...2   238.659804: sched_switch: prev_comm=JDWP prev_pid=4317 prev_prio=120 prev_state=S ==> next_comm=swapper/0 next_pid=0 next_prio=120
          <idle>-0     [000] ...2   238.659823: sched_switch: prev_comm=swapper/0 prev_pid=0 prev_prio=120 prev_state=R ==> next_comm=JDWP next_pid=4317 next_prio=120
           <...>-4310  [001] ...2   238.659846: sched_switch: prev_comm=main prev_pid=4310 prev_prio=120 prev_state=S ==> next_comm=swapper/1 next_pid=0 next_prio=120
           <...>-4317  [000] ...2   238.659862: sched_switch: prev_comm=JDWP prev_pid=4317 prev_prio=120 prev_state=D|W ==> next_comm=swapper/0 next_pid=0 next_prio=120
          <idle>-0     [000] ...2   238.659923: sched_switch: prev_comm=swapper/0 prev_pid=0 prev_prio=120 prev_state=R ==> next_comm=mmcqd/1 next_pid=116 next_prio=120
         mmcqd/1-116   [000] ...1   238.659949: block_rq_complete: 179,0 RA () 4079600 + 16 [0]
         mmcqd/1-116   [000] ...2   238.659969: sched_switch: prev_comm=mmcqd/1 prev_pid=116 prev_prio=120 prev_state=S ==> next_comm=swapper/0 next_pid=0 next_prio=120
          <idle>-0     [000] ...2   238.660230: sched_switch: prev_comm=swapper/0 prev_pid=0 prev_prio=120 prev_state=R ==> next_comm=mmcqd/1 next_pid=116 next_prio=120
         mmcqd/1-116   [000] ...1   238.660255: block_rq_complete: 179,0 RA () 4079632 + 16 [0]
         mmcqd/1-116   [000] ...2   238.660270: sched_switch: prev_comm=mmcqd/1 prev_pid=116 prev_prio=120 prev_state=S ==> next_comm=JDWP next_pid=4317 next_prio=120
          <idle>-0     [001] ...2   238.660296: sched_switch: prev_comm=swapper/1 prev_pid=0 prev_prio=120 prev_state=R ==> next_comm=main next_pid=4310 next_prio=120
           <...>-4310  [001] ...2   238.660357: sched_switch: prev_comm=main prev_pid=4310 prev_prio=120 prev_state=D|W ==> next_comm=swapper/1 next_pid=0 next_prio=120
           <...>-4317  [000] d..2   238.660363: block_rq_insert: 179,0 R 0 () 4078736 + 8 [JDWP]
           <...>-4317  [000] d..2   238.660365: block_rq_insert: 179,0 R 0 () 4078752 + 8 [JDWP]
           <...>-4317  [000] d..2   238.660367: block_rq_insert: 179,0 R 0 () 4078784 + 8 [JDWP]
           <...>-4317  [000] d..2   238.660369: block_rq_insert: 179,0 R 0 () 4078824 + 8 [JDWP]
           <...>-4317  [000] d..2   238.660370: block_rq_insert: 179,0 R 0 () 4078840 + 24 [JDWP]
           <...>-4317  [000] d..2   238.660372: block_rq_insert: 179,0 R 0 () 4078888 + 32 [JDWP]
           <...>-4317  [000] d..2   238.660374: block_rq_insert: 179,0 R 0 () 4078952 + 16 [JDWP]
           <...>-4317  [000] d..2   238.660375: block_rq_insert: 179,0 R 0 () 4078976 + 8 [JDWP]
           <...>-4317  [000] ...2   238.660396: sched_switch: prev_comm=JDWP prev_pid=4317 prev_prio=120 prev_state=S ==> next_comm=mmcqd/1 next_pid=116 next_prio=120
         mmcqd/1-116   [000] ...2   238.660410: sched_switch: prev_comm=mmcqd/1 prev_pid=116 prev_prio=120 prev_state=S ==> next_comm=swapper/0 next_pid=0 next_prio=120
          <idle>-0     [000] ...2   238.660532: sched_switch: prev_comm=swapper/0 prev_pid=0 prev_prio=120 prev_state=R ==> next_comm=mmcqd/1 next_pid=116 next_prio=120
         mmcqd/1-116   [000] ...1   238.660558: block_rq_complete: 179,0 RA () 4079656 + 16 [0]
          <idle>-0     [001] ...2   238.660571: sched_switch: prev_comm=swapper/1 prev_pid=0 prev_prio=120 prev_state=R ==> next_comm=main next_pid=4310 next_prio=120
         mmcqd/1-116   [000] ...2   238.660581: sched_switch: prev_comm=mmcqd/1 prev_pid=116 prev_prio=120 prev_state=S ==> next_comm=swapper/0 next_pid=0 next_prio=120
          <idle>-0     [000] ...2   238.660599: sched_switch: prev_comm=swapper/0 prev_pid=0 prev_prio=120 prev_state=R ==> next_comm=JDWP next_pid=4317 next_prio=120
           <...>-4317  [000] d..2   238.660630: block_rq_insert: 179,0 R 0 () 3991632 + 56 [JDWP]
           <...>-4310  [001] ...2   238.660632: sched_switch: prev_comm=main prev_pid=4310 prev_prio=120 prev_state=S ==> next_comm=swapper/1 next_pid=0 next_prio=120
           <...>-4317  [000] ...2   238.660637: sched_switch: prev_comm=JDWP prev_pid=4317 prev_prio=120 prev_state=D|W ==> next_comm=swapper/0 next_pid=0 next_prio=120
          <idle>-0     [000] ...2   238.660796: sched_switch: prev_comm=swapper/0 prev_pid=0 prev_prio=120 prev_state=R ==> next_comm=mmcqd/1 next_pid=116 next_prio=120
         mmcqd/1-116   [000] ...1   238.660820: block_rq_complete: 179,0 RA () 4078976 + 8 [0]
         mmcqd/1-116   [000] ...2   238.660843: sched_switch: prev_comm=mmcqd/1 prev_pid=116 prev_prio=120 prev_state=S ==> next_comm=swapper/0 next_pid=0 next_prio=120
          <idle>-0     [000] ...2   238.661127: sched_switch: prev_comm=swapper/0 prev_pid=0 prev_prio=120 prev_state=R ==> next_comm=mmcqd/1 next_pid=116 next_prio=120
         mmcqd/1-116   [000] ...1   238.661153: block_rq_complete: 179,0 RA () 4078952 + 16 [0]
         mmcqd/1-116   [000] ...2   238.661174: sched_switch: prev_comm=mmcqd/1 prev_pid=116 prev_prio=120 prev_state=S ==> next_comm=swapper/0 next_pid=0 next_prio=120
          <idle>-0     [000] ...2   238.661550: sched_switch: prev_comm=swapper/0 prev_pid=0 prev_prio=120 prev_state=R ==> next_comm=mmcqd/1 next_pid=116 next_prio=120
         mmcqd/1-116   [000] ...1   238.661579: block_rq_complete: 179,0 RA () 4078888 + 32 [0]
         mmcqd/1-116   [000] ...2   238.661597: sched_switch: prev_comm=mmcqd/1 prev_pid=116 prev_prio=120 prev_state=S ==> next_comm=swapper/0 next_pid=0 next_prio=120
          <idle>-0     [000] ...2   238.662047: sched_switch: prev_comm=swapper/0 prev_pid=0 prev_prio=120 prev_state=R ==> next_comm=mmcqd/1 next_pid=116 next_prio=120
         mmcqd/1-116   [000] ...1   238.662074: block_rq_complete: 179,0 RA () 4078840 + 24 [0]
         mmcqd/1-116   [000] ...2   238.662092: sched_switch: prev_comm=mmcqd/1 prev_pid=116 prev_prio=120 prev_state=S ==> next_comm=swapper/0 next_pid=0 next_prio=120
          <idle>-0     [000] ...2   238.662323: sched_switch: prev_comm=swapper/0 prev_pid=0 prev_prio=120 prev_state=R ==> next_comm=mmcqd/1 next_pid=116 next_prio=120
         mmcqd/1-116   [000] ...1   238.662347: block_rq_complete: 179,0 RA () 4078824 + 8 [0]
         mmcqd/1-116   [000] ...2   238.662364: sched_switch: prev_comm=mmcqd/1 prev_pid=116 prev_prio=120 prev_state=S ==> next_comm=swapper/0 next_pid=0 next_prio=120
          <idle>-0     [000] ...2   238.662603: sched_switch: prev_comm=swapper/0 prev_pid=0 prev_prio=120 prev_state=R ==> next_comm=mmcqd/1 next_pid=116 next_prio=120
         mmcqd/1-116   [000] ...1   238.662626: block_rq_complete: 179,0 RA () 4078784 + 8 [0]
         mmcqd/1-116   [000] ...2   238.662644: sched_switch: prev_comm=mmcqd/1 prev_pid=116 prev_prio=120 prev_state=S ==> next_comm=swapper/0 next_pid=0 next_prio=120
          <idle>-0     [000] ...2   238.662873: sched_switch: prev_comm=swapper/0 prev_pid=0 prev_prio=120 prev_state=R ==> next_comm=mmcqd/1 next_pid=116 next_prio=120
         mmcqd/1-116   [000] ...1   238.662897: block_rq_complete: 179,0 RA () 4078752 + 8 [0]
         mmcqd/1-116   [000] ...2   238.662926: sched_switch: prev_comm=mmcqd/1 prev_pid=116 prev_prio=120 prev_state=S ==> next_comm=swapper/0 next_pid=0 next_prio=120
          <idle>-0     [000] ...2   238.663140: sched_switch: prev_comm=swapper/0 prev_pid=0 prev_prio=120 prev_state=R ==> next_comm=mmcqd/1 next_pid=116 next_prio=120
         mmcqd/1-116   [000] ...1   238.663164: block_rq_complete: 179,0 RA () 4078736 + 8 [0]
         mmcqd/1-116   [000] ...2   238.663175: sched_switch: prev_comm=mmcqd/1 prev_pid=116 prev_prio=120 prev_state=S ==> next_comm=swapper/0 next_pid=0 next_prio=120
          <idle>-0     [000] ...2   238.663701: sched_switch: prev_comm=swapper/0 prev_pid=0 prev_prio=120 prev_state=R ==> next_comm=mmcqd/1 next_pid=116 next_prio=120
         mmcqd/1-116   [000] ...1   238.663720: block_rq_complete: 179,0 RA () 3991632 + 56 [0]
         mmcqd/1-116   [000] ...2   238.663737: sched_switch: prev_comm=mmcqd/1 prev_pid=116 prev_prio=120 prev_state=R+ ==> next_comm=kworker/0:1H next_pid=17 next_prio=100
    kworker/0:1H-17    [000] ...2   238.663744: sched_switch: prev_comm=kworker/0:1H prev_pid=17 prev_prio=100 prev_state=S ==> next_comm=JDWP next_pid=4317 next_prio=120
          <idle>-0     [001] ...2   238.663810: sched_switch: prev_comm=swapper/1 prev_pid=0 prev_prio=120 prev_state=R ==> next_comm=main next_pid=4310 next_prio=120
           <...>-4317  [000] ...2   238.663823: sched_switch: prev_comm=JDWP prev_pid=4317 prev_prio=120 prev_state=S ==> next_comm=mmcqd/1 next_pid=116 next_prio=120
         mmcqd/1-116   [000] ...2   238.663833: sched_switch: prev_comm=mmcqd/1 prev_pid=116 prev_prio=120 prev_state=S ==> next_comm=swapper/0 next_pid=0 next_prio=120
          <idle>-0     [000] ...2   238.663844: sched_switch: prev_comm=swapper/0 prev_pid=0 prev_prio=120 prev_state=R ==> next_comm=JDWP next_pid=4317 next_prio=120
           <...>-4317  [000] ...2   238.663987: sched_switch: prev_comm=JDWP prev_pid=4317 prev_prio=120 prev_state=S ==> next_comm=swapper/0 next_pid=0 next_prio=120
          <idle>-0     [000] ...2   238.664010: sched_switch: prev_comm=swapper/0 prev_pid=0 prev_prio=120 prev_state=R ==> next_comm=JDWP next_pid=4317 next_prio=120
           <...>-4317  [000] d..2   238.664654: block_rq_insert: 179,0 R 0 () 4019736 + 8 [JDWP]
           <...>-4317  [000] d..2   238.664658: block_rq_insert: 179,0 R 0 () 4019792 + 8 [JDWP]
           <...>-4317  [000] ...2   238.664672: sched_switch: prev_comm=JDWP prev_pid=4317 prev_prio=120 prev_state=D|W ==> next_comm=mmcqd/1 next_pid=116 next_prio=120
         mmcqd/1-116   [000] ...2   238.664721: sched_switch: prev_comm=mmcqd/1 prev_pid=116 prev_prio=120 prev_state=S ==> next_comm=swapper/0 next_pid=0 next_prio=120
          <idle>-0     [000] ...2   238.664946: sched_switch: prev_comm=swapper/0 prev_pid=0 prev_prio=120 prev_state=R ==> next_comm=mmcqd/1 next_pid=116 next_prio=120
         mmcqd/1-116   [000] ...1   238.664971: block_rq_complete: 179,0 RA () 4019736 + 8 [0]
         mmcqd/1-116   [000] ...2   238.664984: sched_switch: prev_comm=mmcqd/1 prev_pid=116 prev_prio=120 prev_state=S ==> next_comm=swapper/0 next_pid=0 next_prio=120
          <idle>-0     [000] ...2   238.665232: sched_switch: prev_comm=swapper/0 prev_pid=0 prev_prio=120 prev_state=R ==> next_comm=mmcqd/1 next_pid=116 next_prio=120
         mmcqd/1-116   [000] ...1   238.665241: block_rq_complete: 179,0 RA () 4019792 + 8 [0]
         mmcqd/1-116   [000] ...2   238.665258: sched_switch: prev_comm=mmcqd/1 prev_pid=116 prev_prio=120 prev_state=R+ ==> next_comm=kworker/0:1H next_pid=17 next_prio=100
    kworker/0:1H-17    [000] ...2   238.665266: sched_switch: prev_comm=kworker/0:1H prev_pid=17 prev_prio=100 prev_state=S ==> next_comm=JDWP next_pid=4317 next_prio=120
           <...>-4317  [000] ...2   238.665768: sched_switch: prev_comm=JDWP prev_pid=4317 prev_prio=120 prev_state=S ==> next_comm=adbd next_pid=781 next_prio=120
            adbd-781   [000] ...2   238.665935: sched_switch: prev_comm=adbd prev_pid=781 prev_prio=120 prev_state=S ==> next_comm=adbd next_pid=783 next_prio=120
            adbd-783   [000] ...2   238.666002: sched_switch: prev_comm=adbd prev_pid=783 prev_prio=120 prev_state=S ==> next_comm=mmcqd/1 next_pid=116 next_prio=120
         mmcqd/1-116   [000] ...2   238.666015: sched_switch: prev_comm=mmcqd/1 prev_pid=116 prev_prio=120 prev_state=S ==> next_comm=swapper/0 next_pid=0 next_prio=120
          <idle>-0     [000] ...2   238.666592: sched_switch: prev_comm=swapper/0 prev_pid=0 prev_prio=120 prev_state=R ==> next_comm=adbd next_pid=784 next_prio=120
            adbd-784   [000] ...2   238.666623: sched_switch: prev_comm=adbd prev_pid=784 prev_prio=120 prev_state=S ==> next_comm=adbd next_pid=781 next_prio=120
            adbd-781   [000] ...2   238.666728: sched_switch: prev_comm=adbd prev_pid=781 prev_prio=120 prev_state=S ==> next_comm=adbd next_pid=783 next_prio=120
            adbd-783   [000] ...2   238.666733: sched_switch: prev_comm=adbd prev_pid=783 prev_prio=120 prev_state=S ==> next_comm=swapper/0 next_pid=0 next_prio=120
           <...>-4310  [001] d..2   238.678226: block_rq_insert: 179,0 R 0 () 4085616 + 40 [main]
          <idle>-0     [000] ...2   238.678258: sched_switch: prev_comm=swapper/0 prev_pid=0 prev_prio=120 prev_state=R ==> next_comm=mmcqd/1 next_pid=116 next_prio=120
         mmcqd/1-116   [000] ...2   238.678327: sched_switch: prev_comm=mmcqd/1 prev_pid=116 prev_prio=120 prev_state=S ==> next_comm=swapper/0 next_pid=0 next_prio=120
          <idle>-0     [000] ...2   238.678882: sched_switch: prev_comm=swapper/0 prev_pid=0 prev_prio=120 prev_state=R ==> next_comm=mmcqd/1 next_pid=116 next_prio=120
         mmcqd/1-116   [000] ...1   238.678899: block_rq_complete: 179,0 RA () 4085616 + 40 [0]
         mmcqd/1-116   [000] ...2   238.678920: sched_switch: prev_comm=mmcqd/1 prev_pid=116 prev_prio=120 prev_state=R+ ==> next_comm=kworker/0:1H next_pid=17 next_prio=100
    kworker/0:1H-17    [000] ...2   238.678928: sched_switch: prev_comm=kworker/0:1H prev_pid=17 prev_prio=100 prev_state=S ==> next_comm=mmcqd/1 next_pid=116 next_prio=120
         mmcqd/1-116   [000] ...2   238.678939: sched_switch: prev_comm=mmcqd/1 prev_pid=116 prev_prio=120 prev_state=S ==> next_comm=swapper/0 next_pid=0 next_prio=120
           <...>-4310  [001] d..2   238.680951: block_rq_insert: 179,0 R 0 () 874176 + 8 [main]
           <...>-4310  [001] ...2   238.680968: sched_switch: prev_comm=main prev_pid=4310 prev_prio=120 prev_state=D|W ==> next_comm=swapper/1 next_pid=0 next_prio=120
          <idle>-0     [000] ...2   238.680970: sched_switch: prev_comm=swapper/0 prev_pid=0 prev_prio=120 prev_state=R ==> next_comm=mmcqd/1 next_pid=116 next_prio=120
          <idle>-0     [001] ...2   238.680985: sched_switch: prev_comm=swapper/1 prev_pid=0 prev_prio=120 prev_state=R ==> next_comm=ksoftirqd/1 next_pid=4297 next_prio=120
           <...>-4297  [001] ...2   238.680996: sched_switch: prev_comm=ksoftirqd/1 prev_pid=4297 prev_prio=120 prev_state=S ==> next_comm=swapper/1 next_pid=0 next_prio=120
         mmcqd/1-116   [000] ...2   238.681009: sched_switch: prev_comm=mmcqd/1 prev_pid=116 prev_prio=120 prev_state=S ==> next_comm=swapper/0 next_pid=0 next_prio=120
          <idle>-0     [001] ...2   238.681011: sched_switch: prev_comm=swapper/1 prev_pid=0 prev_prio=120 prev_state=R ==> next_comm=ksoftirqd/1 next_pid=4297 next_prio=120
           <...>-4297  [001] ...2   238.681019: sched_switch: prev_comm=ksoftirqd/1 prev_pid=4297 prev_prio=120 prev_state=S ==> next_comm=swapper/1 next_pid=0 next_prio=120
          <idle>-0     [001] ...2   238.681051: sched_switch: prev_comm=swapper/1 prev_pid=0 prev_prio=120 prev_state=R ==> next_comm=ksoftirqd/1 next_pid=4297 next_prio=120
           <...>-4297  [001] ...2   238.681065: sched_switch: prev_comm=ksoftirqd/1 prev_pid=4297 prev_prio=120 prev_state=S ==> next_comm=swapper/1 next_pid=0 next_prio=120
          <idle>-0     [000] ...2   238.681247: sched_switch: prev_comm=swapper/0 prev_pid=0 prev_prio=120 prev_state=R ==> next_comm=mmcqd/1 next_pid=116 next_prio=120
         mmcqd/1-116   [000] ...1   238.681256: block_rq_complete: 179,0 RA () 874176 + 8 [0]
          <idle>-0     [001] ...2   238.681272: sched_switch: prev_comm=swapper/1 prev_pid=0 prev_prio=120 prev_state=R ==> next_comm=main next_pid=4310 next_prio=120
         mmcqd/1-116   [000] ...2   238.681275: sched_switch: prev_comm=mmcqd/1 prev_pid=116 prev_prio=120 prev_state=R+ ==> next_comm=kworker/0:1H next_pid=17 next_prio=100
    kworker/0:1H-17    [000] ...2   238.681282: sched_switch: prev_comm=kworker/0:1H prev_pid=17 prev_prio=100 prev_state=S ==> next_comm=mmcqd/1 next_pid=116 next_prio=120
         mmcqd/1-116   [000] ...2   238.681293: sched_switch: prev_comm=mmcqd/1 prev_pid=116 prev_prio=120 prev_state=S ==> next_comm=swapper/0 next_pid=0 next_prio=120
           <...>-4310  [001] d..2   238.684462: block_rq_insert: 179,0 R 0 () 4084864 + 8 [main]
           <...>-4310  [001] ...2   238.684483: sched_switch: prev_comm=main prev_pid=4310 prev_prio=120 prev_state=D|W ==> next_comm=swapper/1 next_pid=0 next_prio=120
          <idle>-0     [000] ...2   238.684484: sched_switch: prev_comm=swapper/0 prev_pid=0 prev_prio=120 prev_state=R ==> next_comm=mmcqd/1 next_pid=116 next_prio=120
          <idle>-0     [001] ...2   238.684497: sched_switch: prev_comm=swapper/1 prev_pid=0 prev_prio=120 prev_state=R ==> next_comm=ksoftirqd/1 next_pid=4297 next_prio=120
           <...>-4297  [001] ...2   238.684507: sched_switch: prev_comm=ksoftirqd/1 prev_pid=4297 prev_prio=120 prev_state=S ==> next_comm=swapper/1 next_pid=0 next_prio=120
          <idle>-0     [001] ...2   238.684521: sched_switch: prev_comm=swapper/1 prev_pid=0 prev_prio=120 prev_state=R ==> next_comm=ksoftirqd/1 next_pid=4297 next_prio=120
           <...>-4297  [001] ...2   238.684527: sched_switch: prev_comm=ksoftirqd/1 prev_pid=4297 prev_prio=120 prev_state=S ==> next_comm=swapper/1 next_pid=0 next_prio=120
         mmcqd/1-116   [000] ...2   238.684527: sched_switch: prev_comm=mmcqd/1 prev_pid=116 prev_prio=120 prev_state=S ==> next_comm=swapper/0 next_pid=0 next_prio=120
          <idle>-0     [001] ...2   238.684540: sched_switch: prev_comm=swapper/1 prev_pid=0 prev_prio=120 prev_state=R ==> next_comm=ksoftirqd/1 next_pid=4297 next_prio=120
           <...>-4297  [001] ...2   238.684545: sched_switch: prev_comm=ksoftirqd/1 prev_pid=4297 prev_prio=120 prev_state=S ==> next_comm=swapper/1 next_pid=0 next_prio=120
          <idle>-0     [000] ...2   238.684756: sched_switch: prev_comm=swapper/0 prev_pid=0 prev_prio=120 prev_state=R ==> next_comm=mmcqd/1 next_pid=116 next_prio=120
         mmcqd/1-116   [000] ...1   238.684765: block_rq_complete: 179,0 RA () 4084864 + 8 [0]
          <idle>-0     [001] ...2   238.684780: sched_switch: prev_comm=swapper/1 prev_pid=0 prev_prio=120 prev_state=R ==> next_comm=main next_pid=4310 next_prio=120
         mmcqd/1-116   [000] ...2   238.684784: sched_switch: prev_comm=mmcqd/1 prev_pid=116 prev_prio=120 prev_state=R+ ==> next_comm=kworker/0:1H next_pid=17 next_prio=100
    kworker/0:1H-17    [000] ...2   238.684791: sched_switch: prev_comm=kworker/0:1H prev_pid=17 prev_prio=100 prev_state=S ==> next_comm=mmcqd/1 next_pid=116 next_prio=120
         mmcqd/1-116   [000] ...2   238.684801: sched_switch: prev_comm=mmcqd/1 prev_pid=116 prev_prio=120 prev_state=S ==> next_comm=swapper/0 next_pid=0 next_prio=120
           <...>-4310  [001] d..2   238.686271: block_rq_insert: 179,0 R 0 () 4077832 + 8 [main]
           <...>-4310  [001] d..2   238.686274: block_rq_insert: 179,0 R 0 () 4077848 + 8 [main]
           <...>-4310  [001] d..2   238.686277: block_rq_insert: 179,0 R 0 () 4077872 + 8 [main]
           <...>-4310  [001] ...2   238.686290: sched_switch: prev_comm=main prev_pid=4310 prev_prio=120 prev_state=D|W ==> next_comm=swapper/1 next_pid=0 next_prio=120
          <idle>-0     [000] ...2   238.686293: sched_switch: prev_comm=swapper/0 prev_pid=0 prev_prio=120 prev_state=R ==> next_comm=mmcqd/1 next_pid=116 next_prio=120
         mmcqd/1-116   [000] ...2   238.686341: sched_switch: prev_comm=mmcqd/1 prev_pid=116 prev_prio=120 prev_state=S ==> next_comm=swapper/0 next_pid=0 next_prio=120
          <idle>-0     [000] ...2   238.686570: sched_switch: prev_comm=swapper/0 prev_pid=0 prev_prio=120 prev_state=R ==> next_comm=mmcqd/1 next_pid=116 next_prio=120
         mmcqd/1-116   [000] ...1   238.686596: block_rq_complete: 179,0 RA () 4077872 + 8 [0]
         mmcqd/1-116   [000] ...2   238.686615: sched_switch: prev_comm=mmcqd/1 prev_pid=116 prev_prio=120 prev_state=S ==> next_comm=swapper/0 next_pid=0 next_prio=120
          <idle>-0     [000] ...2   238.686839: sched_switch: prev_comm=swapper/0 prev_pid=0 prev_prio=120 prev_state=R ==> next_comm=mmcqd/1 next_pid=116 next_prio=120
         mmcqd/1-116   [000] ...1   238.686863: block_rq_complete: 179,0 RA () 4077848 + 8 [0]
          <idle>-0     [001] ...2   238.686876: sched_switch: prev_comm=swapper/1 prev_pid=0 prev_prio=120 prev_state=R ==> next_comm=main next_pid=4310 next_prio=120
         mmcqd/1-116   [000] ...2   238.686879: sched_switch: prev_comm=mmcqd/1 prev_pid=116 prev_prio=120 prev_state=S ==> next_comm=swapper/0 next_pid=0 next_prio=120
          <idle>-0     [000] ...2   238.687128: sched_switch: prev_comm=swapper/0 prev_pid=0 prev_prio=120 prev_state=R ==> next_comm=mmcqd/1 next_pid=116 next_prio=120
         mmcqd/1-116   [000] ...1   238.687137: block_rq_complete: 179,0 RA () 4077832 + 8 [0]
         mmcqd/1-116   [000] ...2   238.687151: sched_switch: prev_comm=mmcqd/1 prev_pid=116 prev_prio=120 prev_state=R+ ==> next_comm=kworker/0:1H next_pid=17 next_prio=100
    kworker/0:1H-17    [000] ...2   238.687158: sched_switch: prev_comm=kworker/0:1H prev_pid=17 prev_prio=100 prev_state=S ==> next_comm=mmcqd/1 next_pid=116 next_prio=120
         mmcqd/1-116   [000] ...2   238.687168: sched_switch: prev_comm=mmcqd/1 prev_pid=116 prev_prio=120 prev_state=S ==> next_comm=swapper/0 next_pid=0 next_prio=120
           <...>-4310  [001] d..2   238.690878: block_rq_insert: 179,0 R 0 () 3997296 + 8 [main]
           <...>-4310  [001] ...2   238.690897: sched_switch: prev_comm=main prev_pid=4310 prev_prio=120 prev_state=D|W ==> next_comm=swapper/1 next_pid=0 next_prio=120
          <idle>-0     [000] ...2   238.690901: sched_switch: prev_comm=swapper/0 prev_pid=0 prev_prio=120 prev_state=R ==> next_comm=mmcqd/1 next_pid=116 next_prio=120
         mmcqd/1-116   [000] ...2   238.690944: sched_switch: prev_comm=mmcqd/1 prev_pid=116 prev_prio=120 prev_state=S ==> next_comm=swapper/0 next_pid=0 next_prio=120
          <idle>-0     [001] ...2   238.691056: sched_switch: prev_comm=swapper/1 prev_pid=0 prev_prio=120 prev_state=R ==> next_comm=ksoftirqd/1 next_pid=4297 next_prio=120
           <...>-4297  [001] ...2   238.691065: sched_switch: prev_comm=ksoftirqd/1 prev_pid=4297 prev_prio=120 prev_state=S ==> next_comm=swapper/1 next_pid=0 next_prio=120
          <idle>-0     [000] ...2   238.691189: sched_switch: prev_comm=swapper/0 prev_pid=0 prev_prio=120 prev_state=R ==> next_comm=mmcqd/1 next_pid=116 next_prio=120
         mmcqd/1-116   [000] ...1   238.691199: block_rq_complete: 179,0 RA () 3997296 + 8 [0]
          <idle>-0     [001] ...2   238.691214: sched_switch: prev_comm=swapper/1 prev_pid=0 prev_prio=120 prev_state=R ==> next_comm=main next_pid=4310 next_prio=120
         mmcqd/1-116   [000] ...2   238.691220: sched_switch: prev_comm=mmcqd/1 prev_pid=116 prev_prio=120 prev_state=R+ ==> next_comm=kworker/0:1H next_pid=17 next_prio=100
    kworker/0:1H-17    [000] ...2   238.691227: sched_switch: prev_comm=kworker/0:1H prev_pid=17 prev_prio=100 prev_state=S ==> next_comm=mmcqd/1 next_pid=116 next_prio=120
         mmcqd/1-116   [000] ...2   238.691238: sched_switch: prev_comm=mmcqd/1 prev_pid=116 prev_prio=120 prev_state=S ==> next_comm=swapper/0 next_pid=0 next_prio=120
           <...>-4310  [001] d..2   238.691243: block_rq_insert: 179,0 R 0 () 4010088 + 8 [main]
           <...>-4310  [001] d..2   238.691246: block_rq_insert: 179,0 R 0 () 4010136 + 8 [main]
           <...>-4310  [001] ...2   238.691256: sched_switch: prev_comm=main prev_pid=4310 prev_prio=120 prev_state=D|W ==> next_comm=swapper/1 next_pid=0 next_prio=120
          <idle>-0     [000] ...2   238.691259: sched_switch: prev_comm=swapper/0 prev_pid=0 prev_prio=120 prev_state=R ==> next_comm=mmcqd/1 next_pid=116 next_prio=120
         mmcqd/1-116   [000] ...2   238.691301: sched_switch: prev_comm=mmcqd/1 prev_pid=116 prev_prio=120 prev_state=S ==> next_comm=swapper/0 next_pid=0 next_prio=120
          <idle>-0     [000] ...2   238.691540: sched_switch: prev_comm=swapper/0 prev_pid=0 prev_prio=120 prev_state=R ==> next_comm=mmcqd/1 next_pid=116 next_prio=120
         mmcqd/1-116   [000] ...1   238.691564: block_rq_complete: 179,0 RA () 4010088 + 8 [0]
         mmcqd/1-116   [000] ...2   238.691576: sched_switch: prev_comm=mmcqd/1 prev_pid=116 prev_prio=120 prev_state=S ==> next_comm=swapper/0 next_pid=0 next_prio=120
          <idle>-0     [000] ...2   238.691811: sched_switch: prev_comm=swapper/0 prev_pid=0 prev_prio=120 prev_state=R ==> next_comm=mmcqd/1 next_pid=116 next_prio=120
         mmcqd/1-116   [000] ...1   238.691820: block_rq_complete: 179,0 RA () 4010136 + 8 [0]
          <idle>-0     [001] ...2   238.691834: sched_switch: prev_comm=swapper/1 prev_pid=0 prev_prio=120 prev_state=R ==> next_comm=main next_pid=4310 next_prio=120
         mmcqd/1-116   [000] ...2   238.691836: sched_switch: prev_comm=mmcqd/1 prev_pid=116 prev_prio=120 prev_state=R+ ==> next_comm=kworker/0:1H next_pid=17 next_prio=100
    kworker/0:1H-17    [000] ...2   238.691842: sched_switch: prev_comm=kworker/0:1H prev_pid=17 prev_prio=100 prev_state=S ==> next_comm=mmcqd/1 next_pid=116 next_prio=120
         mmcqd/1-116   [000] ...2   238.691852: sched_switch: prev_comm=mmcqd/1 prev_pid=116 prev_prio=120 prev_state=S ==> next_comm=swapper/0 next_pid=0 next_prio=120
           <...>-4310  [001] d..2   238.691870: block_rq_insert: 179,0 R 0 () 4020328 + 8 [main]
           <...>-4310  [001] d..2   238.691872: block_rq_insert: 179,0 R 0 () 4020392 + 56 [main]
           <...>-4310  [001] ...2   238.691882: sched_switch: prev_comm=main prev_pid=4310 prev_prio=120 prev_state=D|W ==> next_comm=swapper/1 next_pid=0 next_prio=120
          <idle>-0     [000] ...2   238.691885: sched_switch: prev_comm=swapper/0 prev_pid=0 prev_prio=120 prev_state=R ==> next_comm=mmcqd/1 next_pid=116 next_prio=120
         mmcqd/1-116   [000] ...2   238.691940: sched_switch: prev_comm=mmcqd/1 prev_pid=116 prev_prio=120 prev_state=S ==> next_comm=swapper/0 next_pid=0 next_prio=120
          <idle>-0     [000] ...2   238.692166: sched_switch: prev_comm=swapper/0 prev_pid=0 prev_prio=120 prev_state=R ==> next_comm=mmcqd/1 next_pid=116 next_prio=120
         mmcqd/1-116   [000] ...1   238.692190: block_rq_complete: 179,0 RA () 4020328 + 8 [0]
         mmcqd/1-116   [000] ...2   238.692203: sched_switch: prev_comm=mmcqd/1 prev_pid=116 prev_prio=120 prev_state=S ==> next_comm=swapper/0 next_pid=0 next_prio=120
          <idle>-0     [000] ...2   238.692683: sched_switch: prev_comm=swapper/0 prev_pid=0 prev_prio=120 prev_state=R ==> next_comm=mmcqd/1 next_pid=116 next_prio=120
         mmcqd/1-116   [000] ...1   238.692702: block_rq_complete: 179,0 RA () 4020392 + 56 [0]
          <idle>-0     [001] ...2   238.692716: sched_switch: prev_comm=swapper/1 prev_pid=0 prev_prio=120 prev_state=R ==> next_comm=main next_pid=4310 next_prio=120
         mmcqd/1-116   [000] ...2   238.692720: sched_switch: prev_comm=mmcqd/1 prev_pid=116 prev_prio=120 prev_state=R+ ==> next_comm=kworker/0:1H next_pid=17 next_prio=100
    kworker/0:1H-17    [000] ...2   238.692727: sched_switch: prev_comm=kworker/0:1H prev_pid=17 prev_prio=100 prev_state=S ==> next_comm=mmcqd/1 next_pid=116 next_prio=120
         mmcqd/1-116   [000] ...2   238.692737: sched_switch: prev_comm=mmcqd/1 prev_pid=116 prev_prio=120 prev_state=S ==> next_comm=swapper/0 next_pid=0 next_prio=120
          <idle>-0     [000] ...2   238.701053: sched_switch: prev_comm=swapper/0 prev_pid=0 prev_prio=120 prev_state=R ==> next_comm=kworker/u:1 next_pid=21 next_prio=120
           <...>-21    [000] ...2   238.701070: sched_switch: prev_comm=kworker/u:1 prev_pid=21 prev_prio=120 prev_state=S ==> next_comm=mpdecision next_pid=1599 next_prio=113
      mpdecision-1599  [000] ...2   238.701317: sched_switch: prev_comm=mpdecision prev_pid=1599 prev_prio=113 prev_state=S ==> next_comm=swapper/0 next_pid=0 next_prio=120
          <idle>-0     [000] ...2   238.701333: sched_switch: prev_comm=swapper/0 prev_pid=0 prev_prio=120 prev_state=R ==> next_comm=ksoftirqd/0 next_pid=3 next_prio=120
     ksoftirqd/0-3     [000] ...2   238.701343: sched_switch: prev_comm=ksoftirqd/0 prev_pid=3 prev_prio=120 prev_state=S ==> next_comm=swapper/0 next_pid=0 next_prio=120
          <idle>-0     [000] ...2   238.701357: sched_switch: prev_comm=swapper/0 prev_pid=0 prev_prio=120 prev_state=R ==> next_comm=ksoftirqd/0 next_pid=3 next_prio=120
     ksoftirqd/0-3     [000] ...2   238.701364: sched_switch: prev_comm=ksoftirqd/0 prev_pid=3 prev_prio=120 prev_state=S ==> next_comm=swapper/0 next_pid=0 next_prio=120
          <idle>-0     [000] ...2   238.701377: sched_switch: prev_comm=swapper/0 prev_pid=0 prev_prio=120 prev_state=R ==> next_comm=ksoftirqd/0 next_pid=3 next_prio=120
     ksoftirqd/0-3     [000] ...2   238.701384: sched_switch: prev_comm=ksoftirqd/0 prev_pid=3 prev_prio=120 prev_state=S ==> next_comm=swapper/0 next_pid=0 next_prio=120
           <...>-4310  [001] d..2   238.702812: block_rq_insert: 179,0 R 0 () 3994176 + 120 [main]
          <idle>-0     [000] ...2   238.702837: sched_switch: prev_comm=swapper/0 prev_pid=0 prev_prio=120 prev_state=R ==> next_comm=mmcqd/1 next_pid=116 next_prio=120
           <...>-4310  [001] d..2   238.702905: block_rq_insert: 179,0 R 0 () 4077504 + 24 [main]
           <...>-4310  [001] ...2   238.702915: sched_switch: prev_comm=main prev_pid=4310 prev_prio=120 prev_state=D|W ==> next_comm=swapper/1 next_pid=0 next_prio=120
         mmcqd/1-116   [000] ...2   238.702928: sched_switch: prev_comm=mmcqd/1 prev_pid=116 prev_prio=120 prev_state=S ==> next_comm=swapper/0 next_pid=0 next_prio=120
          <idle>-0     [001] ...2   238.702934: sched_switch: prev_comm=swapper/1 prev_pid=0 prev_prio=120 prev_state=R ==> next_comm=ksoftirqd/1 next_pid=4297 next_prio=120
           <...>-4297  [001] ...2   238.702942: sched_switch: prev_comm=ksoftirqd/1 prev_pid=4297 prev_prio=120 prev_state=S ==> next_comm=swapper/1 next_pid=0 next_prio=120
          <idle>-0     [001] ...2   238.702957: sched_switch: prev_comm=swapper/1 prev_pid=0 prev_prio=120 prev_state=R ==> next_comm=ksoftirqd/1 next_pid=4297 next_prio=120
           <...>-4297  [001] ...2   238.702963: sched_switch: prev_comm=ksoftirqd/1 prev_pid=4297 prev_prio=120 prev_state=S ==> next_comm=swapper/1 next_pid=0 next_prio=120
          <idle>-0     [001] ...2   238.702977: sched_switch: prev_comm=swapper/1 prev_pid=0 prev_prio=120 prev_state=R ==> next_comm=ksoftirqd/1 next_pid=4297 next_prio=120
           <...>-4297  [001] ...2   238.702984: sched_switch: prev_comm=ksoftirqd/1 prev_pid=4297 prev_prio=120 prev_state=S ==> next_comm=swapper/1 next_pid=0 next_prio=120
          <idle>-0     [000] ...2   238.703832: sched_switch: prev_comm=swapper/0 prev_pid=0 prev_prio=120 prev_state=R ==> next_comm=mmcqd/1 next_pid=116 next_prio=120
         mmcqd/1-116   [000] ...1   238.703880: block_rq_complete: 179,0 RA () 3994176 + 120 [0]
         mmcqd/1-116   [000] ...2   238.703899: sched_switch: prev_comm=mmcqd/1 prev_pid=116 prev_prio=120 prev_state=S ==> next_comm=swapper/0 next_pid=0 next_prio=120
          <idle>-0     [000] ...2   238.704152: sched_switch: prev_comm=swapper/0 prev_pid=0 prev_prio=120 prev_state=R ==> next_comm=mmcqd/1 next_pid=116 next_prio=120
         mmcqd/1-116   [000] ...1   238.704164: block_rq_complete: 179,0 RA () 4077504 + 24 [0]
          <idle>-0     [001] ...2   238.704179: sched_switch: prev_comm=swapper/1 prev_pid=0 prev_prio=120 prev_state=R ==> next_comm=main next_pid=4310 next_prio=120
         mmcqd/1-116   [000] ...2   238.704184: sched_switch: prev_comm=mmcqd/1 prev_pid=116 prev_prio=120 prev_state=R+ ==> next_comm=kworker/0:1H next_pid=17 next_prio=100
    kworker/0:1H-17    [000] ...2   238.704191: sched_switch: prev_comm=kworker/0:1H prev_pid=17 prev_prio=100 prev_state=S ==> next_comm=mmcqd/1 next_pid=116 next_prio=120
         mmcqd/1-116   [000] ...2   238.704203: sched_switch: prev_comm=mmcqd/1 prev_pid=116 prev_prio=120 prev_state=S ==> next_comm=swapper/0 next_pid=0 next_prio=120
           <...>-4310  [001] d..2   238.704409: block_rq_insert: 179,0 R 0 () 4079680 + 16 [main]
           <...>-4310  [001] d..2   238.704412: block_rq_insert: 179,0 R 0 () 4079712 + 8 [main]
           <...>-4310  [001] d..2   238.704414: block_rq_insert: 179,0 R 0 () 4079728 + 8 [main]
          <idle>-0     [000] ...2   238.704427: sched_switch: prev_comm=swapper/0 prev_pid=0 prev_prio=120 prev_state=R ==> next_comm=mmcqd/1 next_pid=116 next_prio=120
         mmcqd/1-116   [000] ...2   238.704472: sched_switch: prev_comm=mmcqd/1 prev_pid=116 prev_prio=120 prev_state=S ==> next_comm=swapper/0 next_pid=0 next_prio=120
          <idle>-0     [000] ...2   238.704738: sched_switch: prev_comm=swapper/0 prev_pid=0 prev_prio=120 prev_state=R ==> next_comm=mmcqd/1 next_pid=116 next_prio=120
           <...>-4310  [001] d..2   238.704762: block_rq_insert: 179,0 R 0 () 4026240 + 32 [main]
         mmcqd/1-116   [000] ...1   238.704763: block_rq_complete: 179,0 RA () 4079680 + 16 [0]
           <...>-4310  [001] d..2   238.704765: block_rq_insert: 179,0 R 0 () 4026288 + 16 [main]
           <...>-4310  [001] d..2   238.704767: block_rq_insert: 179,0 R 0 () 4026360 + 16 [main]
           <...>-4310  [001] ...2   238.704776: sched_switch: prev_comm=main prev_pid=4310 prev_prio=120 prev_state=D|W ==> next_comm=swapper/1 next_pid=0 next_prio=120
         mmcqd/1-116   [000] ...2   238.704784: sched_switch: prev_comm=mmcqd/1 prev_pid=116 prev_prio=120 prev_state=S ==> next_comm=swapper/0 next_pid=0 next_prio=120
          <idle>-0     [000] ...2   238.705025: sched_switch: prev_comm=swapper/0 prev_pid=0 prev_prio=120 prev_state=R ==> next_comm=mmcqd/1 next_pid=116 next_prio=120
         mmcqd/1-116   [000] ...1   238.705048: block_rq_complete: 179,0 RA () 4079712 + 8 [0]
         mmcqd/1-116   [000] ...2   238.705074: sched_switch: prev_comm=mmcqd/1 prev_pid=116 prev_prio=120 prev_state=S ==> next_comm=swapper/0 next_pid=0 next_prio=120
          <idle>-0     [000] ...2   238.705354: sched_switch: prev_comm=swapper/0 prev_pid=0 prev_prio=120 prev_state=R ==> next_comm=mmcqd/1 next_pid=116 next_prio=120
         mmcqd/1-116   [000] ...1   238.705378: block_rq_complete: 179,0 RA () 4079728 + 8 [0]
         mmcqd/1-116   [000] ...2   238.705399: sched_switch: prev_comm=mmcqd/1 prev_pid=116 prev_prio=120 prev_state=S ==> next_comm=swapper/0 next_pid=0 next_prio=120
          <idle>-0     [000] ...2   238.705728: sched_switch: prev_comm=swapper/0 prev_pid=0 prev_prio=120 prev_state=R ==> next_comm=mmcqd/1 next_pid=116 next_prio=120
         mmcqd/1-116   [000] ...1   238.705757: block_rq_complete: 179,0 RA () 4026240 + 32 [0]
         mmcqd/1-116   [000] ...2   238.705778: sched_switch: prev_comm=mmcqd/1 prev_pid=116 prev_prio=120 prev_state=S ==> next_comm=swapper/0 next_pid=0 next_prio=120
          <idle>-0     [000] ...2   238.706014: sched_switch: prev_comm=swapper/0 prev_pid=0 prev_prio=120 prev_state=R ==> next_comm=mmcqd/1 next_pid=116 next_prio=120
         mmcqd/1-116   [000] ...1   238.706040: block_rq_complete: 179,0 RA () 4026288 + 16 [0]
         mmcqd/1-116   [000] ...2   238.706052: sched_switch: prev_comm=mmcqd/1 prev_pid=116 prev_prio=120 prev_state=S ==> next_comm=swapper/0 next_pid=0 next_prio=120
          <idle>-0     [000] ...2   238.706481: sched_switch: prev_comm=swapper/0 prev_pid=0 prev_prio=120 prev_state=R ==> next_comm=mmcqd/1 next_pid=116 next_prio=120
         mmcqd/1-116   [000] ...1   238.706492: block_rq_complete: 179,0 RA () 4026360 + 16 [0]
          <idle>-0     [001] ...2   238.706506: sched_switch: prev_comm=swapper/1 prev_pid=0 prev_prio=120 prev_state=R ==> next_comm=main next_pid=4310 next_prio=120
         mmcqd/1-116   [000] ...2   238.706508: sched_switch: prev_comm=mmcqd/1 prev_pid=116 prev_prio=120 prev_state=R+ ==> next_comm=kworker/0:1H next_pid=17 next_prio=100
    kworker/0:1H-17    [000] ...2   238.706515: sched_switch: prev_comm=kworker/0:1H prev_pid=17 prev_prio=100 prev_state=S ==> next_comm=mmcqd/1 next_pid=116 next_prio=120
         mmcqd/1-116   [000] ...2   238.706525: sched_switch: prev_comm=mmcqd/1 prev_pid=116 prev_prio=120 prev_state=S ==> next_comm=swapper/0 next_pid=0 next_prio=120
           <...>-4310  [001] d..2   238.707546: block_rq_insert: 179,0 R 0 () 4028944 + 256 [main]
          <idle>-0     [000] ...2   238.707562: sched_switch: prev_comm=swapper/0 prev_pid=0 prev_prio=120 prev_state=R ==> next_comm=mmcqd/1 next_pid=116 next_prio=120
         mmcqd/1-116   [000] ...2   238.707658: sched_switch: prev_comm=mmcqd/1 prev_pid=116 prev_prio=120 prev_state=S ==> next_comm=swapper/0 next_pid=0 next_prio=120
           <...>-4310  [001] d..2   238.707910: block_rq_insert: 179,0 R 0 () 4026808 + 8 [main]
          <idle>-0     [000] ...2   238.707925: sched_switch: prev_comm=swapper/0 prev_pid=0 prev_prio=120 prev_state=R ==> next_comm=mmcqd/1 next_pid=116 next_prio=120
           <...>-4310  [001] ...2   238.707926: sched_switch: prev_comm=main prev_pid=4310 prev_prio=120 prev_state=D|W ==> next_comm=swapper/1 next_pid=0 next_prio=120
         mmcqd/1-116   [000] ...2   238.707943: sched_switch: prev_comm=mmcqd/1 prev_pid=116 prev_prio=120 prev_state=S ==> next_comm=swapper/0 next_pid=0 next_prio=120
          <idle>-0     [000] ...2   238.709129: sched_switch: prev_comm=swapper/0 prev_pid=0 prev_prio=120 prev_state=R ==> next_comm=mmcqd/1 next_pid=116 next_prio=120
         mmcqd/1-116   [000] ...1   238.709204: block_rq_complete: 179,0 RA () 4028944 + 256 [0]
         mmcqd/1-116   [000] ...2   238.709227: sched_switch: prev_comm=mmcqd/1 prev_pid=116 prev_prio=120 prev_state=S ==> next_comm=swapper/0 next_pid=0 next_prio=120
          <idle>-0     [000] ...2   238.709377: sched_switch: prev_comm=swapper/0 prev_pid=0 prev_prio=120 prev_state=R ==> next_comm=mmcqd/1 next_pid=116 next_prio=120
         mmcqd/1-116   [000] ...1   238.709386: block_rq_complete: 179,0 RA () 4026808 + 8 [0]
          <idle>-0     [001] ...2   238.709400: sched_switch: prev_comm=swapper/1 prev_pid=0 prev_prio=120 prev_state=R ==> next_comm=main next_pid=4310 next_prio=120
         mmcqd/1-116   [000] ...2   238.709402: sched_switch: prev_comm=mmcqd/1 prev_pid=116 prev_prio=120 prev_state=R+ ==> next_comm=kworker/0:1H next_pid=17 next_prio=100
    kworker/0:1H-17    [000] ...2   238.709409: sched_switch: prev_comm=kworker/0:1H prev_pid=17 prev_prio=100 prev_state=S ==> next_comm=mmcqd/1 next_pid=116 next_prio=120
         mmcqd/1-116   [000] ...2   238.709419: sched_switch: prev_comm=mmcqd/1 prev_pid=116 prev_prio=120 prev_state=S ==> next_comm=swapper/0 next_pid=0 next_prio=120
