           <...>-4310  [001] d..2   238.711902: block_rq_insert: 179,0 R 0 () 4008664 + 16 [main]
           <...>-4310  [001] d..2   238.711906: block_rq_insert: 179,0 R 0 () 4008712 + 8 [main]
           <...>-4310  [001] ...2   238.711924: sched_switch: prev_comm=main prev_pid=4310 prev_prio=120 prev_state=D|W ==> next_comm=swapper/1 next_pid=0 next_prio=120
          <idle>-0     [000] ...2   238.711924: sched_switch: prev_comm=swapper/0 prev_pid=0 prev_prio=120 prev_state=R ==> next_comm=mmcqd/1 next_pid=116 next_prio=120
         mmcqd/1-116   [000] ...2   238.711976: sched_switch: prev_comm=mmcqd/1 prev_pid=116 prev_prio=120 prev_state=S ==> next_comm=swapper/0 next_pid=0 next_prio=120
          <idle>-0     [000] ...2   238.712190: sched_switch: prev_comm=swapper/0 prev_pid=0 prev_prio=120 prev_state=R ==> next_comm=mmcqd/1 next_pid=116 next_prio=120
         mmcqd/1-116   [000] ...1   238.712214: block_rq_complete: 179,0 RA () 4008712 + 8 [0]
         mmcqd/1-116   [000] ...2   238.712229: sched_switch: prev_comm=mmcqd/1 prev_pid=116 prev_prio=120 prev_state=S ==> next_comm=swapper/0 next_pid=0 next_prio=120
          <idle>-0     [000] ...2   238.712535: sched_switch: prev_comm=swapper/0 prev_pid=0 prev_prio=120 prev_state=R ==> next_comm=mmcqd/1 next_pid=116 next_prio=120
         mmcqd/1-116   [000] ...1   238.712546: block_rq_complete: 179,0 RA () 4008664 + 16 [0]
          <idle>-0     [001] ...2   238.712561: sched_switch: prev_comm=swapper/1 prev_pid=0 prev_prio=120 prev_state=R ==> next_comm=main next_pid=4310 next_prio=120
         mmcqd/1-116   [000] ...2   238.712564: sched_switch: prev_comm=mmcqd/1 prev_pid=116 prev_prio=120 prev_state=R+ ==> next_comm=kworker/0:1H next_pid=17 next_prio=100
    kworker/0:1H-17    [000] ...2   238.712571: sched_switch: prev_comm=kworker/0:1H prev_pid=17 prev_prio=100 prev_state=S ==> next_comm=mmcqd/1 next_pid=116 next_prio=120
         mmcqd/1-116   [000] ...2   238.712584: sched_switch: prev_comm=mmcqd/1 prev_pid=116 prev_prio=120 prev_state=R+ ==> next_comm=ActivityManager next_pid=768 next_prio=118
 ActivityManager-768   [000] ...2   238.712674: sched_switch: prev_comm=ActivityManager prev_pid=768 prev_prio=118 prev_state=S ==> next_comm=mmcqd/1 next_pid=116 next_prio=120
         mmcqd/1-116   [000] ...2   238.712686: sched_switch: prev_comm=mmcqd/1 prev_pid=116 prev_prio=120 prev_state=S ==> next_comm=swapper/0 next_pid=0 next_prio=120
          <idle>-0     [000] ...2   238.715662: sched_switch: prev_comm=swapper/0 prev_pid=0 prev_prio=120 prev_state=R ==> next_comm=main next_pid=4323 next_prio=120
           <...>-4323  [000] ...2   238.715671: sched_switch: prev_comm=main prev_pid=4323 prev_prio=120 prev_state=R+ ==> next_comm=logcat next_pid=797 next_prio=120
           <...>-4310  [001] ...2   238.715693: sched_switch: prev_comm=main prev_pid=4310 prev_prio=120 prev_state=D ==> next_comm=swapper/1 next_pid=0 next_prio=120
          <idle>-0     [001] ...2   238.715710: sched_switch: prev_comm=swapper/1 prev_pid=0 prev_prio=120 prev_state=R ==> next_comm=ksoftirqd/1 next_pid=4297 next_prio=120
           <...>-4297  [001] ...2   238.715723: sched_switch: prev_comm=ksoftirqd/1 prev_pid=4297 prev_prio=120 prev_state=S ==> next_comm=swapper/1 next_pid=0 next_prio=120
          <idle>-0     [001] ...2   238.715738: sched_switch: prev_comm=swapper/1 prev_pid=0 prev_prio=120 prev_state=R ==> next_comm=ksoftirqd/1 next_pid=4297 next_prio=120
           <...>-4297  [001] ...2   238.715747: sched_switch: prev_comm=ksoftirqd/1 prev_pid=4297 prev_prio=120 prev_state=S ==> next_comm=swapper/1 next_pid=0 next_prio=120
          <idle>-0     [001] ...2   238.715760: sched_switch: prev_comm=swapper/1 prev_pid=0 prev_prio=120 prev_state=R ==> next_comm=ksoftirqd/1 next_pid=4297 next_prio=120
           <...>-4297  [001] ...2   238.715769: sched_switch: prev_comm=ksoftirqd/1 prev_pid=4297 prev_prio=120 prev_state=S ==> next_comm=swapper/1 next_pid=0 next_prio=120
          logcat-797   [000] ...2   238.715785: sched_switch: prev_comm=logcat prev_pid=797 prev_prio=120 prev_state=S ==> next_comm=kworker/0:0 next_pid=4 next_prio=120
     kworker/0:0-4     [000] ...2   238.715801: sched_switch: prev_comm=kworker/0:0 prev_pid=4 prev_prio=120 prev_state=S ==> next_comm=adbd next_pid=781 next_prio=120
            adbd-781   [000] ...2   238.715978: sched_switch: prev_comm=adbd prev_pid=781 prev_prio=120 prev_state=S ==> next_comm=adbd next_pid=783 next_prio=120
            adbd-783   [000] ...2   238.716046: sched_switch: prev_comm=adbd prev_pid=783 prev_prio=120 prev_state=S ==> next_comm=main next_pid=4323 next_prio=120
          <idle>-0     [001] ...2   238.716090: sched_switch: prev_comm=swapper/1 prev_pid=0 prev_prio=120 prev_state=R ==> next_comm=main next_pid=4310 next_prio=120
           <...>-4310  [001] d..2   238.716332: block_rq_insert: 179,0 R 0 () 4008840 + 8 [main]
           <...>-4310  [001] d..2   238.716336: block_rq_insert: 179,0 R 0 () 4008920 + 48 [main]
           <...>-4323  [000] ...2   238.716348: sched_switch: prev_comm=Binder_1 prev_pid=4323 prev_prio=120 prev_state=R+ ==> next_comm=mmcqd/1 next_pid=116 next_prio=120
           <...>-4310  [001] ...2   238.716354: sched_switch: prev_comm=main prev_pid=4310 prev_prio=120 prev_state=D|W ==> next_comm=swapper/1 next_pid=0 next_prio=120
         mmcqd/1-116   [000] ...2   238.716433: sched_switch: prev_comm=mmcqd/1 prev_pid=116 prev_prio=120 prev_state=S ==> next_comm=adbd next_pid=784 next_prio=120
            adbd-784   [000] ...2   238.716466: sched_switch: prev_comm=adbd prev_pid=784 prev_prio=120 prev_state=S ==> next_comm=adbd next_pid=781 next_prio=120
            adbd-781   [000] ...2   238.716573: sched_switch: prev_comm=adbd prev_pid=781 prev_prio=120 prev_state=S ==> next_comm=adbd next_pid=783 next_prio=120
            adbd-783   [000] ...2   238.716578: sched_switch: prev_comm=adbd prev_pid=783 prev_prio=120 prev_state=S ==> next_comm=Binder_1 next_pid=4323 next_prio=120
           <...>-4323  [000] ...2   238.716642: sched_switch: prev_comm=Binder_1 prev_pid=4323 prev_prio=120 prev_state=R+ ==> next_comm=mmcqd/1 next_pid=116 next_prio=120
         mmcqd/1-116   [000] ...1   238.716669: block_rq_complete: 179,0 RA () 4008840 + 8 [0]
          <idle>-0     [001] ...2   238.716683: sched_switch: prev_comm=swapper/1 prev_pid=0 prev_prio=120 prev_state=R ==> next_comm=main next_pid=4310 next_prio=120
         mmcqd/1-116   [000] ...2   238.716689: sched_switch: prev_comm=mmcqd/1 prev_pid=116 prev_prio=120 prev_state=S ==> next_comm=Binder_1 next_pid=4323 next_prio=120
           <...>-4310  [001] d..2   238.716873: block_rq_insert: 179,0 R 0 () 4123736 + 8 [main]
           <...>-4310  [001] d..2   238.716876: block_rq_insert: 179,0 R 0 () 4123816 + 32 [main]
           <...>-4323  [000] ...2   238.716887: sched_switch: prev_comm=Binder_1 prev_pid=4323 prev_prio=120 prev_state=R ==> next_comm=mmcqd/1 next_pid=116 next_prio=120
           <...>-4310  [001] ...2   238.716893: sched_switch: prev_comm=main prev_pid=4310 prev_prio=120 prev_state=D|W ==> next_comm=swapper/1 next_pid=0 next_prio=120
         mmcqd/1-116   [000] ...2   238.716903: sched_switch: prev_comm=mmcqd/1 prev_pid=116 prev_prio=120 prev_state=S ==> next_comm=Binder_1 next_pid=4323 next_prio=120
          <idle>-0     [001] ...2   238.717022: sched_switch: prev_comm=swapper/1 prev_pid=0 prev_prio=120 prev_state=R ==> next_comm=Binder_1 next_pid=4324 next_prio=120
           <...>-4323  [000] ...2   238.717034: sched_switch: prev_comm=Binder_1 prev_pid=4323 prev_prio=120 prev_state=S ==> next_comm=swapper/0 next_pid=0 next_prio=120
          <idle>-0     [000] ...2   238.717049: sched_switch: prev_comm=swapper/0 prev_pid=0 prev_prio=120 prev_state=R ==> next_comm=ksoftirqd/0 next_pid=3 next_prio=120
     ksoftirqd/0-3     [000] ...2   238.717058: sched_switch: prev_comm=ksoftirqd/0 prev_pid=3 prev_prio=120 prev_state=S ==> next_comm=swapper/0 next_pid=0 next_prio=120
          <idle>-0     [000] ...2   238.717072: sched_switch: prev_comm=swapper/0 prev_pid=0 prev_prio=120 prev_state=R ==> next_comm=ksoftirqd/0 next_pid=3 next_prio=120
     ksoftirqd/0-3     [000] ...2   238.717080: sched_switch: prev_comm=ksoftirqd/0 prev_pid=3 prev_prio=120 prev_state=S ==> next_comm=swapper/0 next_pid=0 next_prio=120
          <idle>-0     [000] ...2   238.717091: sched_switch: prev_comm=swapper/0 prev_pid=0 prev_prio=120 prev_state=R ==> next_comm=ksoftirqd/0 next_pid=3 next_prio=120
     ksoftirqd/0-3     [000] ...2   238.717098: sched_switch: prev_comm=ksoftirqd/0 prev_pid=3 prev_prio=120 prev_state=S ==> next_comm=swapper/0 next_pid=0 next_prio=120
          <idle>-0     [000] ...2   238.717235: sched_switch: prev_comm=swapper/0 prev_pid=0 prev_prio=120 prev_state=R ==> next_comm=mmcqd/1 next_pid=116 next_prio=120
         mmcqd/1-116   [000] ...1   238.717268: block_rq_complete: 179,0 RA () 4008920 + 48 [0]
         mmcqd/1-116   [000] ...2   238.717295: sched_switch: prev_comm=mmcqd/1 prev_pid=116 prev_prio=120 prev_state=S ==> next_comm=swapper/0 next_pid=0 next_prio=120
           <...>-4324  [001] ...2   238.717476: sched_switch: prev_comm=Binder_2 prev_pid=4324 prev_prio=120 prev_state=S ==> next_comm=swapper/1 next_pid=0 next_prio=120
          <idle>-0     [000] ...2   238.717503: sched_switch: prev_comm=swapper/0 prev_pid=0 prev_prio=120 prev_state=R ==> next_comm=mmcqd/1 next_pid=116 next_prio=120
         mmcqd/1-116   [000] ...1   238.717527: block_rq_complete: 179,0 RA () 4123736 + 8 [0]
         mmcqd/1-116   [000] ...2   238.717540: sched_switch: prev_comm=mmcqd/1 prev_pid=116 prev_prio=120 prev_state=S ==> next_comm=swapper/0 next_pid=0 next_prio=120
          <idle>-0     [000] ...2   238.717917: sched_switch: prev_comm=swapper/0 prev_pid=0 prev_prio=120 prev_state=R ==> next_comm=mmcqd/1 next_pid=116 next_prio=120
         mmcqd/1-116   [000] ...1   238.717931: block_rq_complete: 179,0 RA () 4123816 + 32 [0]
          <idle>-0     [001] ...2   238.717945: sched_switch: prev_comm=swapper/1 prev_pid=0 prev_prio=120 prev_state=R ==> next_comm=main next_pid=4310 next_prio=120
         mmcqd/1-116   [000] ...2   238.717950: sched_switch: prev_comm=mmcqd/1 prev_pid=116 prev_prio=120 prev_state=R+ ==> next_comm=kworker/0:1H next_pid=17 next_prio=100
    kworker/0:1H-17    [000] ...2   238.717958: sched_switch: prev_comm=kworker/0:1H prev_pid=17 prev_prio=100 prev_state=S ==> next_comm=mmcqd/1 next_pid=116 next_prio=120
         mmcqd/1-116   [000] ...2   238.717971: sched_switch: prev_comm=mmcqd/1 prev_pid=116 prev_prio=120 prev_state=S ==> next_comm=swapper/0 next_pid=0 next_prio=120
           <...>-4310  [001] d..2   238.717985: block_rq_insert: 179,0 R 0 () 4084528 + 24 [main]
          <idle>-0     [000] ...2   238.717999: sched_switch: prev_comm=swapper/0 prev_pid=0 prev_prio=120 prev_state=R ==> next_comm=mmcqd/1 next_pid=116 next_prio=120
           <...>-4310  [001] ...2   238.717999: sched_switch: prev_comm=main prev_pid=4310 prev_prio=120 prev_state=D|W ==> next_comm=swapper/1 next_pid=0 next_prio=120
         mmcqd/1-116   [000] ...2   238.718038: sched_switch: prev_comm=mmcqd/1 prev_pid=116 prev_prio=120 prev_state=S ==> next_comm=swapper/0 next_pid=0 next_prio=120
          <idle>-0     [000] ...2   238.718395: sched_switch: prev_comm=swapper/0 prev_pid=0 prev_prio=120 prev_state=R ==> next_comm=mmcqd/1 next_pid=116 next_prio=120
         mmcqd/1-116   [000] ...1   238.718408: block_rq_complete: 179,0 RA () 4084528 + 24 [0]
          <idle>-0     [001] ...2   238.718419: sched_switch: prev_comm=swapper/1 prev_pid=0 prev_prio=120 prev_state=R ==> next_comm=main next_pid=4310 next_prio=120
         mmcqd/1-116   [000] ...2   238.718424: sched_switch: prev_comm=mmcqd/1 prev_pid=116 prev_prio=120 prev_state=R+ ==> next_comm=kworker/0:1H next_pid=17 next_prio=100
    kworker/0:1H-17    [000] ...2   238.718431: sched_switch: prev_comm=kworker/0:1H prev_pid=17 prev_prio=100 prev_state=S ==> next_comm=mmcqd/1 next_pid=116 next_prio=120
         mmcqd/1-116   [000] ...2   238.718440: sched_switch: prev_comm=mmcqd/1 prev_pid=116 prev_prio=120 prev_state=S ==> next_comm=swapper/0 next_pid=0 next_prio=120
          <idle>-0     [000] ...2   238.718474: sched_switch: prev_comm=swapper/0 prev_pid=0 prev_prio=120 prev_state=R ==> next_comm=servicemanager next_pid=170 next_prio=120
           <...>-4310  [001] ...2   238.718480: sched_switch: prev_comm=main prev_pid=4310 prev_prio=120 prev_state=S ==> next_comm=swapper/1 next_pid=0 next_prio=120
          <idle>-0     [001] ...2   238.718501: sched_switch: prev_comm=swapper/1 prev_pid=0 prev_prio=120 prev_state=R ==> next_comm=main next_pid=4310 next_prio=120
           <...>-170   [000] ...2   238.718505: sched_switch: prev_comm=servicemanager prev_pid=170 prev_prio=120 prev_state=S ==> next_comm=swapper/0 next_pid=0 next_prio=120
          <idle>-0     [000] ...2   238.718657: sched_switch: prev_comm=swapper/0 prev_pid=0 prev_prio=120 prev_state=R ==> next_comm=servicemanager next_pid=170 next_prio=120
           <...>-4310  [001] ...2   238.718660: sched_switch: prev_comm=main prev_pid=4310 prev_prio=120 prev_state=S ==> next_comm=swapper/1 next_pid=0 next_prio=120
          <idle>-0     [001] ...2   238.718766: sched_switch: prev_comm=swapper/1 prev_pid=0 prev_prio=120 prev_state=R ==> next_comm=main next_pid=4310 next_prio=120
           <...>-170   [000] ...2   238.718770: sched_switch: prev_comm=servicemanager prev_pid=170 prev_prio=120 prev_state=S ==> next_comm=swapper/0 next_pid=0 next_prio=120
           <...>-4310  [001] d..2   238.719540: block_rq_insert: 179,0 R 0 () 4052264 + 8 [main]
           <...>-4310  [001] d..2   238.719543: block_rq_insert: 179,0 R 0 () 4052304 + 8 [main]
           <...>-4310  [001] d..2   238.719545: block_rq_insert: 179,0 R 0 () 4052400 + 32 [main]
           <...>-4310  [001] ...2   238.719558: sched_switch: prev_comm=main prev_pid=4310 prev_prio=120 prev_state=D|W ==> next_comm=kworker/1:1 next_pid=4309 next_prio=120
          <idle>-0     [000] ...2   238.719560: sched_switch: prev_comm=swapper/0 prev_pid=0 prev_prio=120 prev_state=R ==> next_comm=mmcqd/1 next_pid=116 next_prio=120
           <...>-4309  [001] ...2   238.719573: sched_switch: prev_comm=kworker/1:1 prev_pid=4309 prev_prio=120 prev_state=S ==> next_comm=swapper/1 next_pid=0 next_prio=120
         mmcqd/1-116   [000] ...2   238.719610: sched_switch: prev_comm=mmcqd/1 prev_pid=116 prev_prio=120 prev_state=S ==> next_comm=adbd next_pid=781 next_prio=120
            adbd-781   [000] ...2   238.719748: sched_switch: prev_comm=adbd prev_pid=781 prev_prio=120 prev_state=S ==> next_comm=adbd next_pid=783 next_prio=120
            adbd-783   [000] ...2   238.719804: sched_switch: prev_comm=adbd prev_pid=783 prev_prio=120 prev_state=S ==> next_comm=swapper/0 next_pid=0 next_prio=120
          <idle>-0     [000] ...2   238.719978: sched_switch: prev_comm=swapper/0 prev_pid=0 prev_prio=120 prev_state=R ==> next_comm=mmcqd/1 next_pid=116 next_prio=120
         mmcqd/1-116   [000] ...1   238.720009: block_rq_complete: 179,0 RA () 4052400 + 32 [0]
         mmcqd/1-116   [000] ...2   238.720033: sched_switch: prev_comm=mmcqd/1 prev_pid=116 prev_prio=120 prev_state=S ==> next_comm=swapper/0 next_pid=0 next_prio=120
          <idle>-0     [000] ...2   238.720133: sched_switch: prev_comm=swapper/0 prev_pid=0 prev_prio=120 prev_state=R ==> next_comm=adbd next_pid=784 next_prio=120
            adbd-784   [000] ...2   238.720161: sched_switch: prev_comm=adbd prev_pid=784 prev_prio=120 prev_state=S ==> next_comm=adbd next_pid=781 next_prio=120
            adbd-781   [000] ...2   238.720285: sched_switch: prev_comm=adbd prev_pid=781 prev_prio=120 prev_state=S ==> next_comm=adbd next_pid=783 next_prio=120
            adbd-783   [000] ...2   238.720291: sched_switch: prev_comm=adbd prev_pid=783 prev_prio=120 prev_state=S ==> next_comm=mmcqd/1 next_pid=116 next_prio=120
         mmcqd/1-116   [000] ...1   238.720315: block_rq_complete: 179,0 RA () 4052304 + 8 [0]
          <idle>-0     [001] ...2   238.720328: sched_switch: prev_comm=swapper/1 prev_pid=0 prev_prio=120 prev_state=R ==> next_comm=main next_pid=4310 next_prio=120
         mmcqd/1-116   [000] ...2   238.720331: sched_switch: prev_comm=mmcqd/1 prev_pid=116 prev_prio=120 prev_state=S ==> next_comm=swapper/0 next_pid=0 next_prio=120
          <idle>-0     [000] ...2   238.720551: sched_switch: prev_comm=swapper/0 prev_pid=0 prev_prio=120 prev_state=R ==> next_comm=mmcqd/1 next_pid=116 next_prio=120
         mmcqd/1-116   [000] ...1   238.720560: block_rq_complete: 179,0 RA () 4052264 + 8 [0]
         mmcqd/1-116   [000] ...2   238.720573: sched_switch: prev_comm=mmcqd/1 prev_pid=116 prev_prio=120 prev_state=R+ ==> next_comm=kworker/0:1H next_pid=17 next_prio=100
    kworker/0:1H-17    [000] ...2   238.720579: sched_switch: prev_comm=kworker/0:1H prev_pid=17 prev_prio=100 prev_state=S ==> next_comm=mmcqd/1 next_pid=116 next_prio=120
         mmcqd/1-116   [000] ...2   238.720588: sched_switch: prev_comm=mmcqd/1 prev_pid=116 prev_prio=120 prev_state=S ==> next_comm=swapper/0 next_pid=0 next_prio=120
          <idle>-0     [000] ...2   238.720845: sched_switch: prev_comm=swapper/0 prev_pid=0 prev_prio=120 prev_state=R ==> next_comm=logcat next_pid=797 next_prio=120
          logcat-797   [000] ...2   238.720861: sched_switch: prev_comm=logcat prev_pid=797 prev_prio=120 prev_state=S ==> next_comm=swapper/0 next_pid=0 next_prio=120
          <idle>-0     [000] ...2   238.720894: sched_switch: prev_comm=swapper/0 prev_pid=0 prev_prio=120 prev_state=R ==> next_comm=Binder_1 next_pid=718 next_prio=120
           <...>-4310  [001] ...2   238.720899: sched_switch: prev_comm=main prev_pid=4310 prev_prio=120 prev_state=S ==> next_comm=swapper/1 next_pid=0 next_prio=120
          <idle>-0     [001] ...2   238.721059: sched_switch: prev_comm=swapper/1 prev_pid=0 prev_prio=120 prev_state=R ==> next_comm=ksoftirqd/1 next_pid=4297 next_prio=120
           <...>-4297  [001] ...2   238.721066: sched_switch: prev_comm=ksoftirqd/1 prev_pid=4297 prev_prio=120 prev_state=S ==> next_comm=swapper/1 next_pid=0 next_prio=120
          <idle>-0     [001] ...2   238.721079: sched_switch: prev_comm=swapper/1 prev_pid=0 prev_prio=120 prev_state=R ==> next_comm=ksoftirqd/1 next_pid=4297 next_prio=120
           <...>-4297  [001] ...2   238.721085: sched_switch: prev_comm=ksoftirqd/1 prev_pid=4297 prev_prio=120 prev_state=S ==> next_comm=swapper/1 next_pid=0 next_prio=120
          <idle>-0     [001] ...2   238.721097: sched_switch: prev_comm=swapper/1 prev_pid=0 prev_prio=120 prev_state=R ==> next_comm=ksoftirqd/1 next_pid=4297 next_prio=120
           <...>-4297  [001] ...2   238.721103: sched_switch: prev_comm=ksoftirqd/1 prev_pid=4297 prev_prio=120 prev_state=S ==> next_comm=swapper/1 next_pid=0 next_prio=120
           <...>-718   [000] ...2   238.721479: sched_switch: prev_comm=Binder_1 prev_pid=718 prev_prio=120 prev_state=S ==> next_comm=Binder_3 next_pid=863 next_prio=120
           <...>-863   [000] ...2   238.721561: sched_switch: prev_comm=Binder_3 prev_pid=863 prev_prio=120 prev_state=S ==> next_comm=logcat next_pid=797 next_prio=120
          logcat-797   [000] ...2   238.721677: sched_switch: prev_comm=logcat prev_pid=797 prev_prio=120 prev_state=S ==> next_comm=kworker/0:0 next_pid=4 next_prio=120
     kworker/0:0-4     [000] ...2   238.721693: sched_switch: prev_comm=kworker/0:0 prev_pid=4 prev_prio=120 prev_state=S ==> next_comm=adbd next_pid=781 next_prio=120
            adbd-781   [000] ...2   238.721845: sched_switch: prev_comm=adbd prev_pid=781 prev_prio=120 prev_state=S ==> next_comm=adbd next_pid=783 next_prio=120
            adbd-783   [000] ...2   238.721904: sched_switch: prev_comm=adbd prev_pid=783 prev_prio=120 prev_state=S ==> next_comm=Binder_1 next_pid=718 next_prio=120
          <idle>-0     [001] ...2   238.722203: sched_switch: prev_comm=swapper/1 prev_pid=0 prev_prio=120 prev_state=R ==> next_comm=InputDispatcher next_pid=809 next_prio=112
           <...>-809   [001] ...2   238.722238: sched_switch: prev_comm=InputDispatcher prev_pid=809 prev_prio=112 prev_state=S ==> next_comm=swapper/1 next_pid=0 next_prio=120
          <idle>-0     [001] ...2   238.722300: sched_switch: prev_comm=swapper/1 prev_pid=0 prev_prio=120 prev_state=R ==> next_comm=Binder_4 next_pid=1443 next_prio=120
           <...>-718   [000] ...2   238.722304: sched_switch: prev_comm=Binder_1 prev_pid=718 prev_prio=120 prev_state=S ==> next_comm=adbd next_pid=784 next_prio=120
            adbd-784   [000] ...2   238.722337: sched_switch: prev_comm=adbd prev_pid=784 prev_prio=120 prev_state=S ==> next_comm=adbd next_pid=781 next_prio=120
           <...>-1443  [001] ...2   238.722393: sched_switch: prev_comm=Binder_4 prev_pid=1443 prev_prio=120 prev_state=S ==> next_comm=swapper/1 next_pid=0 next_prio=120
            adbd-781   [000] ...2   238.722445: sched_switch: prev_comm=adbd prev_pid=781 prev_prio=120 prev_state=S ==> next_comm=adbd next_pid=783 next_prio=120
            adbd-783   [000] ...2   238.722451: sched_switch: prev_comm=adbd prev_pid=783 prev_prio=120 prev_state=S ==> next_comm=Binder_1 next_pid=718 next_prio=120
           <...>-718   [000] ...2   238.722499: sched_switch: prev_comm=Binder_1 prev_pid=718 prev_prio=120 prev_state=R+ ==> next_comm=android.display next_pid=773 next_prio=116
           <...>-773   [000] ...2   238.722536: sched_switch: prev_comm=android.display prev_pid=773 prev_prio=116 prev_state=S ==> next_comm=Binder_1 next_pid=718 next_prio=120
           <...>-718   [000] ...2   238.722551: sched_switch: prev_comm=Binder_1 prev_pid=718 prev_prio=120 prev_state=R+ ==> next_comm=android.display next_pid=773 next_prio=116
           <...>-773   [000] ...2   238.722562: sched_switch: prev_comm=android.display prev_pid=773 prev_prio=116 prev_state=S ==> next_comm=Binder_1 next_pid=718 next_prio=120
           <...>-718   [000] ...2   238.722575: sched_switch: prev_comm=Binder_1 prev_pid=718 prev_prio=120 prev_state=R+ ==> next_comm=android.display next_pid=773 next_prio=116
           <...>-773   [000] ...2   238.722672: sched_switch: prev_comm=android.display prev_pid=773 prev_prio=116 prev_state=S ==> next_comm=Binder_1 next_pid=718 next_prio=120
           <...>-718   [000] ...2   238.722700: sched_switch: prev_comm=Binder_1 prev_pid=718 prev_prio=120 prev_state=S ==> next_comm=swapper/0 next_pid=0 next_prio=120
          <idle>-0     [000] ...2   238.722715: sched_switch: prev_comm=swapper/0 prev_pid=0 prev_prio=120 prev_state=R ==> next_comm=ksoftirqd/0 next_pid=3 next_prio=120
     ksoftirqd/0-3     [000] ...2   238.722731: sched_switch: prev_comm=ksoftirqd/0 prev_pid=3 prev_prio=120 prev_state=S ==> next_comm=swapper/0 next_pid=0 next_prio=120
          <idle>-0     [000] ...2   238.722745: sched_switch: prev_comm=swapper/0 prev_pid=0 prev_prio=120 prev_state=R ==> next_comm=ksoftirqd/0 next_pid=3 next_prio=120
     ksoftirqd/0-3     [000] ...2   238.722750: sched_switch: prev_comm=ksoftirqd/0 prev_pid=3 prev_prio=120 prev_state=S ==> next_comm=swapper/0 next_pid=0 next_prio=120
          <idle>-0     [000] ...2   238.722763: sched_switch: prev_comm=swapper/0 prev_pid=0 prev_prio=120 prev_state=R ==> next_comm=ksoftirqd/0 next_pid=3 next_prio=120
     ksoftirqd/0-3     [000] ...2   238.722773: sched_switch: prev_comm=ksoftirqd/0 prev_pid=3 prev_prio=120 prev_state=S ==> next_comm=swapper/0 next_pid=0 next_prio=120
          <idle>-0     [000] ...2   238.723736: sched_switch: prev_comm=swapper/0 prev_pid=0 prev_prio=120 prev_state=R ==> next_comm=android.display next_pid=773 next_prio=116
          <idle>-0     [001] ...2   238.723810: sched_switch: prev_comm=swapper/1 prev_pid=0 prev_prio=120 prev_state=R ==> next_comm=Binder_2 next_pid=239 next_prio=120
           <...>-773   [000] ...2   238.723836: sched_switch: prev_comm=android.display prev_pid=773 prev_prio=116 prev_state=S ==> next_comm=Binder_1 next_pid=718 next_prio=120
           <...>-718   [000] ...2   238.723844: sched_switch: prev_comm=Binder_1 prev_pid=718 prev_prio=120 prev_state=R ==> next_comm=EventThread next_pid=377 next_prio=111
           <...>-239   [001] ...2   238.723863: sched_switch: prev_comm=Binder_2 prev_pid=239 prev_prio=120 prev_state=S ==> next_comm=swapper/1 next_pid=0 next_prio=120
          <idle>-0     [001] ...2   238.723882: sched_switch: prev_comm=swapper/1 prev_pid=0 prev_prio=120 prev_state=R ==> next_comm=Binder_2 next_pid=719 next_prio=120
           <...>-377   [000] ...2   238.723895: sched_switch: prev_comm=EventThread prev_pid=377 prev_prio=111 prev_state=S ==> next_comm=Binder_1 next_pid=718 next_prio=120
           <...>-719   [001] ...2   238.723960: sched_switch: prev_comm=Binder_2 prev_pid=719 prev_prio=120 prev_state=S ==> next_comm=swapper/1 next_pid=0 next_prio=120
           <...>-718   [000] ...2   238.724292: sched_switch: prev_comm=Binder_1 prev_pid=718 prev_prio=120 prev_state=R+ ==> next_comm=ActivityManager next_pid=768 next_prio=118
 ActivityManager-768   [000] ...2   238.724326: sched_switch: prev_comm=ActivityManager prev_pid=768 prev_prio=118 prev_state=S ==> next_comm=LazyTaskWriterT next_pid=838 next_prio=120
 LazyTaskWriterT-838   [000] ...2   238.724358: sched_switch: prev_comm=LazyTaskWriterT prev_pid=838 prev_prio=120 prev_state=S ==> next_comm=logcat next_pid=797 next_prio=120
          logcat-797   [000] ...2   238.724467: sched_switch: prev_comm=logcat prev_pid=797 prev_prio=120 prev_state=S ==> next_comm=kworker/0:0 next_pid=4 next_prio=120
     kworker/0:0-4     [000] ...2   238.724482: sched_switch: prev_comm=kworker/0:0 prev_pid=4 prev_prio=120 prev_state=S ==> next_comm=adbd next_pid=781 next_prio=120
            adbd-781   [000] ...2   238.724619: sched_switch: prev_comm=adbd prev_pid=781 prev_prio=120 prev_state=S ==> next_comm=adbd next_pid=783 next_prio=120
            adbd-783   [000] ...2   238.724674: sched_switch: prev_comm=adbd prev_pid=783 prev_prio=120 prev_state=S ==> next_comm=Binder_1 next_pid=718 next_prio=120
           <...>-718   [000] ...2   238.724693: sched_switch: prev_comm=Binder_1 prev_pid=718 prev_prio=120 prev_state=R+ ==> next_comm=ActivityManager next_pid=768 next_prio=118
 ActivityManager-768   [000] ...2   238.724704: sched_switch: prev_comm=ActivityManager prev_pid=768 prev_prio=118 prev_state=S ==> next_comm=Binder_1 next_pid=718 next_prio=120
           <...>-718   [000] ...2   238.724717: sched_switch: prev_comm=Binder_1 prev_pid=718 prev_prio=120 prev_state=R+ ==> next_comm=ActivityManager next_pid=768 next_prio=118
 ActivityManager-768   [000] ...2   238.724750: sched_switch: prev_comm=ActivityManager prev_pid=768 prev_prio=118 prev_state=S ==> next_comm=Binder_1 next_pid=718 next_prio=120
          <idle>-0     [001] ...2   238.724939: sched_switch: prev_comm=swapper/1 prev_pid=0 prev_prio=120 prev_state=R ==> next_comm=Binder_1 next_pid=1162 next_prio=120
           <...>-1162  [001] ...2   238.725114: sched_switch: prev_comm=Binder_1 prev_pid=1162 prev_prio=120 prev_state=S ==> next_comm=Binder_3 next_pid=1560 next_prio=120
           <...>-718   [000] ...2   238.725127: sched_switch: prev_comm=Binder_1 prev_pid=718 prev_prio=120 prev_state=D ==> next_comm=adbd next_pid=784 next_prio=120
            adbd-784   [000] ...2   238.725160: sched_switch: prev_comm=adbd prev_pid=784 prev_prio=120 prev_state=S ==> next_comm=adbd next_pid=781 next_prio=120
        Binder_3-1560  [001] ...2   238.725190: sched_switch: prev_comm=Binder_3 prev_pid=1560 prev_prio=120 prev_state=S ==> next_comm=droid.launcher3 next_pid=1136 next_prio=120
            adbd-781   [000] ...2   238.725267: sched_switch: prev_comm=adbd prev_pid=781 prev_prio=120 prev_state=S ==> next_comm=adbd next_pid=783 next_prio=120
            adbd-783   [000] ...2   238.725274: sched_switch: prev_comm=adbd prev_pid=783 prev_prio=120 prev_state=S ==> next_comm=Binder_1 next_pid=718 next_prio=120
           <...>-718   [000] ...2   238.725350: sched_switch: prev_comm=Binder_1 prev_pid=718 prev_prio=120 prev_state=R+ ==> next_comm=ActivityManager next_pid=768 next_prio=118
 ActivityManager-768   [000] ...2   238.725378: sched_switch: prev_comm=ActivityManager prev_pid=768 prev_prio=118 prev_state=S ==> next_comm=Binder_1 next_pid=718 next_prio=120
           <...>-718   [000] ...2   238.725393: sched_switch: prev_comm=Binder_1 prev_pid=718 prev_prio=120 prev_state=R+ ==> next_comm=ActivityManager next_pid=768 next_prio=118
 ActivityManager-768   [000] ...2   238.725403: sched_switch: prev_comm=ActivityManager prev_pid=768 prev_prio=118 prev_state=S ==> next_comm=Binder_1 next_pid=718 next_prio=120
           <...>-718   [000] ...2   238.725415: sched_switch: prev_comm=Binder_1 prev_pid=718 prev_prio=120 prev_state=R+ ==> next_comm=ActivityManager next_pid=768 next_prio=118
 ActivityManager-768   [000] ...2   238.725441: sched_switch: prev_comm=ActivityManager prev_pid=768 prev_prio=118 prev_state=S ==> next_comm=Binder_1 next_pid=718 next_prio=120
           <...>-1136  [001] ...2   238.725479: sched_switch: prev_comm=droid.launcher3 prev_pid=1136 prev_prio=120 prev_state=S ==> next_comm=Binder_2 next_pid=1166 next_prio=120
           <...>-1166  [001] ...2   238.725485: sched_switch: prev_comm=Binder_2 prev_pid=1166 prev_prio=120 prev_state=S ==> next_comm=Binder_5 next_pid=1581 next_prio=120
           <...>-718   [000] ...2   238.725524: sched_switch: prev_comm=Binder_1 prev_pid=718 prev_prio=120 prev_state=R ==> next_comm=EventThread next_pid=377 next_prio=111
           <...>-1581  [001] ...2   238.725541: sched_switch: prev_comm=Binder_5 prev_pid=1581 prev_prio=120 prev_state=S ==> next_comm=RenderThread next_pid=1370 next_prio=116
           <...>-377   [000] ...2   238.725545: sched_switch: prev_comm=EventThread prev_pid=377 prev_prio=111 prev_state=S ==> next_comm=Binder_1 next_pid=718 next_prio=120
           <...>-718   [000] ...2   238.725663: sched_switch: prev_comm=Binder_1 prev_pid=718 prev_prio=120 prev_state=R+ ==> next_comm=Binder_2 next_pid=2259 next_prio=120
        Binder_2-2259  [000] ...2   238.725672: sched_switch: prev_comm=Binder_2 prev_pid=2259 prev_prio=120 prev_state=D ==> next_comm=Binder_1 next_pid=718 next_prio=120
           <...>-718   [000] ...2   238.725680: sched_switch: prev_comm=Binder_1 prev_pid=718 prev_prio=120 prev_state=R+ ==> next_comm=Binder_2 next_pid=2259 next_prio=120
           <...>-1370  [001] ...2   238.725984: sched_switch: prev_comm=RenderThread prev_pid=1370 prev_prio=116 prev_state=D ==> next_comm=swapper/1 next_pid=0 next_prio=120
          <idle>-0     [001] ...2   238.726066: sched_switch: prev_comm=swapper/1 prev_pid=0 prev_prio=120 prev_state=R ==> next_comm=ple.SqliteTrace next_pid=2242 next_prio=120
        Binder_2-2259  [000] ...2   238.726095: sched_switch: prev_comm=Binder_2 prev_pid=2259 prev_prio=120 prev_state=S ==> next_comm=Binder_1 next_pid=718 next_prio=120
           <...>-718   [000] ...2   238.726148: sched_switch: prev_comm=Binder_1 prev_pid=718 prev_prio=120 prev_state=R+ ==> next_comm=LazyTaskWriterT next_pid=838 next_prio=120
 LazyTaskWriterT-838   [000] ...2   238.726162: sched_switch: prev_comm=LazyTaskWriterT prev_pid=838 prev_prio=120 prev_state=S ==> next_comm=Binder_1 next_pid=718 next_prio=120
           <...>-718   [000] ...2   238.726174: sched_switch: prev_comm=Binder_1 prev_pid=718 prev_prio=120 prev_state=R+ ==> next_comm=LazyTaskWriterT next_pid=838 next_prio=120
 LazyTaskWriterT-838   [000] ...2   238.726187: sched_switch: prev_comm=LazyTaskWriterT prev_pid=838 prev_prio=120 prev_state=S ==> next_comm=Binder_1 next_pid=718 next_prio=120
           <...>-718   [000] ...2   238.726199: sched_switch: prev_comm=Binder_1 prev_pid=718 prev_prio=120 prev_state=R+ ==> next_comm=LazyTaskWriterT next_pid=838 next_prio=120
 LazyTaskWriterT-838   [000] ...2   238.726216: sched_switch: prev_comm=LazyTaskWriterT prev_pid=838 prev_prio=120 prev_state=S ==> next_comm=Binder_1 next_pid=718 next_prio=120
           <...>-718   [000] ...2   238.726229: sched_switch: prev_comm=Binder_1 prev_pid=718 prev_prio=120 prev_state=R+ ==> next_comm=LazyTaskWriterT next_pid=838 next_prio=120
 LazyTaskWriterT-838   [000] ...2   238.726240: sched_switch: prev_comm=LazyTaskWriterT prev_pid=838 prev_prio=120 prev_state=S ==> next_comm=Binder_1 next_pid=718 next_prio=120
           <...>-718   [000] ...2   238.726251: sched_switch: prev_comm=Binder_1 prev_pid=718 prev_prio=120 prev_state=R+ ==> next_comm=LazyTaskWriterT next_pid=838 next_prio=120
 LazyTaskWriterT-838   [000] ...2   238.726279: sched_switch: prev_comm=LazyTaskWriterT prev_pid=838 prev_prio=120 prev_state=S ==> next_comm=Binder_1 next_pid=718 next_prio=120
           <...>-718   [000] ...2   238.726303: sched_switch: prev_comm=Binder_1 prev_pid=718 prev_prio=120 prev_state=R+ ==> next_comm=LazyTaskWriterT next_pid=838 next_prio=120
 LazyTaskWriterT-838   [000] ...2   238.726315: sched_switch: prev_comm=LazyTaskWriterT prev_pid=838 prev_prio=120 prev_state=S ==> next_comm=Binder_1 next_pid=718 next_prio=120
 ple.SqliteTrace-2242  [001] ...2   238.726318: sched_switch: prev_comm=ple.SqliteTrace prev_pid=2242 prev_prio=120 prev_state=S ==> next_comm=Binder_8 next_pid=1146 next_prio=120
           <...>-718   [000] ...2   238.726326: sched_switch: prev_comm=Binder_1 prev_pid=718 prev_prio=120 prev_state=R+ ==> next_comm=LazyTaskWriterT next_pid=838 next_prio=120
 LazyTaskWriterT-838   [000] ...2   238.726338: sched_switch: prev_comm=LazyTaskWriterT prev_pid=838 prev_prio=120 prev_state=S ==> next_comm=Binder_1 next_pid=718 next_prio=120
           <...>-718   [000] ...2   238.726350: sched_switch: prev_comm=Binder_1 prev_pid=718 prev_prio=120 prev_state=R+ ==> next_comm=LazyTaskWriterT next_pid=838 next_prio=120
 LazyTaskWriterT-838   [000] ...2   238.726367: sched_switch: prev_comm=LazyTaskWriterT prev_pid=838 prev_prio=120 prev_state=S ==> next_comm=Binder_1 next_pid=718 next_prio=120
           <...>-718   [000] ...2   238.726380: sched_switch: prev_comm=Binder_1 prev_pid=718 prev_prio=120 prev_state=R+ ==> next_comm=LazyTaskWriterT next_pid=838 next_prio=120
 LazyTaskWriterT-838   [000] ...2   238.726391: sched_switch: prev_comm=LazyTaskWriterT prev_pid=838 prev_prio=120 prev_state=S ==> next_comm=Binder_1 next_pid=718 next_prio=120
           <...>-1146  [001] ...2   238.726401: sched_switch: prev_comm=Binder_8 prev_pid=1146 prev_prio=120 prev_state=S ==> next_comm=swapper/1 next_pid=0 next_prio=120
           <...>-718   [000] ...2   238.726403: sched_switch: prev_comm=Binder_1 prev_pid=718 prev_prio=120 prev_state=R+ ==> next_comm=LazyTaskWriterT next_pid=838 next_prio=120
 LazyTaskWriterT-838   [000] ...2   238.726429: sched_switch: prev_comm=LazyTaskWriterT prev_pid=838 prev_prio=120 prev_state=S ==> next_comm=Binder_1 next_pid=718 next_prio=120
          <idle>-0     [001] ...2   238.726483: sched_switch: prev_comm=swapper/1 prev_pid=0 prev_prio=120 prev_state=R ==> next_comm=android.bg next_pid=767 next_prio=130
           <...>-767   [001] ...2   238.726560: sched_switch: prev_comm=android.bg prev_pid=767 prev_prio=130 prev_state=S ==> next_comm=swapper/1 next_pid=0 next_prio=120
           <...>-718   [000] ...2   238.726586: sched_switch: prev_comm=Binder_1 prev_pid=718 prev_prio=120 prev_state=R ==> next_comm=kworker/u:0H next_pid=7 next_prio=100
    kworker/u:0H-7     [000] ...2   238.726616: sched_switch: prev_comm=kworker/u:0H prev_pid=7 prev_prio=100 prev_state=D ==> next_comm=Binder_1 next_pid=718 next_prio=120
          <idle>-0     [001] ...2   238.726616: sched_switch: prev_comm=swapper/1 prev_pid=0 prev_prio=120 prev_state=R ==> next_comm=RenderThread next_pid=1370 next_prio=116
           <...>-718   [000] ...2   238.726763: sched_switch: prev_comm=Binder_1 prev_pid=718 prev_prio=120 prev_state=S ==> next_comm=swapper/0 next_pid=0 next_prio=120
           <...>-1370  [001] ...2   238.726793: sched_switch: prev_comm=RenderThread prev_pid=1370 prev_prio=116 prev_state=R+ ==> next_comm=Binder_1 next_pid=237 next_prio=120
          <idle>-0     [000] ...2   238.726793: sched_switch: prev_comm=swapper/0 prev_pid=0 prev_prio=120 prev_state=R ==> next_comm=ksoftirqd/0 next_pid=3 next_prio=120
     ksoftirqd/0-3     [000] ...2   238.726802: sched_switch: prev_comm=ksoftirqd/0 prev_pid=3 prev_prio=120 prev_state=S ==> next_comm=swapper/0 next_pid=0 next_prio=120
          <idle>-0     [000] ...2   238.726814: sched_switch: prev_comm=swapper/0 prev_pid=0 prev_prio=120 prev_state=R ==> next_comm=ksoftirqd/0 next_pid=3 next_prio=120
     ksoftirqd/0-3     [000] ...2   238.726820: sched_switch: prev_comm=ksoftirqd/0 prev_pid=3 prev_prio=120 prev_state=S ==> next_comm=swapper/0 next_pid=0 next_prio=120
          <idle>-0     [000] ...2   238.726831: sched_switch: prev_comm=swapper/0 prev_pid=0 prev_prio=120 prev_state=R ==> next_comm=ksoftirqd/0 next_pid=3 next_prio=120
     ksoftirqd/0-3     [000] ...2   238.726836: sched_switch: prev_comm=ksoftirqd/0 prev_pid=3 prev_prio=120 prev_state=S ==> next_comm=swapper/0 next_pid=0 next_prio=120
          <idle>-0     [000] ...2   238.726848: sched_switch: prev_comm=swapper/0 prev_pid=0 prev_prio=120 prev_state=R ==> next_comm=Binder_1 next_pid=718 next_prio=120
           <...>-237   [001] ...2   238.726864: sched_switch: prev_comm=Binder_1 prev_pid=237 prev_prio=120 prev_state=S ==> next_comm=RenderThread next_pid=1370 next_prio=116
           <...>-1370  [001] ...2   238.726874: sched_switch: prev_comm=RenderThread prev_pid=1370 prev_prio=116 prev_state=D ==> next_comm=swapper/1 next_pid=0 next_prio=120
           <...>-718   [000] ...2   238.726901: sched_switch: prev_comm=Binder_1 prev_pid=718 prev_prio=120 prev_state=R ==> next_comm=kworker/u:0H next_pid=7 next_prio=100
    kworker/u:0H-7     [000] ...2   238.726928: sched_switch: prev_comm=kworker/u:0H prev_pid=7 prev_prio=100 prev_state=D ==> next_comm=Binder_1 next_pid=718 next_prio=120
          <idle>-0     [001] ...2   238.726928: sched_switch: prev_comm=swapper/1 prev_pid=0 prev_prio=120 prev_state=R ==> next_comm=RenderThread next_pid=1370 next_prio=116
           <...>-1370  [001] ...2   238.727004: sched_switch: prev_comm=RenderThread prev_pid=1370 prev_prio=116 prev_state=D ==> next_comm=swapper/1 next_pid=0 next_prio=120
           <...>-718   [000] ...2   238.727229: sched_switch: prev_comm=Binder_1 prev_pid=718 prev_prio=120 prev_state=R ==> next_comm=kworker/u:0H next_pid=7 next_prio=100
    kworker/u:0H-7     [000] ...2   238.727256: sched_switch: prev_comm=kworker/u:0H prev_pid=7 prev_prio=100 prev_state=D ==> next_comm=Binder_1 next_pid=718 next_prio=120
          <idle>-0     [001] ...2   238.727257: sched_switch: prev_comm=swapper/1 prev_pid=0 prev_prio=120 prev_state=R ==> next_comm=RenderThread next_pid=1370 next_prio=116
           <...>-1370  [001] ...2   238.727360: sched_switch: prev_comm=RenderThread prev_pid=1370 prev_prio=116 prev_state=R+ ==> next_comm=InputDispatcher next_pid=809 next_prio=112
           <...>-809   [001] ...2   238.727387: sched_switch: prev_comm=InputDispatcher prev_pid=809 prev_prio=112 prev_state=S ==> next_comm=RenderThread next_pid=1370 next_prio=116
           <...>-718   [000] ...2   238.727486: sched_switch: prev_comm=Binder_1 prev_pid=718 prev_prio=120 prev_state=R+ ==> next_comm=Binder_3 next_pid=863 next_prio=120
           <...>-863   [000] ...2   238.727499: sched_switch: prev_comm=Binder_3 prev_pid=863 prev_prio=120 prev_state=D ==> next_comm=Binder_1 next_pid=718 next_prio=120
           <...>-718   [000] ...2   238.727518: sched_switch: prev_comm=Binder_1 prev_pid=718 prev_prio=120 prev_state=R+ ==> next_comm=Binder_3 next_pid=863 next_prio=120
           <...>-863   [000] ...2   238.727663: sched_switch: prev_comm=Binder_3 prev_pid=863 prev_prio=120 prev_state=S ==> next_comm=Binder_1 next_pid=718 next_prio=120
           <...>-718   [000] ...2   238.728009: sched_switch: prev_comm=Binder_1 prev_pid=718 prev_prio=120 prev_state=R+ ==> next_comm=android.display next_pid=773 next_prio=116
           <...>-773   [000] ...2   238.728090: sched_switch: prev_comm=android.display prev_pid=773 prev_prio=116 prev_state=S ==> next_comm=Binder_1 next_pid=718 next_prio=120
           <...>-718   [000] ...2   238.728106: sched_switch: prev_comm=Binder_1 prev_pid=718 prev_prio=120 prev_state=R+ ==> next_comm=android.display next_pid=773 next_prio=116
           <...>-773   [000] ...2   238.728117: sched_switch: prev_comm=android.display prev_pid=773 prev_prio=116 prev_state=S ==> next_comm=Binder_1 next_pid=718 next_prio=120
           <...>-718   [000] ...2   238.728128: sched_switch: prev_comm=Binder_1 prev_pid=718 prev_prio=120 prev_state=R+ ==> next_comm=android.display next_pid=773 next_prio=116
           <...>-773   [000] ...2   238.728155: sched_switch: prev_comm=android.display prev_pid=773 prev_prio=116 prev_state=S ==> next_comm=Binder_1 next_pid=718 next_prio=120
           <...>-1370  [001] ...2   238.728243: sched_switch: prev_comm=RenderThread prev_pid=1370 prev_prio=116 prev_state=R+ ==> next_comm=kworker/u:1 next_pid=21 next_prio=120
           <...>-21    [001] ...2   238.728251: sched_switch: prev_comm=kworker/u:1 prev_pid=21 prev_prio=120 prev_state=D ==> next_comm=RenderThread next_pid=1370 next_prio=116
           <...>-1370  [001] ...2   238.728326: sched_switch: prev_comm=RenderThread prev_pid=1370 prev_prio=116 prev_state=R+ ==> next_comm=kworker/u:1 next_pid=21 next_prio=120
           <...>-718   [000] ...2   238.728327: sched_switch: prev_comm=Binder_1 prev_pid=718 prev_prio=120 prev_state=R ==> next_comm=kworker/u:0 next_pid=6 next_prio=120
     kworker/u:0-6     [000] ...2   238.728334: sched_switch: prev_comm=kworker/u:0 prev_pid=6 prev_prio=120 prev_state=S ==> next_comm=Binder_1 next_pid=718 next_prio=120
           <...>-718   [000] ...2   238.728344: sched_switch: prev_comm=Binder_1 prev_pid=718 prev_prio=120 prev_state=R ==> next_comm=kworker/u:0 next_pid=6 next_prio=120
     kworker/u:0-6     [000] ...2   238.728349: sched_switch: prev_comm=kworker/u:0 prev_pid=6 prev_prio=120 prev_state=S ==> next_comm=Binder_1 next_pid=718 next_prio=120
           <...>-21    [001] ...2   238.728379: sched_switch: prev_comm=kworker/u:1 prev_pid=21 prev_prio=120 prev_state=S ==> next_comm=RenderThread next_pid=1370 next_prio=116
           <...>-1370  [001] ...2   238.728436: sched_switch: prev_comm=RenderThread prev_pid=1370 prev_prio=116 prev_state=S ==> next_comm=swapper/1 next_pid=0 next_prio=120
          <idle>-0     [001] ...2   238.728495: sched_switch: prev_comm=swapper/1 prev_pid=0 prev_prio=120 prev_state=R ==> next_comm=Binder_4 next_pid=1443 next_prio=120
           <...>-718   [000] ...2   238.728499: sched_switch: prev_comm=Binder_1 prev_pid=718 prev_prio=120 prev_state=S ==> next_comm=swapper/0 next_pid=0 next_prio=120
          <idle>-0     [000] ...2   238.728568: sched_switch: prev_comm=swapper/0 prev_pid=0 prev_prio=120 prev_state=R ==> next_comm=Binder_1 next_pid=718 next_prio=120
           <...>-1443  [001] ...2   238.728582: sched_switch: prev_comm=Binder_4 prev_pid=1443 prev_prio=120 prev_state=S ==> next_comm=swapper/1 next_pid=0 next_prio=120
          <idle>-0     [001] ...2   238.728832: sched_switch: prev_comm=swapper/1 prev_pid=0 prev_prio=120 prev_state=R ==> next_comm=InputDispatcher next_pid=809 next_prio=112
           <...>-809   [001] ...2   238.728859: sched_switch: prev_comm=InputDispatcher prev_pid=809 prev_prio=112 prev_state=S ==> next_comm=swapper/1 next_pid=0 next_prio=120
          <idle>-0     [001] ...2   238.728908: sched_switch: prev_comm=swapper/1 prev_pid=0 prev_prio=120 prev_state=R ==> next_comm=Binder_2 next_pid=239 next_prio=120
           <...>-718   [000] ...2   238.728913: sched_switch: prev_comm=Binder_1 prev_pid=718 prev_prio=120 prev_state=S ==> next_comm=swapper/0 next_pid=0 next_prio=120
          <idle>-0     [000] ...2   238.728975: sched_switch: prev_comm=swapper/0 prev_pid=0 prev_prio=120 prev_state=R ==> next_comm=Binder_1 next_pid=718 next_prio=120
           <...>-239   [001] ...2   238.728990: sched_switch: prev_comm=Binder_2 prev_pid=239 prev_prio=120 prev_state=S ==> next_comm=swapper/1 next_pid=0 next_prio=120
           <...>-718   [000] ...2   238.729011: sched_switch: prev_comm=Binder_1 prev_pid=718 prev_prio=120 prev_state=R+ ==> next_comm=android.display next_pid=773 next_prio=116
           <...>-773   [000] ...2   238.729023: sched_switch: prev_comm=android.display prev_pid=773 prev_prio=116 prev_state=S ==> next_comm=Binder_1 next_pid=718 next_prio=120
           <...>-718   [000] ...2   238.729035: sched_switch: prev_comm=Binder_1 prev_pid=718 prev_prio=120 prev_state=R+ ==> next_comm=android.display next_pid=773 next_prio=116
          <idle>-0     [001] ...2   238.729126: sched_switch: prev_comm=swapper/1 prev_pid=0 prev_prio=120 prev_state=R ==> next_comm=Binder_5 next_pid=1581 next_prio=120
           <...>-773   [000] ...2   238.729129: sched_switch: prev_comm=android.display prev_pid=773 prev_prio=116 prev_state=S ==> next_comm=Binder_1 next_pid=718 next_prio=120
           <...>-718   [000] ...2   238.729178: sched_switch: prev_comm=Binder_1 prev_pid=718 prev_prio=120 prev_state=R+ ==> next_comm=android.display next_pid=773 next_prio=116
           <...>-1581  [001] ...2   238.729195: sched_switch: prev_comm=Binder_5 prev_pid=1581 prev_prio=120 prev_state=S ==> next_comm=swapper/1 next_pid=0 next_prio=120
          <idle>-0     [001] ...2   238.729391: sched_switch: prev_comm=swapper/1 prev_pid=0 prev_prio=120 prev_state=R ==> next_comm=InputDispatcher next_pid=809 next_prio=112
           <...>-809   [001] ...2   238.729413: sched_switch: prev_comm=InputDispatcher prev_pid=809 prev_prio=112 prev_state=S ==> next_comm=swapper/1 next_pid=0 next_prio=120
          <idle>-0     [001] ...2   238.729455: sched_switch: prev_comm=swapper/1 prev_pid=0 prev_prio=120 prev_state=R ==> next_comm=Binder_1 next_pid=237 next_prio=120
           <...>-773   [000] ...2   238.729459: sched_switch: prev_comm=android.display prev_pid=773 prev_prio=116 prev_state=S ==> next_comm=Binder_1 next_pid=718 next_prio=120
           <...>-718   [000] ...2   238.729522: sched_switch: prev_comm=Binder_1 prev_pid=718 prev_prio=120 prev_state=R ==> next_comm=logcat next_pid=797 next_prio=120
           <...>-237   [001] ...2   238.729538: sched_switch: prev_comm=Binder_1 prev_pid=237 prev_prio=120 prev_state=S ==> next_comm=swapper/1 next_pid=0 next_prio=120
          logcat-797   [000] ...2   238.729541: sched_switch: prev_comm=logcat prev_pid=797 prev_prio=120 prev_state=S ==> next_comm=android.display next_pid=773 next_prio=116
           <...>-773   [000] ...2   238.729594: sched_switch: prev_comm=android.display prev_pid=773 prev_prio=116 prev_state=S ==> next_comm=Binder_1 next_pid=718 next_prio=120
          <idle>-0     [001] ...2   238.729702: sched_switch: prev_comm=swapper/1 prev_pid=0 prev_prio=120 prev_state=R ==> next_comm=android.bg next_pid=767 next_prio=130
           <...>-718   [000] ...2   238.729756: sched_switch: prev_comm=Binder_1 prev_pid=718 prev_prio=120 prev_state=R+ ==> next_comm=Binder_1 next_pid=2258 next_prio=120
           <...>-767   [001] ...2   238.729762: sched_switch: prev_comm=android.bg prev_pid=767 prev_prio=130 prev_state=S ==> next_comm=swapper/1 next_pid=0 next_prio=120
        Binder_1-2258  [000] ...2   238.729765: sched_switch: prev_comm=Binder_1 prev_pid=2258 prev_prio=120 prev_state=D ==> next_comm=Binder_1 next_pid=718 next_prio=120
           <...>-718   [000] ...2   238.729772: sched_switch: prev_comm=Binder_1 prev_pid=718 prev_prio=120 prev_state=R+ ==> next_comm=Binder_1 next_pid=2258 next_prio=120
        Binder_1-2258  [000] ...2   238.729910: sched_switch: prev_comm=Binder_1 prev_pid=2258 prev_prio=120 prev_state=S ==> next_comm=Binder_1 next_pid=718 next_prio=120
          <idle>-0     [001] ...2   238.730021: sched_switch: prev_comm=swapper/1 prev_pid=0 prev_prio=120 prev_state=R ==> next_comm=InputDispatcher next_pid=809 next_prio=112
           <...>-809   [001] ...2   238.730042: sched_switch: prev_comm=InputDispatcher prev_pid=809 prev_prio=112 prev_state=S ==> next_comm=swapper/1 next_pid=0 next_prio=120
           <...>-718   [000] ...2   238.730066: sched_switch: prev_comm=Binder_1 prev_pid=718 prev_prio=120 prev_state=R+ ==> next_comm=ActivityManager next_pid=768 next_prio=118
 ActivityManager-768   [000] ...2   238.730080: sched_switch: prev_comm=ActivityManager prev_pid=768 prev_prio=118 prev_state=S ==> next_comm=Binder_1 next_pid=718 next_prio=120
           <...>-718   [000] ...2   238.730093: sched_switch: prev_comm=Binder_1 prev_pid=718 prev_prio=120 prev_state=R+ ==> next_comm=ActivityManager next_pid=768 next_prio=118
          <idle>-0     [001] ...2   238.730134: sched_switch: prev_comm=swapper/1 prev_pid=0 prev_prio=120 prev_state=R ==> next_comm=Binder_8 next_pid=1146 next_prio=120
 ActivityManager-768   [000] ...2   238.730165: sched_switch: prev_comm=ActivityManager prev_pid=768 prev_prio=118 prev_state=S ==> next_comm=Binder_1 next_pid=718 next_prio=120
           <...>-1146  [001] ...2   238.730189: sched_switch: prev_comm=Binder_8 prev_pid=1146 prev_prio=120 prev_state=D ==> next_comm=ple.SqliteTrace next_pid=2242 next_prio=120
 ple.SqliteTrace-2242  [001] ...2   238.730198: sched_switch: prev_comm=ple.SqliteTrace prev_pid=2242 prev_prio=120 prev_state=D ==> next_comm=main next_pid=4310 next_prio=120
           <...>-4310  [001] ...2   238.730206: sched_switch: prev_comm=main prev_pid=4310 prev_prio=120 prev_state=D ==> next_comm=Binder_8 next_pid=1146 next_prio=120
           <...>-718   [000] ...2   238.730225: sched_switch: prev_comm=Binder_1 prev_pid=718 prev_prio=120 prev_state=S ==> next_comm=swapper/0 next_pid=0 next_prio=120
