           <...>-4310  [001] d..2   238.587390: block_rq_insert: 179,0 R 0 () 4083008 + 8 [main]
           <...>-4310  [001] ...2   238.587402: sched_switch: prev_comm=main prev_pid=4310 prev_prio=120 prev_state=D|W ==> next_comm=swapper/1 next_pid=0 next_prio=120
          <idle>-0     [000] ...2   238.587408: sched_switch: prev_comm=swapper/0 prev_pid=0 prev_prio=120 prev_state=R ==> next_comm=mmcqd/1 next_pid=116 next_prio=120
         mmcqd/1-116   [000] ...2   238.587433: sched_switch: prev_comm=mmcqd/1 prev_pid=116 prev_prio=120 prev_state=S ==> next_comm=swapper/0 next_pid=0 next_prio=120
          <idle>-0     [000] ...2   238.587551: sched_switch: prev_comm=swapper/0 prev_pid=0 prev_prio=120 prev_state=R ==> next_comm=mmcqd/1 next_pid=116 next_prio=120
         mmcqd/1-116   [000] ...1   238.587590: block_rq_complete: 179,0 RA () 4083344 + 8 [0]
         mmcqd/1-116   [000] ...2   238.587626: sched_switch: prev_comm=mmcqd/1 prev_pid=116 prev_prio=120 prev_state=S ==> next_comm=swapper/0 next_pid=0 next_prio=120
          <idle>-0     [000] ...2   238.587845: sched_switch: prev_comm=swapper/0 prev_pid=0 prev_prio=120 prev_state=R ==> next_comm=mmcqd/1 next_pid=116 next_prio=120
         mmcqd/1-116   [000] ...1   238.587884: block_rq_complete: 179,0 RA () 4083008 + 8 [0]
         mmcqd/1-116   [000] ...2   238.587902: sched_switch: prev_comm=mmcqd/1 prev_pid=116 prev_prio=120 prev_state=S ==> next_comm=swapper/0 next_pid=0 next_prio=120
          <idle>-0     [000] ...2   238.588204: sched_switch: prev_comm=swapper/0 prev_pid=0 prev_prio=120 prev_state=R ==> next_comm=mmcqd/1 next_pid=116 next_prio=120
         mmcqd/1-116   [000] ...1   238.588225: block_rq_complete: 179,0 RA () 4082888 + 24 [0]
          <idle>-0     [001] ...2   238.588242: sched_switch: prev_comm=swapper/1 prev_pid=0 prev_prio=120 prev_state=R ==> next_comm=main next_pid=4310 next_prio=120
         mmcqd/1-116   [000] ...2   238.588253: sched_switch: prev_comm=mmcqd/1 prev_pid=116 prev_prio=120 prev_state=R+ ==> next_comm=kworker/0:1H next_pid=17 next_prio=100
    kworker/0:1H-17    [000] ...2   238.588265: sched_switch: prev_comm=kworker/0:1H prev_pid=17 prev_prio=100 prev_state=S ==> next_comm=mmcqd/1 next_pid=116 next_prio=120
         mmcqd/1-116   [000] ...2   238.588280: sched_switch: prev_comm=mmcqd/1 prev_pid=116 prev_prio=120 prev_state=S ==> next_comm=swapper/0 next_pid=0 next_prio=120
           <...>-4310  [001] d..2   238.588380: block_rq_insert: 179,0 R 0 () 4085480 + 136 [main]
           <...>-4310  [001] ...2   238.588394: sched_switch: prev_comm=main prev_pid=4310 prev_prio=120 prev_state=D|W ==> next_comm=swapper/1 next_pid=0 next_prio=120
          <idle>-0     [000] ...2   238.588400: sched_switch: prev_comm=swapper/0 prev_pid=0 prev_prio=120 prev_state=R ==> next_comm=mmcqd/1 next_pid=116 next_prio=120
         mmcqd/1-116   [000] ...2   238.588509: sched_switch: prev_comm=mmcqd/1 prev_pid=116 prev_prio=120 prev_state=S ==> next_comm=swapper/0 next_pid=0 next_prio=120
          <idle>-0     [000] ...2   238.589436: sched_switch: prev_comm=swapper/0 prev_pid=0 prev_prio=120 prev_state=R ==> next_comm=mmcqd/1 next_pid=116 next_prio=120
         mmcqd/1-116   [000] ...1   238.589497: block_rq_complete: 179,0 RA () 4085480 + 136 [0]
          <idle>-0     [001] ...2   238.589520: sched_switch: prev_comm=swapper/1 prev_pid=0 prev_prio=120 prev_state=R ==> next_comm=main next_pid=4310 next_prio=120
         mmcqd/1-116   [000] ...2   238.589531: sched_switch: prev_comm=mmcqd/1 prev_pid=116 prev_prio=120 prev_state=R+ ==> next_comm=kworker/0:1H next_pid=17 next_prio=100
    kworker/0:1H-17    [000] ...2   238.589542: sched_switch: prev_comm=kworker/0:1H prev_pid=17 prev_prio=100 prev_state=S ==> next_comm=mmcqd/1 next_pid=116 next_prio=120
         mmcqd/1-116   [000] ...2   238.589555: sched_switch: prev_comm=mmcqd/1 prev_pid=116 prev_prio=120 prev_state=S ==> next_comm=swapper/0 next_pid=0 next_prio=120
           <...>-4310  [001] d..2   238.589667: block_rq_insert: 179,0 R 0 () 4083264 + 8 [main]
           <...>-4310  [001] ...2   238.589680: sched_switch: prev_comm=main prev_pid=4310 prev_prio=120 prev_state=D|W ==> next_comm=swapper/1 next_pid=0 next_prio=120
          <idle>-0     [000] ...2   238.589686: sched_switch: prev_comm=swapper/0 prev_pid=0 prev_prio=120 prev_state=R ==> next_comm=mmcqd/1 next_pid=116 next_prio=120
         mmcqd/1-116   [000] ...2   238.589741: sched_switch: prev_comm=mmcqd/1 prev_pid=116 prev_prio=120 prev_state=S ==> next_comm=swapper/0 next_pid=0 next_prio=120
          <idle>-0     [000] ...2   238.589991: sched_switch: prev_comm=swapper/0 prev_pid=0 prev_prio=120 prev_state=R ==> next_comm=mmcqd/1 next_pid=116 next_prio=120
         mmcqd/1-116   [000] ...1   238.590006: block_rq_complete: 179,0 RA () 4083264 + 8 [0]
          <idle>-0     [001] ...2   238.590024: sched_switch: prev_comm=swapper/1 prev_pid=0 prev_prio=120 prev_state=R ==> next_comm=main next_pid=4310 next_prio=120
         mmcqd/1-116   [000] ...2   238.590033: sched_switch: prev_comm=mmcqd/1 prev_pid=116 prev_prio=120 prev_state=R+ ==> next_comm=kworker/0:1H next_pid=17 next_prio=100
    kworker/0:1H-17    [000] ...2   238.590044: sched_switch: prev_comm=kworker/0:1H prev_pid=17 prev_prio=100 prev_state=S ==> next_comm=mmcqd/1 next_pid=116 next_prio=120
         mmcqd/1-116   [000] ...2   238.590057: sched_switch: prev_comm=mmcqd/1 prev_pid=116 prev_prio=120 prev_state=S ==> next_comm=swapper/0 next_pid=0 next_prio=120
           <...>-4310  [001] d..2   238.590722: block_rq_insert: 179,0 R 0 () 4085656 + 256 [main]
           <...>-4310  [001] ...2   238.590736: sched_switch: prev_comm=main prev_pid=4310 prev_prio=120 prev_state=D|W ==> next_comm=swapper/1 next_pid=0 next_prio=120
          <idle>-0     [000] ...2   238.590743: sched_switch: prev_comm=swapper/0 prev_pid=0 prev_prio=120 prev_state=R ==> next_comm=mmcqd/1 next_pid=116 next_prio=120
         mmcqd/1-116   [000] ...2   238.590902: sched_switch: prev_comm=mmcqd/1 prev_pid=116 prev_prio=120 prev_state=S ==> next_comm=swapper/0 next_pid=0 next_prio=120
          <idle>-0     [000] ...2   238.592401: sched_switch: prev_comm=swapper/0 prev_pid=0 prev_prio=120 prev_state=R ==> next_comm=mmcqd/1 next_pid=116 next_prio=120
         mmcqd/1-116   [000] ...1   238.592504: block_rq_complete: 179,0 RA () 4085656 + 256 [0]
          <idle>-0     [001] ...2   238.592528: sched_switch: prev_comm=swapper/1 prev_pid=0 prev_prio=120 prev_state=R ==> next_comm=main next_pid=4310 next_prio=120
         mmcqd/1-116   [000] ...2   238.592544: sched_switch: prev_comm=mmcqd/1 prev_pid=116 prev_prio=120 prev_state=R+ ==> next_comm=kworker/0:1H next_pid=17 next_prio=100
    kworker/0:1H-17    [000] ...2   238.592556: sched_switch: prev_comm=kworker/0:1H prev_pid=17 prev_prio=100 prev_state=S ==> next_comm=mmcqd/1 next_pid=116 next_prio=120
         mmcqd/1-116   [000] ...2   238.592574: sched_switch: prev_comm=mmcqd/1 prev_pid=116 prev_prio=120 prev_state=S ==> next_comm=swapper/0 next_pid=0 next_prio=120
           <...>-4310  [001] d..2   238.593479: block_rq_insert: 179,0 R 0 () 4085912 + 256 [main]
          <idle>-0     [000] ...2   238.593502: sched_switch: prev_comm=swapper/0 prev_pid=0 prev_prio=120 prev_state=R ==> next_comm=mmcqd/1 next_pid=116 next_prio=120
           <...>-4310  [001] ...2   238.593558: sched_switch: prev_comm=main prev_pid=4310 prev_prio=120 prev_state=D|W ==> next_comm=swapper/1 next_pid=0 next_prio=120
         mmcqd/1-116   [000] ...2   238.593664: sched_switch: prev_comm=mmcqd/1 prev_pid=116 prev_prio=120 prev_state=S ==> next_comm=swapper/0 next_pid=0 next_prio=120
          <idle>-0     [000] ...2   238.595138: sched_switch: prev_comm=swapper/0 prev_pid=0 prev_prio=120 prev_state=R ==> next_comm=mmcqd/1 next_pid=116 next_prio=120
         mmcqd/1-116   [000] ...1   238.595241: block_rq_complete: 179,0 RA () 4085912 + 256 [0]
          <idle>-0     [001] ...2   238.595259: sched_switch: prev_comm=swapper/1 prev_pid=0 prev_prio=120 prev_state=R ==> next_comm=main next_pid=4310 next_prio=120
         mmcqd/1-116   [000] ...2   238.595282: sched_switch: prev_comm=mmcqd/1 prev_pid=116 prev_prio=120 prev_state=R+ ==> next_comm=kworker/0:1H next_pid=17 next_prio=100
    kworker/0:1H-17    [000] ...2   238.595294: sched_switch: prev_comm=kworker/0:1H prev_pid=17 prev_prio=100 prev_state=S ==> next_comm=mmcqd/1 next_pid=116 next_prio=120
         mmcqd/1-116   [000] ...2   238.595312: sched_switch: prev_comm=mmcqd/1 prev_pid=116 prev_prio=120 prev_state=S ==> next_comm=swapper/0 next_pid=0 next_prio=120
           <...>-4310  [001] d..2   238.595329: block_rq_insert: 179,0 R 0 () 4072864 + 64 [main]
           <...>-4310  [001] d..2   238.595331: block_rq_insert: 179,0 R 0 () 4072944 + 8 [main]
           <...>-4310  [001] ...2   238.595344: sched_switch: prev_comm=main prev_pid=4310 prev_prio=120 prev_state=D|W ==> next_comm=swapper/1 next_pid=0 next_prio=120
          <idle>-0     [000] ...2   238.595350: sched_switch: prev_comm=swapper/0 prev_pid=0 prev_prio=120 prev_state=R ==> next_comm=mmcqd/1 next_pid=116 next_prio=120
         mmcqd/1-116   [000] ...2   238.595442: sched_switch: prev_comm=mmcqd/1 prev_pid=116 prev_prio=120 prev_state=S ==> next_comm=swapper/0 next_pid=0 next_prio=120
          <idle>-0     [000] ...2   238.595650: sched_switch: prev_comm=swapper/0 prev_pid=0 prev_prio=120 prev_state=R ==> next_comm=mmcqd/1 next_pid=116 next_prio=120
         mmcqd/1-116   [000] ...1   238.595689: block_rq_complete: 179,0 RA () 4072944 + 8 [0]
         mmcqd/1-116   [000] ...2   238.595710: sched_switch: prev_comm=mmcqd/1 prev_pid=116 prev_prio=120 prev_state=S ==> next_comm=swapper/0 next_pid=0 next_prio=120
          <idle>-0     [000] ...2   238.596212: sched_switch: prev_comm=swapper/0 prev_pid=0 prev_prio=120 prev_state=R ==> next_comm=mmcqd/1 next_pid=116 next_prio=120
         mmcqd/1-116   [000] ...1   238.596251: block_rq_complete: 179,0 RA () 4072864 + 64 [0]
          <idle>-0     [001] ...2   238.596268: sched_switch: prev_comm=swapper/1 prev_pid=0 prev_prio=120 prev_state=R ==> next_comm=main next_pid=4310 next_prio=120
         mmcqd/1-116   [000] ...2   238.596281: sched_switch: prev_comm=mmcqd/1 prev_pid=116 prev_prio=120 prev_state=R+ ==> next_comm=kworker/0:1H next_pid=17 next_prio=100
    kworker/0:1H-17    [000] ...2   238.596292: sched_switch: prev_comm=kworker/0:1H prev_pid=17 prev_prio=100 prev_state=S ==> next_comm=mmcqd/1 next_pid=116 next_prio=120
         mmcqd/1-116   [000] ...2   238.596308: sched_switch: prev_comm=mmcqd/1 prev_pid=116 prev_prio=120 prev_state=S ==> next_comm=swapper/0 next_pid=0 next_prio=120
           <...>-4310  [001] d..2   238.596560: block_rq_insert: 179,0 R 0 () 4086168 + 184 [main]
           <...>-4310  [001] ...2   238.596574: sched_switch: prev_comm=main prev_pid=4310 prev_prio=120 prev_state=D|W ==> next_comm=swapper/1 next_pid=0 next_prio=120
          <idle>-0     [000] ...2   238.596580: sched_switch: prev_comm=swapper/0 prev_pid=0 prev_prio=120 prev_state=R ==> next_comm=mmcqd/1 next_pid=116 next_prio=120
         mmcqd/1-116   [000] ...2   238.596711: sched_switch: prev_comm=mmcqd/1 prev_pid=116 prev_prio=120 prev_state=S ==> next_comm=swapper/0 next_pid=0 next_prio=120
          <idle>-0     [000] ...2   238.597863: sched_switch: prev_comm=swapper/0 prev_pid=0 prev_prio=120 prev_state=R ==> next_comm=mmcqd/1 next_pid=116 next_prio=120
         mmcqd/1-116   [000] ...1   238.597940: block_rq_complete: 179,0 RA () 4086168 + 184 [0]
          <idle>-0     [001] ...2   238.597962: sched_switch: prev_comm=swapper/1 prev_pid=0 prev_prio=120 prev_state=R ==> next_comm=main next_pid=4310 next_prio=120
         mmcqd/1-116   [000] ...2   238.597976: sched_switch: prev_comm=mmcqd/1 prev_pid=116 prev_prio=120 prev_state=R+ ==> next_comm=kworker/0:1H next_pid=17 next_prio=100
    kworker/0:1H-17    [000] ...2   238.597988: sched_switch: prev_comm=kworker/0:1H prev_pid=17 prev_prio=100 prev_state=S ==> next_comm=mmcqd/1 next_pid=116 next_prio=120
         mmcqd/1-116   [000] ...2   238.598006: sched_switch: prev_comm=mmcqd/1 prev_pid=116 prev_prio=120 prev_state=S ==> next_comm=swapper/0 next_pid=0 next_prio=120
           <...>-4310  [001] d..2   238.598290: block_rq_insert: 179,0 R 0 () 1207472 + 8 [main]
           <...>-4310  [001] d..2   238.598293: block_rq_insert: 179,0 R 0 () 1207488 + 24 [main]
           <...>-4310  [001] d..2   238.598295: block_rq_insert: 179,0 R 0 () 1207584 + 24 [main]
           <...>-4310  [001] ...2   238.598309: sched_switch: prev_comm=main prev_pid=4310 prev_prio=120 prev_state=D|W ==> next_comm=swapper/1 next_pid=0 next_prio=120
          <idle>-0     [000] ...2   238.598315: sched_switch: prev_comm=swapper/0 prev_pid=0 prev_prio=120 prev_state=R ==> next_comm=mmcqd/1 next_pid=116 next_prio=120
          <idle>-0     [001] ...2   238.598323: sched_switch: prev_comm=swapper/1 prev_pid=0 prev_prio=120 prev_state=R ==> next_comm=ksoftirqd/1 next_pid=4297 next_prio=120
           <...>-4297  [001] ...2   238.598332: sched_switch: prev_comm=ksoftirqd/1 prev_pid=4297 prev_prio=120 prev_state=S ==> next_comm=swapper/1 next_pid=0 next_prio=120
          <idle>-0     [001] ...2   238.598346: sched_switch: prev_comm=swapper/1 prev_pid=0 prev_prio=120 prev_state=R ==> next_comm=ksoftirqd/1 next_pid=4297 next_prio=120
           <...>-4297  [001] ...2   238.598353: sched_switch: prev_comm=ksoftirqd/1 prev_pid=4297 prev_prio=120 prev_state=S ==> next_comm=swapper/1 next_pid=0 next_prio=120
          <idle>-0     [001] ...2   238.598366: sched_switch: prev_comm=swapper/1 prev_pid=0 prev_prio=120 prev_state=R ==> next_comm=ksoftirqd/1 next_pid=4297 next_prio=120
           <...>-4297  [001] ...2   238.598373: sched_switch: prev_comm=ksoftirqd/1 prev_pid=4297 prev_prio=120 prev_state=S ==> next_comm=swapper/1 next_pid=0 next_prio=120
         mmcqd/1-116   [000] ...2   238.598391: sched_switch: prev_comm=mmcqd/1 prev_pid=116 prev_prio=120 prev_state=S ==> next_comm=swapper/0 next_pid=0 next_prio=120
          <idle>-0     [000] ...2   238.598623: sched_switch: prev_comm=swapper/0 prev_pid=0 prev_prio=120 prev_state=R ==> next_comm=mmcqd/1 next_pid=116 next_prio=120
         mmcqd/1-116   [000] ...1   238.598662: block_rq_complete: 179,0 RA () 1207472 + 8 [0]
         mmcqd/1-116   [000] ...2   238.598702: sched_switch: prev_comm=mmcqd/1 prev_pid=116 prev_prio=120 prev_state=S ==> next_comm=swapper/0 next_pid=0 next_prio=120
          <idle>-0     [000] ...2   238.598980: sched_switch: prev_comm=swapper/0 prev_pid=0 prev_prio=120 prev_state=R ==> next_comm=mmcqd/1 next_pid=116 next_prio=120
         mmcqd/1-116   [000] ...1   238.599024: block_rq_complete: 179,0 RA () 1207488 + 24 [0]
         mmcqd/1-116   [000] ...2   238.599046: sched_switch: prev_comm=mmcqd/1 prev_pid=116 prev_prio=120 prev_state=S ==> next_comm=swapper/0 next_pid=0 next_prio=120
          <idle>-0     [000] ...2   238.599334: sched_switch: prev_comm=swapper/0 prev_pid=0 prev_prio=120 prev_state=R ==> next_comm=mmcqd/1 next_pid=116 next_prio=120
         mmcqd/1-116   [000] ...1   238.599355: block_rq_complete: 179,0 RA () 1207584 + 24 [0]
          <idle>-0     [001] ...2   238.599372: sched_switch: prev_comm=swapper/1 prev_pid=0 prev_prio=120 prev_state=R ==> next_comm=main next_pid=4310 next_prio=120
         mmcqd/1-116   [000] ...2   238.599383: sched_switch: prev_comm=mmcqd/1 prev_pid=116 prev_prio=120 prev_state=R+ ==> next_comm=kworker/0:1H next_pid=17 next_prio=100
    kworker/0:1H-17    [000] ...2   238.599395: sched_switch: prev_comm=kworker/0:1H prev_pid=17 prev_prio=100 prev_state=S ==> next_comm=mmcqd/1 next_pid=116 next_prio=120
         mmcqd/1-116   [000] ...2   238.599413: sched_switch: prev_comm=mmcqd/1 prev_pid=116 prev_prio=120 prev_state=S ==> next_comm=swapper/0 next_pid=0 next_prio=120
          <idle>-0     [000] ...2   238.601056: sched_switch: prev_comm=swapper/0 prev_pid=0 prev_prio=120 prev_state=R ==> next_comm=kworker/u:1 next_pid=21 next_prio=120
           <...>-21    [000] ...2   238.601081: sched_switch: prev_comm=kworker/u:1 prev_pid=21 prev_prio=120 prev_state=S ==> next_comm=mpdecision next_pid=1599 next_prio=113
           <...>-4310  [001] d..2   238.601343: block_rq_insert: 179,0 R 0 () 3996192 + 8 [main]
           <...>-4310  [001] d..2   238.601347: block_rq_insert: 179,0 R 0 () 3996264 + 8 [main]
           <...>-4310  [001] ...2   238.601359: sched_switch: prev_comm=main prev_pid=4310 prev_prio=120 prev_state=D|W ==> next_comm=mmcqd/1 next_pid=116 next_prio=120
         mmcqd/1-116   [001] ...2   238.601408: sched_switch: prev_comm=mmcqd/1 prev_pid=116 prev_prio=120 prev_state=S ==> next_comm=swapper/1 next_pid=0 next_prio=120
          <idle>-0     [001] ...2   238.601429: sched_switch: prev_comm=swapper/1 prev_pid=0 prev_prio=120 prev_state=R ==> next_comm=ksoftirqd/1 next_pid=4297 next_prio=120
           <...>-4297  [001] ...2   238.601439: sched_switch: prev_comm=ksoftirqd/1 prev_pid=4297 prev_prio=120 prev_state=S ==> next_comm=swapper/1 next_pid=0 next_prio=120
      mpdecision-1599  [000] ...2   238.601482: sched_switch: prev_comm=mpdecision prev_pid=1599 prev_prio=113 prev_state=S ==> next_comm=swapper/0 next_pid=0 next_prio=120
          <idle>-0     [000] ...2   238.601507: sched_switch: prev_comm=swapper/0 prev_pid=0 prev_prio=120 prev_state=R ==> next_comm=ksoftirqd/0 next_pid=3 next_prio=120
     ksoftirqd/0-3     [000] ...2   238.601523: sched_switch: prev_comm=ksoftirqd/0 prev_pid=3 prev_prio=120 prev_state=S ==> next_comm=swapper/0 next_pid=0 next_prio=120
          <idle>-0     [000] ...2   238.601545: sched_switch: prev_comm=swapper/0 prev_pid=0 prev_prio=120 prev_state=R ==> next_comm=ksoftirqd/0 next_pid=3 next_prio=120
     ksoftirqd/0-3     [000] ...2   238.601559: sched_switch: prev_comm=ksoftirqd/0 prev_pid=3 prev_prio=120 prev_state=S ==> next_comm=swapper/0 next_pid=0 next_prio=120
          <idle>-0     [000] ...2   238.601579: sched_switch: prev_comm=swapper/0 prev_pid=0 prev_prio=120 prev_state=R ==> next_comm=ksoftirqd/0 next_pid=3 next_prio=120
     ksoftirqd/0-3     [000] ...2   238.601593: sched_switch: prev_comm=ksoftirqd/0 prev_pid=3 prev_prio=120 prev_state=S ==> next_comm=swapper/0 next_pid=0 next_prio=120
          <idle>-0     [000] ...2   238.601666: sched_switch: prev_comm=swapper/0 prev_pid=0 prev_prio=120 prev_state=R ==> next_comm=mmcqd/1 next_pid=116 next_prio=120
         mmcqd/1-116   [000] ...1   238.601708: block_rq_complete: 179,0 RA () 3996192 + 8 [0]
         mmcqd/1-116   [000] ...2   238.601731: sched_switch: prev_comm=mmcqd/1 prev_pid=116 prev_prio=120 prev_state=S ==> next_comm=swapper/0 next_pid=0 next_prio=120
          <idle>-0     [000] ...2   238.601964: sched_switch: prev_comm=swapper/0 prev_pid=0 prev_prio=120 prev_state=R ==> next_comm=mmcqd/1 next_pid=116 next_prio=120
         mmcqd/1-116   [000] ...1   238.601980: block_rq_complete: 179,0 RA () 3996264 + 8 [0]
          <idle>-0     [001] ...2   238.601998: sched_switch: prev_comm=swapper/1 prev_pid=0 prev_prio=120 prev_state=R ==> next_comm=main next_pid=4310 next_prio=120
         mmcqd/1-116   [000] ...2   238.602008: sched_switch: prev_comm=mmcqd/1 prev_pid=116 prev_prio=120 prev_state=R+ ==> next_comm=kworker/0:1H next_pid=17 next_prio=100
    kworker/0:1H-17    [000] ...2   238.602021: sched_switch: prev_comm=kworker/0:1H prev_pid=17 prev_prio=100 prev_state=S ==> next_comm=mmcqd/1 next_pid=116 next_prio=120
         mmcqd/1-116   [000] ...2   238.602039: sched_switch: prev_comm=mmcqd/1 prev_pid=116 prev_prio=120 prev_state=S ==> next_comm=swapper/0 next_pid=0 next_prio=120
           <...>-4310  [001] d..2   238.604542: block_rq_insert: 179,0 R 0 () 4082472 + 16 [main]
           <...>-4310  [001] d..2   238.604545: block_rq_insert: 179,0 R 0 () 4082496 + 8 [main]
           <...>-4310  [001] d..2   238.604548: block_rq_insert: 179,0 R 0 () 4082512 + 8 [main]
           <...>-4310  [001] d..2   238.604549: block_rq_insert: 179,0 R 0 () 4082536 + 8 [main]
           <...>-4310  [001] d..2   238.604551: block_rq_insert: 179,0 R 0 () 4082552 + 48 [main]
           <...>-4310  [001] ...2   238.604569: sched_switch: prev_comm=main prev_pid=4310 prev_prio=120 prev_state=D|W ==> next_comm=swapper/1 next_pid=0 next_prio=120
          <idle>-0     [000] ...2   238.604576: sched_switch: prev_comm=swapper/0 prev_pid=0 prev_prio=120 prev_state=R ==> next_comm=mmcqd/1 next_pid=116 next_prio=120
         mmcqd/1-116   [000] ...2   238.604658: sched_switch: prev_comm=mmcqd/1 prev_pid=116 prev_prio=120 prev_state=S ==> next_comm=swapper/0 next_pid=0 next_prio=120
          <idle>-0     [000] ...2   238.604923: sched_switch: prev_comm=swapper/0 prev_pid=0 prev_prio=120 prev_state=R ==> next_comm=mmcqd/1 next_pid=116 next_prio=120
         mmcqd/1-116   [000] ...1   238.604966: block_rq_complete: 179,0 RA () 4082472 + 16 [0]
          <idle>-0     [001] ...2   238.604985: sched_switch: prev_comm=swapper/1 prev_pid=0 prev_prio=120 prev_state=R ==> next_comm=main next_pid=4310 next_prio=120
         mmcqd/1-116   [000] ...2   238.605010: sched_switch: prev_comm=mmcqd/1 prev_pid=116 prev_prio=120 prev_state=S ==> next_comm=swapper/0 next_pid=0 next_prio=120
          <idle>-0     [000] ...2   238.605215: sched_switch: prev_comm=swapper/0 prev_pid=0 prev_prio=120 prev_state=R ==> next_comm=mmcqd/1 next_pid=116 next_prio=120
         mmcqd/1-116   [000] ...1   238.605255: block_rq_complete: 179,0 RA () 4082496 + 8 [0]
         mmcqd/1-116   [000] ...2   238.605288: sched_switch: prev_comm=mmcqd/1 prev_pid=116 prev_prio=120 prev_state=S ==> next_comm=swapper/0 next_pid=0 next_prio=120
          <idle>-0     [000] ...2   238.605546: sched_switch: prev_comm=swapper/0 prev_pid=0 prev_prio=120 prev_state=R ==> next_comm=mmcqd/1 next_pid=116 next_prio=120
         mmcqd/1-116   [000] ...1   238.605584: block_rq_complete: 179,0 RA () 4082512 + 8 [0]
         mmcqd/1-116   [000] ...2   238.605634: sched_switch: prev_comm=mmcqd/1 prev_pid=116 prev_prio=120 prev_state=S ==> next_comm=swapper/0 next_pid=0 next_prio=120
          <idle>-0     [000] ...2   238.605839: sched_switch: prev_comm=swapper/0 prev_pid=0 prev_prio=120 prev_state=R ==> next_comm=mmcqd/1 next_pid=116 next_prio=120
         mmcqd/1-116   [000] ...1   238.605877: block_rq_complete: 179,0 RA () 4082536 + 8 [0]
         mmcqd/1-116   [000] ...2   238.605899: sched_switch: prev_comm=mmcqd/1 prev_pid=116 prev_prio=120 prev_state=S ==> next_comm=swapper/0 next_pid=0 next_prio=120
          <idle>-0     [000] ...2   238.606355: sched_switch: prev_comm=swapper/0 prev_pid=0 prev_prio=120 prev_state=R ==> next_comm=mmcqd/1 next_pid=116 next_prio=120
         mmcqd/1-116   [000] ...1   238.606384: block_rq_complete: 179,0 RA () 4082552 + 48 [0]
         mmcqd/1-116   [000] ...2   238.606407: sched_switch: prev_comm=mmcqd/1 prev_pid=116 prev_prio=120 prev_state=R+ ==> next_comm=kworker/0:1H next_pid=17 next_prio=100
    kworker/0:1H-17    [000] ...2   238.606419: sched_switch: prev_comm=kworker/0:1H prev_pid=17 prev_prio=100 prev_state=S ==> next_comm=mmcqd/1 next_pid=116 next_prio=120
         mmcqd/1-116   [000] ...2   238.606436: sched_switch: prev_comm=mmcqd/1 prev_pid=116 prev_prio=120 prev_state=S ==> next_comm=swapper/0 next_pid=0 next_prio=120
           <...>-4310  [001] d..2   238.615314: block_rq_insert: 179,0 R 0 () 802944 + 32 [main]
           <...>-4310  [001] ...2   238.615335: sched_switch: prev_comm=main prev_pid=4310 prev_prio=120 prev_state=D|W ==> next_comm=swapper/1 next_pid=0 next_prio=120
          <idle>-0     [000] ...2   238.615339: sched_switch: prev_comm=swapper/0 prev_pid=0 prev_prio=120 prev_state=R ==> next_comm=mmcqd/1 next_pid=116 next_prio=120
          <idle>-0     [001] ...2   238.615350: sched_switch: prev_comm=swapper/1 prev_pid=0 prev_prio=120 prev_state=R ==> next_comm=ksoftirqd/1 next_pid=4297 next_prio=120
           <...>-4297  [001] ...2   238.615360: sched_switch: prev_comm=ksoftirqd/1 prev_pid=4297 prev_prio=120 prev_state=S ==> next_comm=swapper/1 next_pid=0 next_prio=120
          <idle>-0     [001] ...2   238.615377: sched_switch: prev_comm=swapper/1 prev_pid=0 prev_prio=120 prev_state=R ==> next_comm=ksoftirqd/1 next_pid=4297 next_prio=120
           <...>-4297  [001] ...2   238.615383: sched_switch: prev_comm=ksoftirqd/1 prev_pid=4297 prev_prio=120 prev_state=S ==> next_comm=swapper/1 next_pid=0 next_prio=120
          <idle>-0     [001] ...2   238.615396: sched_switch: prev_comm=swapper/1 prev_pid=0 prev_prio=120 prev_state=R ==> next_comm=ksoftirqd/1 next_pid=4297 next_prio=120
           <...>-4297  [001] ...2   238.615402: sched_switch: prev_comm=ksoftirqd/1 prev_pid=4297 prev_prio=120 prev_state=S ==> next_comm=swapper/1 next_pid=0 next_prio=120
         mmcqd/1-116   [000] ...2   238.615415: sched_switch: prev_comm=mmcqd/1 prev_pid=116 prev_prio=120 prev_state=S ==> next_comm=swapper/0 next_pid=0 next_prio=120
          <idle>-0     [000] ...2   238.615762: sched_switch: prev_comm=swapper/0 prev_pid=0 prev_prio=120 prev_state=R ==> next_comm=mmcqd/1 next_pid=116 next_prio=120
         mmcqd/1-116   [000] ...1   238.615787: block_rq_complete: 179,0 RA () 802944 + 32 [0]
          <idle>-0     [001] ...2   238.615806: sched_switch: prev_comm=swapper/1 prev_pid=0 prev_prio=120 prev_state=R ==> next_comm=main next_pid=4310 next_prio=120
         mmcqd/1-116   [000] ...2   238.615818: sched_switch: prev_comm=mmcqd/1 prev_pid=116 prev_prio=120 prev_state=R+ ==> next_comm=kworker/0:1H next_pid=17 next_prio=100
    kworker/0:1H-17    [000] ...2   238.615833: sched_switch: prev_comm=kworker/0:1H prev_pid=17 prev_prio=100 prev_state=S ==> next_comm=mmcqd/1 next_pid=116 next_prio=120
           <...>-4310  [001] d..2   238.615841: block_rq_insert: 179,0 R 0 () 802976 + 16 [main]
           <...>-4310  [001] ...2   238.615873: sched_switch: prev_comm=main prev_pid=4310 prev_prio=120 prev_state=D|W ==> next_comm=swapper/1 next_pid=0 next_prio=120
         mmcqd/1-116   [000] ...2   238.615904: sched_switch: prev_comm=mmcqd/1 prev_pid=116 prev_prio=120 prev_state=S ==> next_comm=swapper/0 next_pid=0 next_prio=120
          <idle>-0     [000] ...2   238.616181: sched_switch: prev_comm=swapper/0 prev_pid=0 prev_prio=120 prev_state=R ==> next_comm=mmcqd/1 next_pid=116 next_prio=120
         mmcqd/1-116   [000] ...1   238.616200: block_rq_complete: 179,0 RA () 802976 + 16 [0]
          <idle>-0     [001] ...2   238.616215: sched_switch: prev_comm=swapper/1 prev_pid=0 prev_prio=120 prev_state=R ==> next_comm=main next_pid=4310 next_prio=120
         mmcqd/1-116   [000] ...2   238.616227: sched_switch: prev_comm=mmcqd/1 prev_pid=116 prev_prio=120 prev_state=R+ ==> next_comm=kworker/0:1H next_pid=17 next_prio=100
    kworker/0:1H-17    [000] ...2   238.616240: sched_switch: prev_comm=kworker/0:1H prev_pid=17 prev_prio=100 prev_state=S ==> next_comm=mmcqd/1 next_pid=116 next_prio=120
         mmcqd/1-116   [000] ...2   238.616257: sched_switch: prev_comm=mmcqd/1 prev_pid=116 prev_prio=120 prev_state=S ==> next_comm=swapper/0 next_pid=0 next_prio=120
           <...>-4310  [001] d..2   238.616502: block_rq_insert: 179,0 R 0 () 3984384 + 256 [main]
           <...>-4310  [001] ...2   238.616516: sched_switch: prev_comm=main prev_pid=4310 prev_prio=120 prev_state=D|W ==> next_comm=swapper/1 next_pid=0 next_prio=120
          <idle>-0     [000] ...2   238.616523: sched_switch: prev_comm=swapper/0 prev_pid=0 prev_prio=120 prev_state=R ==> next_comm=mmcqd/1 next_pid=116 next_prio=120
         mmcqd/1-116   [000] ...2   238.616691: sched_switch: prev_comm=mmcqd/1 prev_pid=116 prev_prio=120 prev_state=S ==> next_comm=swapper/0 next_pid=0 next_prio=120
          <idle>-0     [000] ...2   238.618112: sched_switch: prev_comm=swapper/0 prev_pid=0 prev_prio=120 prev_state=R ==> next_comm=mmcqd/1 next_pid=116 next_prio=120
         mmcqd/1-116   [000] ...1   238.618216: block_rq_complete: 179,0 RA () 3984384 + 256 [0]
          <idle>-0     [001] ...2   238.618244: sched_switch: prev_comm=swapper/1 prev_pid=0 prev_prio=120 prev_state=R ==> next_comm=main next_pid=4310 next_prio=120
         mmcqd/1-116   [000] ...2   238.618257: sched_switch: prev_comm=mmcqd/1 prev_pid=116 prev_prio=120 prev_state=R+ ==> next_comm=kworker/0:1H next_pid=17 next_prio=100
    kworker/0:1H-17    [000] ...2   238.618268: sched_switch: prev_comm=kworker/0:1H prev_pid=17 prev_prio=100 prev_state=S ==> next_comm=mmcqd/1 next_pid=116 next_prio=120
         mmcqd/1-116   [000] ...2   238.618285: sched_switch: prev_comm=mmcqd/1 prev_pid=116 prev_prio=120 prev_state=S ==> next_comm=swapper/0 next_pid=0 next_prio=120
           <...>-4310  [001] d..2   238.618465: block_rq_insert: 179,0 R 0 () 3984640 + 16 [main]
           <...>-4310  [001] ...2   238.618479: sched_switch: prev_comm=main prev_pid=4310 prev_prio=120 prev_state=D|W ==> next_comm=swapper/1 next_pid=0 next_prio=120
          <idle>-0     [000] ...2   238.618484: sched_switch: prev_comm=swapper/0 prev_pid=0 prev_prio=120 prev_state=R ==> next_comm=mmcqd/1 next_pid=116 next_prio=120
         mmcqd/1-116   [000] ...2   238.618547: sched_switch: prev_comm=mmcqd/1 prev_pid=116 prev_prio=120 prev_state=S ==> next_comm=swapper/0 next_pid=0 next_prio=120
          <idle>-0     [000] ...2   238.618798: sched_switch: prev_comm=swapper/0 prev_pid=0 prev_prio=120 prev_state=R ==> next_comm=mmcqd/1 next_pid=116 next_prio=120
         mmcqd/1-116   [000] ...1   238.618817: block_rq_complete: 179,0 RA () 3984640 + 16 [0]
          <idle>-0     [001] ...2   238.618832: sched_switch: prev_comm=swapper/1 prev_pid=0 prev_prio=120 prev_state=R ==> next_comm=main next_pid=4310 next_prio=120
         mmcqd/1-116   [000] ...2   238.618844: sched_switch: prev_comm=mmcqd/1 prev_pid=116 prev_prio=120 prev_state=R+ ==> next_comm=kworker/0:1H next_pid=17 next_prio=100
    kworker/0:1H-17    [000] ...2   238.618855: sched_switch: prev_comm=kworker/0:1H prev_pid=17 prev_prio=100 prev_state=S ==> next_comm=mmcqd/1 next_pid=116 next_prio=120
         mmcqd/1-116   [000] ...2   238.618872: sched_switch: prev_comm=mmcqd/1 prev_pid=116 prev_prio=120 prev_state=S ==> next_comm=swapper/0 next_pid=0 next_prio=120
          <idle>-0     [000] ...2   238.619430: sched_switch: prev_comm=swapper/0 prev_pid=0 prev_prio=120 prev_state=R ==> next_comm=main next_pid=4313 next_prio=120
           <...>-4310  [001] ...2   238.619443: sched_switch: prev_comm=main prev_pid=4310 prev_prio=120 prev_state=D ==> next_comm=swapper/1 next_pid=0 next_prio=120
          <idle>-0     [001] ...2   238.619459: sched_switch: prev_comm=swapper/1 prev_pid=0 prev_prio=120 prev_state=R ==> next_comm=main next_pid=4310 next_prio=120
           <...>-4313  [000] ...2   238.619476: sched_switch: prev_comm=main prev_pid=4313 prev_prio=120 prev_state=D ==> next_comm=swapper/0 next_pid=0 next_prio=120
          <idle>-0     [000] ...2   238.619486: sched_switch: prev_comm=swapper/0 prev_pid=0 prev_prio=120 prev_state=R ==> next_comm=main next_pid=4313 next_prio=120
           <...>-4310  [001] ...2   238.619543: sched_switch: prev_comm=main prev_pid=4310 prev_prio=120 prev_state=D ==> next_comm=main next_pid=4314 next_prio=120
           <...>-4314  [001] ...2   238.619552: sched_switch: prev_comm=main prev_pid=4314 prev_prio=120 prev_state=R+ ==> next_comm=main next_pid=4310 next_prio=120
           <...>-4313  [000] ...2   238.619564: sched_switch: prev_comm=main prev_pid=4313 prev_prio=120 prev_state=D ==> next_comm=swapper/0 next_pid=0 next_prio=120
           <...>-4310  [001] ...2   238.619587: sched_switch: prev_comm=main prev_pid=4310 prev_prio=120 prev_state=D ==> next_comm=main next_pid=4314 next_prio=120
           <...>-4314  [001] ...2   238.619601: sched_switch: prev_comm=main prev_pid=4314 prev_prio=120 prev_state=R+ ==> next_comm=main next_pid=4310 next_prio=120
          <idle>-0     [000] ...2   238.619608: sched_switch: prev_comm=swapper/0 prev_pid=0 prev_prio=120 prev_state=R ==> next_comm=main next_pid=4313 next_prio=120
           <...>-4313  [000] ...2   238.619641: sched_switch: prev_comm=main prev_pid=4313 prev_prio=120 prev_state=D ==> next_comm=main next_pid=4315 next_prio=120
           <...>-4315  [000] ...2   238.619649: sched_switch: prev_comm=main prev_pid=4315 prev_prio=120 prev_state=R+ ==> next_comm=main next_pid=4313 next_prio=120
           <...>-4310  [001] ...2   238.619649: sched_switch: prev_comm=main prev_pid=4310 prev_prio=120 prev_state=D ==> next_comm=main next_pid=4314 next_prio=120
           <...>-4314  [001] ...2   238.619666: sched_switch: prev_comm=main prev_pid=4314 prev_prio=120 prev_state=R+ ==> next_comm=main next_pid=4310 next_prio=120
           <...>-4313  [000] ...2   238.619675: sched_switch: prev_comm=main prev_pid=4313 prev_prio=120 prev_state=D ==> next_comm=main next_pid=4315 next_prio=120
           <...>-4315  [000] ...2   238.619682: sched_switch: prev_comm=main prev_pid=4315 prev_prio=120 prev_state=R+ ==> next_comm=main next_pid=4313 next_prio=120
           <...>-4310  [001] ...2   238.619683: sched_switch: prev_comm=main prev_pid=4310 prev_prio=120 prev_state=S ==> next_comm=main next_pid=4314 next_prio=120
           <...>-4313  [000] ...2   238.619725: sched_switch: prev_comm=main prev_pid=4313 prev_prio=120 prev_state=D ==> next_comm=main next_pid=4315 next_prio=120
           <...>-4315  [000] ...2   238.619733: sched_switch: prev_comm=main prev_pid=4315 prev_prio=120 prev_state=R+ ==> next_comm=main next_pid=4313 next_prio=120
           <...>-4313  [000] ...2   238.619787: sched_switch: prev_comm=main prev_pid=4313 prev_prio=120 prev_state=D ==> next_comm=main next_pid=4315 next_prio=120
           <...>-4315  [000] ...2   238.619795: sched_switch: prev_comm=main prev_pid=4315 prev_prio=120 prev_state=R+ ==> next_comm=main next_pid=4313 next_prio=120
           <...>-4314  [001] ...2   238.619799: sched_switch: prev_comm=main prev_pid=4314 prev_prio=120 prev_state=D ==> next_comm=swapper/1 next_pid=0 next_prio=120
          <idle>-0     [001] ...2   238.619816: sched_switch: prev_comm=swapper/1 prev_pid=0 prev_prio=120 prev_state=R ==> next_comm=main next_pid=4314 next_prio=120
           <...>-4313  [000] ...2   238.619820: sched_switch: prev_comm=main prev_pid=4313 prev_prio=120 prev_state=D ==> next_comm=main next_pid=4315 next_prio=120
           <...>-4315  [000] ...2   238.619831: sched_switch: prev_comm=main prev_pid=4315 prev_prio=120 prev_state=R+ ==> next_comm=main next_pid=4313 next_prio=120
           <...>-4314  [001] ...2   238.619874: sched_switch: prev_comm=main prev_pid=4314 prev_prio=120 prev_state=S ==> next_comm=swapper/1 next_pid=0 next_prio=120
          <idle>-0     [001] ...2   238.620548: sched_switch: prev_comm=swapper/1 prev_pid=0 prev_prio=120 prev_state=R ==> next_comm=main next_pid=4314 next_prio=120
           <...>-4313  [000] ...2   238.620568: sched_switch: prev_comm=Heap thread poo prev_pid=4313 prev_prio=120 prev_state=D ==> next_comm=main next_pid=4315 next_prio=120
           <...>-4315  [000] ...2   238.620575: sched_switch: prev_comm=main prev_pid=4315 prev_prio=120 prev_state=R+ ==> next_comm=Heap thread poo next_pid=4313 next_prio=120
           <...>-4313  [000] ...2   238.620590: sched_switch: prev_comm=Heap thread poo prev_pid=4313 prev_prio=120 prev_state=S ==> next_comm=main next_pid=4315 next_prio=120
           <...>-4314  [001] ...2   238.620601: sched_switch: prev_comm=main prev_pid=4314 prev_prio=120 prev_state=D ==> next_comm=swapper/1 next_pid=0 next_prio=120
          <idle>-0     [001] ...2   238.620615: sched_switch: prev_comm=swapper/1 prev_pid=0 prev_prio=120 prev_state=R ==> next_comm=main next_pid=4314 next_prio=120
           <...>-4315  [000] ...2   238.620628: sched_switch: prev_comm=main prev_pid=4315 prev_prio=120 prev_state=S ==> next_comm=swapper/0 next_pid=0 next_prio=120
          <idle>-0     [000] ...2   238.620654: sched_switch: prev_comm=swapper/0 prev_pid=0 prev_prio=120 prev_state=R ==> next_comm=ksoftirqd/0 next_pid=3 next_prio=120
     ksoftirqd/0-3     [000] ...2   238.620668: sched_switch: prev_comm=ksoftirqd/0 prev_pid=3 prev_prio=120 prev_state=S ==> next_comm=swapper/0 next_pid=0 next_prio=120
          <idle>-0     [000] ...2   238.620690: sched_switch: prev_comm=swapper/0 prev_pid=0 prev_prio=120 prev_state=R ==> next_comm=ksoftirqd/0 next_pid=3 next_prio=120
     ksoftirqd/0-3     [000] ...2   238.620700: sched_switch: prev_comm=ksoftirqd/0 prev_pid=3 prev_prio=120 prev_state=S ==> next_comm=swapper/0 next_pid=0 next_prio=120
          <idle>-0     [000] ...2   238.620720: sched_switch: prev_comm=swapper/0 prev_pid=0 prev_prio=120 prev_state=R ==> next_comm=ksoftirqd/0 next_pid=3 next_prio=120
     ksoftirqd/0-3     [000] ...2   238.620730: sched_switch: prev_comm=ksoftirqd/0 prev_pid=3 prev_prio=120 prev_state=S ==> next_comm=swapper/0 next_pid=0 next_prio=120
          <idle>-0     [000] ...2   238.620932: sched_switch: prev_comm=swapper/0 prev_pid=0 prev_prio=120 prev_state=R ==> next_comm=main next_pid=4315 next_prio=120
           <...>-4314  [001] ...2   238.620940: sched_switch: prev_comm=Heap thread poo prev_pid=4314 prev_prio=120 prev_state=S ==> next_comm=swapper/1 next_pid=0 next_prio=120
          <idle>-0     [001] ...2   238.621057: sched_switch: prev_comm=swapper/1 prev_pid=0 prev_prio=120 prev_state=R ==> next_comm=ksoftirqd/1 next_pid=4297 next_prio=120
           <...>-4315  [000] ...2   238.621058: sched_switch: prev_comm=main prev_pid=4315 prev_prio=120 prev_state=R+ ==> next_comm=kworker/0:1H next_pid=17 next_prio=100
           <...>-4297  [001] ...2   238.621064: sched_switch: prev_comm=ksoftirqd/1 prev_pid=4297 prev_prio=120 prev_state=S ==> next_comm=swapper/1 next_pid=0 next_prio=120
          <idle>-0     [001] ...2   238.621077: sched_switch: prev_comm=swapper/1 prev_pid=0 prev_prio=120 prev_state=R ==> next_comm=ksoftirqd/1 next_pid=4297 next_prio=120
           <...>-4297  [001] ...2   238.621083: sched_switch: prev_comm=ksoftirqd/1 prev_pid=4297 prev_prio=120 prev_state=S ==> next_comm=swapper/1 next_pid=0 next_prio=120
    kworker/0:1H-17    [000] ...2   238.621089: sched_switch: prev_comm=kworker/0:1H prev_pid=17 prev_prio=100 prev_state=D ==> next_comm=kworker/0:2H next_pid=166 next_prio=100
          <idle>-0     [001] ...2   238.621096: sched_switch: prev_comm=swapper/1 prev_pid=0 prev_prio=120 prev_state=R ==> next_comm=ksoftirqd/1 next_pid=4297 next_prio=120
           <...>-4297  [001] ...2   238.621101: sched_switch: prev_comm=ksoftirqd/1 prev_pid=4297 prev_prio=120 prev_state=S ==> next_comm=swapper/1 next_pid=0 next_prio=120
    kworker/0:2H-166   [000] ...2   238.621121: sched_switch: prev_comm=kworker/0:2H prev_pid=166 prev_prio=100 prev_state=S ==> next_comm=kworker/0:1H next_pid=17 next_prio=100
    kworker/0:1H-17    [000] ...2   238.621134: sched_switch: prev_comm=kworker/0:1H prev_pid=17 prev_prio=100 prev_state=S ==> next_comm=main next_pid=4315 next_prio=120
          <idle>-0     [001] ...2   238.621706: sched_switch: prev_comm=swapper/1 prev_pid=0 prev_prio=120 prev_state=R ==> next_comm=main next_pid=4310 next_prio=120
           <...>-4315  [000] ...2   238.621721: sched_switch: prev_comm=Heap thread poo prev_pid=4315 prev_prio=120 prev_state=S ==> next_comm=swapper/0 next_pid=0 next_prio=120
          <idle>-0     [000] ...2   238.621728: sched_switch: prev_comm=swapper/0 prev_pid=0 prev_prio=120 prev_state=R ==> next_comm=Heap thread poo next_pid=4313 next_prio=120
           <...>-4313  [000] ...2   238.621741: sched_switch: prev_comm=Heap thread poo prev_pid=4313 prev_prio=120 prev_state=D ==> next_comm=swapper/0 next_pid=0 next_prio=120
          <idle>-0     [000] ...2   238.621747: sched_switch: prev_comm=swapper/0 prev_pid=0 prev_prio=120 prev_state=R+ ==> next_comm=Heap thread poo next_pid=4313 next_prio=120
           <...>-4310  [001] ...2   238.621748: sched_switch: prev_comm=main prev_pid=4310 prev_prio=120 prev_state=D ==> next_comm=swapper/1 next_pid=0 next_prio=120
          <idle>-0     [001] ...2   238.621768: sched_switch: prev_comm=swapper/1 prev_pid=0 prev_prio=120 prev_state=R ==> next_comm=main next_pid=4310 next_prio=120
           <...>-4313  [000] ...2   238.621777: sched_switch: prev_comm=Heap thread poo prev_pid=4313 prev_prio=120 prev_state=D ==> next_comm=swapper/0 next_pid=0 next_prio=120
          <idle>-0     [000] ...2   238.621784: sched_switch: prev_comm=swapper/0 prev_pid=0 prev_prio=120 prev_state=R+ ==> next_comm=Heap thread poo next_pid=4313 next_prio=120
           <...>-4313  [000] ...2   238.621806: sched_switch: prev_comm=Heap thread poo prev_pid=4313 prev_prio=120 prev_state=S ==> next_comm=swapper/0 next_pid=0 next_prio=120
          <idle>-0     [000] ...2   238.621813: sched_switch: prev_comm=swapper/0 prev_pid=0 prev_prio=120 prev_state=R+ ==> next_comm=main next_pid=4316 next_prio=120
           <...>-4310  [001] ...2   238.621822: sched_switch: prev_comm=main prev_pid=4310 prev_prio=120 prev_state=S ==> next_comm=Heap thread poo next_pid=4314 next_prio=120
           <...>-4314  [001] ...2   238.621839: sched_switch: prev_comm=Heap thread poo prev_pid=4314 prev_prio=120 prev_state=S ==> next_comm=swapper/1 next_pid=0 next_prio=120
          <idle>-0     [001] ...2   238.622563: sched_switch: prev_comm=swapper/1 prev_pid=0 prev_prio=120 prev_state=R ==> next_comm=main next_pid=4310 next_prio=120
           <...>-4316  [000] ...2   238.622567: sched_switch: prev_comm=Signal Catcher prev_pid=4316 prev_prio=120 prev_state=S ==> next_comm=swapper/0 next_pid=0 next_prio=120
          <idle>-0     [000] ...2   238.622595: sched_switch: prev_comm=swapper/0 prev_pid=0 prev_prio=120 prev_state=R ==> next_comm=ksoftirqd/0 next_pid=3 next_prio=120
     ksoftirqd/0-3     [000] ...2   238.622612: sched_switch: prev_comm=ksoftirqd/0 prev_pid=3 prev_prio=120 prev_state=S ==> next_comm=swapper/0 next_pid=0 next_prio=120
           <...>-4310  [001] ...2   238.622632: sched_switch: prev_comm=main prev_pid=4310 prev_prio=120 prev_state=S ==> next_comm=swapper/1 next_pid=0 next_prio=120
          <idle>-0     [000] ...2   238.622640: sched_switch: prev_comm=swapper/0 prev_pid=0 prev_prio=120 prev_state=R ==> next_comm=ksoftirqd/0 next_pid=3 next_prio=120
     ksoftirqd/0-3     [000] ...2   238.622651: sched_switch: prev_comm=ksoftirqd/0 prev_pid=3 prev_prio=120 prev_state=S ==> next_comm=main next_pid=4317 next_prio=120
          <idle>-0     [001] ...2   238.623380: sched_switch: prev_comm=swapper/1 prev_pid=0 prev_prio=120 prev_state=R ==> next_comm=main next_pid=4310 next_prio=120
           <...>-4317  [000] ...2   238.623469: sched_switch: prev_comm=JDWP prev_pid=4317 prev_prio=120 prev_state=R+ ==> next_comm=adbd next_pid=781 next_prio=120
           <...>-4310  [001] d..2   238.623541: block_rq_insert: 179,0 R 0 () 4067352 + 8 [main]
           <...>-4310  [001] d..2   238.623544: block_rq_insert: 179,0 R 0 () 4067368 + 8 [main]
           <...>-4310  [001] ...2   238.623556: sched_switch: prev_comm=main prev_pid=4310 prev_prio=120 prev_state=D|W ==> next_comm=mmcqd/1 next_pid=116 next_prio=120
         mmcqd/1-116   [001] ...2   238.623602: sched_switch: prev_comm=mmcqd/1 prev_pid=116 prev_prio=120 prev_state=S ==> next_comm=swapper/1 next_pid=0 next_prio=120
            adbd-781   [000] ...2   238.623717: sched_switch: prev_comm=adbd prev_pid=781 prev_prio=120 prev_state=S ==> next_comm=JDWP next_pid=4317 next_prio=120
           <...>-4317  [000] ...2   238.623746: sched_switch: prev_comm=JDWP prev_pid=4317 prev_prio=120 prev_state=R+ ==> next_comm=adbd next_pid=781 next_prio=120
          <idle>-0     [001] ...2   238.623840: sched_switch: prev_comm=swapper/1 prev_pid=0 prev_prio=120 prev_state=R ==> next_comm=mmcqd/1 next_pid=116 next_prio=120
         mmcqd/1-116   [001] ...1   238.623863: block_rq_complete: 179,0 RA () 4067352 + 8 [0]
         mmcqd/1-116   [001] ...2   238.623877: sched_switch: prev_comm=mmcqd/1 prev_pid=116 prev_prio=120 prev_state=S ==> next_comm=swapper/1 next_pid=0 next_prio=120
            adbd-781   [000] ...2   238.624042: sched_switch: prev_comm=adbd prev_pid=781 prev_prio=120 prev_state=S ==> next_comm=adbd next_pid=783 next_prio=120
          <idle>-0     [001] ...2   238.624118: sched_switch: prev_comm=swapper/1 prev_pid=0 prev_prio=120 prev_state=R ==> next_comm=mmcqd/1 next_pid=116 next_prio=120
         mmcqd/1-116   [001] ...1   238.624128: block_rq_complete: 179,0 RA () 4067368 + 8 [0]
         mmcqd/1-116   [001] ...2   238.624146: sched_switch: prev_comm=mmcqd/1 prev_pid=116 prev_prio=120 prev_state=R+ ==> next_comm=kworker/1:0H next_pid=4296 next_prio=100
           <...>-4296  [001] ...2   238.624154: sched_switch: prev_comm=kworker/1:0H prev_pid=4296 prev_prio=100 prev_state=S ==> next_comm=mmcqd/1 next_pid=116 next_prio=120
            adbd-783   [000] ...2   238.624158: sched_switch: prev_comm=adbd prev_pid=783 prev_prio=120 prev_state=S ==> next_comm=JDWP next_pid=4317 next_prio=120
         mmcqd/1-116   [001] ...2   238.624163: sched_switch: prev_comm=mmcqd/1 prev_pid=116 prev_prio=120 prev_state=S ==> next_comm=main next_pid=4310 next_prio=120
           <...>-4317  [000] ...2   238.624177: sched_switch: prev_comm=JDWP prev_pid=4317 prev_prio=120 prev_state=S ==> next_comm=swapper/0 next_pid=0 next_prio=120
          <idle>-0     [000] ...2   238.624202: sched_switch: prev_comm=swapper/0 prev_pid=0 prev_prio=120 prev_state=R ==> next_comm=ksoftirqd/0 next_pid=3 next_prio=120
     ksoftirqd/0-3     [000] ...2   238.624214: sched_switch: prev_comm=ksoftirqd/0 prev_pid=3 prev_prio=120 prev_state=S ==> next_comm=swapper/0 next_pid=0 next_prio=120
           <...>-4310  [001] d..2   238.624533: block_rq_insert: 179,0 R 0 () 3993912 + 8 [main]
           <...>-4310  [001] d..2   238.624536: block_rq_insert: 179,0 R 0 () 3993944 + 16 [main]
           <...>-4310  [001] d..2   238.624538: block_rq_insert: 179,0 R 0 () 3993968 + 72 [main]
           <...>-4310  [001] ...2   238.624550: sched_switch: prev_comm=main prev_pid=4310 prev_prio=120 prev_state=D|W ==> next_comm=mmcqd/1 next_pid=116 next_prio=120
         mmcqd/1-116   [001] ...2   238.624595: sched_switch: prev_comm=mmcqd/1 prev_pid=116 prev_prio=120 prev_state=S ==> next_comm=swapper/1 next_pid=0 next_prio=120
          <idle>-0     [000] ...2   238.624729: sched_switch: prev_comm=swapper/0 prev_pid=0 prev_prio=120 prev_state=R ==> next_comm=adbd next_pid=784 next_prio=120
            adbd-784   [000] ...2   238.624781: sched_switch: prev_comm=adbd prev_pid=784 prev_prio=120 prev_state=S ==> next_comm=adbd next_pid=781 next_prio=120
          <idle>-0     [001] ...2   238.624834: sched_switch: prev_comm=swapper/1 prev_pid=0 prev_prio=120 prev_state=R ==> next_comm=mmcqd/1 next_pid=116 next_prio=120
         mmcqd/1-116   [001] ...1   238.624855: block_rq_complete: 179,0 RA () 3993912 + 8 [0]
         mmcqd/1-116   [001] ...2   238.624894: sched_switch: prev_comm=mmcqd/1 prev_pid=116 prev_prio=120 prev_state=S ==> next_comm=main next_pid=4310 next_prio=120
            adbd-781   [000] ...2   238.624991: sched_switch: prev_comm=adbd prev_pid=781 prev_prio=120 prev_state=S ==> next_comm=adbd next_pid=783 next_prio=120
            adbd-783   [000] ...2   238.625000: sched_switch: prev_comm=adbd prev_pid=783 prev_prio=120 prev_state=S ==> next_comm=swapper/0 next_pid=0 next_prio=120
           <...>-4310  [001] d..2   238.625026: block_rq_insert: 179,0 R 0 () 4026856 + 24 [main]
           <...>-4310  [001] d..2   238.625028: block_rq_insert: 179,0 R 0 () 4026944 + 8 [main]
           <...>-4310  [001] d..2   238.625029: block_rq_insert: 179,0 R 0 () 4026960 + 40 [main]
           <...>-4310  [001] d..2   238.625031: block_rq_insert: 179,0 R 0 () 4027008 + 24 [main]
           <...>-4310  [001] ...2   238.625038: sched_switch: prev_comm=main prev_pid=4310 prev_prio=120 prev_state=D|W ==> next_comm=swapper/1 next_pid=0 next_prio=120
          <idle>-0     [000] ...2   238.625215: sched_switch: prev_comm=swapper/0 prev_pid=0 prev_prio=120 prev_state=R ==> next_comm=mmcqd/1 next_pid=116 next_prio=120
         mmcqd/1-116   [000] ...1   238.625260: block_rq_complete: 179,0 RA () 3993944 + 16 [0]
         mmcqd/1-116   [000] ...2   238.625300: sched_switch: prev_comm=mmcqd/1 prev_pid=116 prev_prio=120 prev_state=S ==> next_comm=swapper/0 next_pid=0 next_prio=120
          <idle>-0     [000] ...2   238.625844: sched_switch: prev_comm=swapper/0 prev_pid=0 prev_prio=120 prev_state=R ==> next_comm=mmcqd/1 next_pid=116 next_prio=120
         mmcqd/1-116   [000] ...1   238.625907: block_rq_complete: 179,0 RA () 3993968 + 72 [0]
         mmcqd/1-116   [000] ...2   238.625942: sched_switch: prev_comm=mmcqd/1 prev_pid=116 prev_prio=120 prev_state=S ==> next_comm=swapper/0 next_pid=0 next_prio=120
          <idle>-0     [000] ...2   238.626193: sched_switch: prev_comm=swapper/0 prev_pid=0 prev_prio=120 prev_state=R ==> next_comm=mmcqd/1 next_pid=116 next_prio=120
         mmcqd/1-116   [000] ...1   238.626238: block_rq_complete: 179,0 RA () 4026856 + 24 [0]
         mmcqd/1-116   [000] ...2   238.626284: sched_switch: prev_comm=mmcqd/1 prev_pid=116 prev_prio=120 prev_state=S ==> next_comm=swapper/0 next_pid=0 next_prio=120
          <idle>-0     [000] ...2   238.626479: sched_switch: prev_comm=swapper/0 prev_pid=0 prev_prio=120 prev_state=R ==> next_comm=mmcqd/1 next_pid=116 next_prio=120
         mmcqd/1-116   [000] ...1   238.626518: block_rq_complete: 179,0 RA () 4026944 + 8 [0]
          <idle>-0     [001] ...2   238.626534: sched_switch: prev_comm=swapper/1 prev_pid=0 prev_prio=120 prev_state=R ==> next_comm=main next_pid=4310 next_prio=120
